== m6_jit_special_udata_guards ==
+ LUA_PATH='/workspaces/lj-lockless/tests/lib/?.lua;/workspaces/lj-lockless/src/?.lua;/workspaces/lj-lockless/src/jit/?.lua;;' timeout '20s' '/workspaces/lj-lockless/src/luajit' '-joff' '/workspaces/lj-lockless/tests/t-jit-special-udata-guards.lua' 'clib' 'function'
+ LUA_PATH='/workspaces/lj-lockless/tests/lib/?.lua;/workspaces/lj-lockless/src/?.lua;/workspaces/lj-lockless/src/jit/?.lua;;' timeout '20s' '/workspaces/lj-lockless/src/luajit' '-jon' '/workspaces/lj-lockless/tests/t-jit-special-udata-guards.lua' 'clib' 'function'
+ LUA_PATH='/workspaces/lj-lockless/tests/lib/?.lua;/workspaces/lj-lockless/src/?.lua;/workspaces/lj-lockless/src/jit/?.lua;;' timeout '20s' '/workspaces/lj-lockless/src/luajit' '-joff' '/workspaces/lj-lockless/tests/t-jit-special-udata-guards.lua' 'clib' 'table'
+ LUA_PATH='/workspaces/lj-lockless/tests/lib/?.lua;/workspaces/lj-lockless/src/?.lua;/workspaces/lj-lockless/src/jit/?.lua;;' timeout '20s' '/workspaces/lj-lockless/src/luajit' '-jon' '/workspaces/lj-lockless/tests/t-jit-special-udata-guards.lua' 'clib' 'table'
+ LUA_PATH='/workspaces/lj-lockless/tests/lib/?.lua;/workspaces/lj-lockless/src/?.lua;/workspaces/lj-lockless/src/jit/?.lua;;' timeout '20s' '/workspaces/lj-lockless/src/luajit' '-joff' '/workspaces/lj-lockless/tests/t-jit-special-udata-guards.lua' 'clib' 'missing'
+ LUA_PATH='/workspaces/lj-lockless/tests/lib/?.lua;/workspaces/lj-lockless/src/?.lua;/workspaces/lj-lockless/src/jit/?.lua;;' timeout '20s' '/workspaces/lj-lockless/src/luajit' '-jon' '/workspaces/lj-lockless/tests/t-jit-special-udata-guards.lua' 'clib' 'missing'
+ LUA_PATH='/workspaces/lj-lockless/tests/lib/?.lua;/workspaces/lj-lockless/src/?.lua;/workspaces/lj-lockless/src/jit/?.lua;;' timeout '20s' '/workspaces/lj-lockless/src/luajit' '-joff' '/workspaces/lj-lockless/tests/t-jit-special-udata-guards.lua' 'clib' 'nonfunction'
+ LUA_PATH='/workspaces/lj-lockless/tests/lib/?.lua;/workspaces/lj-lockless/src/?.lua;/workspaces/lj-lockless/src/jit/?.lua;;' timeout '20s' '/workspaces/lj-lockless/src/luajit' '-jon' '/workspaces/lj-lockless/tests/t-jit-special-udata-guards.lua' 'clib' 'nonfunction'
+ LUA_PATH='/workspaces/lj-lockless/tests/lib/?.lua;/workspaces/lj-lockless/src/?.lua;/workspaces/lj-lockless/src/jit/?.lua;;' timeout '20s' '/workspaces/lj-lockless/src/luajit' '-joff' '/workspaces/lj-lockless/tests/t-jit-special-udata-guards.lua' 'clib' 'replace'
+ LUA_PATH='/workspaces/lj-lockless/tests/lib/?.lua;/workspaces/lj-lockless/src/?.lua;/workspaces/lj-lockless/src/jit/?.lua;;' timeout '20s' '/workspaces/lj-lockless/src/luajit' '-jon' '/workspaces/lj-lockless/tests/t-jit-special-udata-guards.lua' 'clib' 'replace'
+ LUA_PATH='/workspaces/lj-lockless/tests/lib/?.lua;/workspaces/lj-lockless/src/?.lua;/workspaces/lj-lockless/src/jit/?.lua;;' timeout '20s' '/workspaces/lj-lockless/src/luajit' '-joff' '/workspaces/lj-lockless/tests/t-jit-special-udata-guards.lua' 'clib' 'replace_missing'
+ LUA_PATH='/workspaces/lj-lockless/tests/lib/?.lua;/workspaces/lj-lockless/src/?.lua;/workspaces/lj-lockless/src/jit/?.lua;;' timeout '20s' '/workspaces/lj-lockless/src/luajit' '-jon' '/workspaces/lj-lockless/tests/t-jit-special-udata-guards.lua' 'clib' 'replace_missing'
+ LUA_PATH='/workspaces/lj-lockless/tests/lib/?.lua;/workspaces/lj-lockless/src/?.lua;/workspaces/lj-lockless/src/jit/?.lua;;' timeout '20s' '/workspaces/lj-lockless/src/luajit' '-joff' '/workspaces/lj-lockless/tests/t-jit-special-udata-guards.lua' 'clib' 'resize'
+ LUA_PATH='/workspaces/lj-lockless/tests/lib/?.lua;/workspaces/lj-lockless/src/?.lua;/workspaces/lj-lockless/src/jit/?.lua;;' timeout '20s' '/workspaces/lj-lockless/src/luajit' '-jon' '/workspaces/lj-lockless/tests/t-jit-special-udata-guards.lua' 'clib' 'resize'
+ LUA_PATH='/workspaces/lj-lockless/tests/lib/?.lua;/workspaces/lj-lockless/src/?.lua;/workspaces/lj-lockless/src/jit/?.lua;;' timeout '20s' '/workspaces/lj-lockless/src/luajit' '-joff' '/workspaces/lj-lockless/tests/t-jit-special-udata-guards.lua' 'clib' 'methodlife'
+ LUA_PATH='/workspaces/lj-lockless/tests/lib/?.lua;/workspaces/lj-lockless/src/?.lua;/workspaces/lj-lockless/src/jit/?.lua;;' timeout '20s' '/workspaces/lj-lockless/src/luajit' '-jon' '/workspaces/lj-lockless/tests/t-jit-special-udata-guards.lua' 'clib' 'methodlife'
+ LUA_PATH='/workspaces/lj-lockless/tests/lib/?.lua;/workspaces/lj-lockless/src/?.lua;/workspaces/lj-lockless/src/jit/?.lua;;' timeout '20s' '/workspaces/lj-lockless/src/luajit' '-joff' '/workspaces/lj-lockless/tests/t-jit-special-udata-guards.lua' 'clib' 'table_entry'
+ LUA_PATH='/workspaces/lj-lockless/tests/lib/?.lua;/workspaces/lj-lockless/src/?.lua;/workspaces/lj-lockless/src/jit/?.lua;;' timeout '20s' '/workspaces/lj-lockless/src/luajit' '-jon' '/workspaces/lj-lockless/tests/t-jit-special-udata-guards.lua' 'clib' 'table_entry'
+ LUA_PATH='/workspaces/lj-lockless/tests/lib/?.lua;/workspaces/lj-lockless/src/?.lua;/workspaces/lj-lockless/src/jit/?.lua;;' timeout '20s' '/workspaces/lj-lockless/src/luajit' '-joff' '/workspaces/lj-lockless/tests/t-jit-special-udata-guards.lua' 'clib' 'newindex'
+ LUA_PATH='/workspaces/lj-lockless/tests/lib/?.lua;/workspaces/lj-lockless/src/?.lua;/workspaces/lj-lockless/src/jit/?.lua;;' timeout '20s' '/workspaces/lj-lockless/src/luajit' '-jon' '/workspaces/lj-lockless/tests/t-jit-special-udata-guards.lua' 'clib' 'newindex'
+ LUA_PATH='/workspaces/lj-lockless/tests/lib/?.lua;/workspaces/lj-lockless/src/?.lua;/workspaces/lj-lockless/src/jit/?.lua;;' timeout '20s' '/workspaces/lj-lockless/src/luajit' '-joff' '/workspaces/lj-lockless/tests/t-jit-special-udata-guards.lua' 'clib' 'newindex_table'
+ LUA_PATH='/workspaces/lj-lockless/tests/lib/?.lua;/workspaces/lj-lockless/src/?.lua;/workspaces/lj-lockless/src/jit/?.lua;;' timeout '20s' '/workspaces/lj-lockless/src/luajit' '-jon' '/workspaces/lj-lockless/tests/t-jit-special-udata-guards.lua' 'clib' 'newindex_table'
+ LUA_PATH='/workspaces/lj-lockless/tests/lib/?.lua;/workspaces/lj-lockless/src/?.lua;/workspaces/lj-lockless/src/jit/?.lua;;' timeout '20s' '/workspaces/lj-lockless/src/luajit' '-joff' '/workspaces/lj-lockless/tests/t-jit-special-udata-guards.lua' 'file' 'function'
+ LUA_PATH='/workspaces/lj-lockless/tests/lib/?.lua;/workspaces/lj-lockless/src/?.lua;/workspaces/lj-lockless/src/jit/?.lua;;' timeout '20s' '/workspaces/lj-lockless/src/luajit' '-jon' '/workspaces/lj-lockless/tests/t-jit-special-udata-guards.lua' 'file' 'function'
+ LUA_PATH='/workspaces/lj-lockless/tests/lib/?.lua;/workspaces/lj-lockless/src/?.lua;/workspaces/lj-lockless/src/jit/?.lua;;' timeout '20s' '/workspaces/lj-lockless/src/luajit' '-joff' '/workspaces/lj-lockless/tests/t-jit-special-udata-guards.lua' 'file' 'table'
+ LUA_PATH='/workspaces/lj-lockless/tests/lib/?.lua;/workspaces/lj-lockless/src/?.lua;/workspaces/lj-lockless/src/jit/?.lua;;' timeout '20s' '/workspaces/lj-lockless/src/luajit' '-jon' '/workspaces/lj-lockless/tests/t-jit-special-udata-guards.lua' 'file' 'table'
+ LUA_PATH='/workspaces/lj-lockless/tests/lib/?.lua;/workspaces/lj-lockless/src/?.lua;/workspaces/lj-lockless/src/jit/?.lua;;' timeout '20s' '/workspaces/lj-lockless/src/luajit' '-joff' '/workspaces/lj-lockless/tests/t-jit-special-udata-guards.lua' 'file' 'missing'
+ LUA_PATH='/workspaces/lj-lockless/tests/lib/?.lua;/workspaces/lj-lockless/src/?.lua;/workspaces/lj-lockless/src/jit/?.lua;;' timeout '20s' '/workspaces/lj-lockless/src/luajit' '-jon' '/workspaces/lj-lockless/tests/t-jit-special-udata-guards.lua' 'file' 'missing'
+ LUA_PATH='/workspaces/lj-lockless/tests/lib/?.lua;/workspaces/lj-lockless/src/?.lua;/workspaces/lj-lockless/src/jit/?.lua;;' timeout '20s' '/workspaces/lj-lockless/src/luajit' '-joff' '/workspaces/lj-lockless/tests/t-jit-special-udata-guards.lua' 'file' 'nonfunction'
+ LUA_PATH='/workspaces/lj-lockless/tests/lib/?.lua;/workspaces/lj-lockless/src/?.lua;/workspaces/lj-lockless/src/jit/?.lua;;' timeout '20s' '/workspaces/lj-lockless/src/luajit' '-jon' '/workspaces/lj-lockless/tests/t-jit-special-udata-guards.lua' 'file' 'nonfunction'
+ LUA_PATH='/workspaces/lj-lockless/tests/lib/?.lua;/workspaces/lj-lockless/src/?.lua;/workspaces/lj-lockless/src/jit/?.lua;;' timeout '20s' '/workspaces/lj-lockless/src/luajit' '-joff' '/workspaces/lj-lockless/tests/t-jit-special-udata-guards.lua' 'file' 'replace'
+ LUA_PATH='/workspaces/lj-lockless/tests/lib/?.lua;/workspaces/lj-lockless/src/?.lua;/workspaces/lj-lockless/src/jit/?.lua;;' timeout '20s' '/workspaces/lj-lockless/src/luajit' '-jon' '/workspaces/lj-lockless/tests/t-jit-special-udata-guards.lua' 'file' 'replace'
+ LUA_PATH='/workspaces/lj-lockless/tests/lib/?.lua;/workspaces/lj-lockless/src/?.lua;/workspaces/lj-lockless/src/jit/?.lua;;' timeout '20s' '/workspaces/lj-lockless/src/luajit' '-joff' '/workspaces/lj-lockless/tests/t-jit-special-udata-guards.lua' 'file' 'replace_missing'
+ LUA_PATH='/workspaces/lj-lockless/tests/lib/?.lua;/workspaces/lj-lockless/src/?.lua;/workspaces/lj-lockless/src/jit/?.lua;;' timeout '20s' '/workspaces/lj-lockless/src/luajit' '-jon' '/workspaces/lj-lockless/tests/t-jit-special-udata-guards.lua' 'file' 'replace_missing'
+ LUA_PATH='/workspaces/lj-lockless/tests/lib/?.lua;/workspaces/lj-lockless/src/?.lua;/workspaces/lj-lockless/src/jit/?.lua;;' timeout '20s' '/workspaces/lj-lockless/src/luajit' '-joff' '/workspaces/lj-lockless/tests/t-jit-special-udata-guards.lua' 'file' 'resize'
+ LUA_PATH='/workspaces/lj-lockless/tests/lib/?.lua;/workspaces/lj-lockless/src/?.lua;/workspaces/lj-lockless/src/jit/?.lua;;' timeout '20s' '/workspaces/lj-lockless/src/luajit' '-jon' '/workspaces/lj-lockless/tests/t-jit-special-udata-guards.lua' 'file' 'resize'
+ LUA_PATH='/workspaces/lj-lockless/tests/lib/?.lua;/workspaces/lj-lockless/src/?.lua;/workspaces/lj-lockless/src/jit/?.lua;;' timeout '20s' '/workspaces/lj-lockless/src/luajit' '-joff' '/workspaces/lj-lockless/tests/t-jit-special-udata-guards.lua' 'file' 'methodlife'
+ LUA_PATH='/workspaces/lj-lockless/tests/lib/?.lua;/workspaces/lj-lockless/src/?.lua;/workspaces/lj-lockless/src/jit/?.lua;;' timeout '20s' '/workspaces/lj-lockless/src/luajit' '-jon' '/workspaces/lj-lockless/tests/t-jit-special-udata-guards.lua' 'file' 'methodlife'
+ LUA_PATH='/workspaces/lj-lockless/tests/lib/?.lua;/workspaces/lj-lockless/src/?.lua;/workspaces/lj-lockless/src/jit/?.lua;;' timeout '20s' '/workspaces/lj-lockless/src/luajit' '-joff' '/workspaces/lj-lockless/tests/t-jit-special-udata-guards.lua' 'file' 'table_entry'
+ LUA_PATH='/workspaces/lj-lockless/tests/lib/?.lua;/workspaces/lj-lockless/src/?.lua;/workspaces/lj-lockless/src/jit/?.lua;;' timeout '20s' '/workspaces/lj-lockless/src/luajit' '-jon' '/workspaces/lj-lockless/tests/t-jit-special-udata-guards.lua' 'file' 'table_entry'
+ LUA_PATH='/workspaces/lj-lockless/tests/lib/?.lua;/workspaces/lj-lockless/src/?.lua;/workspaces/lj-lockless/src/jit/?.lua;;' timeout '20s' '/workspaces/lj-lockless/src/luajit' '-joff' '/workspaces/lj-lockless/tests/t-jit-special-udata-guards.lua' 'file' 'newindex'
+ LUA_PATH='/workspaces/lj-lockless/tests/lib/?.lua;/workspaces/lj-lockless/src/?.lua;/workspaces/lj-lockless/src/jit/?.lua;;' timeout '20s' '/workspaces/lj-lockless/src/luajit' '-jon' '/workspaces/lj-lockless/tests/t-jit-special-udata-guards.lua' 'file' 'newindex'
+ LUA_PATH='/workspaces/lj-lockless/tests/lib/?.lua;/workspaces/lj-lockless/src/?.lua;/workspaces/lj-lockless/src/jit/?.lua;;' timeout '20s' '/workspaces/lj-lockless/src/luajit' '-joff' '/workspaces/lj-lockless/tests/t-jit-special-udata-guards.lua' 'file' 'newindex_table'
+ LUA_PATH='/workspaces/lj-lockless/tests/lib/?.lua;/workspaces/lj-lockless/src/?.lua;/workspaces/lj-lockless/src/jit/?.lua;;' timeout '20s' '/workspaces/lj-lockless/src/luajit' '-jon' '/workspaces/lj-lockless/tests/t-jit-special-udata-guards.lua' 'file' 'newindex_table'
+ LUA_PATH='/workspaces/lj-lockless/tests/lib/?.lua;/workspaces/lj-lockless/src/?.lua;/workspaces/lj-lockless/src/jit/?.lua;;' timeout '20s' '/workspaces/lj-lockless/src/luajit' '-joff' '/workspaces/lj-lockless/tests/t-jit-special-udata-guards.lua' 'buffer' 'function'
+ LUA_PATH='/workspaces/lj-lockless/tests/lib/?.lua;/workspaces/lj-lockless/src/?.lua;/workspaces/lj-lockless/src/jit/?.lua;;' timeout '20s' '/workspaces/lj-lockless/src/luajit' '-jon' '/workspaces/lj-lockless/tests/t-jit-special-udata-guards.lua' 'buffer' 'function'
+ LUA_PATH='/workspaces/lj-lockless/tests/lib/?.lua;/workspaces/lj-lockless/src/?.lua;/workspaces/lj-lockless/src/jit/?.lua;;' timeout '20s' '/workspaces/lj-lockless/src/luajit' '-joff' '/workspaces/lj-lockless/tests/t-jit-special-udata-guards.lua' 'buffer' 'table'
+ LUA_PATH='/workspaces/lj-lockless/tests/lib/?.lua;/workspaces/lj-lockless/src/?.lua;/workspaces/lj-lockless/src/jit/?.lua;;' timeout '20s' '/workspaces/lj-lockless/src/luajit' '-jon' '/workspaces/lj-lockless/tests/t-jit-special-udata-guards.lua' 'buffer' 'table'
+ LUA_PATH='/workspaces/lj-lockless/tests/lib/?.lua;/workspaces/lj-lockless/src/?.lua;/workspaces/lj-lockless/src/jit/?.lua;;' timeout '20s' '/workspaces/lj-lockless/src/luajit' '-joff' '/workspaces/lj-lockless/tests/t-jit-special-udata-guards.lua' 'buffer' 'missing'
+ LUA_PATH='/workspaces/lj-lockless/tests/lib/?.lua;/workspaces/lj-lockless/src/?.lua;/workspaces/lj-lockless/src/jit/?.lua;;' timeout '20s' '/workspaces/lj-lockless/src/luajit' '-jon' '/workspaces/lj-lockless/tests/t-jit-special-udata-guards.lua' 'buffer' 'missing'
+ LUA_PATH='/workspaces/lj-lockless/tests/lib/?.lua;/workspaces/lj-lockless/src/?.lua;/workspaces/lj-lockless/src/jit/?.lua;;' timeout '20s' '/workspaces/lj-lockless/src/luajit' '-joff' '/workspaces/lj-lockless/tests/t-jit-special-udata-guards.lua' 'buffer' 'nonfunction'
+ LUA_PATH='/workspaces/lj-lockless/tests/lib/?.lua;/workspaces/lj-lockless/src/?.lua;/workspaces/lj-lockless/src/jit/?.lua;;' timeout '20s' '/workspaces/lj-lockless/src/luajit' '-jon' '/workspaces/lj-lockless/tests/t-jit-special-udata-guards.lua' 'buffer' 'nonfunction'
+ LUA_PATH='/workspaces/lj-lockless/tests/lib/?.lua;/workspaces/lj-lockless/src/?.lua;/workspaces/lj-lockless/src/jit/?.lua;;' timeout '20s' '/workspaces/lj-lockless/src/luajit' '-joff' '/workspaces/lj-lockless/tests/t-jit-special-udata-guards.lua' 'buffer' 'replace'
+ LUA_PATH='/workspaces/lj-lockless/tests/lib/?.lua;/workspaces/lj-lockless/src/?.lua;/workspaces/lj-lockless/src/jit/?.lua;;' timeout '20s' '/workspaces/lj-lockless/src/luajit' '-jon' '/workspaces/lj-lockless/tests/t-jit-special-udata-guards.lua' 'buffer' 'replace'
+ LUA_PATH='/workspaces/lj-lockless/tests/lib/?.lua;/workspaces/lj-lockless/src/?.lua;/workspaces/lj-lockless/src/jit/?.lua;;' timeout '20s' '/workspaces/lj-lockless/src/luajit' '-joff' '/workspaces/lj-lockless/tests/t-jit-special-udata-guards.lua' 'buffer' 'replace_missing'
+ LUA_PATH='/workspaces/lj-lockless/tests/lib/?.lua;/workspaces/lj-lockless/src/?.lua;/workspaces/lj-lockless/src/jit/?.lua;;' timeout '20s' '/workspaces/lj-lockless/src/luajit' '-jon' '/workspaces/lj-lockless/tests/t-jit-special-udata-guards.lua' 'buffer' 'replace_missing'
+ LUA_PATH='/workspaces/lj-lockless/tests/lib/?.lua;/workspaces/lj-lockless/src/?.lua;/workspaces/lj-lockless/src/jit/?.lua;;' timeout '20s' '/workspaces/lj-lockless/src/luajit' '-joff' '/workspaces/lj-lockless/tests/t-jit-special-udata-guards.lua' 'buffer' 'resize'
+ LUA_PATH='/workspaces/lj-lockless/tests/lib/?.lua;/workspaces/lj-lockless/src/?.lua;/workspaces/lj-lockless/src/jit/?.lua;;' timeout '20s' '/workspaces/lj-lockless/src/luajit' '-jon' '/workspaces/lj-lockless/tests/t-jit-special-udata-guards.lua' 'buffer' 'resize'
+ LUA_PATH='/workspaces/lj-lockless/tests/lib/?.lua;/workspaces/lj-lockless/src/?.lua;/workspaces/lj-lockless/src/jit/?.lua;;' timeout '20s' '/workspaces/lj-lockless/src/luajit' '-joff' '/workspaces/lj-lockless/tests/t-jit-special-udata-guards.lua' 'buffer' 'methodlife'
+ LUA_PATH='/workspaces/lj-lockless/tests/lib/?.lua;/workspaces/lj-lockless/src/?.lua;/workspaces/lj-lockless/src/jit/?.lua;;' timeout '20s' '/workspaces/lj-lockless/src/luajit' '-jon' '/workspaces/lj-lockless/tests/t-jit-special-udata-guards.lua' 'buffer' 'methodlife'
+ LUA_PATH='/workspaces/lj-lockless/tests/lib/?.lua;/workspaces/lj-lockless/src/?.lua;/workspaces/lj-lockless/src/jit/?.lua;;' timeout '20s' '/workspaces/lj-lockless/src/luajit' '-joff' '/workspaces/lj-lockless/tests/t-jit-special-udata-guards.lua' 'buffer' 'table_entry'
+ LUA_PATH='/workspaces/lj-lockless/tests/lib/?.lua;/workspaces/lj-lockless/src/?.lua;/workspaces/lj-lockless/src/jit/?.lua;;' timeout '20s' '/workspaces/lj-lockless/src/luajit' '-jon' '/workspaces/lj-lockless/tests/t-jit-special-udata-guards.lua' 'buffer' 'table_entry'
+ LUA_PATH='/workspaces/lj-lockless/tests/lib/?.lua;/workspaces/lj-lockless/src/?.lua;/workspaces/lj-lockless/src/jit/?.lua;;' timeout '20s' '/workspaces/lj-lockless/src/luajit' '-joff' '/workspaces/lj-lockless/tests/t-jit-special-udata-guards.lua' 'buffer' 'newindex'
+ LUA_PATH='/workspaces/lj-lockless/tests/lib/?.lua;/workspaces/lj-lockless/src/?.lua;/workspaces/lj-lockless/src/jit/?.lua;;' timeout '20s' '/workspaces/lj-lockless/src/luajit' '-jon' '/workspaces/lj-lockless/tests/t-jit-special-udata-guards.lua' 'buffer' 'newindex'
+ LUA_PATH='/workspaces/lj-lockless/tests/lib/?.lua;/workspaces/lj-lockless/src/?.lua;/workspaces/lj-lockless/src/jit/?.lua;;' timeout '20s' '/workspaces/lj-lockless/src/luajit' '-joff' '/workspaces/lj-lockless/tests/t-jit-special-udata-guards.lua' 'buffer' 'newindex_table'
+ LUA_PATH='/workspaces/lj-lockless/tests/lib/?.lua;/workspaces/lj-lockless/src/?.lua;/workspaces/lj-lockless/src/jit/?.lua;;' timeout '20s' '/workspaces/lj-lockless/src/luajit' '-jon' '/workspaces/lj-lockless/tests/t-jit-special-udata-guards.lua' 'buffer' 'newindex_table'
+ LUA_PATH='/workspaces/lj-lockless/tests/lib/?.lua;/workspaces/lj-lockless/src/?.lua;/workspaces/lj-lockless/src/jit/?.lua;;' timeout '20s' '/workspaces/lj-lockless/src/luajit' '-joff' '/workspaces/lj-lockless/tests/t-jit-special-udata-guards.lua' 'plain' 'function'
+ LUA_PATH='/workspaces/lj-lockless/tests/lib/?.lua;/workspaces/lj-lockless/src/?.lua;/workspaces/lj-lockless/src/jit/?.lua;;' timeout '20s' '/workspaces/lj-lockless/src/luajit' '-jon' '/workspaces/lj-lockless/tests/t-jit-special-udata-guards.lua' 'plain' 'function'
+ LUA_PATH='/workspaces/lj-lockless/tests/lib/?.lua;/workspaces/lj-lockless/src/?.lua;/workspaces/lj-lockless/src/jit/?.lua;;' timeout '20s' '/workspaces/lj-lockless/src/luajit' '-joff' '/workspaces/lj-lockless/tests/t-jit-special-udata-guards.lua' 'plain' 'table'
+ LUA_PATH='/workspaces/lj-lockless/tests/lib/?.lua;/workspaces/lj-lockless/src/?.lua;/workspaces/lj-lockless/src/jit/?.lua;;' timeout '20s' '/workspaces/lj-lockless/src/luajit' '-jon' '/workspaces/lj-lockless/tests/t-jit-special-udata-guards.lua' 'plain' 'table'
+ LUA_PATH='/workspaces/lj-lockless/tests/lib/?.lua;/workspaces/lj-lockless/src/?.lua;/workspaces/lj-lockless/src/jit/?.lua;;' timeout '20s' '/workspaces/lj-lockless/src/luajit' '-joff' '/workspaces/lj-lockless/tests/t-jit-special-udata-guards.lua' 'plain' 'missing'
+ LUA_PATH='/workspaces/lj-lockless/tests/lib/?.lua;/workspaces/lj-lockless/src/?.lua;/workspaces/lj-lockless/src/jit/?.lua;;' timeout '20s' '/workspaces/lj-lockless/src/luajit' '-jon' '/workspaces/lj-lockless/tests/t-jit-special-udata-guards.lua' 'plain' 'missing'
+ LUA_PATH='/workspaces/lj-lockless/tests/lib/?.lua;/workspaces/lj-lockless/src/?.lua;/workspaces/lj-lockless/src/jit/?.lua;;' timeout '20s' '/workspaces/lj-lockless/src/luajit' '-joff' '/workspaces/lj-lockless/tests/t-jit-special-udata-guards.lua' 'plain' 'nonfunction'
+ LUA_PATH='/workspaces/lj-lockless/tests/lib/?.lua;/workspaces/lj-lockless/src/?.lua;/workspaces/lj-lockless/src/jit/?.lua;;' timeout '20s' '/workspaces/lj-lockless/src/luajit' '-jon' '/workspaces/lj-lockless/tests/t-jit-special-udata-guards.lua' 'plain' 'nonfunction'
+ LUA_PATH='/workspaces/lj-lockless/tests/lib/?.lua;/workspaces/lj-lockless/src/?.lua;/workspaces/lj-lockless/src/jit/?.lua;;' timeout '20s' '/workspaces/lj-lockless/src/luajit' '-joff' '/workspaces/lj-lockless/tests/t-jit-special-udata-guards.lua' 'plain' 'replace'
+ LUA_PATH='/workspaces/lj-lockless/tests/lib/?.lua;/workspaces/lj-lockless/src/?.lua;/workspaces/lj-lockless/src/jit/?.lua;;' timeout '20s' '/workspaces/lj-lockless/src/luajit' '-jon' '/workspaces/lj-lockless/tests/t-jit-special-udata-guards.lua' 'plain' 'replace'
+ LUA_PATH='/workspaces/lj-lockless/tests/lib/?.lua;/workspaces/lj-lockless/src/?.lua;/workspaces/lj-lockless/src/jit/?.lua;;' timeout '20s' '/workspaces/lj-lockless/src/luajit' '-joff' '/workspaces/lj-lockless/tests/t-jit-special-udata-guards.lua' 'plain' 'replace_missing'
+ LUA_PATH='/workspaces/lj-lockless/tests/lib/?.lua;/workspaces/lj-lockless/src/?.lua;/workspaces/lj-lockless/src/jit/?.lua;;' timeout '20s' '/workspaces/lj-lockless/src/luajit' '-jon' '/workspaces/lj-lockless/tests/t-jit-special-udata-guards.lua' 'plain' 'replace_missing'
+ LUA_PATH='/workspaces/lj-lockless/tests/lib/?.lua;/workspaces/lj-lockless/src/?.lua;/workspaces/lj-lockless/src/jit/?.lua;;' timeout '20s' '/workspaces/lj-lockless/src/luajit' '-joff' '/workspaces/lj-lockless/tests/t-jit-special-udata-guards.lua' 'plain' 'resize'
+ LUA_PATH='/workspaces/lj-lockless/tests/lib/?.lua;/workspaces/lj-lockless/src/?.lua;/workspaces/lj-lockless/src/jit/?.lua;;' timeout '20s' '/workspaces/lj-lockless/src/luajit' '-jon' '/workspaces/lj-lockless/tests/t-jit-special-udata-guards.lua' 'plain' 'resize'
+ LUA_PATH='/workspaces/lj-lockless/tests/lib/?.lua;/workspaces/lj-lockless/src/?.lua;/workspaces/lj-lockless/src/jit/?.lua;;' timeout '20s' '/workspaces/lj-lockless/src/luajit' '-joff' '/workspaces/lj-lockless/tests/t-jit-special-udata-guards.lua' 'plain' 'methodlife'
+ LUA_PATH='/workspaces/lj-lockless/tests/lib/?.lua;/workspaces/lj-lockless/src/?.lua;/workspaces/lj-lockless/src/jit/?.lua;;' timeout '20s' '/workspaces/lj-lockless/src/luajit' '-jon' '/workspaces/lj-lockless/tests/t-jit-special-udata-guards.lua' 'plain' 'methodlife'
+ LUA_PATH='/workspaces/lj-lockless/tests/lib/?.lua;/workspaces/lj-lockless/src/?.lua;/workspaces/lj-lockless/src/jit/?.lua;;' timeout '20s' '/workspaces/lj-lockless/src/luajit' '-joff' '/workspaces/lj-lockless/tests/t-jit-special-udata-guards.lua' 'plain' 'table_entry'
+ LUA_PATH='/workspaces/lj-lockless/tests/lib/?.lua;/workspaces/lj-lockless/src/?.lua;/workspaces/lj-lockless/src/jit/?.lua;;' timeout '20s' '/workspaces/lj-lockless/src/luajit' '-jon' '/workspaces/lj-lockless/tests/t-jit-special-udata-guards.lua' 'plain' 'table_entry'
+ LUA_PATH='/workspaces/lj-lockless/tests/lib/?.lua;/workspaces/lj-lockless/src/?.lua;/workspaces/lj-lockless/src/jit/?.lua;;' timeout '20s' '/workspaces/lj-lockless/src/luajit' '-joff' '/workspaces/lj-lockless/tests/t-jit-special-udata-guards.lua' 'plain' 'newindex'
+ LUA_PATH='/workspaces/lj-lockless/tests/lib/?.lua;/workspaces/lj-lockless/src/?.lua;/workspaces/lj-lockless/src/jit/?.lua;;' timeout '20s' '/workspaces/lj-lockless/src/luajit' '-jon' '/workspaces/lj-lockless/tests/t-jit-special-udata-guards.lua' 'plain' 'newindex'
+ LUA_PATH='/workspaces/lj-lockless/tests/lib/?.lua;/workspaces/lj-lockless/src/?.lua;/workspaces/lj-lockless/src/jit/?.lua;;' timeout '20s' '/workspaces/lj-lockless/src/luajit' '-joff' '/workspaces/lj-lockless/tests/t-jit-special-udata-guards.lua' 'plain' 'newindex_table'
+ LUA_PATH='/workspaces/lj-lockless/tests/lib/?.lua;/workspaces/lj-lockless/src/?.lua;/workspaces/lj-lockless/src/jit/?.lua;;' timeout '20s' '/workspaces/lj-lockless/src/luajit' '-jon' '/workspaces/lj-lockless/tests/t-jit-special-udata-guards.lua' 'plain' 'newindex_table'
ok m6_jit_special_udata_guards
