Breakpoint 1 at 0x1276f0: file lj_opt_mem.c, line 68.
[Thread debugging using libthread_db enabled]
Using host libthread_db library "/lib/x86_64-linux-gnu/libthread_db.so.1".
TRACE	1	1	loop	45	exits	1
1	SLOAD 	19	6	56
2	LE    	19	1	-5
3	SLOAD 	19	5	40
4	SLOAD 	10	2	4
5	SLOAD 	14	4	4
6	GT    	19	3	-6
7	FLOAD 	11	-1	276
8	FLOAD 	9	7	7
9	HREFK 	9	8	-11
10	HLOAD 	8	9	0
11	EQ    	8	10	-15
12	FLOAD 	18	4	20
13	EQ    	19	12	-16
14	ADD   	9	4	-18
15	CONV  	14	3	467
16	XSTORE	14	14	15
17	HREFK 	9	8	-21
18	HLOAD 	8	17	0
19	EQ    	8	18	-25
20	ADD   	14	15	5
21	ADD   	9	4	-29
22	XLOAD 	14	21	0
23	ADD   	14	22	20
24	ADD   	19	3	-4
25	LE    	19	24	1
26	LOOP  	0	0	0
27	XPOLL 	0	0	0
28	GT    	19	24	-6
29	FLOAD 	11	-1	276
30	FLOAD 	9	29	7
31	HREFK 	9	30	-11
32	HLOAD 	8	31	0
33	EQ    	8	32	-15
34	CONV  	14	24	467
35	XSTORE	14	14	34
36	HREFK 	9	30	-21
37	HLOAD 	8	36	0
38	EQ    	8	37	-25
39	ADD   	14	34	23
40	ADD   	14	39	22
41	ADD   	19	24	-4
42	LE    	19	41	1
43	PHI   	19	24	41
44	PHI   	14	23	40
45	NOP   	0	0	0
[Inferior 1 (process 187273) exited normally]
gdb-pure3.txt:5: Error in sourced command file:
No symbol "J" in current context.
