{"stage":"baseline","round":0,"explicit":0,"peer":1,"configured_workers":0,"strings":302,"raw_count":302,"local_credit":0,"peer_credit":0,"bytes":202160,"mask":511,"phase":0,"cycles":4,"major":4,"completed":4,"unlinked":25,"reclaimed":25,"mt_live":1,"n_workers":0,"worker_async":0,"worker_runs":87,"peer_checks":1,"filler_tables":0}
{"diagnostic":"baseline","round":0,"threshold":140737488355328,"mt_threshold":404200,"alloc_since":0,"trigger":393216,"hard":786432,"hard_check":786432,"local_total":0,"cycle_leader":0,"worker_active":0,"worker_busy":10,"jit_gate":1,"mark_resume":0,"mark_close_intent":0,"interp_hard":0,"assist_runs":0,"cycle_requests":4,"major_roots":12,"worker_started":0,"worker_exited":0,"worker_stop":0}
{"execution":"baseline","round":0,"jit_enabled":1,"jit_hard_checks":0}
{"stage":"after_churn","round":1,"explicit":0,"peer":1,"configured_workers":0,"strings":4398,"raw_count":4398,"local_credit":0,"peer_credit":0,"bytes":734768,"mask":8191,"phase":0,"cycles":4,"major":4,"completed":4,"unlinked":25,"reclaimed":25,"mt_live":1,"n_workers":0,"worker_async":0,"worker_runs":87,"peer_checks":1,"filler_tables":0}
{"diagnostic":"after_churn","round":1,"threshold":140737488355328,"mt_threshold":596500,"alloc_since":500708,"trigger":393216,"hard":786432,"hard_check":786432,"local_total":31900,"cycle_leader":1,"worker_active":0,"worker_busy":10,"jit_gate":1,"mark_resume":0,"mark_close_intent":0,"interp_hard":0,"assist_runs":0,"cycle_requests":5,"major_roots":12,"worker_started":0,"worker_exited":0,"worker_stop":0}
{"execution":"after_churn","round":1,"jit_enabled":1,"jit_hard_checks":0}
{"stage":"settled","round":1,"explicit":0,"peer":1,"configured_workers":0,"strings":4398,"raw_count":4398,"local_credit":0,"peer_credit":0,"bytes":685828,"mask":8191,"phase":0,"cycles":7,"major":7,"completed":7,"unlinked":25,"reclaimed":25,"mt_live":1,"n_workers":0,"worker_async":0,"worker_runs":249,"peer_checks":2,"filler_tables":15872}
{"diagnostic":"settled","round":1,"threshold":1066772,"mt_threshold":1066780,"alloc_since":728,"trigger":393216,"hard":786432,"hard_check":786432,"local_total":11544,"cycle_leader":0,"worker_active":0,"worker_busy":24,"jit_gate":1,"mark_resume":0,"mark_close_intent":0,"interp_hard":0,"assist_runs":0,"cycle_requests":7,"major_roots":22,"worker_started":0,"worker_exited":0,"worker_stop":0}
{"execution":"settled","round":1,"jit_enabled":1,"jit_hard_checks":0}
{"stage":"after_churn","round":2,"explicit":0,"peer":1,"configured_workers":0,"strings":8494,"raw_count":8494,"local_credit":0,"peer_credit":0,"bytes":1226532,"mask":16383,"phase":0,"cycles":7,"major":7,"completed":7,"unlinked":25,"reclaimed":25,"mt_live":1,"n_workers":0,"worker_async":0,"worker_runs":249,"peer_checks":2,"filler_tables":15872}
{"diagnostic":"after_churn","round":2,"threshold":1066772,"mt_threshold":1194632,"alloc_since":521076,"trigger":393216,"hard":786432,"hard_check":786432,"local_total":31900,"cycle_leader":1,"worker_active":0,"worker_busy":24,"jit_gate":1,"mark_resume":0,"mark_close_intent":0,"interp_hard":0,"assist_runs":0,"cycle_requests":8,"major_roots":22,"worker_started":0,"worker_exited":0,"worker_stop":0}
{"execution":"after_churn","round":2,"jit_enabled":1,"jit_hard_checks":0}
{"stage":"settled","round":2,"explicit":0,"peer":1,"configured_workers":0,"strings":8494,"raw_count":8494,"local_credit":0,"peer_credit":0,"bytes":1160964,"mask":16383,"phase":0,"cycles":10,"major":10,"completed":10,"unlinked":25,"reclaimed":25,"mt_live":1,"n_workers":0,"worker_async":0,"worker_runs":370,"peer_checks":3,"filler_tables":23552}
{"diagnostic":"settled","round":2,"threshold":1541908,"mt_threshold":1541916,"alloc_since":728,"trigger":393216,"hard":786432,"hard_check":786432,"local_total":11544,"cycle_leader":0,"worker_active":0,"worker_busy":36,"jit_gate":1,"mark_resume":0,"mark_close_intent":0,"interp_hard":0,"assist_runs":0,"cycle_requests":10,"major_roots":31,"worker_started":0,"worker_exited":0,"worker_stop":0}
{"execution":"settled","round":2,"jit_enabled":1,"jit_hard_checks":0}
{"stage":"after_churn","round":3,"explicit":0,"peer":1,"configured_workers":0,"strings":12590,"raw_count":12590,"local_credit":0,"peer_credit":0,"bytes":1570564,"mask":16383,"phase":0,"cycles":10,"major":10,"completed":10,"unlinked":25,"reclaimed":25,"mt_live":1,"n_workers":0,"worker_async":0,"worker_runs":370,"peer_checks":3,"filler_tables":23552}
{"diagnostic":"after_churn","round":3,"threshold":1541908,"mt_threshold":1543064,"alloc_since":394372,"trigger":393216,"hard":786432,"hard_check":786432,"local_total":27500,"cycle_leader":1,"worker_active":0,"worker_busy":36,"jit_gate":1,"mark_resume":0,"mark_close_intent":0,"interp_hard":0,"assist_runs":0,"cycle_requests":11,"major_roots":31,"worker_started":0,"worker_exited":0,"worker_stop":0}
{"execution":"after_churn","round":3,"jit_enabled":1,"jit_hard_checks":0}
{"stage":"settled","round":3,"explicit":0,"peer":1,"configured_workers":0,"strings":12590,"raw_count":12590,"local_credit":0,"peer_credit":0,"bytes":1570564,"mask":16383,"phase":0,"cycles":13,"major":13,"completed":13,"unlinked":25,"reclaimed":25,"mt_live":1,"n_workers":0,"worker_async":0,"worker_runs":518,"peer_checks":4,"filler_tables":31232}
{"diagnostic":"settled","round":3,"threshold":1951508,"mt_threshold":1951516,"alloc_since":728,"trigger":393216,"hard":786432,"hard_check":786432,"local_total":11544,"cycle_leader":0,"worker_active":0,"worker_busy":48,"jit_gate":1,"mark_resume":0,"mark_close_intent":0,"interp_hard":0,"assist_runs":0,"cycle_requests":13,"major_roots":40,"worker_started":0,"worker_exited":0,"worker_stop":0}
{"execution":"settled","round":3,"jit_enabled":1,"jit_hard_checks":0}
{"stage":"after_churn","round":4,"explicit":0,"peer":1,"configured_workers":0,"strings":16686,"raw_count":16686,"local_credit":0,"peer_credit":0,"bytes":2242340,"mask":32767,"phase":0,"cycles":13,"major":13,"completed":13,"unlinked":25,"reclaimed":25,"mt_live":1,"n_workers":0,"worker_async":0,"worker_runs":518,"peer_checks":4,"filler_tables":31232}
{"diagnostic":"after_churn","round":4,"threshold":1951508,"mt_threshold":2210440,"alloc_since":652148,"trigger":393216,"hard":786432,"hard_check":786432,"local_total":31900,"cycle_leader":1,"worker_active":0,"worker_busy":48,"jit_gate":1,"mark_resume":0,"mark_close_intent":0,"interp_hard":0,"assist_runs":0,"cycle_requests":14,"major_roots":40,"worker_started":0,"worker_exited":0,"worker_stop":0}
{"execution":"after_churn","round":4,"jit_enabled":1,"jit_hard_checks":0}
{"stage":"settled","round":4,"explicit":0,"peer":1,"configured_workers":0,"strings":16686,"raw_count":16686,"local_credit":0,"peer_credit":0,"bytes":2111236,"mask":32767,"phase":0,"cycles":16,"major":16,"completed":16,"unlinked":25,"reclaimed":25,"mt_live":1,"n_workers":0,"worker_async":0,"worker_runs":717,"peer_checks":5,"filler_tables":38912}
{"diagnostic":"settled","round":4,"threshold":2492180,"mt_threshold":2492188,"alloc_since":4888,"trigger":393216,"hard":786432,"hard_check":786432,"local_total":7384,"cycle_leader":0,"worker_active":0,"worker_busy":60,"jit_gate":1,"mark_resume":0,"mark_close_intent":0,"interp_hard":0,"assist_runs":0,"cycle_requests":16,"major_roots":49,"worker_started":0,"worker_exited":0,"worker_stop":0}
{"execution":"settled","round":4,"jit_enabled":1,"jit_hard_checks":0}
{"stage":"after_churn","round":5,"explicit":0,"peer":1,"configured_workers":0,"strings":20782,"raw_count":20782,"local_credit":0,"peer_credit":0,"bytes":2520836,"mask":32767,"phase":0,"cycles":16,"major":16,"completed":16,"unlinked":25,"reclaimed":25,"mt_live":1,"n_workers":0,"worker_async":0,"worker_runs":717,"peer_checks":5,"filler_tables":38912}
{"diagnostic":"after_churn","round":5,"threshold":2492180,"mt_threshold":2497436,"alloc_since":398472,"trigger":393216,"hard":786432,"hard_check":786432,"local_total":23400,"cycle_leader":1,"worker_active":0,"worker_busy":60,"jit_gate":1,"mark_resume":0,"mark_close_intent":0,"interp_hard":0,"assist_runs":0,"cycle_requests":17,"major_roots":49,"worker_started":0,"worker_exited":0,"worker_stop":0}
{"execution":"after_churn","round":5,"jit_enabled":1,"jit_hard_checks":0}
{"stage":"settled","round":5,"explicit":0,"peer":1,"configured_workers":0,"strings":20782,"raw_count":20782,"local_credit":0,"peer_credit":0,"bytes":2520836,"mask":32767,"phase":0,"cycles":19,"major":19,"completed":19,"unlinked":25,"reclaimed":25,"mt_live":1,"n_workers":0,"worker_async":0,"worker_runs":943,"peer_checks":6,"filler_tables":46592}
{"diagnostic":"settled","round":5,"threshold":2901780,"mt_threshold":2901788,"alloc_since":4888,"trigger":393216,"hard":786432,"hard_check":786432,"local_total":7384,"cycle_leader":0,"worker_active":0,"worker_busy":72,"jit_gate":1,"mark_resume":0,"mark_close_intent":0,"interp_hard":0,"assist_runs":0,"cycle_requests":19,"major_roots":58,"worker_started":0,"worker_exited":0,"worker_stop":0}
{"execution":"settled","round":5,"jit_enabled":1,"jit_hard_checks":0}
{"stage":"after_churn","round":6,"explicit":0,"peer":1,"configured_workers":0,"strings":24878,"raw_count":24878,"local_credit":0,"peer_credit":0,"bytes":2930436,"mask":32767,"phase":0,"cycles":19,"major":19,"completed":19,"unlinked":25,"reclaimed":25,"mt_live":1,"n_workers":0,"worker_async":0,"worker_runs":943,"peer_checks":6,"filler_tables":46592}
{"diagnostic":"after_churn","round":6,"threshold":2901780,"mt_threshold":2907036,"alloc_since":398472,"trigger":393216,"hard":786432,"hard_check":786432,"local_total":23400,"cycle_leader":1,"worker_active":0,"worker_busy":72,"jit_gate":1,"mark_resume":0,"mark_close_intent":0,"interp_hard":0,"assist_runs":0,"cycle_requests":20,"major_roots":58,"worker_started":0,"worker_exited":0,"worker_stop":0}
{"execution":"after_churn","round":6,"jit_enabled":1,"jit_hard_checks":0}
{"stage":"settled","round":6,"explicit":0,"peer":1,"configured_workers":0,"strings":24878,"raw_count":24878,"local_credit":0,"peer_credit":0,"bytes":2930436,"mask":32767,"phase":0,"cycles":22,"major":22,"completed":22,"unlinked":25,"reclaimed":25,"mt_live":1,"n_workers":0,"worker_async":0,"worker_runs":1207,"peer_checks":7,"filler_tables":54272}
{"diagnostic":"settled","round":6,"threshold":3311380,"mt_threshold":3311388,"alloc_since":4888,"trigger":393216,"hard":786432,"hard_check":786432,"local_total":7384,"cycle_leader":0,"worker_active":0,"worker_busy":84,"jit_gate":1,"mark_resume":0,"mark_close_intent":0,"interp_hard":0,"assist_runs":0,"cycle_requests":22,"major_roots":67,"worker_started":0,"worker_exited":0,"worker_stop":0}
{"execution":"settled","round":6,"jit_enabled":1,"jit_hard_checks":0}
{"stage":"sole_main_recovered","round":6,"explicit":0,"peer":1,"configured_workers":0,"strings":300,"raw_count":300,"local_credit":0,"peer_credit":0,"bytes":460540,"mask":32767,"phase":0,"cycles":24,"major":24,"completed":24,"unlinked":24603,"reclaimed":24603,"mt_live":0,"n_workers":0,"worker_async":0,"worker_runs":4173,"peer_checks":8,"filler_tables":54272}
{"diagnostic":"sole_main_recovered","round":6,"threshold":921000,"mt_threshold":3311388,"alloc_since":0,"trigger":393216,"hard":786432,"hard_check":786432,"local_total":0,"cycle_leader":0,"worker_active":0,"worker_busy":88,"jit_gate":1,"mark_resume":0,"mark_close_intent":0,"interp_hard":0,"assist_runs":0,"cycle_requests":24,"major_roots":73,"worker_started":0,"worker_exited":0,"worker_stop":0}
{"execution":"sole_main_recovered","round":6,"jit_enabled":1,"jit_hard_checks":0}
PASS rounds=6 batch=4096 payload=64 body_bytes=100 live=32 created_body_bytes=2457600 filler_tables=54272
