{"stage":"baseline","round":0,"explicit":0,"peer":0,"configured_workers":2,"strings":300,"raw_count":300,"local_credit":0,"peer_credit":0,"bytes":160878,"mask":511,"phase":0,"cycles":4,"major":4,"completed":4,"unlinked":26,"reclaimed":26,"mt_live":0,"n_workers":2,"worker_async":0,"worker_runs":86,"peer_checks":0,"filler_tables":0}
{"diagnostic":"baseline","round":0,"threshold":321600,"mt_threshold":0,"alloc_since":0,"trigger":321756,"hard":643512,"hard_check":643512,"local_total":0,"cycle_leader":0,"worker_active":0,"worker_busy":10,"jit_gate":1,"mark_resume":0,"mark_close_intent":0,"interp_hard":0,"assist_runs":0,"cycle_requests":4,"major_roots":12,"worker_started":2,"worker_exited":0,"worker_stop":0}
{"execution":"baseline","round":0,"jit_enabled":1,"jit_hard_checks":0}
{"stage":"after_churn","round":1,"explicit":0,"peer":0,"configured_workers":2,"strings":4396,"raw_count":4396,"local_credit":0,"peer_credit":0,"bytes":693486,"mask":8191,"phase":0,"cycles":4,"major":4,"completed":4,"unlinked":26,"reclaimed":26,"mt_live":0,"n_workers":2,"worker_async":0,"worker_runs":86,"peer_checks":0,"filler_tables":0}
{"diagnostic":"after_churn","round":1,"threshold":489618,"mt_threshold":0,"alloc_since":500708,"trigger":321756,"hard":643512,"hard_check":643512,"local_total":31900,"cycle_leader":1,"worker_active":0,"worker_busy":10,"jit_gate":1,"mark_resume":0,"mark_close_intent":0,"interp_hard":0,"assist_runs":0,"cycle_requests":5,"major_roots":12,"worker_started":2,"worker_exited":0,"worker_stop":0}
{"execution":"after_churn","round":1,"jit_enabled":1,"jit_hard_checks":0}
{"stage":"settled","round":1,"explicit":0,"peer":0,"configured_workers":2,"strings":4396,"raw_count":4396,"local_credit":0,"peer_credit":0,"bytes":714606,"mask":8191,"phase":0,"cycles":7,"major":7,"completed":7,"unlinked":26,"reclaimed":26,"mt_live":0,"n_workers":2,"worker_async":0,"worker_runs":210,"peer_checks":0,"filler_tables":8192}
{"diagnostic":"settled","round":1,"threshold":1033670,"mt_threshold":0,"alloc_since":70512,"trigger":393216,"hard":786432,"hard_check":786432,"local_total":3640,"cycle_leader":0,"worker_active":0,"worker_busy":55,"jit_gate":1,"mark_resume":0,"mark_close_intent":0,"interp_hard":0,"assist_runs":0,"cycle_requests":7,"major_roots":21,"worker_started":2,"worker_exited":0,"worker_stop":0}
{"execution":"settled","round":1,"jit_enabled":1,"jit_hard_checks":0}
{"stage":"after_churn","round":2,"explicit":0,"peer":0,"configured_workers":2,"strings":8492,"raw_count":8492,"local_credit":0,"peer_credit":0,"bytes":1255310,"mask":16383,"phase":0,"cycles":7,"major":7,"completed":7,"unlinked":26,"reclaimed":26,"mt_live":0,"n_workers":2,"worker_async":0,"worker_runs":210,"peer_checks":0,"filler_tables":8192}
{"diagnostic":"after_churn","round":2,"threshold":1039006,"mt_threshold":0,"alloc_since":582956,"trigger":393216,"hard":786432,"hard_check":786432,"local_total":31900,"cycle_leader":1,"worker_active":0,"worker_busy":55,"jit_gate":1,"mark_resume":0,"mark_close_intent":0,"interp_hard":0,"assist_runs":0,"cycle_requests":8,"major_roots":21,"worker_started":2,"worker_exited":0,"worker_stop":0}
{"execution":"after_churn","round":2,"jit_enabled":1,"jit_hard_checks":0}
{"stage":"settled","round":2,"explicit":0,"peer":0,"configured_workers":2,"strings":8492,"raw_count":8492,"local_credit":0,"peer_credit":0,"bytes":1181110,"mask":16383,"phase":0,"cycles":10,"major":10,"completed":10,"unlinked":26,"reclaimed":26,"mt_live":0,"n_workers":2,"worker_async":0,"worker_runs":366,"peer_checks":0,"filler_tables":16384}
{"diagnostic":"settled","round":2,"threshold":1508806,"mt_threshold":0,"alloc_since":37648,"trigger":393216,"hard":786432,"hard_check":786432,"local_total":27872,"cycle_leader":0,"worker_active":0,"worker_busy":102,"jit_gate":1,"mark_resume":0,"mark_close_intent":0,"interp_hard":0,"assist_runs":0,"cycle_requests":10,"major_roots":30,"worker_started":2,"worker_exited":0,"worker_stop":0}
{"execution":"settled","round":2,"jit_enabled":1,"jit_hard_checks":0}
{"stage":"after_churn","round":3,"explicit":0,"peer":0,"configured_workers":2,"strings":12588,"raw_count":12588,"local_credit":0,"peer_credit":0,"bytes":1590710,"mask":16383,"phase":0,"cycles":10,"major":10,"completed":10,"unlinked":26,"reclaimed":26,"mt_live":0,"n_workers":2,"worker_async":0,"worker_runs":366,"peer_checks":0,"filler_tables":16384}
{"diagnostic":"after_churn","round":3,"threshold":1514010,"mt_threshold":0,"alloc_since":464020,"trigger":393216,"hard":786432,"hard_check":786432,"local_total":11100,"cycle_leader":1,"worker_active":0,"worker_busy":102,"jit_gate":1,"mark_resume":0,"mark_close_intent":0,"interp_hard":0,"assist_runs":0,"cycle_requests":11,"major_roots":30,"worker_started":2,"worker_exited":0,"worker_stop":0}
{"execution":"after_churn","round":3,"jit_enabled":1,"jit_hard_checks":0}
{"stage":"settled","round":3,"explicit":0,"peer":0,"configured_workers":2,"strings":12588,"raw_count":12588,"local_credit":0,"peer_credit":0,"bytes":1590710,"mask":16383,"phase":0,"cycles":13,"major":13,"completed":13,"unlinked":26,"reclaimed":26,"mt_live":0,"n_workers":2,"worker_async":0,"worker_runs":551,"peer_checks":0,"filler_tables":24576}
{"diagnostic":"settled","round":3,"threshold":1918406,"mt_threshold":0,"alloc_since":37648,"trigger":393216,"hard":786432,"hard_check":786432,"local_total":27872,"cycle_leader":0,"worker_active":0,"worker_busy":149,"jit_gate":1,"mark_resume":0,"mark_close_intent":0,"interp_hard":0,"assist_runs":0,"cycle_requests":13,"major_roots":39,"worker_started":2,"worker_exited":0,"worker_stop":0}
{"execution":"settled","round":3,"jit_enabled":1,"jit_hard_checks":0}
{"stage":"after_churn","round":4,"explicit":0,"peer":0,"configured_workers":2,"strings":16684,"raw_count":16684,"local_credit":0,"peer_credit":0,"bytes":2262486,"mask":32767,"phase":0,"cycles":13,"major":13,"completed":13,"unlinked":26,"reclaimed":26,"mt_live":0,"n_workers":2,"worker_async":0,"worker_runs":551,"peer_checks":0,"filler_tables":24576}
{"diagnostic":"after_churn","round":4,"threshold":1923610,"mt_threshold":0,"alloc_since":705396,"trigger":393216,"hard":786432,"hard_check":786432,"local_total":31900,"cycle_leader":1,"worker_active":0,"worker_busy":149,"jit_gate":1,"mark_resume":0,"mark_close_intent":0,"interp_hard":0,"assist_runs":0,"cycle_requests":14,"major_roots":39,"worker_started":2,"worker_exited":0,"worker_stop":0}
{"execution":"after_churn","round":4,"jit_enabled":1,"jit_hard_checks":0}
{"stage":"settled","round":4,"explicit":0,"peer":0,"configured_workers":2,"strings":16684,"raw_count":16684,"local_credit":0,"peer_credit":0,"bytes":2131382,"mask":32767,"phase":0,"cycles":16,"major":16,"completed":16,"unlinked":26,"reclaimed":26,"mt_live":0,"n_workers":2,"worker_async":0,"worker_runs":763,"peer_checks":0,"filler_tables":32768}
{"diagnostic":"settled","round":4,"threshold":2459078,"mt_threshold":0,"alloc_since":37648,"trigger":393216,"hard":786432,"hard_check":786432,"local_total":27872,"cycle_leader":0,"worker_active":0,"worker_busy":199,"jit_gate":1,"mark_resume":0,"mark_close_intent":0,"interp_hard":0,"assist_runs":0,"cycle_requests":16,"major_roots":48,"worker_started":2,"worker_exited":0,"worker_stop":0}
{"execution":"settled","round":4,"jit_enabled":1,"jit_hard_checks":0}
{"stage":"after_churn","round":5,"explicit":0,"peer":0,"configured_workers":2,"strings":20780,"raw_count":20780,"local_credit":0,"peer_credit":0,"bytes":2540982,"mask":32767,"phase":0,"cycles":16,"major":16,"completed":16,"unlinked":26,"reclaimed":26,"mt_live":0,"n_workers":2,"worker_async":0,"worker_runs":763,"peer_checks":0,"filler_tables":32768}
{"diagnostic":"after_churn","round":5,"threshold":2464282,"mt_threshold":0,"alloc_since":464020,"trigger":393216,"hard":786432,"hard_check":786432,"local_total":11100,"cycle_leader":1,"worker_active":0,"worker_busy":199,"jit_gate":1,"mark_resume":0,"mark_close_intent":0,"interp_hard":0,"assist_runs":0,"cycle_requests":17,"major_roots":48,"worker_started":2,"worker_exited":0,"worker_stop":0}
{"execution":"after_churn","round":5,"jit_enabled":1,"jit_hard_checks":0}
{"stage":"settled","round":5,"explicit":0,"peer":0,"configured_workers":2,"strings":20780,"raw_count":20780,"local_credit":0,"peer_credit":0,"bytes":2540982,"mask":32767,"phase":0,"cycles":19,"major":19,"completed":19,"unlinked":26,"reclaimed":26,"mt_live":0,"n_workers":2,"worker_async":2901,"worker_runs":1045,"peer_checks":0,"filler_tables":40960}
{"diagnostic":"settled","round":5,"threshold":2935806,"mt_threshold":0,"alloc_since":65520,"trigger":393216,"hard":786432,"hard_check":786432,"local_total":0,"cycle_leader":0,"worker_active":0,"worker_busy":1216,"jit_gate":1,"mark_resume":0,"mark_close_intent":0,"interp_hard":0,"assist_runs":0,"cycle_requests":19,"major_roots":57,"worker_started":2,"worker_exited":0,"worker_stop":0}
{"execution":"settled","round":5,"jit_enabled":1,"jit_hard_checks":0}
{"stage":"after_churn","round":6,"explicit":0,"peer":0,"configured_workers":2,"strings":24876,"raw_count":24876,"local_credit":0,"peer_credit":0,"bytes":2950582,"mask":32767,"phase":0,"cycles":19,"major":19,"completed":19,"unlinked":26,"reclaimed":26,"mt_live":0,"n_workers":2,"worker_async":2901,"worker_runs":1045,"peer_checks":0,"filler_tables":40960}
{"diagnostic":"after_churn","round":6,"threshold":2868982,"mt_threshold":0,"alloc_since":459120,"trigger":393216,"hard":786432,"hard_check":786432,"local_total":16000,"cycle_leader":1,"worker_active":0,"worker_busy":1216,"jit_gate":1,"mark_resume":0,"mark_close_intent":0,"interp_hard":0,"assist_runs":0,"cycle_requests":20,"major_roots":57,"worker_started":2,"worker_exited":0,"worker_stop":0}
{"execution":"after_churn","round":6,"jit_enabled":1,"jit_hard_checks":0}
{"stage":"settled","round":6,"explicit":0,"peer":0,"configured_workers":2,"strings":24876,"raw_count":24876,"local_credit":0,"peer_credit":0,"bytes":3278182,"mask":32767,"phase":0,"cycles":22,"major":22,"completed":22,"unlinked":26,"reclaimed":26,"mt_live":0,"n_workers":2,"worker_async":20965,"worker_runs":1572,"peer_checks":0,"filler_tables":53248}
{"diagnostic":"settled","round":6,"threshold":3706910,"mt_threshold":0,"alloc_since":393120,"trigger":393216,"hard":786432,"hard_check":786432,"local_total":0,"cycle_leader":0,"worker_active":0,"worker_busy":19852,"jit_gate":1,"mark_resume":0,"mark_close_intent":0,"interp_hard":0,"assist_runs":0,"cycle_requests":22,"major_roots":66,"worker_started":2,"worker_exited":0,"worker_stop":0}
{"execution":"settled","round":6,"jit_enabled":1,"jit_hard_checks":0}
{"stage":"sole_main_recovered","round":6,"explicit":0,"peer":0,"configured_workers":2,"strings":300,"raw_count":300,"local_credit":0,"peer_credit":0,"bytes":427566,"mask":32767,"phase":0,"cycles":24,"major":24,"completed":24,"unlinked":24602,"reclaimed":24602,"mt_live":0,"n_workers":0,"worker_async":20965,"worker_runs":4555,"peer_checks":0,"filler_tables":53248}
{"diagnostic":"sole_main_recovered","round":6,"threshold":855000,"mt_threshold":0,"alloc_since":0,"trigger":393216,"hard":786432,"hard_check":786432,"local_total":0,"cycle_leader":0,"worker_active":0,"worker_busy":19856,"jit_gate":1,"mark_resume":0,"mark_close_intent":0,"interp_hard":0,"assist_runs":0,"cycle_requests":24,"major_roots":72,"worker_started":2,"worker_exited":2,"worker_stop":1}
{"execution":"sole_main_recovered","round":6,"jit_enabled":1,"jit_hard_checks":0}
PASS rounds=6 batch=4096 payload=64 body_bytes=100 live=32 created_body_bytes=2457600 filler_tables=53248
