{"stage":"baseline","round":0,"explicit":0,"peer":1,"configured_workers":2,"strings":300,"raw_count":300,"local_credit":0,"peer_credit":0,"bytes":192470,"mask":511,"phase":0,"cycles":4,"major":4,"completed":4,"unlinked":26,"reclaimed":26,"mt_live":1,"n_workers":2,"worker_async":0,"worker_runs":86,"peer_checks":1,"filler_tables":0}
{"diagnostic":"baseline","round":0,"threshold":140737488355328,"mt_threshold":384800,"alloc_since":0,"trigger":384940,"hard":769880,"hard_check":769880,"local_total":0,"cycle_leader":0,"worker_active":0,"worker_busy":24,"jit_gate":1,"mark_resume":0,"mark_close_intent":0,"interp_hard":0,"assist_runs":0,"cycle_requests":4,"major_roots":12,"worker_started":2,"worker_exited":0,"worker_stop":0}
{"execution":"baseline","round":0,"jit_enabled":0,"jit_hard_checks":0}
{"stage":"after_churn","round":1,"explicit":0,"peer":1,"configured_workers":2,"strings":4396,"raw_count":4396,"local_credit":0,"peer_credit":0,"bytes":725078,"mask":8191,"phase":0,"cycles":4,"major":4,"completed":4,"unlinked":26,"reclaimed":26,"mt_live":1,"n_workers":2,"worker_async":0,"worker_runs":86,"peer_checks":1,"filler_tables":0}
{"diagnostic":"after_churn","round":1,"threshold":140737488355328,"mt_threshold":586810,"alloc_since":500708,"trigger":384940,"hard":769880,"hard_check":769880,"local_total":31900,"cycle_leader":1,"worker_active":0,"worker_busy":24,"jit_gate":1,"mark_resume":0,"mark_close_intent":0,"interp_hard":0,"assist_runs":0,"cycle_requests":5,"major_roots":12,"worker_started":2,"worker_exited":0,"worker_stop":0}
{"execution":"after_churn","round":1,"jit_enabled":0,"jit_hard_checks":0}
{"stage":"settled","round":1,"explicit":0,"peer":1,"configured_workers":2,"strings":4396,"raw_count":4396,"local_credit":0,"peer_credit":0,"bytes":1056526,"mask":8191,"phase":0,"cycles":7,"major":7,"completed":7,"unlinked":26,"reclaimed":26,"mt_live":1,"n_workers":2,"worker_async":17958,"worker_runs":476,"peer_checks":2,"filler_tables":12288}
{"diagnostic":"settled","round":1,"threshold":1485150,"mt_threshold":1089390,"alloc_since":393120,"trigger":393216,"hard":786432,"hard_check":786432,"local_total":0,"cycle_leader":4294967295,"worker_active":0,"worker_busy":18787,"jit_gate":0,"mark_resume":0,"mark_close_intent":0,"interp_hard":0,"assist_runs":0,"cycle_requests":7,"major_roots":21,"worker_started":2,"worker_exited":0,"worker_stop":0}
{"execution":"settled","round":1,"jit_enabled":0,"jit_hard_checks":0}
{"stage":"after_churn","round":2,"explicit":0,"peer":1,"configured_workers":2,"strings":8492,"raw_count":8492,"local_credit":0,"peer_credit":0,"bytes":1597230,"mask":16383,"phase":0,"cycles":7,"major":7,"completed":7,"unlinked":26,"reclaimed":26,"mt_live":1,"n_workers":2,"worker_async":17959,"worker_runs":476,"peer_checks":2,"filler_tables":12288}
{"diagnostic":"after_churn","round":2,"threshold":1485150,"mt_threshold":1089326,"alloc_since":901924,"trigger":393216,"hard":786432,"hard_check":1426212,"local_total":31900,"cycle_leader":1,"worker_active":0,"worker_busy":18787,"jit_gate":1,"mark_resume":0,"mark_close_intent":0,"interp_hard":0,"assist_runs":0,"cycle_requests":8,"major_roots":21,"worker_started":2,"worker_exited":0,"worker_stop":0}
{"execution":"after_churn","round":2,"jit_enabled":0,"jit_hard_checks":0}
{"stage":"settled","round":2,"explicit":0,"peer":1,"configured_workers":2,"strings":8492,"raw_count":8492,"local_credit":0,"peer_credit":0,"bytes":1531662,"mask":16383,"phase":0,"cycles":10,"major":10,"completed":10,"unlinked":26,"reclaimed":26,"mt_live":1,"n_workers":2,"worker_async":36490,"worker_runs":917,"peer_checks":3,"filler_tables":24576}
{"diagnostic":"settled","round":2,"threshold":1960390,"mt_threshold":1564526,"alloc_since":393120,"trigger":393216,"hard":786432,"hard_check":786432,"local_total":0,"cycle_leader":0,"worker_active":0,"worker_busy":37695,"jit_gate":1,"mark_resume":0,"mark_close_intent":0,"interp_hard":0,"assist_runs":0,"cycle_requests":10,"major_roots":30,"worker_started":2,"worker_exited":0,"worker_stop":0}
{"execution":"settled","round":2,"jit_enabled":0,"jit_hard_checks":0}
{"stage":"after_churn","round":3,"explicit":0,"peer":1,"configured_workers":2,"strings":12588,"raw_count":12588,"local_credit":0,"peer_credit":0,"bytes":1941262,"mask":16383,"phase":0,"cycles":10,"major":10,"completed":10,"unlinked":26,"reclaimed":26,"mt_live":1,"n_workers":2,"worker_async":36490,"worker_runs":917,"peer_checks":3,"filler_tables":24576}
{"diagnostic":"after_churn","round":3,"threshold":1960390,"mt_threshold":1564462,"alloc_since":786720,"trigger":393216,"hard":786432,"hard_check":1311008,"local_total":16000,"cycle_leader":1,"worker_active":0,"worker_busy":37695,"jit_gate":1,"mark_resume":0,"mark_close_intent":0,"interp_hard":0,"assist_runs":0,"cycle_requests":11,"major_roots":30,"worker_started":2,"worker_exited":0,"worker_stop":0}
{"execution":"after_churn","round":3,"jit_enabled":0,"jit_hard_checks":0}
{"stage":"settled","round":3,"explicit":0,"peer":1,"configured_workers":2,"strings":12588,"raw_count":12588,"local_credit":0,"peer_credit":0,"bytes":1941262,"mask":16383,"phase":0,"cycles":13,"major":13,"completed":13,"unlinked":26,"reclaimed":26,"mt_live":1,"n_workers":2,"worker_async":55063,"worker_runs":1385,"peer_checks":4,"filler_tables":36864}
{"diagnostic":"settled","round":3,"threshold":2369990,"mt_threshold":1974126,"alloc_since":393120,"trigger":393216,"hard":786432,"hard_check":786432,"local_total":0,"cycle_leader":0,"worker_active":0,"worker_busy":56533,"jit_gate":1,"mark_resume":0,"mark_close_intent":0,"interp_hard":0,"assist_runs":0,"cycle_requests":13,"major_roots":39,"worker_started":2,"worker_exited":0,"worker_stop":0}
{"execution":"settled","round":3,"jit_enabled":0,"jit_hard_checks":0}
{"stage":"after_churn","round":4,"explicit":0,"peer":1,"configured_workers":2,"strings":16684,"raw_count":16684,"local_credit":0,"peer_credit":0,"bytes":2613038,"mask":32767,"phase":0,"cycles":13,"major":13,"completed":13,"unlinked":26,"reclaimed":26,"mt_live":1,"n_workers":2,"worker_async":55063,"worker_runs":1385,"peer_checks":4,"filler_tables":36864}
{"diagnostic":"after_churn","round":4,"threshold":2369990,"mt_threshold":1974062,"alloc_since":1032996,"trigger":393216,"hard":786432,"hard_check":1557284,"local_total":31900,"cycle_leader":1,"worker_active":0,"worker_busy":56533,"jit_gate":1,"mark_resume":0,"mark_close_intent":0,"interp_hard":0,"assist_runs":0,"cycle_requests":14,"major_roots":39,"worker_started":2,"worker_exited":0,"worker_stop":0}
{"execution":"after_churn","round":4,"jit_enabled":0,"jit_hard_checks":0}
{"stage":"settled","round":4,"explicit":0,"peer":1,"configured_workers":2,"strings":16684,"raw_count":16684,"local_credit":0,"peer_credit":0,"bytes":2907918,"mask":32767,"phase":0,"cycles":16,"major":16,"completed":16,"unlinked":26,"reclaimed":26,"mt_live":1,"n_workers":2,"worker_async":80120,"worker_runs":1983,"peer_checks":5,"filler_tables":53248}
{"diagnostic":"settled","round":4,"threshold":2943422,"mt_threshold":2547558,"alloc_since":819104,"trigger":393216,"hard":786432,"hard_check":1311776,"local_total":0,"cycle_leader":4294967295,"worker_active":0,"worker_busy":75920,"jit_gate":0,"mark_resume":0,"mark_close_intent":0,"interp_hard":0,"assist_runs":0,"cycle_requests":16,"major_roots":48,"worker_started":2,"worker_exited":0,"worker_stop":0}
{"execution":"settled","round":4,"jit_enabled":0,"jit_hard_checks":0}
{"stage":"after_churn","round":5,"explicit":0,"peer":1,"configured_workers":2,"strings":20780,"raw_count":20780,"local_credit":0,"peer_credit":0,"bytes":3317518,"mask":32767,"phase":0,"cycles":16,"major":16,"completed":16,"unlinked":26,"reclaimed":26,"mt_live":1,"n_workers":2,"worker_async":80121,"worker_runs":1983,"peer_checks":5,"filler_tables":53248}
{"diagnostic":"after_churn","round":5,"threshold":2943422,"mt_threshold":3006318,"alloc_since":1212704,"trigger":393216,"hard":786432,"hard_check":1736992,"local_total":16000,"cycle_leader":1,"worker_active":0,"worker_busy":75920,"jit_gate":1,"mark_resume":0,"mark_close_intent":0,"interp_hard":0,"assist_runs":0,"cycle_requests":17,"major_roots":48,"worker_started":2,"worker_exited":0,"worker_stop":0}
{"execution":"after_churn","round":5,"jit_enabled":0,"jit_hard_checks":0}
{"stage":"settled","round":5,"explicit":0,"peer":1,"configured_workers":2,"strings":20780,"raw_count":20780,"local_credit":0,"peer_credit":0,"bytes":3352854,"mask":32767,"phase":0,"cycles":19,"major":19,"completed":19,"unlinked":26,"reclaimed":26,"mt_live":1,"n_workers":2,"worker_async":112443,"worker_runs":2821,"peer_checks":6,"filler_tables":77824}
{"diagnostic":"settled","round":5,"threshold":4207774,"mt_threshold":3787054,"alloc_since":846248,"trigger":393216,"hard":786432,"hard_check":786432,"local_total":0,"cycle_leader":0,"worker_active":0,"worker_busy":98754,"jit_gate":1,"mark_resume":0,"mark_close_intent":0,"interp_hard":0,"assist_runs":0,"cycle_requests":19,"major_roots":57,"worker_started":2,"worker_exited":0,"worker_stop":0}
{"execution":"settled","round":5,"jit_enabled":0,"jit_hard_checks":0}
{"stage":"after_churn","round":6,"explicit":0,"peer":1,"configured_workers":2,"strings":24876,"raw_count":24876,"local_credit":0,"peer_credit":0,"bytes":3762454,"mask":32767,"phase":0,"cycles":19,"major":19,"completed":19,"unlinked":26,"reclaimed":26,"mt_live":1,"n_workers":2,"worker_async":112443,"worker_runs":2821,"peer_checks":6,"filler_tables":77824}
{"diagnostic":"after_churn","round":6,"threshold":4207774,"mt_threshold":3385654,"alloc_since":1239848,"trigger":393216,"hard":786432,"hard_check":1764136,"local_total":16000,"cycle_leader":1,"worker_active":0,"worker_busy":98754,"jit_gate":1,"mark_resume":0,"mark_close_intent":0,"interp_hard":0,"assist_runs":0,"cycle_requests":20,"major_roots":57,"worker_started":2,"worker_exited":0,"worker_stop":0}
{"execution":"after_churn","round":6,"jit_enabled":0,"jit_hard_checks":0}
{"stage":"settled","round":6,"explicit":0,"peer":1,"configured_workers":2,"strings":24876,"raw_count":24876,"local_credit":0,"peer_credit":0,"bytes":3735310,"mask":32767,"phase":0,"cycles":22,"major":22,"completed":22,"unlinked":26,"reclaimed":26,"mt_live":1,"n_workers":2,"worker_async":144740,"worker_runs":3635,"peer_checks":7,"filler_tables":98304}
{"diagnostic":"settled","round":6,"threshold":4358102,"mt_threshold":3799998,"alloc_since":819104,"trigger":393216,"hard":786432,"hard_check":1311776,"local_total":0,"cycle_leader":4294967295,"worker_active":0,"worker_busy":125664,"jit_gate":0,"mark_resume":0,"mark_close_intent":0,"interp_hard":0,"assist_runs":0,"cycle_requests":22,"major_roots":66,"worker_started":2,"worker_exited":0,"worker_stop":0}
{"execution":"settled","round":6,"jit_enabled":0,"jit_hard_checks":0}
{"stage":"sole_main_recovered","round":6,"explicit":0,"peer":1,"configured_workers":2,"strings":300,"raw_count":300,"local_credit":0,"peer_credit":0,"bytes":458670,"mask":32767,"phase":0,"cycles":24,"major":24,"completed":24,"unlinked":24602,"reclaimed":24602,"mt_live":0,"n_workers":0,"worker_async":144741,"worker_runs":6647,"peer_checks":8,"filler_tables":98304}
{"diagnostic":"sole_main_recovered","round":6,"threshold":917200,"mt_threshold":3799998,"alloc_since":0,"trigger":393216,"hard":786432,"hard_check":786432,"local_total":0,"cycle_leader":0,"worker_active":0,"worker_busy":125668,"jit_gate":1,"mark_resume":0,"mark_close_intent":0,"interp_hard":0,"assist_runs":0,"cycle_requests":24,"major_roots":72,"worker_started":2,"worker_exited":2,"worker_stop":1}
{"execution":"sole_main_recovered","round":6,"jit_enabled":0,"jit_hard_checks":0}
PASS rounds=6 batch=4096 payload=64 body_bytes=100 live=32 created_body_bytes=2457600 filler_tables=98304
