{"stage":"baseline","round":0,"explicit":0,"peer":1,"configured_workers":2,"strings":300,"raw_count":300,"local_credit":0,"peer_credit":0,"bytes":192434,"mask":511,"phase":0,"cycles":4,"major":4,"completed":4,"unlinked":26,"reclaimed":26,"mt_live":1,"n_workers":2,"worker_async":0,"worker_runs":86,"peer_checks":1,"filler_tables":0}
{"diagnostic":"baseline","round":0,"threshold":140737488355328,"mt_threshold":384800,"alloc_since":0,"trigger":384868,"hard":769736,"hard_check":769736,"local_total":0,"cycle_leader":0,"worker_active":0,"worker_busy":14,"jit_gate":1,"mark_resume":0,"mark_close_intent":0,"interp_hard":0,"assist_runs":0,"cycle_requests":4,"major_roots":12,"worker_started":2,"worker_exited":0,"worker_stop":0}
{"execution":"baseline","round":0,"jit_enabled":0,"jit_hard_checks":0}
{"stage":"after_churn","round":1,"explicit":0,"peer":1,"configured_workers":2,"strings":4396,"raw_count":4396,"local_credit":0,"peer_credit":0,"bytes":725042,"mask":8191,"phase":0,"cycles":4,"major":4,"completed":4,"unlinked":26,"reclaimed":26,"mt_live":1,"n_workers":2,"worker_async":0,"worker_runs":86,"peer_checks":1,"filler_tables":0}
{"diagnostic":"after_churn","round":1,"threshold":140737488355328,"mt_threshold":586774,"alloc_since":500708,"trigger":384868,"hard":769736,"hard_check":769736,"local_total":31900,"cycle_leader":1,"worker_active":0,"worker_busy":14,"jit_gate":1,"mark_resume":0,"mark_close_intent":0,"interp_hard":0,"assist_runs":0,"cycle_requests":5,"major_roots":12,"worker_started":2,"worker_exited":0,"worker_stop":0}
{"execution":"after_churn","round":1,"jit_enabled":0,"jit_hard_checks":0}
{"stage":"settled","round":1,"explicit":0,"peer":1,"configured_workers":2,"strings":4396,"raw_count":4396,"local_credit":0,"peer_credit":0,"bytes":727850,"mask":8191,"phase":0,"cycles":7,"major":7,"completed":7,"unlinked":26,"reclaimed":26,"mt_live":1,"n_workers":2,"worker_async":2511,"worker_runs":235,"peer_checks":2,"filler_tables":8192}
{"diagnostic":"settled","round":1,"threshold":1056586,"mt_threshold":1057634,"alloc_since":37752,"trigger":393216,"hard":786432,"hard_check":786432,"local_total":26728,"cycle_leader":0,"worker_active":0,"worker_busy":509,"jit_gate":1,"mark_resume":0,"mark_close_intent":0,"interp_hard":0,"assist_runs":0,"cycle_requests":7,"major_roots":21,"worker_started":2,"worker_exited":0,"worker_stop":0}
{"execution":"settled","round":1,"jit_enabled":0,"jit_hard_checks":0}
{"stage":"after_churn","round":2,"explicit":0,"peer":1,"configured_workers":2,"strings":8492,"raw_count":8492,"local_credit":0,"peer_credit":0,"bytes":1268554,"mask":16383,"phase":0,"cycles":7,"major":7,"completed":7,"unlinked":26,"reclaimed":26,"mt_live":1,"n_workers":2,"worker_async":2511,"worker_runs":235,"peer_checks":2,"filler_tables":8192}
{"diagnostic":"after_churn","round":2,"threshold":1056586,"mt_threshold":1061950,"alloc_since":573284,"trigger":393216,"hard":786432,"hard_check":786432,"local_total":31900,"cycle_leader":1,"worker_active":0,"worker_busy":509,"jit_gate":1,"mark_resume":0,"mark_close_intent":0,"interp_hard":0,"assist_runs":0,"cycle_requests":8,"major_roots":21,"worker_started":2,"worker_exited":0,"worker_stop":0}
{"execution":"after_churn","round":2,"jit_enabled":0,"jit_hard_checks":0}
{"stage":"settled","round":2,"explicit":0,"peer":1,"configured_workers":2,"strings":8492,"raw_count":8492,"local_credit":0,"peer_credit":0,"bytes":1202986,"mask":16383,"phase":0,"cycles":10,"major":10,"completed":10,"unlinked":26,"reclaimed":26,"mt_live":1,"n_workers":2,"worker_async":5032,"worker_runs":416,"peer_checks":3,"filler_tables":16384}
{"diagnostic":"settled","round":2,"threshold":1531722,"mt_threshold":1532770,"alloc_since":37752,"trigger":393216,"hard":786432,"hard_check":786432,"local_total":26728,"cycle_leader":0,"worker_active":0,"worker_busy":1008,"jit_gate":1,"mark_resume":0,"mark_close_intent":0,"interp_hard":0,"assist_runs":0,"cycle_requests":10,"major_roots":30,"worker_started":2,"worker_exited":0,"worker_stop":0}
{"execution":"settled","round":2,"jit_enabled":0,"jit_hard_checks":0}
{"stage":"after_churn","round":3,"explicit":0,"peer":1,"configured_workers":2,"strings":12588,"raw_count":12588,"local_credit":0,"peer_credit":0,"bytes":1612586,"mask":16383,"phase":0,"cycles":10,"major":10,"completed":10,"unlinked":26,"reclaimed":26,"mt_live":1,"n_workers":2,"worker_async":5032,"worker_runs":416,"peer_checks":3,"filler_tables":16384}
{"diagnostic":"after_churn","round":3,"threshold":1531722,"mt_threshold":1537086,"alloc_since":464180,"trigger":393216,"hard":786432,"hard_check":786432,"local_total":9900,"cycle_leader":1,"worker_active":0,"worker_busy":1008,"jit_gate":1,"mark_resume":0,"mark_close_intent":0,"interp_hard":0,"assist_runs":0,"cycle_requests":11,"major_roots":30,"worker_started":2,"worker_exited":0,"worker_stop":0}
{"execution":"after_churn","round":3,"jit_enabled":0,"jit_hard_checks":0}
{"stage":"settled","round":3,"explicit":0,"peer":1,"configured_workers":2,"strings":12588,"raw_count":12588,"local_credit":0,"peer_credit":0,"bytes":1973986,"mask":16383,"phase":0,"cycles":13,"major":13,"completed":13,"unlinked":26,"reclaimed":26,"mt_live":1,"n_workers":2,"worker_async":17328,"worker_runs":775,"peer_checks":4,"filler_tables":28672}
{"diagnostic":"settled","round":3,"threshold":2370474,"mt_threshold":1941330,"alloc_since":425880,"trigger":393216,"hard":786432,"hard_check":786432,"local_total":0,"cycle_leader":0,"worker_active":0,"worker_busy":14181,"jit_gate":1,"mark_resume":0,"mark_close_intent":0,"interp_hard":0,"assist_runs":0,"cycle_requests":13,"major_roots":39,"worker_started":2,"worker_exited":0,"worker_stop":0}
{"execution":"settled","round":3,"jit_enabled":0,"jit_hard_checks":0}
{"stage":"after_churn","round":4,"explicit":0,"peer":1,"configured_workers":2,"strings":16684,"raw_count":16684,"local_credit":0,"peer_credit":0,"bytes":2645762,"mask":32767,"phase":0,"cycles":13,"major":13,"completed":13,"unlinked":26,"reclaimed":26,"mt_live":1,"n_workers":2,"worker_async":17328,"worker_runs":775,"peer_checks":4,"filler_tables":28672}
{"diagnostic":"after_churn","round":4,"threshold":2370474,"mt_threshold":2006786,"alloc_since":1065756,"trigger":393216,"hard":786432,"hard_check":1590044,"local_total":31900,"cycle_leader":1,"worker_active":0,"worker_busy":14181,"jit_gate":1,"mark_resume":0,"mark_close_intent":0,"interp_hard":0,"assist_runs":0,"cycle_requests":14,"major_roots":39,"worker_started":2,"worker_exited":0,"worker_stop":0}
{"execution":"after_churn","round":4,"jit_enabled":0,"jit_hard_checks":0}
{"stage":"settled","round":4,"explicit":0,"peer":1,"configured_workers":2,"strings":16684,"raw_count":16684,"local_credit":0,"peer_credit":0,"bytes":2514658,"mask":32767,"phase":0,"cycles":16,"major":16,"completed":16,"unlinked":26,"reclaimed":26,"mt_live":1,"n_workers":2,"worker_async":30664,"worker_runs":1804,"peer_checks":5,"filler_tables":40960}
{"diagnostic":"settled","round":4,"threshold":2910938,"mt_threshold":2482002,"alloc_since":425880,"trigger":393216,"hard":786432,"hard_check":786432,"local_total":0,"cycle_leader":0,"worker_active":0,"worker_busy":27296,"jit_gate":1,"mark_resume":0,"mark_close_intent":0,"interp_hard":0,"assist_runs":0,"cycle_requests":16,"major_roots":48,"worker_started":2,"worker_exited":0,"worker_stop":0}
{"execution":"settled","round":4,"jit_enabled":0,"jit_hard_checks":0}
{"stage":"after_churn","round":5,"explicit":0,"peer":1,"configured_workers":2,"strings":20780,"raw_count":20780,"local_credit":0,"peer_credit":0,"bytes":2924258,"mask":32767,"phase":0,"cycles":16,"major":16,"completed":16,"unlinked":26,"reclaimed":26,"mt_live":1,"n_workers":2,"worker_async":30664,"worker_runs":1804,"peer_checks":5,"filler_tables":40960}
{"diagnostic":"after_churn","round":5,"threshold":2910938,"mt_threshold":2547458,"alloc_since":819480,"trigger":393216,"hard":786432,"hard_check":1343768,"local_total":16000,"cycle_leader":1,"worker_active":0,"worker_busy":27296,"jit_gate":1,"mark_resume":0,"mark_close_intent":0,"interp_hard":0,"assist_runs":0,"cycle_requests":17,"major_roots":48,"worker_started":2,"worker_exited":0,"worker_stop":0}
{"execution":"after_churn","round":5,"jit_enabled":0,"jit_hard_checks":0}
{"stage":"settled","round":5,"explicit":0,"peer":1,"configured_workers":2,"strings":20780,"raw_count":20780,"local_credit":0,"peer_credit":0,"bytes":2891498,"mask":32767,"phase":0,"cycles":19,"major":19,"completed":19,"unlinked":26,"reclaimed":26,"mt_live":1,"n_workers":2,"worker_async":43231,"worker_runs":2248,"peer_checks":6,"filler_tables":53248}
{"diagnostic":"settled","round":5,"threshold":2891594,"mt_threshold":2924362,"alloc_since":370552,"trigger":393216,"hard":786432,"hard_check":786432,"local_total":22568,"cycle_leader":0,"worker_active":0,"worker_busy":40007,"jit_gate":1,"mark_resume":0,"mark_close_intent":0,"interp_hard":0,"assist_runs":0,"cycle_requests":19,"major_roots":57,"worker_started":2,"worker_exited":0,"worker_stop":0}
{"execution":"settled","round":5,"jit_enabled":0,"jit_hard_checks":0}
{"stage":"after_churn","round":6,"explicit":0,"peer":1,"configured_workers":2,"strings":24876,"raw_count":24876,"local_credit":0,"peer_credit":0,"bytes":3301098,"mask":32767,"phase":0,"cycles":19,"major":19,"completed":19,"unlinked":26,"reclaimed":26,"mt_live":1,"n_workers":2,"worker_async":43231,"worker_runs":2248,"peer_checks":6,"filler_tables":53248}
{"diagnostic":"after_churn","round":6,"threshold":2891594,"mt_threshold":2901698,"alloc_since":796920,"trigger":393216,"hard":786432,"hard_check":1321208,"local_total":5800,"cycle_leader":1,"worker_active":0,"worker_busy":40007,"jit_gate":1,"mark_resume":0,"mark_close_intent":0,"interp_hard":0,"assist_runs":0,"cycle_requests":20,"major_roots":57,"worker_started":2,"worker_exited":0,"worker_stop":0}
{"execution":"after_churn","round":6,"jit_enabled":0,"jit_hard_checks":0}
{"stage":"settled","round":6,"explicit":0,"peer":1,"configured_workers":2,"strings":24876,"raw_count":24876,"local_credit":0,"peer_credit":0,"bytes":3301098,"mask":32767,"phase":0,"cycles":22,"major":22,"completed":22,"unlinked":26,"reclaimed":26,"mt_live":1,"n_workers":2,"worker_async":61782,"worker_runs":2941,"peer_checks":7,"filler_tables":65536}
{"diagnostic":"settled","round":6,"threshold":3729826,"mt_threshold":3333962,"alloc_since":393120,"trigger":393216,"hard":786432,"hard_check":786432,"local_total":0,"cycle_leader":0,"worker_active":0,"worker_busy":58656,"jit_gate":1,"mark_resume":0,"mark_close_intent":0,"interp_hard":0,"assist_runs":0,"cycle_requests":22,"major_roots":66,"worker_started":2,"worker_exited":0,"worker_stop":0}
{"execution":"settled","round":6,"jit_enabled":0,"jit_hard_checks":0}
{"stage":"sole_main_recovered","round":6,"explicit":0,"peer":1,"configured_workers":2,"strings":300,"raw_count":300,"local_credit":0,"peer_credit":0,"bytes":450442,"mask":32767,"phase":0,"cycles":24,"major":24,"completed":24,"unlinked":24602,"reclaimed":24602,"mt_live":0,"n_workers":0,"worker_async":61782,"worker_runs":5926,"peer_checks":8,"filler_tables":65536}
{"diagnostic":"sole_main_recovered","round":6,"threshold":900800,"mt_threshold":3333962,"alloc_since":0,"trigger":393216,"hard":786432,"hard_check":786432,"local_total":0,"cycle_leader":0,"worker_active":0,"worker_busy":58660,"jit_gate":1,"mark_resume":0,"mark_close_intent":0,"interp_hard":0,"assist_runs":0,"cycle_requests":24,"major_roots":72,"worker_started":2,"worker_exited":2,"worker_stop":1}
{"execution":"sole_main_recovered","round":6,"jit_enabled":0,"jit_hard_checks":0}
PASS rounds=6 batch=4096 payload=64 body_bytes=100 live=32 created_body_bytes=2457600 filler_tables=65536
