{"stage":"baseline","round":0,"explicit":0,"peer":0,"configured_workers":2,"strings":300,"raw_count":300,"local_credit":0,"peer_credit":0,"bytes":160766,"mask":511,"phase":0,"cycles":4,"major":4,"completed":4,"unlinked":26,"reclaimed":26,"mt_live":0,"n_workers":2,"worker_async":6,"worker_runs":87,"peer_checks":0,"filler_tables":0}
{"diagnostic":"baseline","round":0,"threshold":321400,"mt_threshold":0,"alloc_since":0,"trigger":321532,"hard":643064,"hard_check":643064,"local_total":0,"cycle_leader":0,"worker_active":0,"worker_busy":16,"jit_gate":1,"mark_resume":0,"mark_close_intent":0,"interp_hard":0,"assist_runs":0,"cycle_requests":4,"major_roots":12,"worker_started":2,"worker_exited":0,"worker_stop":0}
{"execution":"baseline","round":0,"jit_enabled":0,"jit_hard_checks":0}
{"stage":"after_churn","round":1,"explicit":0,"peer":0,"configured_workers":2,"strings":4396,"raw_count":4396,"local_credit":0,"peer_credit":0,"bytes":693374,"mask":8191,"phase":0,"cycles":4,"major":4,"completed":4,"unlinked":26,"reclaimed":26,"mt_live":0,"n_workers":2,"worker_async":6,"worker_runs":87,"peer_checks":0,"filler_tables":0}
{"diagnostic":"after_churn","round":1,"threshold":489506,"mt_threshold":0,"alloc_since":500708,"trigger":321532,"hard":643064,"hard_check":643064,"local_total":31900,"cycle_leader":1,"worker_active":0,"worker_busy":16,"jit_gate":1,"mark_resume":0,"mark_close_intent":0,"interp_hard":0,"assist_runs":0,"cycle_requests":5,"major_roots":12,"worker_started":2,"worker_exited":0,"worker_stop":0}
{"execution":"after_churn","round":1,"jit_enabled":0,"jit_hard_checks":0}
{"stage":"settled","round":1,"explicit":0,"peer":0,"configured_workers":2,"strings":4396,"raw_count":4396,"local_credit":0,"peer_credit":0,"bytes":696182,"mask":8191,"phase":0,"cycles":7,"major":7,"completed":7,"unlinked":26,"reclaimed":26,"mt_live":0,"n_workers":2,"worker_async":5346,"worker_runs":270,"peer_checks":0,"filler_tables":8192}
{"diagnostic":"settled","round":1,"threshold":1093190,"mt_threshold":0,"alloc_since":64480,"trigger":393216,"hard":786432,"hard_check":786432,"local_total":0,"cycle_leader":0,"worker_active":0,"worker_busy":1493,"jit_gate":1,"mark_resume":0,"mark_close_intent":0,"interp_hard":0,"assist_runs":0,"cycle_requests":7,"major_roots":21,"worker_started":2,"worker_exited":0,"worker_stop":0}
{"execution":"settled","round":1,"jit_enabled":0,"jit_hard_checks":0}
{"stage":"after_churn","round":2,"explicit":0,"peer":0,"configured_workers":2,"strings":8492,"raw_count":8492,"local_credit":0,"peer_credit":0,"bytes":1236886,"mask":16383,"phase":0,"cycles":7,"major":7,"completed":7,"unlinked":26,"reclaimed":26,"mt_live":0,"n_workers":2,"worker_async":5346,"worker_runs":270,"peer_checks":0,"filler_tables":8192}
{"diagnostic":"after_churn","round":2,"threshold":1056982,"mt_threshold":0,"alloc_since":573284,"trigger":393216,"hard":786432,"hard_check":786432,"local_total":31900,"cycle_leader":1,"worker_active":0,"worker_busy":1493,"jit_gate":1,"mark_resume":0,"mark_close_intent":0,"interp_hard":0,"assist_runs":0,"cycle_requests":8,"major_roots":21,"worker_started":2,"worker_exited":0,"worker_stop":0}
{"execution":"after_churn","round":2,"jit_enabled":0,"jit_hard_checks":0}
{"stage":"settled","round":2,"explicit":0,"peer":0,"configured_workers":2,"strings":8492,"raw_count":8492,"local_credit":0,"peer_credit":0,"bytes":1499958,"mask":16383,"phase":0,"cycles":10,"major":10,"completed":10,"unlinked":26,"reclaimed":26,"mt_live":0,"n_workers":2,"worker_async":17395,"worker_runs":597,"peer_checks":0,"filler_tables":20480}
{"diagnostic":"settled","round":2,"threshold":1500054,"mt_threshold":0,"alloc_since":366392,"trigger":393216,"hard":786432,"hard_check":786432,"local_total":26728,"cycle_leader":0,"worker_active":0,"worker_busy":14210,"jit_gate":1,"mark_resume":0,"mark_close_intent":0,"interp_hard":0,"assist_runs":0,"cycle_requests":10,"major_roots":30,"worker_started":2,"worker_exited":0,"worker_stop":0}
{"execution":"settled","round":2,"jit_enabled":0,"jit_hard_checks":0}
{"stage":"after_churn","round":3,"explicit":0,"peer":0,"configured_workers":2,"strings":12588,"raw_count":12588,"local_credit":0,"peer_credit":0,"bytes":1909558,"mask":16383,"phase":0,"cycles":10,"major":10,"completed":10,"unlinked":26,"reclaimed":26,"mt_live":0,"n_workers":2,"worker_async":17395,"worker_runs":597,"peer_checks":0,"filler_tables":20480}
{"diagnostic":"after_churn","round":3,"threshold":1506058,"mt_threshold":0,"alloc_since":792820,"trigger":393216,"hard":786432,"hard_check":1317108,"local_total":9900,"cycle_leader":1,"worker_active":0,"worker_busy":14210,"jit_gate":1,"mark_resume":0,"mark_close_intent":0,"interp_hard":0,"assist_runs":0,"cycle_requests":11,"major_roots":30,"worker_started":2,"worker_exited":0,"worker_stop":0}
{"execution":"after_churn","round":3,"jit_enabled":0,"jit_hard_checks":0}
{"stage":"settled","round":3,"explicit":0,"peer":0,"configured_workers":2,"strings":12588,"raw_count":12588,"local_credit":0,"peer_credit":0,"bytes":2376494,"mask":16383,"phase":0,"cycles":13,"major":13,"completed":13,"unlinked":26,"reclaimed":26,"mt_live":0,"n_workers":2,"worker_async":30599,"worker_runs":1002,"peer_checks":0,"filler_tables":36864}
{"diagnostic":"settled","round":3,"threshold":2772150,"mt_threshold":0,"alloc_since":864152,"trigger":393216,"hard":786432,"hard_check":1356824,"local_total":0,"cycle_leader":4294967295,"worker_active":0,"worker_busy":30425,"jit_gate":0,"mark_resume":0,"mark_close_intent":0,"interp_hard":0,"assist_runs":0,"cycle_requests":13,"major_roots":39,"worker_started":2,"worker_exited":0,"worker_stop":0}
{"execution":"settled","round":3,"jit_enabled":0,"jit_hard_checks":0}
{"stage":"after_churn","round":4,"explicit":0,"peer":0,"configured_workers":2,"strings":16684,"raw_count":16684,"local_credit":0,"peer_credit":0,"bytes":3048270,"mask":32767,"phase":0,"cycles":13,"major":13,"completed":13,"unlinked":26,"reclaimed":26,"mt_live":0,"n_workers":2,"worker_async":30600,"worker_runs":1002,"peer_checks":0,"filler_tables":36864}
{"diagnostic":"after_churn","round":4,"threshold":2409294,"mt_threshold":0,"alloc_since":1504028,"trigger":393216,"hard":786432,"hard_check":2028316,"local_total":31900,"cycle_leader":1,"worker_active":0,"worker_busy":30425,"jit_gate":1,"mark_resume":0,"mark_close_intent":0,"interp_hard":0,"assist_runs":0,"cycle_requests":14,"major_roots":39,"worker_started":2,"worker_exited":0,"worker_stop":0}
{"execution":"after_churn","round":4,"jit_enabled":0,"jit_hard_checks":0}
{"stage":"settled","round":4,"explicit":0,"peer":0,"configured_workers":2,"strings":16684,"raw_count":16684,"local_credit":0,"peer_credit":0,"bytes":2486814,"mask":32767,"phase":0,"cycles":16,"major":16,"completed":16,"unlinked":26,"reclaimed":26,"mt_live":0,"n_workers":2,"worker_async":51223,"worker_runs":1577,"peer_checks":0,"filler_tables":53248}
{"diagnostic":"settled","round":4,"threshold":3313862,"mt_threshold":0,"alloc_since":421512,"trigger":393216,"hard":786432,"hard_check":786432,"local_total":0,"cycle_leader":0,"worker_active":0,"worker_busy":52864,"jit_gate":1,"mark_resume":0,"mark_close_intent":0,"interp_hard":0,"assist_runs":0,"cycle_requests":16,"major_roots":48,"worker_started":2,"worker_exited":0,"worker_stop":0}
{"execution":"settled","round":4,"jit_enabled":0,"jit_hard_checks":0}
{"stage":"after_churn","round":5,"explicit":0,"peer":0,"configured_workers":2,"strings":20780,"raw_count":20780,"local_credit":0,"peer_credit":0,"bytes":2896414,"mask":32767,"phase":0,"cycles":16,"major":16,"completed":16,"unlinked":26,"reclaimed":26,"mt_live":0,"n_workers":2,"worker_async":51223,"worker_runs":1577,"peer_checks":0,"filler_tables":53248}
{"diagnostic":"after_churn","round":5,"threshold":2519614,"mt_threshold":0,"alloc_since":815112,"trigger":393216,"hard":786432,"hard_check":1339400,"local_total":16000,"cycle_leader":1,"worker_active":0,"worker_busy":52864,"jit_gate":1,"mark_resume":0,"mark_close_intent":0,"interp_hard":0,"assist_runs":0,"cycle_requests":17,"major_roots":48,"worker_started":2,"worker_exited":0,"worker_stop":0}
{"execution":"after_churn","round":5,"jit_enabled":0,"jit_hard_checks":0}
{"stage":"settled","round":5,"explicit":0,"peer":0,"configured_workers":2,"strings":20780,"raw_count":20780,"local_credit":0,"peer_credit":0,"bytes":2868022,"mask":32767,"phase":0,"cycles":19,"major":19,"completed":19,"unlinked":26,"reclaimed":26,"mt_live":0,"n_workers":2,"worker_async":69592,"worker_runs":2103,"peer_checks":0,"filler_tables":65536}
{"diagnostic":"settled","round":5,"threshold":3296750,"mt_threshold":0,"alloc_since":393120,"trigger":393216,"hard":786432,"hard_check":786432,"local_total":0,"cycle_leader":4294967295,"worker_active":0,"worker_busy":71591,"jit_gate":0,"mark_resume":0,"mark_close_intent":0,"interp_hard":0,"assist_runs":0,"cycle_requests":19,"major_roots":57,"worker_started":2,"worker_exited":0,"worker_stop":0}
{"execution":"settled","round":5,"jit_enabled":0,"jit_hard_checks":0}
{"stage":"after_churn","round":6,"explicit":0,"peer":0,"configured_workers":2,"strings":24876,"raw_count":24876,"local_credit":0,"peer_credit":0,"bytes":3277622,"mask":32767,"phase":0,"cycles":19,"major":19,"completed":19,"unlinked":26,"reclaimed":26,"mt_live":0,"n_workers":2,"worker_async":69593,"worker_runs":2103,"peer_checks":0,"filler_tables":65536}
{"diagnostic":"after_churn","round":6,"threshold":2900822,"mt_threshold":0,"alloc_since":786720,"trigger":393216,"hard":786432,"hard_check":1311008,"local_total":16000,"cycle_leader":1,"worker_active":0,"worker_busy":71591,"jit_gate":1,"mark_resume":0,"mark_close_intent":0,"interp_hard":0,"assist_runs":0,"cycle_requests":20,"major_roots":57,"worker_started":2,"worker_exited":0,"worker_stop":0}
{"execution":"after_churn","round":6,"jit_enabled":0,"jit_hard_checks":0}
{"stage":"settled","round":6,"explicit":0,"peer":0,"configured_workers":2,"strings":24876,"raw_count":24876,"local_credit":0,"peer_credit":0,"bytes":3277622,"mask":32767,"phase":0,"cycles":22,"major":22,"completed":22,"unlinked":26,"reclaimed":26,"mt_live":0,"n_workers":2,"worker_async":94983,"worker_runs":2785,"peer_checks":0,"filler_tables":81920}
{"diagnostic":"settled","round":6,"threshold":3735574,"mt_threshold":0,"alloc_since":393120,"trigger":393216,"hard":786432,"hard_check":786432,"local_total":0,"cycle_leader":0,"worker_active":0,"worker_busy":91362,"jit_gate":1,"mark_resume":0,"mark_close_intent":0,"interp_hard":0,"assist_runs":0,"cycle_requests":22,"major_roots":66,"worker_started":2,"worker_exited":0,"worker_stop":0}
{"execution":"settled","round":6,"jit_enabled":0,"jit_hard_checks":0}
{"stage":"sole_main_recovered","round":6,"explicit":0,"peer":0,"configured_workers":2,"strings":300,"raw_count":300,"local_credit":0,"peer_credit":0,"bytes":427006,"mask":32767,"phase":0,"cycles":24,"major":24,"completed":24,"unlinked":24602,"reclaimed":24602,"mt_live":0,"n_workers":0,"worker_async":94983,"worker_runs":5768,"peer_checks":0,"filler_tables":81920}
{"diagnostic":"sole_main_recovered","round":6,"threshold":854000,"mt_threshold":0,"alloc_since":0,"trigger":393216,"hard":786432,"hard_check":786432,"local_total":0,"cycle_leader":0,"worker_active":0,"worker_busy":91366,"jit_gate":1,"mark_resume":0,"mark_close_intent":0,"interp_hard":0,"assist_runs":0,"cycle_requests":24,"major_roots":72,"worker_started":2,"worker_exited":2,"worker_stop":1}
{"execution":"sole_main_recovered","round":6,"jit_enabled":0,"jit_hard_checks":0}
PASS rounds=6 batch=4096 payload=64 body_bytes=100 live=32 created_body_bytes=2457600 filler_tables=81920
