==== Building LuaJIT 2.1 ====
make -C src
make[1]: Entering directory '/tmp/lj-tab-scalar-hit-20260905-mosheh9q/tree/src'
CC        lj_gc.o
CC        lj_gc2.o
CC        lj_safepoint.o
CC        lj_buf.o
CC        lj_tab.o
CC        lj_func.o
CC        lj_meta.o
CC        lj_debug.o
CC        lj_prng.o
CC        lj_state.o
CC        lj_dispatch.o
CC        lj_tg.o
CC        lj_thr.o
CC        lj_chan.o
CC        lj_vmevent.o
CC        lj_serialize.o
CC        lj_api.o
CC        lj_profile.o
CC        lj_lex.o
CC        lj_parse.o
CC        lj_bcread.o
CC        lj_load.o
CC        lj_ir.o
CC        lj_opt_mem.o
CC        lj_opt_fold.o
CC        lj_mcode.o
CC        lj_snap.o
CC        lj_record.o
CC        lj_crecord.o
CC        lj_ffrecord.o
CC        lj_asm.o
CC        lj_trace.o
CC        lj_ctype.o
CC        lj_cdata.o
CC        lj_cconv.o
CC        lj_ccall.o
CC        lj_ccallback.o
CC        lj_carith.o
CC        lj_clib.o
CC        lj_lib.o
CC        lib_aux.o
CC        lib_base.o
CC        lib_string.o
CC        lib_table.o
CC        lib_io.o
CC        lib_os.o
CC        lib_package.o
CC        lib_debug.o
CC        lib_jit.o
CC        lib_ffi.o
CC        lib_buffer.o
CC        lib_threading.o
CC        luajit.o
AR        libluajit.a
LINK      luajit
OK        Successfully built LuaJIT
make[1]: Leaving directory '/tmp/lj-tab-scalar-hit-20260905-mosheh9q/tree/src'
==== Successfully built LuaJIT 2.1 ====
