make: Entering directory '/workspaces/lj-lockless/src'
VERSION   luajit.h
HOSTCC    host/buildvm.o
HOSTLINK  host/buildvm
BUILDVM   lj_vm.S
ASM       lj_vm.o
BUILDVM   lj_bcdef.h
BUILDVM   lj_ffdef.h
BUILDVM   lj_libdef.h
BUILDVM   lj_recdef.h
BUILDVM   lj_folddef.h
CC        lj_assert.o
CC        lj_gc.o
CC        lj_gc2.o
CC        lj_safepoint.o
CC        lj_err.o
CC        lj_char.o
CC        lj_bc.o
CC        lj_obj.o
CC        lj_buf.o
CC        lj_str.o
CC        lj_tab.o
CC        lj_func.o
CC        lj_udata.o
CC        lj_meta.o
CC        lj_debug.o
CC        lj_prng.o
CC        lj_state.o
CC        lj_dispatch.o
CC        lj_tg.o
CC        lj_thr.o
CC        lj_chan.o
CC        lj_arena.o
CC        lj_vmevent.o
CC        lj_vmmath.o
CC        lj_strscan.o
CC        lj_strfmt.o
CC        lj_strfmt_num.o
CC        lj_serialize.o
CC        lj_api.o
CC        lj_profile.o
CC        lj_lex.o
CC        lj_parse.o
CC        lj_bcread.o
CC        lj_bcwrite.o
CC        lj_load.o
CC        lj_ir.o
CC        lj_opt_mem.o
CC        lj_opt_fold.o
CC        lj_opt_narrow.o
CC        lj_opt_dce.o
CC        lj_opt_loop.o
CC        lj_opt_split.o
CC        lj_opt_sink.o
CC        lj_mcode.o
CC        lj_snap.o
CC        lj_record.o
CC        lj_crecord.o
CC        lj_ffrecord.o
CC        lj_asm.o
CC        lj_trace.o
CC        lj_gdbjit.o
CC        lj_ctype.o
CC        lj_cdata.o
CC        lj_cconv.o
CC        lj_ccall.o
CC        lj_ccallback.o
CC        lj_carith.o
CC        lj_clib.o
CC        lj_cparse.o
CC        lj_lib.o
CC        lj_alloc.o
CC        lib_aux.o
CC        lib_base.o
CC        lib_math.o
CC        lib_bit.o
CC        lib_string.o
CC        lib_table.o
CC        lib_io.o
CC        lib_os.o
CC        lib_package.o
CC        lib_debug.o
CC        lib_jit.o
CC        lib_ffi.o
CC        lib_buffer.o
CC        lib_threading.o
CC        lib_init.o
AR        libluajit.a
CC        luajit.o
BUILDVM   jit/vmdef.lua
DYNASM    lj_vm_dyn.o
DYNCC     lj_assert_dyn.o
DYNCC     lj_gc_dyn.o
DYNCC     lj_gc2_dyn.o
DYNCC     lj_safepoint_dyn.o
DYNCC     lj_err_dyn.o
DYNCC     lj_char_dyn.o
DYNCC     lj_bc_dyn.o
DYNCC     lj_obj_dyn.o
DYNCC     lj_buf_dyn.o
DYNCC     lj_str_dyn.o
DYNCC     lj_tab_dyn.o
DYNCC     lj_func_dyn.o
DYNCC     lj_udata_dyn.o
DYNCC     lj_meta_dyn.o
DYNCC     lj_debug_dyn.o
DYNCC     lj_prng_dyn.o
DYNCC     lj_state_dyn.o
DYNCC     lj_dispatch_dyn.o
DYNCC     lj_tg_dyn.o
DYNCC     lj_thr_dyn.o
DYNCC     lj_chan_dyn.o
DYNCC     lj_arena_dyn.o
DYNCC     lj_vmevent_dyn.o
DYNCC     lj_vmmath_dyn.o
DYNCC     lj_strscan_dyn.o
DYNCC     lj_strfmt_dyn.o
DYNCC     lj_strfmt_num_dyn.o
DYNCC     lj_serialize_dyn.o
DYNCC     lj_api_dyn.o
DYNCC     lj_profile_dyn.o
DYNCC     lj_lex_dyn.o
DYNCC     lj_parse_dyn.o
DYNCC     lj_bcread_dyn.o
DYNCC     lj_bcwrite_dyn.o
DYNCC     lj_load_dyn.o
DYNCC     lj_ir_dyn.o
DYNCC     lj_opt_mem_dyn.o
DYNCC     lj_opt_fold_dyn.o
DYNCC     lj_opt_narrow_dyn.o
DYNCC     lj_opt_dce_dyn.o
DYNCC     lj_opt_loop_dyn.o
DYNCC     lj_opt_split_dyn.o
DYNCC     lj_opt_sink_dyn.o
DYNCC     lj_mcode_dyn.o
DYNCC     lj_snap_dyn.o
DYNCC     lj_record_dyn.o
DYNCC     lj_crecord_dyn.o
DYNCC     lj_ffrecord_dyn.o
DYNCC     lj_asm_dyn.o
DYNCC     lj_trace_dyn.o
DYNCC     lj_gdbjit_dyn.o
DYNCC     lj_ctype_dyn.o
DYNCC     lj_cdata_dyn.o
DYNCC     lj_cconv_dyn.o
DYNCC     lj_ccall_dyn.o
DYNCC     lj_ccallback_dyn.o
DYNCC     lj_carith_dyn.o
DYNCC     lj_clib_dyn.o
DYNCC     lj_cparse_dyn.o
DYNCC     lj_lib_dyn.o
DYNCC     lj_alloc_dyn.o
DYNCC     lib_aux_dyn.o
DYNCC     lib_base_dyn.o
DYNCC     lib_math_dyn.o
DYNCC     lib_bit_dyn.o
DYNCC     lib_string_dyn.o
DYNCC     lib_table_dyn.o
DYNCC     lib_io_dyn.o
DYNCC     lib_os_dyn.o
DYNCC     lib_package_dyn.o
DYNCC     lib_debug_dyn.o
DYNCC     lib_jit_dyn.o
DYNCC     lib_ffi_dyn.o
DYNCC     lib_buffer_dyn.o
DYNCC     lib_threading_dyn.o
DYNCC     lib_init_dyn.o
DYNLINK   libluajit.so
LINK      luajit
OK        Successfully built LuaJIT
make: Leaving directory '/workspaces/lj-lockless/src'
shape	1	nins	37	loop	26	post	0	0	0
pure-method	index	exits	159	calls	160	expected	160
shape	1	nins	37	loop	26	post	0	0	0
pure-method	newindex	exits	80	calls	80	expected	80
shape	1	nins	37	loop	26	post	0	0	0
pure-method	missing	exits	1	calls	0	expected	0
shape	1	nins	37	loop	26	post	0	0	0
pure-method	nonfunction	exits	1	calls	0	expected	0
shape	1	nins	37	loop	26	post	0	0	0
pure-method	resize	exits	159	calls	160	expected	160
shape	1	nins	35	loop	24	post	0	0	0
pure-method	methodlife	exits	159	calls	160	expected	160
shape	1	nins	37	loop	26	post	0	0	0
pure-method	replace	exits	1	calls	160	expected	160
trace	1	link	1	loop	parent	0	exits	2
trace	2	link	1	root	parent	1	exits	0
trace	3	link	1	root	parent	1	exits	5
trace	4	link	0	interpreter	parent	3	exits	0
trace	1	link	1	loop	parent	0	exits	3
trace	2	link	1	root	parent	1	exits	0
trace	3	link	1	root	parent	1	exits	6
trace	4	link	0	interpreter	parent	3	exits	0
trace	5	link	1	root	parent	1	exits	0
trace	6	link	1	root	parent	3	exits	4
side-link-pass	oldside	3	before-exits	5	calls	640
negative	allocate	root	1	nins	68	exits	1	postroot	1	answer	6560
HREFK 	6
HLOAD 	6
EQ    	9
ADD   	14
XSTORE	8
XLOAD 	1
LOOP  	1
XPOLL 	1
FLOAD 	7
NOP   	1
PHI   	2
CONV  	2
LE    	3
CNEW  	2
SLOAD 	5
negative	luastore	root	1	nins	55	exits	1	postroot	1	answer	3320
HREFK 	6
HLOAD 	4
EQ    	6
ADD   	8
CONV  	2
XLOAD 	1
TBAR  	2
XPOLL 	1
RENAME	2
FLOAD 	8
PHI   	2
LOOP  	1
HSTORE	2
XSTORE	2
SLOAD 	5
LE    	3
negative	newref	root	1	nins	64	exits	1	postroot	1	answer	3320
HREFK 	4
HLOAD 	4
EQ    	8
ADD   	10
CONV  	4
XLOAD 	1
ADDOV 	2
ULE   	2
HREF  	2
PHI   	2
RENAME	1
LOOP  	1
XPOLL 	1
FLOAD 	8
LE    	3
SLOAD 	5
XSTORE	2
NEWREF	2
HSTORE	2
negative	clear	root	1	nins	52	exits	1	postroot	1	answer	3320
HREFK 	4
HLOAD 	4
EQ    	7
ADD   	8
CONV  	2
XLOAD 	1
UREFC 	1
ULOAD 	2
PHI   	2
RENAME	1
LOOP  	1
XPOLL 	1
FLOAD 	5
LE    	3
SLOAD 	6
XSTORE	2
CALLS 	2
negative	foreign	root	1	nins	87	exits	1	postroot	1	answer	6560
HREFK 	8
HLOAD 	8
EQ    	11
ADD   	10
CONV  	4
XLOAD 	2
UREFC 	1
ULOAD 	2
NOP   	2
NE    	4
SUBOV 	2
NEG   	2
XSAVE 	2
CARG  	2
PHI   	2
LOOP  	1
XPOLL 	1
FLOAD 	7
CALLXS	2
CALLS 	4
LE    	3
SLOAD 	5
XSTORE	2
negative	indirect	root	1	nins	52	exits	1	postroot	1	answer	3320
HREFK 	4
HLOAD 	4
EQ    	6
ADD   	9
CONV  	2
XLOAD 	3
NOP   	2
XPOLL 	1
FLOAD 	6
PHI   	2
LOOP  	1
XSTORE	4
SLOAD 	5
LE    	3
negative	fpmath	root	1	nins	63	exits	1	postroot	1	answer	3320.5193307811
HREFK 	8
HLOAD 	8
EQ    	7
ADD   	10
CONV  	2
XLOAD 	1
LOOP  	1
XPOLL 	1
FLOAD 	10
NOP   	1
PHI   	2
CALLN 	2
XSTORE	2
SLOAD 	5
LE    	3
profile-negative	mode1	true	conservative	true	samples	1	methodcalls	17526	exits	8
M6 pure cdata guard and exclusion behavior passed
