{"stage":"baseline","round":0,"explicit":0,"peer":1,"configured_workers":0,"strings":313,"raw_count":313,"local_credit":0,"peer_credit":0,"bytes":199292,"mask":511,"phase":0,"cycles":4,"major":4,"completed":4,"unlinked":29,"reclaimed":29,"mt_live":1,"n_workers":0,"worker_async":0,"worker_runs":91,"peer_checks":1,"filler_tables":0}
{"diagnostic":"baseline","round":0,"threshold":140737488355328,"mt_threshold":398400,"alloc_since":0,"trigger":393216,"hard":786432,"hard_check":786432,"local_total":0,"cycle_leader":0,"worker_active":0,"worker_busy":10,"jit_gate":1,"mark_resume":0,"mark_close_intent":0,"interp_hard":0,"assist_runs":0,"cycle_requests":4,"major_roots":12,"worker_started":0,"worker_exited":0,"worker_stop":0}
{"execution":"baseline","round":0,"jit_enabled":0,"jit_hard_checks":0}
{"stage":"published","round":0,"explicit":0,"peer":1,"configured_workers":0,"strings":3682,"raw_count":3705,"local_credit":23,"peer_credit":0,"bytes":593632,"mask":4095,"phase":0,"cycles":4,"major":4,"completed":4,"unlinked":29,"reclaimed":29,"mt_live":1,"n_workers":0,"worker_async":0,"worker_runs":91,"peer_checks":1,"filler_tables":0}
{"diagnostic":"published","round":0,"threshold":140737488355328,"mt_threshold":593632,"alloc_since":394340,"trigger":393216,"hard":786432,"hard_check":786432,"local_total":0,"cycle_leader":1,"worker_active":0,"worker_busy":10,"jit_gate":1,"mark_resume":0,"mark_close_intent":0,"interp_hard":0,"assist_runs":0,"cycle_requests":5,"major_roots":12,"worker_started":0,"worker_exited":0,"worker_stop":0}
{"execution":"published","round":0,"jit_enabled":0,"jit_hard_checks":0}
{"stage":"last_detach_stopped","round":0,"explicit":0,"peer":1,"configured_workers":0,"strings":3682,"raw_count":3705,"local_credit":23,"peer_credit":0,"bytes":593632,"mask":4095,"phase":0,"cycles":4,"major":4,"completed":4,"unlinked":29,"reclaimed":29,"mt_live":0,"n_workers":0,"worker_async":0,"worker_runs":91,"peer_checks":2,"filler_tables":0}
{"diagnostic":"last_detach_stopped","round":0,"threshold":140737488355328,"mt_threshold":140737488355328,"alloc_since":394340,"trigger":393216,"hard":786432,"hard_check":786432,"local_total":0,"cycle_leader":1,"worker_active":0,"worker_busy":10,"jit_gate":1,"mark_resume":0,"mark_close_intent":0,"interp_hard":0,"assist_runs":0,"cycle_requests":5,"major_roots":12,"worker_started":0,"worker_exited":0,"worker_stop":0}
{"execution":"last_detach_stopped","round":0,"jit_enabled":0,"jit_hard_checks":0}
{"stage":"first_attach_stopped","round":0,"explicit":0,"peer":1,"configured_workers":0,"strings":3682,"raw_count":3705,"local_credit":23,"peer_credit":0,"bytes":625336,"mask":4095,"phase":0,"cycles":4,"major":4,"completed":4,"unlinked":29,"reclaimed":29,"mt_live":1,"n_workers":0,"worker_async":0,"worker_runs":91,"peer_checks":3,"filler_tables":0}
{"diagnostic":"first_attach_stopped","round":0,"threshold":140737488355328,"mt_threshold":140737488355328,"alloc_since":394340,"trigger":393216,"hard":786432,"hard_check":786432,"local_total":31704,"cycle_leader":1,"worker_active":0,"worker_busy":10,"jit_gate":1,"mark_resume":0,"mark_close_intent":0,"interp_hard":0,"assist_runs":0,"cycle_requests":5,"major_roots":12,"worker_started":0,"worker_exited":0,"worker_stop":0}
{"execution":"first_attach_stopped","round":0,"jit_enabled":0,"jit_hard_checks":0}
{"stage":"stopped_request_preserved","round":0,"explicit":0,"peer":1,"configured_workers":0,"strings":3682,"raw_count":3705,"local_credit":23,"peer_credit":0,"bytes":651960,"mask":4095,"phase":0,"cycles":4,"major":4,"completed":4,"unlinked":29,"reclaimed":29,"mt_live":1,"n_workers":0,"worker_async":0,"worker_runs":91,"peer_checks":3,"filler_tables":256}
{"diagnostic":"stopped_request_preserved","round":0,"threshold":140737488355328,"mt_threshold":140737488355328,"alloc_since":427188,"trigger":393216,"hard":786432,"hard_check":786432,"local_total":25480,"cycle_leader":1,"worker_active":0,"worker_busy":10,"jit_gate":1,"mark_resume":0,"mark_close_intent":0,"interp_hard":0,"assist_runs":0,"cycle_requests":5,"major_roots":12,"worker_started":0,"worker_exited":0,"worker_stop":0}
{"execution":"stopped_request_preserved","round":0,"jit_enabled":0,"jit_hard_checks":0}
{"stage":"after_one_boundary","round":0,"explicit":0,"peer":1,"configured_workers":0,"strings":3682,"raw_count":3705,"local_credit":23,"peer_credit":0,"bytes":652040,"mask":4095,"phase":1,"cycles":5,"major":5,"completed":4,"unlinked":29,"reclaimed":29,"mt_live":1,"n_workers":0,"worker_async":0,"worker_runs":91,"peer_checks":3,"filler_tables":0}
{"diagnostic":"after_one_boundary","round":0,"threshold":651960,"mt_threshold":651960,"alloc_since":0,"trigger":393216,"hard":786432,"hard_check":786432,"local_total":80,"cycle_leader":0,"worker_active":0,"worker_busy":10,"jit_gate":1,"mark_resume":5,"mark_close_intent":0,"interp_hard":0,"assist_runs":0,"cycle_requests":5,"major_roots":12,"worker_started":0,"worker_exited":0,"worker_stop":0}
{"execution":"after_one_boundary","round":0,"jit_enabled":0,"jit_hard_checks":0}
{"stage":"automatic_completed","round":0,"explicit":0,"peer":1,"configured_workers":0,"strings":3682,"raw_count":3705,"local_credit":23,"peer_credit":0,"bytes":661944,"mask":4095,"phase":0,"cycles":7,"major":7,"completed":7,"unlinked":29,"reclaimed":29,"mt_live":1,"n_workers":0,"worker_async":0,"worker_runs":184,"peer_checks":3,"filler_tables":8192}
{"diagnostic":"automatic_completed","round":0,"threshold":989640,"mt_threshold":989648,"alloc_since":33696,"trigger":393216,"hard":786432,"hard_check":786432,"local_total":31824,"cycle_leader":0,"worker_active":0,"worker_busy":22,"jit_gate":1,"mark_resume":0,"mark_close_intent":0,"interp_hard":0,"assist_runs":0,"cycle_requests":7,"major_roots":21,"worker_started":0,"worker_exited":0,"worker_stop":0}
{"execution":"automatic_completed","round":0,"jit_enabled":0,"jit_hard_checks":0}
{"stage":"sole_main_recovered","round":0,"explicit":0,"peer":1,"configured_workers":0,"strings":313,"raw_count":313,"local_credit":0,"peer_credit":0,"bytes":259588,"mask":4095,"phase":0,"cycles":9,"major":9,"completed":9,"unlinked":3398,"reclaimed":3398,"mt_live":0,"n_workers":0,"worker_async":0,"worker_runs":607,"peer_checks":5,"filler_tables":8192}
{"diagnostic":"sole_main_recovered","round":0,"threshold":519000,"mt_threshold":989648,"alloc_since":0,"trigger":393216,"hard":786432,"hard_check":786432,"local_total":0,"cycle_leader":0,"worker_active":0,"worker_busy":26,"jit_gate":1,"mark_resume":0,"mark_close_intent":0,"interp_hard":0,"assist_runs":0,"cycle_requests":9,"major_roots":27,"worker_started":0,"worker_exited":0,"worker_stop":0}
{"execution":"sole_main_recovered","round":0,"jit_enabled":0,"jit_hard_checks":0}
CONTROL result=0 mode=2 boundary=0 strings=3369 native_entries=49
