{"stage":"baseline","round":0,"explicit":0,"peer":0,"configured_workers":0,"strings":300,"raw_count":300,"local_credit":0,"peer_credit":0,"bytes":160750,"mask":511,"phase":0,"cycles":4,"major":4,"completed":4,"unlinked":26,"reclaimed":26,"mt_live":0,"n_workers":0,"worker_async":0,"worker_runs":144,"peer_checks":0,"filler_tables":0}
{"diagnostic":"baseline","round":0,"threshold":321400,"mt_threshold":0,"alloc_since":0,"trigger":321500,"hard":643000,"hard_check":643000,"local_total":0,"cycle_leader":0,"worker_active":0,"worker_busy":6,"jit_gate":1,"mark_resume":0,"mark_close_intent":0,"interp_hard":0,"assist_runs":0,"cycle_requests":4,"major_roots":12,"worker_started":0,"worker_exited":0,"worker_stop":0}
{"execution":"baseline","round":0,"jit_enabled":0,"jit_hard_checks":0}
{"stage":"after_churn","round":1,"explicit":0,"peer":0,"configured_workers":0,"strings":4396,"raw_count":4396,"local_credit":0,"peer_credit":0,"bytes":693358,"mask":8191,"phase":0,"cycles":4,"major":4,"completed":4,"unlinked":26,"reclaimed":26,"mt_live":0,"n_workers":0,"worker_async":0,"worker_runs":144,"peer_checks":0,"filler_tables":0}
{"diagnostic":"after_churn","round":1,"threshold":489490,"mt_threshold":0,"alloc_since":500708,"trigger":321500,"hard":643000,"hard_check":643000,"local_total":31900,"cycle_leader":1,"worker_active":0,"worker_busy":6,"jit_gate":1,"mark_resume":0,"mark_close_intent":0,"interp_hard":0,"assist_runs":0,"cycle_requests":5,"major_roots":12,"worker_started":0,"worker_exited":0,"worker_stop":0}
{"execution":"after_churn","round":1,"jit_enabled":0,"jit_hard_checks":0}
{"stage":"settled","round":1,"explicit":0,"peer":0,"configured_workers":0,"strings":4396,"raw_count":4396,"local_credit":0,"peer_credit":0,"bytes":697206,"mask":8191,"phase":0,"cycles":7,"major":7,"completed":7,"unlinked":26,"reclaimed":26,"mt_live":0,"n_workers":0,"worker_async":0,"worker_runs":228,"peer_checks":0,"filler_tables":8192}
{"diagnostic":"settled","round":1,"threshold":1024902,"mt_threshold":0,"alloc_since":33488,"trigger":393216,"hard":786432,"hard_check":786432,"local_total":32032,"cycle_leader":0,"worker_active":0,"worker_busy":18,"jit_gate":1,"mark_resume":0,"mark_close_intent":0,"interp_hard":0,"assist_runs":0,"cycle_requests":7,"major_roots":21,"worker_started":0,"worker_exited":0,"worker_stop":0}
{"execution":"settled","round":1,"jit_enabled":0,"jit_hard_checks":0}
{"stage":"after_churn","round":2,"explicit":0,"peer":0,"configured_workers":0,"strings":8492,"raw_count":8492,"local_credit":0,"peer_credit":0,"bytes":1237910,"mask":16383,"phase":0,"cycles":7,"major":7,"completed":7,"unlinked":26,"reclaimed":26,"mt_live":0,"n_workers":0,"worker_async":0,"worker_runs":228,"peer_checks":0,"filler_tables":8192}
{"diagnostic":"after_churn","round":2,"threshold":1026006,"mt_threshold":0,"alloc_since":574324,"trigger":393216,"hard":786432,"hard_check":786432,"local_total":31900,"cycle_leader":1,"worker_active":0,"worker_busy":18,"jit_gate":1,"mark_resume":0,"mark_close_intent":0,"interp_hard":0,"assist_runs":0,"cycle_requests":8,"major_roots":21,"worker_started":0,"worker_exited":0,"worker_stop":0}
{"execution":"after_churn","round":2,"jit_enabled":0,"jit_hard_checks":0}
{"stage":"settled","round":2,"explicit":0,"peer":0,"configured_workers":0,"strings":8492,"raw_count":8492,"local_credit":0,"peer_credit":0,"bytes":1172342,"mask":16383,"phase":0,"cycles":10,"major":10,"completed":10,"unlinked":26,"reclaimed":26,"mt_live":0,"n_workers":0,"worker_async":0,"worker_runs":343,"peer_checks":0,"filler_tables":16384}
{"diagnostic":"settled","round":2,"threshold":1500038,"mt_threshold":0,"alloc_since":33488,"trigger":393216,"hard":786432,"hard_check":786432,"local_total":32032,"cycle_leader":0,"worker_active":0,"worker_busy":30,"jit_gate":1,"mark_resume":0,"mark_close_intent":0,"interp_hard":0,"assist_runs":0,"cycle_requests":10,"major_roots":30,"worker_started":0,"worker_exited":0,"worker_stop":0}
{"execution":"settled","round":2,"jit_enabled":0,"jit_hard_checks":0}
{"stage":"after_churn","round":3,"explicit":0,"peer":0,"configured_workers":0,"strings":12588,"raw_count":12588,"local_credit":0,"peer_credit":0,"bytes":1581942,"mask":16383,"phase":0,"cycles":10,"major":10,"completed":10,"unlinked":26,"reclaimed":26,"mt_live":0,"n_workers":0,"worker_async":0,"worker_runs":343,"peer_checks":0,"filler_tables":16384}
{"diagnostic":"after_churn","round":3,"threshold":1501142,"mt_threshold":0,"alloc_since":459920,"trigger":393216,"hard":786432,"hard_check":786432,"local_total":15200,"cycle_leader":1,"worker_active":0,"worker_busy":30,"jit_gate":1,"mark_resume":0,"mark_close_intent":0,"interp_hard":0,"assist_runs":0,"cycle_requests":11,"major_roots":30,"worker_started":0,"worker_exited":0,"worker_stop":0}
{"execution":"after_churn","round":3,"jit_enabled":0,"jit_hard_checks":0}
{"stage":"settled","round":3,"explicit":0,"peer":0,"configured_workers":0,"strings":12588,"raw_count":12588,"local_credit":0,"peer_credit":0,"bytes":1581942,"mask":16383,"phase":0,"cycles":13,"major":13,"completed":13,"unlinked":26,"reclaimed":26,"mt_live":0,"n_workers":0,"worker_async":0,"worker_runs":485,"peer_checks":0,"filler_tables":24576}
{"diagnostic":"settled","round":3,"threshold":1909638,"mt_threshold":0,"alloc_since":33488,"trigger":393216,"hard":786432,"hard_check":786432,"local_total":32032,"cycle_leader":0,"worker_active":0,"worker_busy":42,"jit_gate":1,"mark_resume":0,"mark_close_intent":0,"interp_hard":0,"assist_runs":0,"cycle_requests":13,"major_roots":39,"worker_started":0,"worker_exited":0,"worker_stop":0}
{"execution":"settled","round":3,"jit_enabled":0,"jit_hard_checks":0}
{"stage":"after_churn","round":4,"explicit":0,"peer":0,"configured_workers":0,"strings":16684,"raw_count":16684,"local_credit":0,"peer_credit":0,"bytes":2253718,"mask":32767,"phase":0,"cycles":13,"major":13,"completed":13,"unlinked":26,"reclaimed":26,"mt_live":0,"n_workers":0,"worker_async":0,"worker_runs":485,"peer_checks":0,"filler_tables":24576}
{"diagnostic":"after_churn","round":4,"threshold":1910742,"mt_threshold":0,"alloc_since":705396,"trigger":393216,"hard":786432,"hard_check":786432,"local_total":31900,"cycle_leader":1,"worker_active":0,"worker_busy":42,"jit_gate":1,"mark_resume":0,"mark_close_intent":0,"interp_hard":0,"assist_runs":0,"cycle_requests":14,"major_roots":39,"worker_started":0,"worker_exited":0,"worker_stop":0}
{"execution":"after_churn","round":4,"jit_enabled":0,"jit_hard_checks":0}
{"stage":"settled","round":4,"explicit":0,"peer":0,"configured_workers":0,"strings":16684,"raw_count":16684,"local_credit":0,"peer_credit":0,"bytes":2122614,"mask":32767,"phase":0,"cycles":16,"major":16,"completed":16,"unlinked":26,"reclaimed":26,"mt_live":0,"n_workers":0,"worker_async":0,"worker_runs":678,"peer_checks":0,"filler_tables":32768}
{"diagnostic":"settled","round":4,"threshold":2450310,"mt_threshold":0,"alloc_since":37648,"trigger":393216,"hard":786432,"hard_check":786432,"local_total":27872,"cycle_leader":0,"worker_active":0,"worker_busy":54,"jit_gate":1,"mark_resume":0,"mark_close_intent":0,"interp_hard":0,"assist_runs":0,"cycle_requests":16,"major_roots":48,"worker_started":0,"worker_exited":0,"worker_stop":0}
{"execution":"settled","round":4,"jit_enabled":0,"jit_hard_checks":0}
{"stage":"after_churn","round":5,"explicit":0,"peer":0,"configured_workers":0,"strings":20780,"raw_count":20780,"local_credit":0,"peer_credit":0,"bytes":2532214,"mask":32767,"phase":0,"cycles":16,"major":16,"completed":16,"unlinked":26,"reclaimed":26,"mt_live":0,"n_workers":0,"worker_async":0,"worker_runs":678,"peer_checks":0,"filler_tables":32768}
{"diagnostic":"after_churn","round":5,"threshold":2455514,"mt_threshold":0,"alloc_since":464020,"trigger":393216,"hard":786432,"hard_check":786432,"local_total":11100,"cycle_leader":1,"worker_active":0,"worker_busy":54,"jit_gate":1,"mark_resume":0,"mark_close_intent":0,"interp_hard":0,"assist_runs":0,"cycle_requests":17,"major_roots":48,"worker_started":0,"worker_exited":0,"worker_stop":0}
{"execution":"after_churn","round":5,"jit_enabled":0,"jit_hard_checks":0}
{"stage":"settled","round":5,"explicit":0,"peer":0,"configured_workers":0,"strings":20780,"raw_count":20780,"local_credit":0,"peer_credit":0,"bytes":2532214,"mask":32767,"phase":0,"cycles":19,"major":19,"completed":19,"unlinked":26,"reclaimed":26,"mt_live":0,"n_workers":0,"worker_async":0,"worker_runs":898,"peer_checks":0,"filler_tables":40960}
{"diagnostic":"settled","round":5,"threshold":2859910,"mt_threshold":0,"alloc_since":37648,"trigger":393216,"hard":786432,"hard_check":786432,"local_total":27872,"cycle_leader":0,"worker_active":0,"worker_busy":66,"jit_gate":1,"mark_resume":0,"mark_close_intent":0,"interp_hard":0,"assist_runs":0,"cycle_requests":19,"major_roots":57,"worker_started":0,"worker_exited":0,"worker_stop":0}
{"execution":"settled","round":5,"jit_enabled":0,"jit_hard_checks":0}
{"stage":"after_churn","round":6,"explicit":0,"peer":0,"configured_workers":0,"strings":24876,"raw_count":24876,"local_credit":0,"peer_credit":0,"bytes":2941814,"mask":32767,"phase":0,"cycles":19,"major":19,"completed":19,"unlinked":26,"reclaimed":26,"mt_live":0,"n_workers":0,"worker_async":0,"worker_runs":898,"peer_checks":0,"filler_tables":40960}
{"diagnostic":"after_churn","round":6,"threshold":2865114,"mt_threshold":0,"alloc_since":464020,"trigger":393216,"hard":786432,"hard_check":786432,"local_total":11100,"cycle_leader":1,"worker_active":0,"worker_busy":66,"jit_gate":1,"mark_resume":0,"mark_close_intent":0,"interp_hard":0,"assist_runs":0,"cycle_requests":20,"major_roots":57,"worker_started":0,"worker_exited":0,"worker_stop":0}
{"execution":"after_churn","round":6,"jit_enabled":0,"jit_hard_checks":0}
{"stage":"settled","round":6,"explicit":0,"peer":0,"configured_workers":0,"strings":24876,"raw_count":24876,"local_credit":0,"peer_credit":0,"bytes":2941814,"mask":32767,"phase":0,"cycles":22,"major":22,"completed":22,"unlinked":26,"reclaimed":26,"mt_live":0,"n_workers":0,"worker_async":0,"worker_runs":1158,"peer_checks":0,"filler_tables":49152}
{"diagnostic":"settled","round":6,"threshold":3269510,"mt_threshold":0,"alloc_since":37648,"trigger":393216,"hard":786432,"hard_check":786432,"local_total":27872,"cycle_leader":0,"worker_active":0,"worker_busy":78,"jit_gate":1,"mark_resume":0,"mark_close_intent":0,"interp_hard":0,"assist_runs":0,"cycle_requests":22,"major_roots":66,"worker_started":0,"worker_exited":0,"worker_stop":0}
{"execution":"settled","round":6,"jit_enabled":0,"jit_hard_checks":0}
{"stage":"sole_main_recovered","round":6,"explicit":0,"peer":0,"configured_workers":0,"strings":300,"raw_count":300,"local_credit":0,"peer_credit":0,"bytes":418798,"mask":32767,"phase":0,"cycles":24,"major":24,"completed":24,"unlinked":24602,"reclaimed":24602,"mt_live":0,"n_workers":0,"worker_async":0,"worker_runs":4124,"peer_checks":0,"filler_tables":49152}
{"diagnostic":"sole_main_recovered","round":6,"threshold":837400,"mt_threshold":0,"alloc_since":0,"trigger":393216,"hard":786432,"hard_check":786432,"local_total":0,"cycle_leader":0,"worker_active":0,"worker_busy":82,"jit_gate":1,"mark_resume":0,"mark_close_intent":0,"interp_hard":0,"assist_runs":0,"cycle_requests":24,"major_roots":72,"worker_started":0,"worker_exited":0,"worker_stop":0}
{"execution":"sole_main_recovered","round":6,"jit_enabled":0,"jit_hard_checks":0}
PASS rounds=6 batch=4096 payload=64 body_bytes=100 live=32 created_body_bytes=2457600 filler_tables=49152
