{"stage":"baseline","round":0,"explicit":1,"peer":0,"configured_workers":2,"strings":300,"raw_count":300,"local_credit":0,"peer_credit":0,"bytes":160750,"mask":511,"phase":0,"cycles":4,"major":4,"completed":4,"unlinked":26,"reclaimed":26,"mt_live":0,"n_workers":2,"worker_async":104,"worker_runs":90,"peer_checks":0,"filler_tables":0}
{"diagnostic":"baseline","round":0,"threshold":321400,"mt_threshold":0,"alloc_since":0,"trigger":321500,"hard":643000,"hard_check":643000,"local_total":0,"cycle_leader":0,"worker_active":0,"worker_busy":709,"jit_gate":1,"mark_resume":0,"mark_close_intent":0,"interp_hard":0,"assist_runs":0,"cycle_requests":4,"major_roots":12,"worker_started":2,"worker_exited":0,"worker_stop":0}
{"execution":"baseline","round":0,"jit_enabled":0,"jit_hard_checks":0}
{"stage":"after_churn","round":1,"explicit":1,"peer":0,"configured_workers":2,"strings":4396,"raw_count":4396,"local_credit":0,"peer_credit":0,"bytes":693358,"mask":8191,"phase":0,"cycles":4,"major":4,"completed":4,"unlinked":26,"reclaimed":26,"mt_live":0,"n_workers":2,"worker_async":104,"worker_runs":90,"peer_checks":0,"filler_tables":0}
{"diagnostic":"after_churn","round":1,"threshold":489490,"mt_threshold":0,"alloc_since":500708,"trigger":321500,"hard":643000,"hard_check":643000,"local_total":31900,"cycle_leader":1,"worker_active":0,"worker_busy":709,"jit_gate":1,"mark_resume":0,"mark_close_intent":0,"interp_hard":0,"assist_runs":0,"cycle_requests":5,"major_roots":12,"worker_started":2,"worker_exited":0,"worker_stop":0}
{"execution":"after_churn","round":1,"jit_enabled":0,"jit_hard_checks":0}
{"stage":"settled","round":1,"explicit":1,"peer":0,"configured_workers":2,"strings":4396,"raw_count":4396,"local_credit":0,"peer_credit":0,"bytes":631790,"mask":8191,"phase":0,"cycles":6,"major":6,"completed":6,"unlinked":26,"reclaimed":26,"mt_live":0,"n_workers":2,"worker_async":208,"worker_runs":122,"peer_checks":0,"filler_tables":0}
{"diagnostic":"settled","round":1,"threshold":1263400,"mt_threshold":0,"alloc_since":0,"trigger":393216,"hard":786432,"hard_check":786432,"local_total":0,"cycle_leader":0,"worker_active":0,"worker_busy":1444,"jit_gate":1,"mark_resume":0,"mark_close_intent":0,"interp_hard":0,"assist_runs":0,"cycle_requests":6,"major_roots":18,"worker_started":2,"worker_exited":0,"worker_stop":0}
{"execution":"settled","round":1,"jit_enabled":0,"jit_hard_checks":0}
{"stage":"after_churn","round":2,"explicit":1,"peer":0,"configured_workers":2,"strings":8492,"raw_count":8492,"local_credit":0,"peer_credit":0,"bytes":1172494,"mask":16383,"phase":0,"cycles":6,"major":6,"completed":6,"unlinked":26,"reclaimed":26,"mt_live":0,"n_workers":2,"worker_async":208,"worker_runs":122,"peer_checks":0,"filler_tables":0}
{"diagnostic":"after_churn","round":2,"threshold":1140594,"mt_threshold":0,"alloc_since":508804,"trigger":393216,"hard":786432,"hard_check":786432,"local_total":31900,"cycle_leader":1,"worker_active":0,"worker_busy":1444,"jit_gate":1,"mark_resume":0,"mark_close_intent":0,"interp_hard":0,"assist_runs":0,"cycle_requests":7,"major_roots":18,"worker_started":2,"worker_exited":0,"worker_stop":0}
{"execution":"after_churn","round":2,"jit_enabled":0,"jit_hard_checks":0}
{"stage":"settled","round":2,"explicit":1,"peer":0,"configured_workers":2,"strings":8492,"raw_count":8492,"local_credit":0,"peer_credit":0,"bytes":1106926,"mask":16383,"phase":0,"cycles":8,"major":8,"completed":8,"unlinked":26,"reclaimed":26,"mt_live":0,"n_workers":2,"worker_async":267,"worker_runs":171,"peer_checks":0,"filler_tables":0}
{"diagnostic":"settled","round":2,"threshold":2213800,"mt_threshold":0,"alloc_since":0,"trigger":393216,"hard":786432,"hard_check":786432,"local_total":0,"cycle_leader":0,"worker_active":0,"worker_busy":2167,"jit_gate":1,"mark_resume":0,"mark_close_intent":0,"interp_hard":0,"assist_runs":0,"cycle_requests":8,"major_roots":24,"worker_started":2,"worker_exited":0,"worker_stop":0}
{"execution":"settled","round":2,"jit_enabled":0,"jit_hard_checks":0}
{"stage":"after_churn","round":3,"explicit":1,"peer":0,"configured_workers":2,"strings":12588,"raw_count":12588,"local_credit":0,"peer_credit":0,"bytes":1516526,"mask":16383,"phase":0,"cycles":8,"major":8,"completed":8,"unlinked":26,"reclaimed":26,"mt_live":0,"n_workers":2,"worker_async":267,"worker_runs":171,"peer_checks":0,"filler_tables":0}
{"diagnostic":"after_churn","round":3,"threshold":1500526,"mt_threshold":0,"alloc_since":393600,"trigger":393216,"hard":786432,"hard_check":786432,"local_total":16000,"cycle_leader":1,"worker_active":0,"worker_busy":2167,"jit_gate":1,"mark_resume":0,"mark_close_intent":0,"interp_hard":0,"assist_runs":0,"cycle_requests":9,"major_roots":24,"worker_started":2,"worker_exited":0,"worker_stop":0}
{"execution":"after_churn","round":3,"jit_enabled":0,"jit_hard_checks":0}
{"stage":"settled","round":3,"explicit":1,"peer":0,"configured_workers":2,"strings":12588,"raw_count":12588,"local_credit":0,"peer_credit":0,"bytes":1516526,"mask":16383,"phase":0,"cycles":10,"major":10,"completed":10,"unlinked":26,"reclaimed":26,"mt_live":0,"n_workers":2,"worker_async":326,"worker_runs":236,"peer_checks":0,"filler_tables":0}
{"diagnostic":"settled","round":3,"threshold":3033000,"mt_threshold":0,"alloc_since":0,"trigger":393216,"hard":786432,"hard_check":786432,"local_total":0,"cycle_leader":0,"worker_active":0,"worker_busy":2930,"jit_gate":1,"mark_resume":0,"mark_close_intent":0,"interp_hard":0,"assist_runs":0,"cycle_requests":10,"major_roots":30,"worker_started":2,"worker_exited":0,"worker_stop":0}
{"execution":"settled","round":3,"jit_enabled":0,"jit_hard_checks":0}
{"stage":"after_churn","round":4,"explicit":1,"peer":0,"configured_workers":2,"strings":16684,"raw_count":16684,"local_credit":0,"peer_credit":0,"bytes":2188302,"mask":32767,"phase":0,"cycles":10,"major":10,"completed":10,"unlinked":26,"reclaimed":26,"mt_live":0,"n_workers":2,"worker_async":326,"worker_runs":236,"peer_checks":0,"filler_tables":0}
{"diagnostic":"after_churn","round":4,"threshold":2156402,"mt_threshold":0,"alloc_since":639876,"trigger":393216,"hard":786432,"hard_check":786432,"local_total":31900,"cycle_leader":1,"worker_active":0,"worker_busy":2930,"jit_gate":1,"mark_resume":0,"mark_close_intent":0,"interp_hard":0,"assist_runs":0,"cycle_requests":11,"major_roots":30,"worker_started":2,"worker_exited":0,"worker_stop":0}
{"execution":"after_churn","round":4,"jit_enabled":0,"jit_hard_checks":0}
{"stage":"settled","round":4,"explicit":1,"peer":0,"configured_workers":2,"strings":16684,"raw_count":16684,"local_credit":0,"peer_credit":0,"bytes":2057198,"mask":32767,"phase":0,"cycles":12,"major":12,"completed":12,"unlinked":26,"reclaimed":26,"mt_live":0,"n_workers":2,"worker_async":385,"worker_runs":317,"peer_checks":0,"filler_tables":0}
{"diagnostic":"settled","round":4,"threshold":4114200,"mt_threshold":0,"alloc_since":0,"trigger":393216,"hard":786432,"hard_check":786432,"local_total":0,"cycle_leader":0,"worker_active":0,"worker_busy":3707,"jit_gate":1,"mark_resume":0,"mark_close_intent":0,"interp_hard":0,"assist_runs":0,"cycle_requests":12,"major_roots":36,"worker_started":2,"worker_exited":0,"worker_stop":0}
{"execution":"settled","round":4,"jit_enabled":0,"jit_hard_checks":0}
{"stage":"after_churn","round":5,"explicit":1,"peer":0,"configured_workers":2,"strings":20780,"raw_count":20780,"local_credit":0,"peer_credit":0,"bytes":2466798,"mask":32767,"phase":0,"cycles":12,"major":12,"completed":12,"unlinked":26,"reclaimed":26,"mt_live":0,"n_workers":2,"worker_async":385,"worker_runs":317,"peer_checks":0,"filler_tables":0}
{"diagnostic":"after_churn","round":5,"threshold":2450798,"mt_threshold":0,"alloc_since":393600,"trigger":393216,"hard":786432,"hard_check":786432,"local_total":16000,"cycle_leader":1,"worker_active":0,"worker_busy":3707,"jit_gate":1,"mark_resume":0,"mark_close_intent":0,"interp_hard":0,"assist_runs":0,"cycle_requests":13,"major_roots":36,"worker_started":2,"worker_exited":0,"worker_stop":0}
{"execution":"after_churn","round":5,"jit_enabled":0,"jit_hard_checks":0}
{"stage":"settled","round":5,"explicit":1,"peer":0,"configured_workers":2,"strings":20780,"raw_count":20780,"local_credit":0,"peer_credit":0,"bytes":2466798,"mask":32767,"phase":0,"cycles":14,"major":14,"completed":14,"unlinked":26,"reclaimed":26,"mt_live":0,"n_workers":2,"worker_async":443,"worker_runs":414,"peer_checks":0,"filler_tables":0}
{"diagnostic":"settled","round":5,"threshold":4933400,"mt_threshold":0,"alloc_since":0,"trigger":393216,"hard":786432,"hard_check":786432,"local_total":0,"cycle_leader":0,"worker_active":0,"worker_busy":4442,"jit_gate":1,"mark_resume":0,"mark_close_intent":0,"interp_hard":0,"assist_runs":0,"cycle_requests":14,"major_roots":42,"worker_started":2,"worker_exited":0,"worker_stop":0}
{"execution":"settled","round":5,"jit_enabled":0,"jit_hard_checks":0}
{"stage":"after_churn","round":6,"explicit":1,"peer":0,"configured_workers":2,"strings":24876,"raw_count":24876,"local_credit":0,"peer_credit":0,"bytes":2876398,"mask":32767,"phase":0,"cycles":14,"major":14,"completed":14,"unlinked":26,"reclaimed":26,"mt_live":0,"n_workers":2,"worker_async":443,"worker_runs":414,"peer_checks":0,"filler_tables":0}
{"diagnostic":"after_churn","round":6,"threshold":2860398,"mt_threshold":0,"alloc_since":393600,"trigger":393216,"hard":786432,"hard_check":786432,"local_total":16000,"cycle_leader":1,"worker_active":0,"worker_busy":4442,"jit_gate":1,"mark_resume":0,"mark_close_intent":0,"interp_hard":0,"assist_runs":0,"cycle_requests":15,"major_roots":42,"worker_started":2,"worker_exited":0,"worker_stop":0}
{"execution":"after_churn","round":6,"jit_enabled":0,"jit_hard_checks":0}
{"stage":"settled","round":6,"explicit":1,"peer":0,"configured_workers":2,"strings":24876,"raw_count":24876,"local_credit":0,"peer_credit":0,"bytes":2876398,"mask":32767,"phase":0,"cycles":16,"major":16,"completed":16,"unlinked":26,"reclaimed":26,"mt_live":0,"n_workers":2,"worker_async":501,"worker_runs":529,"peer_checks":0,"filler_tables":0}
{"diagnostic":"settled","round":6,"threshold":5752600,"mt_threshold":0,"alloc_since":0,"trigger":393216,"hard":786432,"hard_check":786432,"local_total":0,"cycle_leader":0,"worker_active":0,"worker_busy":5111,"jit_gate":1,"mark_resume":0,"mark_close_intent":0,"interp_hard":0,"assist_runs":0,"cycle_requests":16,"major_roots":48,"worker_started":2,"worker_exited":0,"worker_stop":0}
{"execution":"settled","round":6,"jit_enabled":0,"jit_hard_checks":0}
{"stage":"sole_main_recovered","round":6,"explicit":1,"peer":0,"configured_workers":2,"strings":300,"raw_count":300,"local_credit":0,"peer_credit":0,"bytes":418798,"mask":32767,"phase":0,"cycles":18,"major":18,"completed":18,"unlinked":24602,"reclaimed":24602,"mt_live":0,"n_workers":0,"worker_async":501,"worker_runs":3483,"peer_checks":0,"filler_tables":0}
{"diagnostic":"sole_main_recovered","round":6,"threshold":837400,"mt_threshold":0,"alloc_since":0,"trigger":393216,"hard":786432,"hard_check":786432,"local_total":0,"cycle_leader":0,"worker_active":0,"worker_busy":5115,"jit_gate":1,"mark_resume":0,"mark_close_intent":0,"interp_hard":0,"assist_runs":0,"cycle_requests":18,"major_roots":54,"worker_started":2,"worker_exited":2,"worker_stop":1}
{"execution":"sole_main_recovered","round":6,"jit_enabled":0,"jit_hard_checks":0}
PASS rounds=6 batch=4096 payload=64 body_bytes=100 live=32 created_body_bytes=2457600 filler_tables=0
