
/tmp/lj-gc-auto-control-20260905-qs673ryl/candidate2-restart-last-detach:     file format elf64-x86-64


Disassembly of section .init:

Disassembly of section .plt:

Disassembly of section .plt.got:

Disassembly of section .text:

00000000000771b0 <threading_gc_leave>:
   771b0:	53                   	push   %rbx
   771b1:	48 8d 9f a4 15 00 00 	lea    0x15a4(%rdi),%rbx
   771b8:	f0 83 2b 01          	lock subl $0x1,(%rbx)
   771bc:	74 02                	je     771c0 <threading_gc_leave+0x10>
   771be:	5b                   	pop    %rbx
   771bf:	c3                   	ret
   771c0:	48 8b 87 b8 15 00 00 	mov    0x15b8(%rdi),%rax
   771c7:	48 89 47 50          	mov    %rax,0x50(%rdi)
   771cb:	e8 80 26 02 00       	call   99850 <lj_gc2_finalizer_spawn_release>
   771d0:	48 83 ec 08          	sub    $0x8,%rsp
   771d4:	ba 81 00 00 00       	mov    $0x81,%edx
   771d9:	31 c0                	xor    %eax,%eax
   771db:	6a 00                	push   $0x0
   771dd:	48 89 de             	mov    %rbx,%rsi
   771e0:	45 31 c9             	xor    %r9d,%r9d
   771e3:	45 31 c0             	xor    %r8d,%r8d
   771e6:	b9 ff ff ff 7f       	mov    $0x7fffffff,%ecx
   771eb:	bf ca 00 00 00       	mov    $0xca,%edi
   771f0:	e8 bb 21 f9 ff       	call   93b0 <syscall@plt>
   771f5:	58                   	pop    %rax
   771f6:	5a                   	pop    %rdx
   771f7:	5b                   	pop    %rbx
   771f8:	c3                   	ret

Disassembly of section .fini:
