{"stage":"baseline","round":0,"explicit":1,"peer":0,"configured_workers":2,"strings":300,"raw_count":300,"local_credit":0,"peer_credit":0,"bytes":160726,"mask":511,"phase":0,"cycles":4,"major":4,"completed":4,"unlinked":26,"reclaimed":26,"mt_live":0,"n_workers":2,"worker_async":12,"worker_runs":88,"peer_checks":0,"filler_tables":0}
{"diagnostic":"baseline","round":0,"threshold":321400,"mt_threshold":0,"alloc_since":0,"trigger":321452,"hard":642904,"hard_check":642904,"local_total":0,"cycle_leader":0,"worker_active":0,"worker_busy":744,"jit_gate":1,"mark_resume":0,"mark_close_intent":0,"interp_hard":0,"assist_runs":0,"cycle_requests":4,"major_roots":12,"worker_started":2,"worker_exited":0,"worker_stop":0}
{"execution":"baseline","round":0,"jit_enabled":0,"jit_hard_checks":0}
{"stage":"after_churn","round":1,"explicit":1,"peer":0,"configured_workers":2,"strings":4396,"raw_count":4396,"local_credit":0,"peer_credit":0,"bytes":693334,"mask":8191,"phase":0,"cycles":4,"major":4,"completed":4,"unlinked":26,"reclaimed":26,"mt_live":0,"n_workers":2,"worker_async":12,"worker_runs":88,"peer_checks":0,"filler_tables":0}
{"diagnostic":"after_churn","round":1,"threshold":489466,"mt_threshold":0,"alloc_since":500708,"trigger":321452,"hard":642904,"hard_check":642904,"local_total":31900,"cycle_leader":1,"worker_active":0,"worker_busy":744,"jit_gate":1,"mark_resume":0,"mark_close_intent":0,"interp_hard":0,"assist_runs":0,"cycle_requests":5,"major_roots":12,"worker_started":2,"worker_exited":0,"worker_stop":0}
{"execution":"after_churn","round":1,"jit_enabled":0,"jit_hard_checks":0}
{"stage":"settled","round":1,"explicit":1,"peer":0,"configured_workers":2,"strings":4396,"raw_count":4396,"local_credit":0,"peer_credit":0,"bytes":631766,"mask":8191,"phase":0,"cycles":6,"major":6,"completed":6,"unlinked":26,"reclaimed":26,"mt_live":0,"n_workers":2,"worker_async":24,"worker_runs":118,"peer_checks":0,"filler_tables":0}
{"diagnostic":"settled","round":1,"threshold":1263400,"mt_threshold":0,"alloc_since":0,"trigger":393216,"hard":786432,"hard_check":786432,"local_total":0,"cycle_leader":0,"worker_active":0,"worker_busy":1523,"jit_gate":1,"mark_resume":0,"mark_close_intent":0,"interp_hard":0,"assist_runs":0,"cycle_requests":6,"major_roots":18,"worker_started":2,"worker_exited":0,"worker_stop":0}
{"execution":"settled","round":1,"jit_enabled":0,"jit_hard_checks":0}
{"stage":"after_churn","round":2,"explicit":1,"peer":0,"configured_workers":2,"strings":8492,"raw_count":8492,"local_credit":0,"peer_credit":0,"bytes":1172470,"mask":16383,"phase":0,"cycles":6,"major":6,"completed":6,"unlinked":26,"reclaimed":26,"mt_live":0,"n_workers":2,"worker_async":24,"worker_runs":118,"peer_checks":0,"filler_tables":0}
{"diagnostic":"after_churn","round":2,"threshold":1140570,"mt_threshold":0,"alloc_since":508804,"trigger":393216,"hard":786432,"hard_check":786432,"local_total":31900,"cycle_leader":1,"worker_active":0,"worker_busy":1523,"jit_gate":1,"mark_resume":0,"mark_close_intent":0,"interp_hard":0,"assist_runs":0,"cycle_requests":7,"major_roots":18,"worker_started":2,"worker_exited":0,"worker_stop":0}
{"execution":"after_churn","round":2,"jit_enabled":0,"jit_hard_checks":0}
{"stage":"settled","round":2,"explicit":1,"peer":0,"configured_workers":2,"strings":8492,"raw_count":8492,"local_credit":0,"peer_credit":0,"bytes":1106902,"mask":16383,"phase":0,"cycles":8,"major":8,"completed":8,"unlinked":26,"reclaimed":26,"mt_live":0,"n_workers":2,"worker_async":78,"worker_runs":166,"peer_checks":0,"filler_tables":0}
{"diagnostic":"settled","round":2,"threshold":2213800,"mt_threshold":0,"alloc_since":0,"trigger":393216,"hard":786432,"hard_check":786432,"local_total":0,"cycle_leader":0,"worker_active":0,"worker_busy":2119,"jit_gate":1,"mark_resume":0,"mark_close_intent":0,"interp_hard":0,"assist_runs":0,"cycle_requests":8,"major_roots":24,"worker_started":2,"worker_exited":0,"worker_stop":0}
{"execution":"settled","round":2,"jit_enabled":0,"jit_hard_checks":0}
{"stage":"after_churn","round":3,"explicit":1,"peer":0,"configured_workers":2,"strings":12588,"raw_count":12588,"local_credit":0,"peer_credit":0,"bytes":1516502,"mask":16383,"phase":0,"cycles":8,"major":8,"completed":8,"unlinked":26,"reclaimed":26,"mt_live":0,"n_workers":2,"worker_async":78,"worker_runs":166,"peer_checks":0,"filler_tables":0}
{"diagnostic":"after_churn","round":3,"threshold":1500502,"mt_threshold":0,"alloc_since":393600,"trigger":393216,"hard":786432,"hard_check":786432,"local_total":16000,"cycle_leader":1,"worker_active":0,"worker_busy":2119,"jit_gate":1,"mark_resume":0,"mark_close_intent":0,"interp_hard":0,"assist_runs":0,"cycle_requests":9,"major_roots":24,"worker_started":2,"worker_exited":0,"worker_stop":0}
{"execution":"after_churn","round":3,"jit_enabled":0,"jit_hard_checks":0}
{"stage":"settled","round":3,"explicit":1,"peer":0,"configured_workers":2,"strings":12588,"raw_count":12588,"local_credit":0,"peer_credit":0,"bytes":1516502,"mask":16383,"phase":0,"cycles":10,"major":10,"completed":10,"unlinked":26,"reclaimed":26,"mt_live":0,"n_workers":2,"worker_async":137,"worker_runs":231,"peer_checks":0,"filler_tables":0}
{"diagnostic":"settled","round":3,"threshold":3033000,"mt_threshold":0,"alloc_since":0,"trigger":393216,"hard":786432,"hard_check":786432,"local_total":0,"cycle_leader":0,"worker_active":0,"worker_busy":2754,"jit_gate":1,"mark_resume":0,"mark_close_intent":0,"interp_hard":0,"assist_runs":0,"cycle_requests":10,"major_roots":30,"worker_started":2,"worker_exited":0,"worker_stop":0}
{"execution":"settled","round":3,"jit_enabled":0,"jit_hard_checks":0}
{"stage":"after_churn","round":4,"explicit":1,"peer":0,"configured_workers":2,"strings":16684,"raw_count":16684,"local_credit":0,"peer_credit":0,"bytes":2188278,"mask":32767,"phase":0,"cycles":10,"major":10,"completed":10,"unlinked":26,"reclaimed":26,"mt_live":0,"n_workers":2,"worker_async":137,"worker_runs":231,"peer_checks":0,"filler_tables":0}
{"diagnostic":"after_churn","round":4,"threshold":2156378,"mt_threshold":0,"alloc_since":639876,"trigger":393216,"hard":786432,"hard_check":786432,"local_total":31900,"cycle_leader":1,"worker_active":0,"worker_busy":2754,"jit_gate":1,"mark_resume":0,"mark_close_intent":0,"interp_hard":0,"assist_runs":0,"cycle_requests":11,"major_roots":30,"worker_started":2,"worker_exited":0,"worker_stop":0}
{"execution":"after_churn","round":4,"jit_enabled":0,"jit_hard_checks":0}
{"stage":"settled","round":4,"explicit":1,"peer":0,"configured_workers":2,"strings":16684,"raw_count":16684,"local_credit":0,"peer_credit":0,"bytes":2057174,"mask":32767,"phase":0,"cycles":12,"major":12,"completed":12,"unlinked":26,"reclaimed":26,"mt_live":0,"n_workers":2,"worker_async":198,"worker_runs":314,"peer_checks":0,"filler_tables":0}
{"diagnostic":"settled","round":4,"threshold":4114200,"mt_threshold":0,"alloc_since":0,"trigger":393216,"hard":786432,"hard_check":786432,"local_total":0,"cycle_leader":0,"worker_active":0,"worker_busy":3448,"jit_gate":1,"mark_resume":0,"mark_close_intent":0,"interp_hard":0,"assist_runs":0,"cycle_requests":12,"major_roots":36,"worker_started":2,"worker_exited":0,"worker_stop":0}
{"execution":"settled","round":4,"jit_enabled":0,"jit_hard_checks":0}
{"stage":"after_churn","round":5,"explicit":1,"peer":0,"configured_workers":2,"strings":20780,"raw_count":20780,"local_credit":0,"peer_credit":0,"bytes":2466774,"mask":32767,"phase":0,"cycles":12,"major":12,"completed":12,"unlinked":26,"reclaimed":26,"mt_live":0,"n_workers":2,"worker_async":198,"worker_runs":314,"peer_checks":0,"filler_tables":0}
{"diagnostic":"after_churn","round":5,"threshold":2450774,"mt_threshold":0,"alloc_since":393600,"trigger":393216,"hard":786432,"hard_check":786432,"local_total":16000,"cycle_leader":1,"worker_active":0,"worker_busy":3448,"jit_gate":1,"mark_resume":0,"mark_close_intent":0,"interp_hard":0,"assist_runs":0,"cycle_requests":13,"major_roots":36,"worker_started":2,"worker_exited":0,"worker_stop":0}
{"execution":"after_churn","round":5,"jit_enabled":0,"jit_hard_checks":0}
{"stage":"settled","round":5,"explicit":1,"peer":0,"configured_workers":2,"strings":20780,"raw_count":20780,"local_credit":0,"peer_credit":0,"bytes":2466774,"mask":32767,"phase":0,"cycles":14,"major":14,"completed":14,"unlinked":26,"reclaimed":26,"mt_live":0,"n_workers":2,"worker_async":364,"worker_runs":410,"peer_checks":0,"filler_tables":0}
{"diagnostic":"settled","round":5,"threshold":4933400,"mt_threshold":0,"alloc_since":0,"trigger":393216,"hard":786432,"hard_check":786432,"local_total":0,"cycle_leader":0,"worker_active":0,"worker_busy":4250,"jit_gate":1,"mark_resume":0,"mark_close_intent":0,"interp_hard":0,"assist_runs":0,"cycle_requests":14,"major_roots":42,"worker_started":2,"worker_exited":0,"worker_stop":0}
{"execution":"settled","round":5,"jit_enabled":0,"jit_hard_checks":0}
{"stage":"after_churn","round":6,"explicit":1,"peer":0,"configured_workers":2,"strings":24876,"raw_count":24876,"local_credit":0,"peer_credit":0,"bytes":2876374,"mask":32767,"phase":0,"cycles":14,"major":14,"completed":14,"unlinked":26,"reclaimed":26,"mt_live":0,"n_workers":2,"worker_async":364,"worker_runs":410,"peer_checks":0,"filler_tables":0}
{"diagnostic":"after_churn","round":6,"threshold":2860374,"mt_threshold":0,"alloc_since":393600,"trigger":393216,"hard":786432,"hard_check":786432,"local_total":16000,"cycle_leader":1,"worker_active":0,"worker_busy":4250,"jit_gate":1,"mark_resume":0,"mark_close_intent":0,"interp_hard":0,"assist_runs":0,"cycle_requests":15,"major_roots":42,"worker_started":2,"worker_exited":0,"worker_stop":0}
{"execution":"after_churn","round":6,"jit_enabled":0,"jit_hard_checks":0}
{"stage":"settled","round":6,"explicit":1,"peer":0,"configured_workers":2,"strings":24876,"raw_count":24876,"local_credit":0,"peer_credit":0,"bytes":2876374,"mask":32767,"phase":0,"cycles":16,"major":16,"completed":16,"unlinked":26,"reclaimed":26,"mt_live":0,"n_workers":2,"worker_async":376,"worker_runs":524,"peer_checks":0,"filler_tables":0}
{"diagnostic":"settled","round":6,"threshold":5752600,"mt_threshold":0,"alloc_since":0,"trigger":393216,"hard":786432,"hard_check":786432,"local_total":0,"cycle_leader":0,"worker_active":0,"worker_busy":4978,"jit_gate":1,"mark_resume":0,"mark_close_intent":0,"interp_hard":0,"assist_runs":0,"cycle_requests":16,"major_roots":48,"worker_started":2,"worker_exited":0,"worker_stop":0}
{"execution":"settled","round":6,"jit_enabled":0,"jit_hard_checks":0}
{"stage":"sole_main_recovered","round":6,"explicit":1,"peer":0,"configured_workers":2,"strings":300,"raw_count":300,"local_credit":0,"peer_credit":0,"bytes":418774,"mask":32767,"phase":0,"cycles":18,"major":18,"completed":18,"unlinked":24602,"reclaimed":24602,"mt_live":0,"n_workers":0,"worker_async":376,"worker_runs":3478,"peer_checks":0,"filler_tables":0}
{"diagnostic":"sole_main_recovered","round":6,"threshold":837400,"mt_threshold":0,"alloc_since":0,"trigger":393216,"hard":786432,"hard_check":786432,"local_total":0,"cycle_leader":0,"worker_active":0,"worker_busy":4982,"jit_gate":1,"mark_resume":0,"mark_close_intent":0,"interp_hard":0,"assist_runs":0,"cycle_requests":18,"major_roots":54,"worker_started":2,"worker_exited":2,"worker_stop":1}
{"execution":"sole_main_recovered","round":6,"jit_enabled":0,"jit_hard_checks":0}
PASS rounds=6 batch=4096 payload=64 body_bytes=100 live=32 created_body_bytes=2457600 filler_tables=0
