{"stage":"baseline","round":0,"explicit":0,"peer":0,"configured_workers":2,"strings":313,"raw_count":313,"local_credit":0,"peer_credit":0,"bytes":167632,"mask":511,"phase":0,"cycles":4,"major":4,"completed":4,"unlinked":29,"reclaimed":29,"mt_live":0,"n_workers":2,"worker_async":7,"worker_runs":92,"peer_checks":0,"filler_tables":0}
{"diagnostic":"baseline","round":0,"threshold":335200,"mt_threshold":0,"alloc_since":0,"trigger":335264,"hard":670528,"hard_check":670528,"local_total":0,"cycle_leader":0,"worker_active":0,"worker_busy":771,"jit_gate":1,"mark_resume":0,"mark_close_intent":0,"interp_hard":0,"assist_runs":0,"cycle_requests":4,"major_roots":12,"worker_started":2,"worker_exited":0,"worker_stop":0}
{"execution":"baseline","round":0,"jit_enabled":0,"jit_hard_checks":0}
{"stage":"published","round":0,"explicit":0,"peer":0,"configured_workers":2,"strings":3354,"raw_count":3385,"local_credit":31,"peer_credit":0,"bytes":529172,"mask":4095,"phase":0,"cycles":4,"major":4,"completed":4,"unlinked":29,"reclaimed":29,"mt_live":0,"n_workers":2,"worker_async":7,"worker_runs":92,"peer_checks":0,"filler_tables":0}
{"diagnostic":"published","round":0,"threshold":529172,"mt_threshold":0,"alloc_since":361540,"trigger":335264,"hard":670528,"hard_check":670528,"local_total":0,"cycle_leader":1,"worker_active":0,"worker_busy":771,"jit_gate":1,"mark_resume":0,"mark_close_intent":0,"interp_hard":0,"assist_runs":0,"cycle_requests":5,"major_roots":12,"worker_started":2,"worker_exited":0,"worker_stop":0}
{"execution":"published","round":0,"jit_enabled":0,"jit_hard_checks":0}
{"stage":"after_one_boundary","round":0,"explicit":0,"peer":0,"configured_workers":2,"strings":3354,"raw_count":3385,"local_credit":31,"peer_credit":0,"bytes":529252,"mask":4095,"phase":1,"cycles":5,"major":5,"completed":4,"unlinked":29,"reclaimed":29,"mt_live":0,"n_workers":2,"worker_async":7,"worker_runs":92,"peer_checks":0,"filler_tables":0}
{"diagnostic":"after_one_boundary","round":0,"threshold":529172,"mt_threshold":0,"alloc_since":0,"trigger":335264,"hard":670528,"hard_check":670528,"local_total":80,"cycle_leader":0,"worker_active":0,"worker_busy":771,"jit_gate":1,"mark_resume":5,"mark_close_intent":0,"interp_hard":0,"assist_runs":0,"cycle_requests":5,"major_roots":12,"worker_started":2,"worker_exited":0,"worker_stop":0}
{"execution":"after_one_boundary","round":0,"jit_enabled":0,"jit_hard_checks":0}
{"stage":"active_stopped_no_new_cycle","round":0,"explicit":0,"peer":0,"configured_workers":2,"strings":3354,"raw_count":3385,"local_credit":31,"peer_credit":0,"bytes":955236,"mask":4095,"phase":1,"cycles":5,"major":5,"completed":4,"unlinked":29,"reclaimed":29,"mt_live":0,"n_workers":2,"worker_async":7702,"worker_runs":218,"peer_checks":0,"filler_tables":4096}
{"diagnostic":"active_stopped_no_new_cycle","round":0,"threshold":140737488355328,"mt_threshold":0,"alloc_since":394344,"trigger":335264,"hard":670528,"hard_check":670528,"local_total":31720,"cycle_leader":0,"worker_active":0,"worker_busy":784,"jit_gate":1,"mark_resume":5,"mark_close_intent":0,"interp_hard":0,"assist_runs":0,"cycle_requests":5,"major_roots":12,"worker_started":2,"worker_exited":0,"worker_stop":0}
{"execution":"active_stopped_no_new_cycle","round":0,"jit_enabled":0,"jit_hard_checks":0}
{"stage":"automatic_progress_missing","round":0,"explicit":0,"peer":0,"configured_workers":2,"strings":3354,"raw_count":3385,"local_credit":31,"peer_credit":0,"bytes":28222308,"mask":4095,"phase":3,"cycles":5,"major":5,"completed":4,"unlinked":29,"reclaimed":29,"mt_live":0,"n_workers":2,"worker_async":359400,"worker_runs":7793,"peer_checks":0,"filler_tables":262144}
{"diagnostic":"automatic_progress_missing","round":0,"threshold":28225572,"mt_threshold":0,"alloc_since":27693136,"trigger":335264,"hard":670528,"hard_check":28185808,"local_total":0,"cycle_leader":0,"worker_active":1,"worker_busy":2812610,"jit_gate":0,"mark_resume":0,"mark_close_intent":0,"interp_hard":0,"assist_runs":0,"cycle_requests":5,"major_roots":15,"worker_started":2,"worker_exited":0,"worker_stop":0}
{"execution":"automatic_progress_missing","round":0,"jit_enabled":0,"jit_hard_checks":0}
{"stage":"last_detach_running_restored","round":0,"explicit":0,"peer":0,"configured_workers":2,"strings":3354,"raw_count":3385,"local_credit":31,"peer_credit":0,"bytes":28222308,"mask":4095,"phase":3,"cycles":5,"major":5,"completed":4,"unlinked":29,"reclaimed":29,"mt_live":0,"n_workers":0,"worker_async":359401,"worker_runs":7795,"peer_checks":0,"filler_tables":262144}
{"diagnostic":"last_detach_running_restored","round":0,"threshold":28225572,"mt_threshold":0,"alloc_since":27693136,"trigger":335264,"hard":670528,"hard_check":28185808,"local_total":0,"cycle_leader":0,"worker_active":0,"worker_busy":2812691,"jit_gate":0,"mark_resume":0,"mark_close_intent":0,"interp_hard":0,"assist_runs":0,"cycle_requests":5,"major_roots":15,"worker_started":2,"worker_exited":2,"worker_stop":1}
{"execution":"last_detach_running_restored","round":0,"jit_enabled":0,"jit_hard_checks":0}
{"stage":"sole_main_recovered","round":0,"explicit":0,"peer":0,"configured_workers":2,"strings":313,"raw_count":313,"local_credit":0,"peer_credit":0,"bytes":200400,"mask":4095,"phase":0,"cycles":7,"major":7,"completed":7,"unlinked":3070,"reclaimed":3070,"mt_live":0,"n_workers":0,"worker_async":359401,"worker_runs":9821,"peer_checks":0,"filler_tables":262144}
{"diagnostic":"sole_main_recovered","round":0,"threshold":400800,"mt_threshold":0,"alloc_since":0,"trigger":393216,"hard":786432,"hard_check":786432,"local_total":0,"cycle_leader":0,"worker_active":0,"worker_busy":2812695,"jit_gate":1,"mark_resume":0,"mark_close_intent":0,"interp_hard":0,"assist_runs":0,"cycle_requests":7,"major_roots":21,"worker_started":2,"worker_exited":2,"worker_stop":1}
{"execution":"sole_main_recovered","round":0,"jit_enabled":0,"jit_hard_checks":0}
CONTROL result=2 mode=4 boundary=0 strings=3041 native_entries=1653
