{"stage":"baseline","round":0,"explicit":0,"peer":0,"configured_workers":2,"strings":300,"raw_count":300,"local_credit":0,"peer_credit":0,"bytes":160882,"mask":511,"phase":0,"cycles":4,"major":4,"completed":4,"unlinked":26,"reclaimed":26,"mt_live":0,"n_workers":2,"worker_async":6,"worker_runs":87,"peer_checks":0,"filler_tables":0}
{"diagnostic":"baseline","round":0,"threshold":321600,"mt_threshold":0,"alloc_since":0,"trigger":321764,"hard":643528,"hard_check":643528,"local_total":0,"cycle_leader":0,"worker_active":0,"worker_busy":12,"jit_gate":1,"mark_resume":0,"mark_close_intent":0,"interp_hard":0,"assist_runs":0,"cycle_requests":4,"major_roots":12,"worker_started":2,"worker_exited":0,"worker_stop":0}
{"execution":"baseline","round":0,"jit_enabled":0,"jit_hard_checks":0}
{"stage":"after_churn","round":1,"explicit":0,"peer":0,"configured_workers":2,"strings":4396,"raw_count":4396,"local_credit":0,"peer_credit":0,"bytes":693490,"mask":8191,"phase":0,"cycles":4,"major":4,"completed":4,"unlinked":26,"reclaimed":26,"mt_live":0,"n_workers":2,"worker_async":6,"worker_runs":87,"peer_checks":0,"filler_tables":0}
{"diagnostic":"after_churn","round":1,"threshold":489622,"mt_threshold":0,"alloc_since":500708,"trigger":321764,"hard":643528,"hard_check":643528,"local_total":31900,"cycle_leader":1,"worker_active":0,"worker_busy":12,"jit_gate":1,"mark_resume":0,"mark_close_intent":0,"interp_hard":0,"assist_runs":0,"cycle_requests":5,"major_roots":12,"worker_started":2,"worker_exited":0,"worker_stop":0}
{"execution":"after_churn","round":1,"jit_enabled":0,"jit_hard_checks":0}
{"stage":"settled","round":1,"explicit":0,"peer":0,"configured_workers":2,"strings":4396,"raw_count":4396,"local_credit":0,"peer_credit":0,"bytes":697338,"mask":8191,"phase":0,"cycles":7,"major":7,"completed":7,"unlinked":26,"reclaimed":26,"mt_live":0,"n_workers":2,"worker_async":6,"worker_runs":210,"peer_checks":0,"filler_tables":8192}
{"diagnostic":"settled","round":1,"threshold":1025034,"mt_threshold":0,"alloc_since":37752,"trigger":393216,"hard":786432,"hard_check":786432,"local_total":27768,"cycle_leader":0,"worker_active":0,"worker_busy":61,"jit_gate":1,"mark_resume":0,"mark_close_intent":0,"interp_hard":0,"assist_runs":0,"cycle_requests":7,"major_roots":21,"worker_started":2,"worker_exited":0,"worker_stop":0}
{"execution":"settled","round":1,"jit_enabled":0,"jit_hard_checks":0}
{"stage":"after_churn","round":2,"explicit":0,"peer":0,"configured_workers":2,"strings":8492,"raw_count":8492,"local_credit":0,"peer_credit":0,"bytes":1238042,"mask":16383,"phase":0,"cycles":7,"major":7,"completed":7,"unlinked":26,"reclaimed":26,"mt_live":0,"n_workers":2,"worker_async":6,"worker_runs":210,"peer_checks":0,"filler_tables":8192}
{"diagnostic":"after_churn","round":2,"threshold":1030338,"mt_threshold":0,"alloc_since":574324,"trigger":393216,"hard":786432,"hard_check":786432,"local_total":31900,"cycle_leader":1,"worker_active":0,"worker_busy":61,"jit_gate":1,"mark_resume":0,"mark_close_intent":0,"interp_hard":0,"assist_runs":0,"cycle_requests":8,"major_roots":21,"worker_started":2,"worker_exited":0,"worker_stop":0}
{"execution":"after_churn","round":2,"jit_enabled":0,"jit_hard_checks":0}
{"stage":"settled","round":2,"explicit":0,"peer":0,"configured_workers":2,"strings":8492,"raw_count":8492,"local_credit":0,"peer_credit":0,"bytes":1139610,"mask":16383,"phase":0,"cycles":11,"major":11,"completed":11,"unlinked":26,"reclaimed":26,"mt_live":0,"n_workers":2,"worker_async":5946,"worker_runs":514,"peer_checks":0,"filler_tables":20480}
{"diagnostic":"settled","round":2,"threshold":1500170,"mt_threshold":0,"alloc_since":4992,"trigger":393216,"hard":786432,"hard_check":786432,"local_total":27664,"cycle_leader":0,"worker_active":0,"worker_busy":6693,"jit_gate":1,"mark_resume":0,"mark_close_intent":0,"interp_hard":0,"assist_runs":0,"cycle_requests":11,"major_roots":33,"worker_started":2,"worker_exited":0,"worker_stop":0}
{"execution":"settled","round":2,"jit_enabled":0,"jit_hard_checks":0}
{"stage":"after_churn","round":3,"explicit":0,"peer":0,"configured_workers":2,"strings":12588,"raw_count":12588,"local_credit":0,"peer_credit":0,"bytes":1549210,"mask":16383,"phase":0,"cycles":11,"major":11,"completed":11,"unlinked":26,"reclaimed":26,"mt_live":0,"n_workers":2,"worker_async":5946,"worker_runs":514,"peer_checks":0,"filler_tables":20480}
{"diagnostic":"after_churn","round":3,"threshold":1505610,"mt_threshold":0,"alloc_since":431456,"trigger":393216,"hard":786432,"hard_check":786432,"local_total":10800,"cycle_leader":1,"worker_active":0,"worker_busy":6693,"jit_gate":1,"mark_resume":0,"mark_close_intent":0,"interp_hard":0,"assist_runs":0,"cycle_requests":12,"major_roots":33,"worker_started":2,"worker_exited":0,"worker_stop":0}
{"execution":"after_churn","round":3,"jit_enabled":0,"jit_hard_checks":0}
{"stage":"settled","round":3,"explicit":0,"peer":0,"configured_workers":2,"strings":12588,"raw_count":12588,"local_credit":0,"peer_credit":0,"bytes":2343642,"mask":16383,"phase":0,"cycles":14,"major":14,"completed":14,"unlinked":26,"reclaimed":26,"mt_live":0,"n_workers":2,"worker_async":24638,"worker_runs":982,"peer_checks":0,"filler_tables":36864}
{"diagnostic":"settled","round":3,"threshold":2772266,"mt_threshold":0,"alloc_since":831392,"trigger":393216,"hard":786432,"hard_check":786432,"local_total":0,"cycle_leader":0,"worker_active":0,"worker_busy":28557,"jit_gate":1,"mark_resume":0,"mark_close_intent":0,"interp_hard":0,"assist_runs":0,"cycle_requests":14,"major_roots":42,"worker_started":2,"worker_exited":0,"worker_stop":0}
{"execution":"settled","round":3,"jit_enabled":0,"jit_hard_checks":0}
{"stage":"after_churn","round":4,"explicit":0,"peer":0,"configured_workers":2,"strings":16684,"raw_count":16684,"local_credit":0,"peer_credit":0,"bytes":3015418,"mask":32767,"phase":0,"cycles":14,"major":14,"completed":14,"unlinked":26,"reclaimed":26,"mt_live":0,"n_workers":2,"worker_async":24638,"worker_runs":982,"peer_checks":0,"filler_tables":36864}
{"diagnostic":"after_churn","round":4,"threshold":2376442,"mt_threshold":0,"alloc_since":1471268,"trigger":393216,"hard":786432,"hard_check":1995556,"local_total":31900,"cycle_leader":1,"worker_active":0,"worker_busy":28557,"jit_gate":1,"mark_resume":0,"mark_close_intent":0,"interp_hard":0,"assist_runs":0,"cycle_requests":15,"major_roots":42,"worker_started":2,"worker_exited":0,"worker_stop":0}
{"execution":"after_churn","round":4,"jit_enabled":0,"jit_hard_checks":0}
{"stage":"settled","round":4,"explicit":0,"peer":0,"configured_workers":2,"strings":16684,"raw_count":16684,"local_credit":0,"peer_credit":0,"bytes":2491298,"mask":32767,"phase":0,"cycles":17,"major":17,"completed":17,"unlinked":26,"reclaimed":26,"mt_live":0,"n_workers":2,"worker_async":37793,"worker_runs":1412,"peer_checks":0,"filler_tables":49152}
{"diagnostic":"settled","round":4,"threshold":2887786,"mt_threshold":0,"alloc_since":425880,"trigger":393216,"hard":786432,"hard_check":786432,"local_total":0,"cycle_leader":0,"worker_active":0,"worker_busy":41701,"jit_gate":1,"mark_resume":0,"mark_close_intent":0,"interp_hard":0,"assist_runs":0,"cycle_requests":17,"major_roots":51,"worker_started":2,"worker_exited":0,"worker_stop":0}
{"execution":"settled","round":4,"jit_enabled":0,"jit_hard_checks":0}
{"stage":"after_churn","round":5,"explicit":0,"peer":0,"configured_workers":2,"strings":20780,"raw_count":20780,"local_credit":0,"peer_credit":0,"bytes":2900898,"mask":32767,"phase":0,"cycles":17,"major":17,"completed":17,"unlinked":26,"reclaimed":26,"mt_live":0,"n_workers":2,"worker_async":37793,"worker_runs":1412,"peer_checks":0,"filler_tables":49152}
{"diagnostic":"after_churn","round":5,"threshold":2524098,"mt_threshold":0,"alloc_since":819480,"trigger":393216,"hard":786432,"hard_check":1343768,"local_total":16000,"cycle_leader":1,"worker_active":0,"worker_busy":41701,"jit_gate":1,"mark_resume":0,"mark_close_intent":0,"interp_hard":0,"assist_runs":0,"cycle_requests":18,"major_roots":51,"worker_started":2,"worker_exited":0,"worker_stop":0}
{"execution":"after_churn","round":5,"jit_enabled":0,"jit_hard_checks":0}
{"stage":"settled","round":5,"explicit":0,"peer":0,"configured_workers":2,"strings":20780,"raw_count":20780,"local_credit":0,"peer_credit":0,"bytes":2793570,"mask":32767,"phase":3,"cycles":21,"major":21,"completed":20,"unlinked":26,"reclaimed":26,"mt_live":0,"n_workers":2,"worker_async":44215,"worker_runs":1870,"peer_checks":0,"filler_tables":61440}
{"diagnostic":"settled","round":5,"threshold":2794962,"mt_threshold":0,"alloc_since":32656,"trigger":393216,"hard":786432,"hard_check":786432,"local_total":0,"cycle_leader":0,"worker_active":1,"worker_busy":48732,"jit_gate":0,"mark_resume":0,"mark_close_intent":0,"interp_hard":0,"assist_runs":0,"cycle_requests":21,"major_roots":63,"worker_started":2,"worker_exited":0,"worker_stop":0}
{"execution":"settled","round":5,"jit_enabled":0,"jit_hard_checks":0}
{"stage":"after_churn","round":6,"explicit":0,"peer":0,"configured_workers":2,"strings":24876,"raw_count":24876,"local_credit":0,"peer_credit":0,"bytes":3203170,"mask":32767,"phase":3,"cycles":21,"major":21,"completed":20,"unlinked":26,"reclaimed":26,"mt_live":0,"n_workers":2,"worker_async":44215,"worker_runs":1879,"peer_checks":0,"filler_tables":61440}
{"diagnostic":"after_churn","round":6,"threshold":2794962,"mt_threshold":0,"alloc_since":426256,"trigger":393216,"hard":786432,"hard_check":786432,"local_total":16000,"cycle_leader":0,"worker_active":1,"worker_busy":48757,"jit_gate":0,"mark_resume":0,"mark_close_intent":0,"interp_hard":0,"assist_runs":0,"cycle_requests":21,"major_roots":63,"worker_started":2,"worker_exited":0,"worker_stop":0}
{"execution":"after_churn","round":6,"jit_enabled":0,"jit_hard_checks":0}
{"stage":"settled","round":6,"explicit":0,"peer":0,"configured_workers":2,"strings":24876,"raw_count":24876,"local_credit":0,"peer_credit":0,"bytes":3277738,"mask":32767,"phase":0,"cycles":23,"major":23,"completed":23,"unlinked":26,"reclaimed":26,"mt_live":0,"n_workers":2,"worker_async":63955,"worker_runs":2343,"peer_checks":0,"filler_tables":73728}
{"diagnostic":"settled","round":6,"threshold":3706466,"mt_threshold":0,"alloc_since":393120,"trigger":393216,"hard":786432,"hard_check":786432,"local_total":0,"cycle_leader":0,"worker_active":0,"worker_busy":67526,"jit_gate":1,"mark_resume":0,"mark_close_intent":0,"interp_hard":0,"assist_runs":0,"cycle_requests":23,"major_roots":69,"worker_started":2,"worker_exited":0,"worker_stop":0}
{"execution":"settled","round":6,"jit_enabled":0,"jit_hard_checks":0}
{"stage":"sole_main_recovered","round":6,"explicit":0,"peer":0,"configured_workers":2,"strings":300,"raw_count":300,"local_credit":0,"peer_credit":0,"bytes":427122,"mask":32767,"phase":0,"cycles":25,"major":25,"completed":25,"unlinked":24602,"reclaimed":24602,"mt_live":0,"n_workers":0,"worker_async":63955,"worker_runs":5326,"peer_checks":0,"filler_tables":73728}
{"diagnostic":"sole_main_recovered","round":6,"threshold":854200,"mt_threshold":0,"alloc_since":0,"trigger":393216,"hard":786432,"hard_check":786432,"local_total":0,"cycle_leader":0,"worker_active":0,"worker_busy":67530,"jit_gate":1,"mark_resume":0,"mark_close_intent":0,"interp_hard":0,"assist_runs":0,"cycle_requests":25,"major_roots":75,"worker_started":2,"worker_exited":2,"worker_stop":1}
{"execution":"sole_main_recovered","round":6,"jit_enabled":0,"jit_hard_checks":0}
PASS rounds=6 batch=4096 payload=64 body_bytes=100 live=32 created_body_bytes=2457600 filler_tables=73728
