{"stage":"baseline","round":0,"explicit":0,"peer":1,"configured_workers":0,"strings":313,"raw_count":313,"local_credit":0,"peer_credit":0,"bytes":199336,"mask":511,"phase":0,"cycles":4,"major":4,"completed":4,"unlinked":29,"reclaimed":29,"mt_live":1,"n_workers":0,"worker_async":0,"worker_runs":91,"peer_checks":1,"filler_tables":0}
{"diagnostic":"baseline","round":0,"threshold":140737488355328,"mt_threshold":398600,"alloc_since":0,"trigger":393216,"hard":786432,"hard_check":786432,"local_total":0,"cycle_leader":0,"worker_active":0,"worker_busy":10,"jit_gate":1,"mark_resume":0,"mark_close_intent":0,"interp_hard":0,"assist_runs":0,"cycle_requests":4,"major_roots":12,"worker_started":0,"worker_exited":0,"worker_stop":0}
{"execution":"baseline","round":0,"jit_enabled":0,"jit_hard_checks":0}
{"stage":"published","round":0,"explicit":0,"peer":1,"configured_workers":0,"strings":3682,"raw_count":3705,"local_credit":23,"peer_credit":0,"bytes":593676,"mask":4095,"phase":0,"cycles":4,"major":4,"completed":4,"unlinked":29,"reclaimed":29,"mt_live":1,"n_workers":0,"worker_async":0,"worker_runs":91,"peer_checks":1,"filler_tables":0}
{"diagnostic":"published","round":0,"threshold":140737488355328,"mt_threshold":593676,"alloc_since":394340,"trigger":393216,"hard":786432,"hard_check":786432,"local_total":0,"cycle_leader":1,"worker_active":0,"worker_busy":10,"jit_gate":1,"mark_resume":0,"mark_close_intent":0,"interp_hard":0,"assist_runs":0,"cycle_requests":5,"major_roots":12,"worker_started":0,"worker_exited":0,"worker_stop":0}
{"execution":"published","round":0,"jit_enabled":0,"jit_hard_checks":0}
{"stage":"last_detach_stopped","round":0,"explicit":0,"peer":1,"configured_workers":0,"strings":3682,"raw_count":3705,"local_credit":23,"peer_credit":0,"bytes":593676,"mask":4095,"phase":0,"cycles":4,"major":4,"completed":4,"unlinked":29,"reclaimed":29,"mt_live":0,"n_workers":0,"worker_async":0,"worker_runs":91,"peer_checks":2,"filler_tables":0}
{"diagnostic":"last_detach_stopped","round":0,"threshold":140737488355328,"mt_threshold":140737488355328,"alloc_since":394340,"trigger":393216,"hard":786432,"hard_check":786432,"local_total":0,"cycle_leader":1,"worker_active":0,"worker_busy":10,"jit_gate":1,"mark_resume":0,"mark_close_intent":0,"interp_hard":0,"assist_runs":0,"cycle_requests":5,"major_roots":12,"worker_started":0,"worker_exited":0,"worker_stop":0}
{"execution":"last_detach_stopped","round":0,"jit_enabled":0,"jit_hard_checks":0}
{"stage":"first_attach_stopped","round":0,"explicit":0,"peer":1,"configured_workers":0,"strings":3682,"raw_count":3705,"local_credit":23,"peer_credit":0,"bytes":625380,"mask":4095,"phase":0,"cycles":4,"major":4,"completed":4,"unlinked":29,"reclaimed":29,"mt_live":1,"n_workers":0,"worker_async":0,"worker_runs":91,"peer_checks":3,"filler_tables":0}
{"diagnostic":"first_attach_stopped","round":0,"threshold":140737488355328,"mt_threshold":140737488355328,"alloc_since":394340,"trigger":393216,"hard":786432,"hard_check":786432,"local_total":31704,"cycle_leader":1,"worker_active":0,"worker_busy":10,"jit_gate":1,"mark_resume":0,"mark_close_intent":0,"interp_hard":0,"assist_runs":0,"cycle_requests":5,"major_roots":12,"worker_started":0,"worker_exited":0,"worker_stop":0}
{"execution":"first_attach_stopped","round":0,"jit_enabled":0,"jit_hard_checks":0}
{"stage":"stopped_request_preserved","round":0,"explicit":0,"peer":1,"configured_workers":0,"strings":3682,"raw_count":3705,"local_credit":23,"peer_credit":0,"bytes":652004,"mask":4095,"phase":0,"cycles":4,"major":4,"completed":4,"unlinked":29,"reclaimed":29,"mt_live":1,"n_workers":0,"worker_async":0,"worker_runs":91,"peer_checks":3,"filler_tables":256}
{"diagnostic":"stopped_request_preserved","round":0,"threshold":140737488355328,"mt_threshold":140737488355328,"alloc_since":427188,"trigger":393216,"hard":786432,"hard_check":786432,"local_total":25480,"cycle_leader":1,"worker_active":0,"worker_busy":10,"jit_gate":1,"mark_resume":0,"mark_close_intent":0,"interp_hard":0,"assist_runs":0,"cycle_requests":5,"major_roots":12,"worker_started":0,"worker_exited":0,"worker_stop":0}
{"execution":"stopped_request_preserved","round":0,"jit_enabled":0,"jit_hard_checks":0}
{"stage":"after_one_boundary","round":0,"explicit":0,"peer":1,"configured_workers":0,"strings":3682,"raw_count":3705,"local_credit":23,"peer_credit":0,"bytes":652084,"mask":4095,"phase":0,"cycles":4,"major":4,"completed":4,"unlinked":29,"reclaimed":29,"mt_live":1,"n_workers":0,"worker_async":0,"worker_runs":91,"peer_checks":3,"filler_tables":0}
{"diagnostic":"after_one_boundary","round":0,"threshold":140737488355328,"mt_threshold":652004,"alloc_since":427188,"trigger":393216,"hard":786432,"hard_check":786432,"local_total":25560,"cycle_leader":1,"worker_active":0,"worker_busy":10,"jit_gate":1,"mark_resume":0,"mark_close_intent":0,"interp_hard":0,"assist_runs":0,"cycle_requests":5,"major_roots":12,"worker_started":0,"worker_exited":0,"worker_stop":0}
{"execution":"after_one_boundary","round":0,"jit_enabled":0,"jit_hard_checks":0}
{"stage":"sole_main_recovered","round":0,"explicit":0,"peer":1,"configured_workers":0,"strings":313,"raw_count":313,"local_credit":0,"peer_credit":0,"bytes":259632,"mask":4095,"phase":0,"cycles":6,"major":6,"completed":6,"unlinked":3398,"reclaimed":3398,"mt_live":0,"n_workers":0,"worker_async":0,"worker_runs":510,"peer_checks":5,"filler_tables":0}
{"diagnostic":"sole_main_recovered","round":0,"threshold":519200,"mt_threshold":652004,"alloc_since":0,"trigger":393216,"hard":786432,"hard_check":786432,"local_total":0,"cycle_leader":0,"worker_active":0,"worker_busy":14,"jit_gate":1,"mark_resume":0,"mark_close_intent":0,"interp_hard":0,"assist_runs":0,"cycle_requests":6,"major_roots":18,"worker_started":0,"worker_exited":0,"worker_stop":0}
{"execution":"sole_main_recovered","round":0,"jit_enabled":0,"jit_hard_checks":0}
CONTROL result=3 mode=2 boundary=0 strings=3369 native_entries=41
