-- BYTECODE -- control-boundaries.lua:3-6
0001    TNEW     0   0
0002    GGET     1   0      ; "assert"
0003    GGET     3   1      ; "type"
0004    CGET     5   0
0005    CALL     3   2   2
0006    ISEQS    3   2      ; "table"
0007    JMP      3 => 0010
0008    KPRI     3   1
0009    JMP      4 => 0011
0010 => KPRI     3   2
0011 => CALL     1   1   2
0012    RET0     0   1

-- BYTECODE -- control-boundaries.lua:7-10
0001    TDUP     0   0
0002    GGET     1   1      ; "assert"
0003    CGET     3   0
0004    TGETB    3   3   1
0005    CGET     4   0
0006    TGETB    4   4   2
0007    ADDVV    3   3   4
0008    ISEQN    3   0      ; 70
0009    JMP      3 => 0012
0010    KPRI     3   1
0011    JMP      4 => 0013
0012 => KPRI     3   2
0013 => CALL     1   1   2
0014    RET0     0   1

-- BYTECODE -- control-boundaries.lua:11-13
0001    GGET     0   0      ; "assert"
0002    GGET     2   1      ; "string"
0003    TGETS    2   2   2  ; "char"
0004    KSHORT   4  65
0005    CALL     2   2   2
0006    ISEQS    2   3      ; "A"
0007    JMP      2 => 0010
0008    KPRI     2   1
0009    JMP      3 => 0011
0010 => KPRI     2   2
0011 => CALL     0   1   2
0012    RET0     0   1

-- BYTECODE -- control-boundaries.lua:14-16
0001    GGET     0   0      ; "assert"
0002    GGET     2   1      ; "string"
0003    TGETS    2   2   2  ; "rep"
0004    KSTR     4   3      ; "x"
0005    KSHORT   5   2
0006    CALL     2   2   3
0007    ISEQS    2   4      ; "xx"
0008    JMP      2 => 0011
0009    KPRI     2   1
0010    JMP      3 => 0012
0011 => KPRI     2   2
0012 => CALL     0   1   2
0013    RET0     0   1

-- BYTECODE -- control-boundaries.lua:18-18
0001    CGET     1   0
0002    ADDVN    1   1   0  ; 1
0003    RET1     1   2

-- BYTECODE -- control-boundaries.lua:17-20
0001    FNEW     0   0      ; control-boundaries.lua:18
0002    GGET     1   1      ; "assert"
0003    CGET     3   0
0004    KSHORT   5  41
0005    CALL     3   2   2
0006    ISEQN    3   0      ; 42
0007    JMP      3 => 0010
0008    KPRI     3   1
0009    JMP      4 => 0011
0010 => KPRI     3   2
0011 => CALL     1   1   2
0012    RET0     0   1

-- BYTECODE -- control-boundaries.lua:22-24
0001    KSHORT   0   1
0002    KSHORT   1 256
0003    KSHORT   2   1
0004    FORI     0 => 0014
0005 => UGET     4   0      ; stopped_ring
0006    CGET     5   3
0007    MODVN    5   5   0  ; 32
0008    ADDVN    5   5   1  ; 1
0009    TNEW     6   3
0010    CGET     7   3
0011    TSETB    7   6   1
0012    TSETV    6   4   5
0013    FORL     0 => 0005
0014 => RET0     0   1

-- BYTECODE -- control-boundaries.lua:25-27
0001    UGET     0   0      ; th
0002    TGETS    0   0   0  ; "sleep"
0003    KNUM     2   0      ; 0.002
0004    CALL     0   1   2
0005    RET0     0   1

-- BYTECODE -- control-boundaries.lua:0-37
0001    GGET     0   0      ; "require"
0002    KSTR     2   1      ; "threading"
0003    CALL     0   2   2
0004    FNEW     1   2      ; control-boundaries.lua:3
0005    GSET     1   3      ; "control_tnew"
0006    FNEW     1   4      ; control-boundaries.lua:7
0007    GSET     1   5      ; "control_tdup"
0008    FNEW     1   6      ; control-boundaries.lua:11
0009    GSET     1   7      ; "control_fastfunc"
0010    FNEW     1   8      ; control-boundaries.lua:14
0011    GSET     1   9      ; "control_cfunc"
0012    FNEW     1  10      ; control-boundaries.lua:17
0013    GSET     1  11      ; "control_fnew"
0014    TNEW     1   0
0015    FNEW     2  12      ; control-boundaries.lua:22
0016    GSET     2  13      ; "control_stopped_alloc"
0017    FNEW     2  14      ; control-boundaries.lua:25
0018    GSET     2  15      ; "control_native"
0019    GGET     2   3      ; "control_tnew"
0020    CALL     2   1   1
0021    GGET     2   5      ; "control_tdup"
0022    CALL     2   1   1
0023    GGET     2   7      ; "control_fastfunc"
0024    CALL     2   1   1
0025    GGET     2   9      ; "control_cfunc"
0026    CALL     2   1   1
0027    GGET     2  11      ; "control_fnew"
0028    CALL     2   1   1
0029    GGET     2  13      ; "control_stopped_alloc"
0030    CALL     2   1   1
0031    GGET     2  15      ; "control_native"
0032    CALL     2   1   1
0033    UCLO     0 => 0034
0034 => RET0     0   1

