{"stage":"baseline","round":0,"explicit":0,"peer":0,"configured_workers":2,"strings":313,"raw_count":313,"local_credit":0,"peer_credit":0,"bytes":167664,"mask":511,"phase":0,"cycles":4,"major":4,"completed":4,"unlinked":29,"reclaimed":29,"mt_live":0,"n_workers":2,"worker_async":119,"worker_runs":95,"peer_checks":0,"filler_tables":0}
{"diagnostic":"baseline","round":0,"threshold":335200,"mt_threshold":0,"alloc_since":0,"trigger":335328,"hard":670656,"hard_check":670656,"local_total":0,"cycle_leader":0,"worker_active":0,"worker_busy":856,"jit_gate":1,"mark_resume":0,"mark_close_intent":0,"interp_hard":0,"assist_runs":0,"cycle_requests":4,"major_roots":12,"worker_started":2,"worker_exited":0,"worker_stop":0}
{"execution":"baseline","round":0,"jit_enabled":0,"jit_hard_checks":0}
{"stage":"published","round":0,"explicit":0,"peer":0,"configured_workers":2,"strings":3354,"raw_count":3385,"local_credit":31,"peer_credit":0,"bytes":529204,"mask":4095,"phase":0,"cycles":4,"major":4,"completed":4,"unlinked":29,"reclaimed":29,"mt_live":0,"n_workers":2,"worker_async":119,"worker_runs":95,"peer_checks":0,"filler_tables":0}
{"diagnostic":"published","round":0,"threshold":529204,"mt_threshold":0,"alloc_since":361540,"trigger":335328,"hard":670656,"hard_check":670656,"local_total":0,"cycle_leader":1,"worker_active":0,"worker_busy":856,"jit_gate":1,"mark_resume":0,"mark_close_intent":0,"interp_hard":0,"assist_runs":0,"cycle_requests":5,"major_roots":12,"worker_started":2,"worker_exited":0,"worker_stop":0}
{"execution":"published","round":0,"jit_enabled":0,"jit_hard_checks":0}
{"stage":"after_one_boundary","round":0,"explicit":0,"peer":0,"configured_workers":2,"strings":3354,"raw_count":3385,"local_credit":31,"peer_credit":0,"bytes":529284,"mask":4095,"phase":1,"cycles":5,"major":5,"completed":4,"unlinked":29,"reclaimed":29,"mt_live":0,"n_workers":2,"worker_async":119,"worker_runs":95,"peer_checks":0,"filler_tables":0}
{"diagnostic":"after_one_boundary","round":0,"threshold":529204,"mt_threshold":0,"alloc_since":0,"trigger":335328,"hard":670656,"hard_check":670656,"local_total":80,"cycle_leader":0,"worker_active":0,"worker_busy":856,"jit_gate":1,"mark_resume":5,"mark_close_intent":0,"interp_hard":0,"assist_runs":0,"cycle_requests":5,"major_roots":12,"worker_started":2,"worker_exited":0,"worker_stop":0}
{"execution":"after_one_boundary","round":0,"jit_enabled":0,"jit_hard_checks":0}
{"stage":"active_stopped_no_new_cycle","round":0,"explicit":0,"peer":0,"configured_workers":2,"strings":3354,"raw_count":3385,"local_credit":31,"peer_credit":0,"bytes":955268,"mask":4095,"phase":1,"cycles":5,"major":5,"completed":4,"unlinked":29,"reclaimed":29,"mt_live":0,"n_workers":2,"worker_async":7753,"worker_runs":220,"peer_checks":0,"filler_tables":4096}
{"diagnostic":"active_stopped_no_new_cycle","round":0,"threshold":140737488355328,"mt_threshold":0,"alloc_since":394344,"trigger":335328,"hard":670656,"hard_check":670656,"local_total":31720,"cycle_leader":0,"worker_active":0,"worker_busy":867,"jit_gate":1,"mark_resume":5,"mark_close_intent":0,"interp_hard":0,"assist_runs":0,"cycle_requests":5,"major_roots":12,"worker_started":2,"worker_exited":0,"worker_stop":0}
{"execution":"active_stopped_no_new_cycle","round":0,"jit_enabled":0,"jit_hard_checks":0}
{"stage":"automatic_progress_missing","round":0,"explicit":0,"peer":0,"configured_workers":2,"strings":3354,"raw_count":3385,"local_credit":31,"peer_credit":0,"bytes":28226436,"mask":4095,"phase":3,"cycles":5,"major":5,"completed":4,"unlinked":29,"reclaimed":29,"mt_live":0,"n_workers":2,"worker_async":354171,"worker_runs":6819,"peer_checks":0,"filler_tables":262144}
{"diagnostic":"automatic_progress_missing","round":0,"threshold":28229700,"mt_threshold":0,"alloc_since":27701328,"trigger":335328,"hard":670656,"hard_check":28194000,"local_total":0,"cycle_leader":0,"worker_active":0,"worker_busy":2902818,"jit_gate":0,"mark_resume":0,"mark_close_intent":0,"interp_hard":0,"assist_runs":0,"cycle_requests":5,"major_roots":15,"worker_started":2,"worker_exited":0,"worker_stop":0}
{"execution":"automatic_progress_missing","round":0,"jit_enabled":0,"jit_hard_checks":0}
{"stage":"last_detach_running_restored","round":0,"explicit":0,"peer":0,"configured_workers":2,"strings":3354,"raw_count":3385,"local_credit":31,"peer_credit":0,"bytes":28226436,"mask":4095,"phase":3,"cycles":5,"major":5,"completed":4,"unlinked":29,"reclaimed":29,"mt_live":0,"n_workers":0,"worker_async":354182,"worker_runs":6823,"peer_checks":0,"filler_tables":262144}
{"diagnostic":"last_detach_running_restored","round":0,"threshold":28229700,"mt_threshold":0,"alloc_since":27701328,"trigger":335328,"hard":670656,"hard_check":28194000,"local_total":0,"cycle_leader":0,"worker_active":0,"worker_busy":2902882,"jit_gate":0,"mark_resume":0,"mark_close_intent":0,"interp_hard":0,"assist_runs":0,"cycle_requests":5,"major_roots":15,"worker_started":2,"worker_exited":2,"worker_stop":1}
{"execution":"last_detach_running_restored","round":0,"jit_enabled":0,"jit_hard_checks":0}
{"stage":"sole_main_recovered","round":0,"explicit":0,"peer":0,"configured_workers":2,"strings":313,"raw_count":313,"local_credit":0,"peer_credit":0,"bytes":204528,"mask":4095,"phase":0,"cycles":7,"major":7,"completed":7,"unlinked":3070,"reclaimed":3070,"mt_live":0,"n_workers":0,"worker_async":354182,"worker_runs":8870,"peer_checks":0,"filler_tables":262144}
{"diagnostic":"sole_main_recovered","round":0,"threshold":409000,"mt_threshold":0,"alloc_since":0,"trigger":393216,"hard":786432,"hard_check":786432,"local_total":0,"cycle_leader":0,"worker_active":0,"worker_busy":2902886,"jit_gate":1,"mark_resume":0,"mark_close_intent":0,"interp_hard":0,"assist_runs":0,"cycle_requests":7,"major_roots":21,"worker_started":2,"worker_exited":2,"worker_stop":1}
{"execution":"sole_main_recovered","round":0,"jit_enabled":0,"jit_hard_checks":0}
CONTROL result=2 mode=4 boundary=0 strings=3041 native_entries=1641
