
=================================================================
==395350==ERROR: LeakSanitizer: detected memory leaks

Direct leak of 131072 byte(s) in 1 object(s) allocated from:
    #0 0x5611ef10671d in calloc (/tmp/lj-reclaim-fair-validation-20260905-c2edwuno/asan/t-gc2-worker-scheduler-publication+0x11371d) (BuildId: 26037efd104e5c5a5a05c4f5ea57ca086b177b77)
    #1 0x5611ef2d5fad in lj_arena_map /tmp/lj-reclaim-fair-validation-20260905-c2edwuno/asan/src/lj_arena.c:1871:31
    #2 0x5611ef2d5fad in arena_alloc_fresh /tmp/lj-reclaim-fair-validation-20260905-c2edwuno/asan/src/lj_arena.c:8036:16
    #3 0x5611ef2d30e7 in lj_arena_alloc /tmp/lj-reclaim-fair-validation-20260905-c2edwuno/asan/src/lj_arena.c:8418:7
    #4 0x5611ef168c3a in gc_mem_newgco_raw_nothrow /tmp/lj-reclaim-fair-validation-20260905-c2edwuno/asan/src/lj_gc.c:4791:18
    #5 0x5611ef168c3a in lj_mem_newgco_unlinked_deferred_nothrow /tmp/lj-reclaim-fair-validation-20260905-c2edwuno/asan/src/lj_gc.c:4954:10
    #6 0x5611ef234dbb in newtab_rooted /tmp/lj-reclaim-fair-validation-20260905-c2edwuno/asan/src/lj_tab.c:2759:16
    #7 0x5611ef28b0e3 in cpluaopen /tmp/lj-reclaim-fair-validation-20260905-c2edwuno/asan/src/lj_state.c:328:23
    #8 0x5611ef3e5c52 in lj_vm_cpcall_asm (/tmp/lj-reclaim-fair-validation-20260905-c2edwuno/asan/t-gc2-worker-scheduler-publication+0x3f2c52) (BuildId: 26037efd104e5c5a5a05c4f5ea57ca086b177b77)

Direct leak of 48 byte(s) in 1 object(s) allocated from:
    #0 0x5611ef106533 in malloc (/tmp/lj-reclaim-fair-validation-20260905-c2edwuno/asan/t-gc2-worker-scheduler-publication+0x113533) (BuildId: 26037efd104e5c5a5a05c4f5ea57ca086b177b77)
    #1 0x5611ef296e36 in tg_registry_link_attaching /tmp/lj-reclaim-fair-validation-20260905-c2edwuno/asan/src/lj_tg.c:590:32
    #2 0x5611ef296e36 in lj_tg_attach /tmp/lj-reclaim-fair-validation-20260905-c2edwuno/asan/src/lj_tg.c:653:10
    #3 0x5611ef1493b0 in test_multistate_terminal_tg_reclaim /tmp/lj-gc-scheduler-publication-20260905-2zckpem_/candidate/tests/t-gc2-worker-scheduler.c:597:3
    #4 0x5611ef1493b0 in main /tmp/lj-gc-scheduler-publication-20260905-2zckpem_/candidate/tests/t-gc2-worker-scheduler.c:1483:3
    #5 0x7fe919f1dca7  (/lib/x86_64-linux-gnu/libc.so.6+0x29ca7) (BuildId: c495b62edadd6c356265942ec1282d98058a7b41)

Direct leak of 16 byte(s) in 1 object(s) allocated from:
    #0 0x5611ef106533 in malloc (/tmp/lj-reclaim-fair-validation-20260905-c2edwuno/asan/t-gc2-worker-scheduler-publication+0x113533) (BuildId: 26037efd104e5c5a5a05c4f5ea57ca086b177b77)
    #1 0x5611ef17ba42 in gc2_small_arena_registry_new /tmp/lj-reclaim-fair-validation-20260905-c2edwuno/asan/src/lj_gc2.c:1577:29
    #2 0x5611ef17ba42 in gc2_small_arena_registry_init /tmp/lj-reclaim-fair-validation-20260905-c2edwuno/asan/src/lj_gc2.c:1616:9
    #3 0x5611ef17ba42 in lj_gc2_init /tmp/lj-reclaim-fair-validation-20260905-c2edwuno/asan/src/lj_gc2.c:1959:9
    #4 0x5611ef28abb2 in lua_newstate /tmp/lj-reclaim-fair-validation-20260905-c2edwuno/asan/src/lj_state.c:1347:3
    #5 0x5611ef3b6ed6 in luaL_newstate /tmp/lj-reclaim-fair-validation-20260905-c2edwuno/asan/src/lib_aux.c:386:7
    #6 0x5611ef1490b0 in test_multistate_terminal_tg_reclaim /tmp/lj-gc-scheduler-publication-20260905-2zckpem_/candidate/tests/t-gc2-worker-scheduler.c:573:8
    #7 0x5611ef1490b0 in main /tmp/lj-gc-scheduler-publication-20260905-2zckpem_/candidate/tests/t-gc2-worker-scheduler.c:1483:3
    #8 0x7fe919f1dca7  (/lib/x86_64-linux-gnu/libc.so.6+0x29ca7) (BuildId: c495b62edadd6c356265942ec1282d98058a7b41)

Indirect leak of 96 byte(s) in 2 object(s) allocated from:
    #0 0x5611ef106533 in malloc (/tmp/lj-reclaim-fair-validation-20260905-c2edwuno/asan/t-gc2-worker-scheduler-publication+0x113533) (BuildId: 26037efd104e5c5a5a05c4f5ea57ca086b177b77)
    #1 0x5611ef296e36 in tg_registry_link_attaching /tmp/lj-reclaim-fair-validation-20260905-c2edwuno/asan/src/lj_tg.c:590:32
    #2 0x5611ef296e36 in lj_tg_attach /tmp/lj-reclaim-fair-validation-20260905-c2edwuno/asan/src/lj_tg.c:653:10
    #3 0x5611ef1e66c1 in gc2_worker_main /tmp/lj-reclaim-fair-validation-20260905-c2edwuno/asan/src/lj_gc2.c:2767:3
    #4 0x5611ef103e8a in asan_thread_start(void*) asan_interceptors.cpp.o

Indirect leak of 48 byte(s) in 1 object(s) allocated from:
    #0 0x5611ef106533 in malloc (/tmp/lj-reclaim-fair-validation-20260905-c2edwuno/asan/t-gc2-worker-scheduler-publication+0x113533) (BuildId: 26037efd104e5c5a5a05c4f5ea57ca086b177b77)
    #1 0x5611ef296e36 in tg_registry_link_attaching /tmp/lj-reclaim-fair-validation-20260905-c2edwuno/asan/src/lj_tg.c:590:32
    #2 0x5611ef296e36 in lj_tg_attach /tmp/lj-reclaim-fair-validation-20260905-c2edwuno/asan/src/lj_tg.c:653:10
    #3 0x5611ef28abb2 in lua_newstate /tmp/lj-reclaim-fair-validation-20260905-c2edwuno/asan/src/lj_state.c:1347:3
    #4 0x5611ef3b6ed6 in luaL_newstate /tmp/lj-reclaim-fair-validation-20260905-c2edwuno/asan/src/lib_aux.c:386:7
    #5 0x5611ef1490b0 in test_multistate_terminal_tg_reclaim /tmp/lj-gc-scheduler-publication-20260905-2zckpem_/candidate/tests/t-gc2-worker-scheduler.c:573:8
    #6 0x5611ef1490b0 in main /tmp/lj-gc-scheduler-publication-20260905-2zckpem_/candidate/tests/t-gc2-worker-scheduler.c:1483:3
    #7 0x7fe919f1dca7  (/lib/x86_64-linux-gnu/libc.so.6+0x29ca7) (BuildId: c495b62edadd6c356265942ec1282d98058a7b41)

SUMMARY: AddressSanitizer: 131280 byte(s) leaked in 6 allocation(s).
