== m3_gc2_auto_control ==
+ cc -std=gnu11 -O2 -Wall -Wextra -Werror -mcx16 -g -I'/workspaces/lj-lockless/src' '/workspaces/lj-lockless/tests/t-stop-first-attach.c' '/workspaces/lj-lockless/src/libluajit.a' -Wl,-E -lm -ldl -pthread -Wl,--wrap=lj_vm_cpcall -o '/tmp/lj-gc-auto-control-root-20260905-au933s3w/canonical-tmp/lj_t-stop-first-attach'
+ LUA_PATH='/workspaces/lj-lockless/src/?.lua;/workspaces/lj-lockless/tests/lib/?.lua;;' RETENTION_JIT='0' timeout '25s' '/tmp/lj-gc-auto-control-root-20260905-au933s3w/canonical-tmp/lj_t-stop-first-attach'
+ cc -std=gnu11 -O2 -Wall -Wextra -Werror -mcx16 -g -I'/workspaces/lj-lockless/src' '/workspaces/lj-lockless/tests/t-auto-restart-numeric-max.c' '/workspaces/lj-lockless/src/libluajit.a' -Wl,-E -lm -ldl -pthread -o '/tmp/lj-gc-auto-control-root-20260905-au933s3w/canonical-tmp/lj_t-auto-restart-numeric-max'
+ LUA_PATH='/workspaces/lj-lockless/src/?.lua;/workspaces/lj-lockless/tests/lib/?.lua;;' RETENTION_JIT='0' timeout '25s' '/tmp/lj-gc-auto-control-root-20260905-au933s3w/canonical-tmp/lj_t-auto-restart-numeric-max'
+ cc -std=gnu11 -O2 -Wall -Wextra -Werror -mcx16 -g -I'/workspaces/lj-lockless/src' '/workspaces/lj-lockless/tests/t-restart-first-attach.c' '/workspaces/lj-lockless/src/libluajit.a' -Wl,-E -lm -ldl -pthread -Wl,--wrap=lj_vm_cpcall -o '/tmp/lj-gc-auto-control-root-20260905-au933s3w/canonical-tmp/lj_t-restart-first-attach'
+ cc -std=gnu11 -O2 -Wall -Wextra -Werror -mcx16 -g -I'/workspaces/lj-lockless/src' '/workspaces/lj-lockless/tests/t-restart-last-detach.c' '/workspaces/lj-lockless/src/libluajit.a' -Wl,-E -lm -ldl -pthread -o '/tmp/lj-gc-auto-control-root-20260905-au933s3w/canonical-tmp/lj_t-restart-last-detach'
+ LUA_PATH='/workspaces/lj-lockless/src/?.lua;/workspaces/lj-lockless/tests/lib/?.lua;;' RETENTION_JIT='0' timeout '25s' '/tmp/lj-gc-auto-control-root-20260905-au933s3w/canonical-tmp/lj_t-restart-first-attach'
+ LUA_PATH='/workspaces/lj-lockless/src/?.lua;/workspaces/lj-lockless/tests/lib/?.lua;;' RETENTION_JIT='0' timeout '25s' '/tmp/lj-gc-auto-control-root-20260905-au933s3w/canonical-tmp/lj_t-restart-last-detach'
+ cc -std=gnu11 -O2 -Wall -Wextra -Werror -mcx16 -g -I'/workspaces/lj-lockless/src' '/workspaces/lj-lockless/tests/t-auto-finalizer-controls-v3.c' '/workspaces/lj-lockless/src/libluajit.a' -Wl,-E -lm -ldl -pthread -o '/tmp/lj-gc-auto-control-root-20260905-au933s3w/canonical-tmp/lj_t-auto-finalizer-controls-v3'
+ LUA_PATH='/workspaces/lj-lockless/src/?.lua;/workspaces/lj-lockless/tests/lib/?.lua;;' RETENTION_JIT='0' timeout '25s' '/tmp/lj-gc-auto-control-root-20260905-au933s3w/canonical-tmp/lj_t-auto-finalizer-controls-v3' '0' '0' '0' '0' '1'
+ LUA_PATH='/workspaces/lj-lockless/src/?.lua;/workspaces/lj-lockless/tests/lib/?.lua;;' RETENTION_JIT='0' timeout '25s' '/tmp/lj-gc-auto-control-root-20260905-au933s3w/canonical-tmp/lj_t-auto-finalizer-controls-v3' '0' '0' '0' '1' '1'
+ LUA_PATH='/workspaces/lj-lockless/src/?.lua;/workspaces/lj-lockless/tests/lib/?.lua;;' RETENTION_JIT='0' timeout '25s' '/tmp/lj-gc-auto-control-root-20260905-au933s3w/canonical-tmp/lj_t-auto-finalizer-controls-v3' '0' '0' '1' '0' '1'
ERROR in finalizer: intentional outer finalizer error
+ LUA_PATH='/workspaces/lj-lockless/src/?.lua;/workspaces/lj-lockless/tests/lib/?.lua;;' RETENTION_JIT='0' timeout '25s' '/tmp/lj-gc-auto-control-root-20260905-au933s3w/canonical-tmp/lj_t-auto-finalizer-controls-v3' '0' '0' '1' '1' '1'
ERROR in finalizer: intentional outer finalizer error
+ LUA_PATH='/workspaces/lj-lockless/src/?.lua;/workspaces/lj-lockless/tests/lib/?.lua;;' RETENTION_JIT='0' timeout '25s' '/tmp/lj-gc-auto-control-root-20260905-au933s3w/canonical-tmp/lj_t-auto-finalizer-controls-v3' '0' '1' '0' '0' '1'
+ LUA_PATH='/workspaces/lj-lockless/src/?.lua;/workspaces/lj-lockless/tests/lib/?.lua;;' RETENTION_JIT='0' timeout '25s' '/tmp/lj-gc-auto-control-root-20260905-au933s3w/canonical-tmp/lj_t-auto-finalizer-controls-v3' '0' '1' '0' '1' '1'
+ LUA_PATH='/workspaces/lj-lockless/src/?.lua;/workspaces/lj-lockless/tests/lib/?.lua;;' RETENTION_JIT='0' timeout '25s' '/tmp/lj-gc-auto-control-root-20260905-au933s3w/canonical-tmp/lj_t-auto-finalizer-controls-v3' '0' '1' '1' '0' '1'
ERROR in finalizer: intentional outer finalizer error
+ LUA_PATH='/workspaces/lj-lockless/src/?.lua;/workspaces/lj-lockless/tests/lib/?.lua;;' RETENTION_JIT='0' timeout '25s' '/tmp/lj-gc-auto-control-root-20260905-au933s3w/canonical-tmp/lj_t-auto-finalizer-controls-v3' '0' '1' '1' '1' '1'
ERROR in finalizer: intentional outer finalizer error
+ LUA_PATH='/workspaces/lj-lockless/src/?.lua;/workspaces/lj-lockless/tests/lib/?.lua;;' RETENTION_JIT='0' timeout '25s' '/tmp/lj-gc-auto-control-root-20260905-au933s3w/canonical-tmp/lj_t-auto-finalizer-controls-v3' '1' '0' '0' '0' '1'
+ LUA_PATH='/workspaces/lj-lockless/src/?.lua;/workspaces/lj-lockless/tests/lib/?.lua;;' RETENTION_JIT='0' timeout '25s' '/tmp/lj-gc-auto-control-root-20260905-au933s3w/canonical-tmp/lj_t-auto-finalizer-controls-v3' '1' '0' '0' '1' '1'
+ LUA_PATH='/workspaces/lj-lockless/src/?.lua;/workspaces/lj-lockless/tests/lib/?.lua;;' RETENTION_JIT='0' timeout '25s' '/tmp/lj-gc-auto-control-root-20260905-au933s3w/canonical-tmp/lj_t-auto-finalizer-controls-v3' '1' '0' '1' '0' '1'
ERROR in finalizer: intentional outer finalizer error
+ LUA_PATH='/workspaces/lj-lockless/src/?.lua;/workspaces/lj-lockless/tests/lib/?.lua;;' RETENTION_JIT='0' timeout '25s' '/tmp/lj-gc-auto-control-root-20260905-au933s3w/canonical-tmp/lj_t-auto-finalizer-controls-v3' '1' '0' '1' '1' '1'
ERROR in finalizer: intentional outer finalizer error
+ LUA_PATH='/workspaces/lj-lockless/src/?.lua;/workspaces/lj-lockless/tests/lib/?.lua;;' RETENTION_JIT='0' timeout '25s' '/tmp/lj-gc-auto-control-root-20260905-au933s3w/canonical-tmp/lj_t-auto-finalizer-controls-v3' '1' '1' '0' '0' '1'
+ LUA_PATH='/workspaces/lj-lockless/src/?.lua;/workspaces/lj-lockless/tests/lib/?.lua;;' RETENTION_JIT='0' timeout '25s' '/tmp/lj-gc-auto-control-root-20260905-au933s3w/canonical-tmp/lj_t-auto-finalizer-controls-v3' '1' '1' '0' '1' '1'
+ LUA_PATH='/workspaces/lj-lockless/src/?.lua;/workspaces/lj-lockless/tests/lib/?.lua;;' RETENTION_JIT='0' timeout '25s' '/tmp/lj-gc-auto-control-root-20260905-au933s3w/canonical-tmp/lj_t-auto-finalizer-controls-v3' '1' '1' '1' '0' '1'
ERROR in finalizer: intentional outer finalizer error
+ LUA_PATH='/workspaces/lj-lockless/src/?.lua;/workspaces/lj-lockless/tests/lib/?.lua;;' RETENTION_JIT='0' timeout '25s' '/tmp/lj-gc-auto-control-root-20260905-au933s3w/canonical-tmp/lj_t-auto-finalizer-controls-v3' '1' '1' '1' '1' '1'
ERROR in finalizer: intentional outer finalizer error
+ LUA_PATH='/workspaces/lj-lockless/tests/lib/?.lua;/workspaces/lj-lockless/src/?.lua;/workspaces/lj-lockless/src/jit/?.lua;;' RETENTION_JIT='0' timeout '40s' '/workspaces/lj-lockless/src/luajit' '-joff' '/workspaces/lj-lockless/tests/t-m8-finalizer-spawn-live.lua'
+ LUA_PATH='/workspaces/lj-lockless/tests/lib/?.lua;/workspaces/lj-lockless/src/?.lua;/workspaces/lj-lockless/src/jit/?.lua;;' RETENTION_JIT='0' timeout '40s' '/workspaces/lj-lockless/src/luajit' '/workspaces/lj-lockless/tests/t-m8-finalizer-spawn-live.lua'
+ LUA_PATH='/workspaces/lj-lockless/tests/lib/?.lua;/workspaces/lj-lockless/src/?.lua;/workspaces/lj-lockless/src/jit/?.lua;;' RETENTION_JIT='0' timeout '40s' '/workspaces/lj-lockless/src/luajit' '-joff' '/workspaces/lj-lockless/tests/t-finalizer-spawn-query-enabled.lua'
+ LUA_PATH='/workspaces/lj-lockless/tests/lib/?.lua;/workspaces/lj-lockless/src/?.lua;/workspaces/lj-lockless/src/jit/?.lua;;' RETENTION_JIT='0' timeout '40s' '/workspaces/lj-lockless/src/luajit' '/workspaces/lj-lockless/tests/t-finalizer-spawn-query-enabled.lua'
+ cc -std=gnu11 -O2 -Wall -Wextra -Werror -mcx16 -g -I'/workspaces/lj-lockless/src' '/workspaces/lj-lockless/tests/t-auto-controls-v2.c' '/workspaces/lj-lockless/src/libluajit.a' -Wl,-E -lm -ldl -pthread -Wl,--wrap=lj_native_enter -o '/tmp/lj-gc-auto-control-root-20260905-au933s3w/canonical-tmp/lj_t-auto-controls-v2'
+ LUA_PATH='/workspaces/lj-lockless/src/?.lua;/workspaces/lj-lockless/tests/lib/?.lua;;' RETENTION_JIT='0' timeout '50s' '/tmp/lj-gc-auto-control-root-20260905-au933s3w/canonical-tmp/lj_t-auto-controls-v2' '0' '0' '1' '0' '/workspaces/lj-lockless/tests/peer-control.lua' '/workspaces/lj-lockless/tests/control-boundaries.lua'
+ LUA_PATH='/workspaces/lj-lockless/src/?.lua;/workspaces/lj-lockless/tests/lib/?.lua;;' RETENTION_JIT='0' timeout '50s' '/tmp/lj-gc-auto-control-root-20260905-au933s3w/canonical-tmp/lj_t-auto-controls-v2' '0' '1' '1' '0' '/workspaces/lj-lockless/tests/peer-control.lua' '/workspaces/lj-lockless/tests/control-boundaries.lua'
+ LUA_PATH='/workspaces/lj-lockless/src/?.lua;/workspaces/lj-lockless/tests/lib/?.lua;;' RETENTION_JIT='0' timeout '50s' '/tmp/lj-gc-auto-control-root-20260905-au933s3w/canonical-tmp/lj_t-auto-controls-v2' '0' '2' '1' '0' '/workspaces/lj-lockless/tests/peer-control.lua' '/workspaces/lj-lockless/tests/control-boundaries.lua'
+ LUA_PATH='/workspaces/lj-lockless/src/?.lua;/workspaces/lj-lockless/tests/lib/?.lua;;' RETENTION_JIT='0' timeout '50s' '/tmp/lj-gc-auto-control-root-20260905-au933s3w/canonical-tmp/lj_t-auto-controls-v2' '0' '3' '1' '0' '/workspaces/lj-lockless/tests/peer-control.lua' '/workspaces/lj-lockless/tests/control-boundaries.lua'
+ LUA_PATH='/workspaces/lj-lockless/src/?.lua;/workspaces/lj-lockless/tests/lib/?.lua;;' RETENTION_JIT='0' timeout '50s' '/tmp/lj-gc-auto-control-root-20260905-au933s3w/canonical-tmp/lj_t-auto-controls-v2' '0' '4' '1' '0' '/workspaces/lj-lockless/tests/peer-control.lua' '/workspaces/lj-lockless/tests/control-boundaries.lua'
+ LUA_PATH='/workspaces/lj-lockless/src/?.lua;/workspaces/lj-lockless/tests/lib/?.lua;;' RETENTION_JIT='0' timeout '50s' '/tmp/lj-gc-auto-control-root-20260905-au933s3w/canonical-tmp/lj_t-auto-controls-v2' '0' '5' '1' '0' '/workspaces/lj-lockless/tests/peer-control.lua' '/workspaces/lj-lockless/tests/control-boundaries.lua'
+ LUA_PATH='/workspaces/lj-lockless/src/?.lua;/workspaces/lj-lockless/tests/lib/?.lua;;' RETENTION_JIT='0' timeout '50s' '/tmp/lj-gc-auto-control-root-20260905-au933s3w/canonical-tmp/lj_t-auto-controls-v2' '1' '0' '0' '0' '/workspaces/lj-lockless/tests/peer-control.lua' '/workspaces/lj-lockless/tests/control-boundaries.lua'
+ LUA_PATH='/workspaces/lj-lockless/src/?.lua;/workspaces/lj-lockless/tests/lib/?.lua;;' RETENTION_JIT='0' timeout '50s' '/tmp/lj-gc-auto-control-root-20260905-au933s3w/canonical-tmp/lj_t-auto-controls-v2' '1' '0' '1' '0' '/workspaces/lj-lockless/tests/peer-control.lua' '/workspaces/lj-lockless/tests/control-boundaries.lua'
+ LUA_PATH='/workspaces/lj-lockless/src/?.lua;/workspaces/lj-lockless/tests/lib/?.lua;;' RETENTION_JIT='0' timeout '50s' '/tmp/lj-gc-auto-control-root-20260905-au933s3w/canonical-tmp/lj_t-auto-controls-v2' '3' '0' '0' '0' '/workspaces/lj-lockless/tests/peer-control.lua' '/workspaces/lj-lockless/tests/control-boundaries.lua'
+ LUA_PATH='/workspaces/lj-lockless/src/?.lua;/workspaces/lj-lockless/tests/lib/?.lua;;' RETENTION_JIT='0' timeout '50s' '/tmp/lj-gc-auto-control-root-20260905-au933s3w/canonical-tmp/lj_t-auto-controls-v2' '3' '0' '1' '0' '/workspaces/lj-lockless/tests/peer-control.lua' '/workspaces/lj-lockless/tests/control-boundaries.lua'
+ LUA_PATH='/workspaces/lj-lockless/src/?.lua;/workspaces/lj-lockless/tests/lib/?.lua;;' RETENTION_JIT='0' timeout '50s' '/tmp/lj-gc-auto-control-root-20260905-au933s3w/canonical-tmp/lj_t-auto-controls-v2' '4' '0' '0' '0' '/workspaces/lj-lockless/tests/peer-control.lua' '/workspaces/lj-lockless/tests/control-boundaries.lua'
+ LUA_PATH='/workspaces/lj-lockless/src/?.lua;/workspaces/lj-lockless/tests/lib/?.lua;;' RETENTION_JIT='0' timeout '50s' '/tmp/lj-gc-auto-control-root-20260905-au933s3w/canonical-tmp/lj_t-auto-controls-v2' '4' '0' '1' '0' '/workspaces/lj-lockless/tests/peer-control.lua' '/workspaces/lj-lockless/tests/control-boundaries.lua'
+ LUA_PATH='/workspaces/lj-lockless/src/?.lua;/workspaces/lj-lockless/tests/lib/?.lua;;' RETENTION_JIT='0' timeout '50s' '/tmp/lj-gc-auto-control-root-20260905-au933s3w/canonical-tmp/lj_t-auto-controls-v2' '2' '0' '1' '0' '/workspaces/lj-lockless/tests/peer-control.lua' '/workspaces/lj-lockless/tests/control-boundaries.lua'
ok m3_gc2_auto_control
