-1,cpu=0.002440,phase=0,cycle=1,grey=0,ssb_pub=114,ssb_drain=114,assist=0,assist_grey=0,assist_ssb=0,marks=0,recovery=0,asize=0,hmask=0
recovery_detail,total=0,huge=0,main_state=0,published=0,redirtied=0,drained=0,failed=0,pending_tables=0,worker_grey=0,worker_ssb=0
250,cpu=0.002838,phase=0,cycle=1,grey=0,ssb_pub=114,ssb_drain=114,assist=0,assist_grey=0,assist_ssb=0,marks=16,recovery=0,asize=0,hmask=255
recovery_detail,total=0,huge=0,main_state=0,published=0,redirtied=0,drained=0,failed=0,pending_tables=1,worker_grey=0,worker_ssb=0
500,cpu=0.003195,phase=0,cycle=1,grey=0,ssb_pub=114,ssb_drain=114,assist=0,assist_grey=0,assist_ssb=0,marks=18,recovery=0,asize=0,hmask=511
recovery_detail,total=0,huge=0,main_state=0,published=0,redirtied=0,drained=0,failed=0,pending_tables=1,worker_grey=0,worker_ssb=0
750,cpu=0.003587,phase=0,cycle=1,grey=0,ssb_pub=114,ssb_drain=114,assist=0,assist_grey=0,assist_ssb=0,marks=20,recovery=0,asize=0,hmask=1023
recovery_detail,total=0,huge=0,main_state=0,published=0,redirtied=0,drained=0,failed=0,pending_tables=1,worker_grey=0,worker_ssb=0
1000,cpu=0.003917,phase=0,cycle=1,grey=0,ssb_pub=114,ssb_drain=114,assist=0,assist_grey=0,assist_ssb=0,marks=20,recovery=0,asize=0,hmask=1023
recovery_detail,total=0,huge=0,main_state=0,published=0,redirtied=0,drained=0,failed=0,pending_tables=1,worker_grey=0,worker_ssb=0
1250,cpu=0.006609,phase=0,cycle=2,grey=0,ssb_pub=2194,ssb_drain=2194,assist=0,assist_grey=0,assist_ssb=0,marks=1,recovery=0,asize=0,hmask=2047
recovery_detail,total=0,huge=0,main_state=0,published=1085,redirtied=0,drained=1085,failed=0,pending_tables=1,worker_grey=0,worker_ssb=0
1500,cpu=0.006922,phase=0,cycle=2,grey=0,ssb_pub=2194,ssb_drain=2194,assist=0,assist_grey=0,assist_ssb=0,marks=1,recovery=0,asize=0,hmask=2047
recovery_detail,total=0,huge=0,main_state=0,published=1085,redirtied=0,drained=1085,failed=0,pending_tables=1,worker_grey=0,worker_ssb=0
1750,cpu=0.007229,phase=0,cycle=2,grey=0,ssb_pub=2194,ssb_drain=2194,assist=0,assist_grey=0,assist_ssb=0,marks=1,recovery=0,asize=0,hmask=2047
recovery_detail,total=0,huge=0,main_state=0,published=1085,redirtied=0,drained=1085,failed=0,pending_tables=1,worker_grey=0,worker_ssb=0
2000,cpu=0.007651,phase=0,cycle=2,grey=0,ssb_pub=2194,ssb_drain=2194,assist=0,assist_grey=0,assist_ssb=0,marks=1,recovery=0,asize=0,hmask=2047
recovery_detail,total=0,huge=0,main_state=0,published=1085,redirtied=0,drained=1085,failed=0,pending_tables=1,worker_grey=0,worker_ssb=0
2250,cpu=0.008067,phase=0,cycle=2,grey=0,ssb_pub=2194,ssb_drain=2194,assist=0,assist_grey=0,assist_ssb=0,marks=3,recovery=0,asize=0,hmask=4095
recovery_detail,total=0,huge=0,main_state=0,published=1085,redirtied=0,drained=1085,failed=0,pending_tables=1,worker_grey=0,worker_ssb=0
2500,cpu=0.008378,phase=0,cycle=2,grey=0,ssb_pub=2194,ssb_drain=2194,assist=0,assist_grey=0,assist_ssb=0,marks=3,recovery=0,asize=0,hmask=4095
recovery_detail,total=0,huge=0,main_state=0,published=1085,redirtied=0,drained=1085,failed=0,pending_tables=1,worker_grey=0,worker_ssb=0
2750,cpu=0.008686,phase=0,cycle=2,grey=0,ssb_pub=2194,ssb_drain=2194,assist=0,assist_grey=0,assist_ssb=0,marks=3,recovery=0,asize=0,hmask=4095
recovery_detail,total=0,huge=0,main_state=0,published=1085,redirtied=0,drained=1085,failed=0,pending_tables=1,worker_grey=0,worker_ssb=0
3000,cpu=0.009031,phase=0,cycle=2,grey=0,ssb_pub=2194,ssb_drain=2194,assist=0,assist_grey=0,assist_ssb=0,marks=3,recovery=0,asize=0,hmask=4095
recovery_detail,total=0,huge=0,main_state=0,published=1085,redirtied=0,drained=1085,failed=0,pending_tables=1,worker_grey=0,worker_ssb=0
3250,cpu=0.009337,phase=0,cycle=2,grey=0,ssb_pub=2194,ssb_drain=2194,assist=0,assist_grey=0,assist_ssb=0,marks=3,recovery=0,asize=0,hmask=4095
recovery_detail,total=0,huge=0,main_state=0,published=1085,redirtied=0,drained=1085,failed=0,pending_tables=1,worker_grey=0,worker_ssb=0
3500,cpu=0.009639,phase=0,cycle=2,grey=0,ssb_pub=2194,ssb_drain=2194,assist=0,assist_grey=0,assist_ssb=0,marks=3,recovery=0,asize=0,hmask=4095
recovery_detail,total=0,huge=0,main_state=0,published=1085,redirtied=0,drained=1085,failed=0,pending_tables=1,worker_grey=0,worker_ssb=0
3750,cpu=0.009955,phase=0,cycle=2,grey=0,ssb_pub=2194,ssb_drain=2194,assist=0,assist_grey=0,assist_ssb=0,marks=3,recovery=0,asize=0,hmask=4095
recovery_detail,total=0,huge=0,main_state=0,published=1085,redirtied=0,drained=1085,failed=0,pending_tables=1,worker_grey=0,worker_ssb=0
4000,cpu=0.010330,phase=0,cycle=2,grey=0,ssb_pub=2194,ssb_drain=2194,assist=0,assist_grey=0,assist_ssb=0,marks=3,recovery=0,asize=0,hmask=4095
recovery_detail,total=0,huge=0,main_state=0,published=1085,redirtied=0,drained=1085,failed=0,pending_tables=1,worker_grey=0,worker_ssb=0
4250,cpu=0.220322,phase=3,cycle=3,grey=0,ssb_pub=7346,ssb_drain=7346,assist=0,assist_grey=0,assist_ssb=0,marks=1,recovery=3194,asize=0,hmask=8191
recovery_detail,total=3194,huge=0,main_state=0,published=7042,redirtied=0,drained=3848,failed=0,pending_tables=1,worker_grey=0,worker_ssb=0
key_sample,node=251,gct=4,len=5,recovery=1,lifetime=1,ready=1,late=0,mark=1,root=0
key_sample,node=252,gct=4,len=5,recovery=1,lifetime=1,ready=1,late=0,mark=1,root=0
key_sample,node=253,gct=4,len=5,recovery=1,lifetime=1,ready=1,late=0,mark=1,root=0
key_sample,node=254,gct=4,len=5,recovery=1,lifetime=1,ready=1,late=0,mark=1,root=0
key_sample,node=255,gct=4,len=5,recovery=1,lifetime=1,ready=1,late=0,mark=1,root=0
key_sample_done,scanned_nodes=256,printed=5
4500,cpu=0.857972,phase=3,cycle=3,grey=0,ssb_pub=16562,ssb_drain=16562,assist=0,assist_grey=0,assist_ssb=0,marks=1,recovery=3455,asize=0,hmask=8191
recovery_detail,total=3455,huge=0,main_state=0,published=10375,redirtied=0,drained=6920,failed=0,pending_tables=1,worker_grey=0,worker_ssb=0
4750,cpu=1.306127,phase=3,cycle=3,grey=0,ssb_pub=23730,ssb_drain=22706,assist=0,assist_grey=0,assist_ssb=0,marks=4,recovery=3643,asize=0,hmask=8191
recovery_detail,total=3643,huge=0,main_state=0,published=12611,redirtied=0,drained=8968,failed=0,pending_tables=1,worker_grey=0,worker_ssb=0
5000,cpu=2.010742,phase=3,cycle=3,grey=0,ssb_pub=31922,ssb_drain=31922,assist=0,assist_grey=0,assist_ssb=0,marks=5,recovery=3925,asize=0,hmask=8191
recovery_detail,total=3925,huge=0,main_state=0,published=15965,redirtied=0,drained=12040,failed=0,pending_tables=1,worker_grey=0,worker_ssb=0
5001,cpu=2.010753,phase=3,cycle=3,grey=0,ssb_pub=31922,ssb_drain=31922,assist=0,assist_grey=0,assist_ssb=0,marks=5,recovery=3925,asize=0,hmask=8191
recovery_detail,total=3925,huge=0,main_state=0,published=15965,redirtied=0,drained=12040,failed=0,pending_tables=1,worker_grey=0,worker_ssb=0
5002,cpu=2.147340,phase=0,cycle=4,grey=0,ssb_pub=36767,ssb_drain=36767,assist=0,assist_grey=0,assist_ssb=0,marks=0,recovery=0,asize=0,hmask=8191
recovery_detail,total=0,huge=0,main_state=0,published=22164,redirtied=0,drained=22164,failed=0,pending_tables=0,worker_grey=0,worker_ssb=0
