{"stage":"baseline","round":0,"explicit":0,"peer":1,"configured_workers":2,"strings":300,"raw_count":300,"local_credit":0,"peer_credit":0,"bytes":192606,"mask":511,"phase":0,"cycles":4,"major":4,"completed":4,"unlinked":26,"reclaimed":26,"mt_live":1,"n_workers":2,"worker_async":0,"worker_runs":86,"peer_checks":1,"filler_tables":0}
{"diagnostic":"baseline","round":0,"threshold":140737488355328,"mt_threshold":385200,"alloc_since":0,"trigger":385212,"hard":770424,"hard_check":770424,"local_total":0,"cycle_leader":0,"worker_active":0,"worker_busy":22,"jit_gate":1,"mark_resume":0,"mark_close_intent":0,"interp_hard":0,"assist_runs":0,"cycle_requests":4,"major_roots":12,"worker_started":2,"worker_exited":0,"worker_stop":0}
{"execution":"baseline","round":0,"jit_enabled":0,"jit_hard_checks":0}
{"stage":"after_churn","round":1,"explicit":0,"peer":1,"configured_workers":2,"strings":4396,"raw_count":4396,"local_credit":0,"peer_credit":0,"bytes":725214,"mask":8191,"phase":0,"cycles":4,"major":4,"completed":4,"unlinked":26,"reclaimed":26,"mt_live":1,"n_workers":2,"worker_async":0,"worker_runs":86,"peer_checks":1,"filler_tables":0}
{"diagnostic":"after_churn","round":1,"threshold":140737488355328,"mt_threshold":586946,"alloc_since":500708,"trigger":385212,"hard":770424,"hard_check":770424,"local_total":31900,"cycle_leader":1,"worker_active":0,"worker_busy":22,"jit_gate":1,"mark_resume":0,"mark_close_intent":0,"interp_hard":0,"assist_runs":0,"cycle_requests":5,"major_roots":12,"worker_started":2,"worker_exited":0,"worker_stop":0}
{"execution":"after_churn","round":1,"jit_enabled":0,"jit_hard_checks":0}
{"stage":"settled","round":1,"explicit":0,"peer":1,"configured_workers":2,"strings":4396,"raw_count":4396,"local_credit":0,"peer_credit":0,"bytes":728022,"mask":8191,"phase":0,"cycles":7,"major":7,"completed":7,"unlinked":26,"reclaimed":26,"mt_live":1,"n_workers":2,"worker_async":5338,"worker_runs":269,"peer_checks":2,"filler_tables":8192}
{"diagnostic":"settled","round":1,"threshold":1125030,"mt_threshold":1057806,"alloc_since":64480,"trigger":393216,"hard":786432,"hard_check":786432,"local_total":0,"cycle_leader":0,"worker_active":0,"worker_busy":1502,"jit_gate":1,"mark_resume":0,"mark_close_intent":0,"interp_hard":0,"assist_runs":0,"cycle_requests":7,"major_roots":21,"worker_started":2,"worker_exited":0,"worker_stop":0}
{"execution":"settled","round":1,"jit_enabled":0,"jit_hard_checks":0}
{"stage":"after_churn","round":2,"explicit":0,"peer":1,"configured_workers":2,"strings":8492,"raw_count":8492,"local_credit":0,"peer_credit":0,"bytes":1268726,"mask":16383,"phase":0,"cycles":7,"major":7,"completed":7,"unlinked":26,"reclaimed":26,"mt_live":1,"n_workers":2,"worker_async":5338,"worker_runs":269,"peer_checks":2,"filler_tables":8192}
{"diagnostic":"after_churn","round":2,"threshold":1125030,"mt_threshold":1088822,"alloc_since":573284,"trigger":393216,"hard":786432,"hard_check":786432,"local_total":31900,"cycle_leader":1,"worker_active":0,"worker_busy":1502,"jit_gate":1,"mark_resume":0,"mark_close_intent":0,"interp_hard":0,"assist_runs":0,"cycle_requests":8,"major_roots":21,"worker_started":2,"worker_exited":0,"worker_stop":0}
{"execution":"after_churn","round":2,"jit_enabled":0,"jit_hard_checks":0}
{"stage":"settled","round":2,"explicit":0,"peer":1,"configured_workers":2,"strings":8492,"raw_count":8492,"local_credit":0,"peer_credit":0,"bytes":1564558,"mask":16383,"phase":0,"cycles":10,"major":10,"completed":10,"unlinked":26,"reclaimed":26,"mt_live":1,"n_workers":2,"worker_async":18146,"worker_runs":1073,"peer_checks":3,"filler_tables":20480}
{"diagnostic":"settled","round":2,"threshold":1961046,"mt_threshold":1531902,"alloc_since":425880,"trigger":393216,"hard":786432,"hard_check":786432,"local_total":0,"cycle_leader":0,"worker_active":0,"worker_busy":14740,"jit_gate":1,"mark_resume":0,"mark_close_intent":0,"interp_hard":0,"assist_runs":0,"cycle_requests":10,"major_roots":30,"worker_started":2,"worker_exited":0,"worker_stop":0}
{"execution":"settled","round":2,"jit_enabled":0,"jit_hard_checks":0}
{"stage":"after_churn","round":3,"explicit":0,"peer":1,"configured_workers":2,"strings":12588,"raw_count":12588,"local_credit":0,"peer_credit":0,"bytes":1974158,"mask":16383,"phase":0,"cycles":10,"major":10,"completed":10,"unlinked":26,"reclaimed":26,"mt_live":1,"n_workers":2,"worker_async":18146,"worker_runs":1073,"peer_checks":3,"filler_tables":20480}
{"diagnostic":"after_churn","round":3,"threshold":1961046,"mt_threshold":1597358,"alloc_since":819480,"trigger":393216,"hard":786432,"hard_check":1343768,"local_total":16000,"cycle_leader":1,"worker_active":0,"worker_busy":14740,"jit_gate":1,"mark_resume":0,"mark_close_intent":0,"interp_hard":0,"assist_runs":0,"cycle_requests":11,"major_roots":30,"worker_started":2,"worker_exited":0,"worker_stop":0}
{"execution":"after_churn","round":3,"jit_enabled":0,"jit_hard_checks":0}
{"stage":"settled","round":3,"explicit":0,"peer":1,"configured_workers":2,"strings":12588,"raw_count":12588,"local_credit":0,"peer_credit":0,"bytes":1612758,"mask":16383,"phase":0,"cycles":13,"major":13,"completed":13,"unlinked":26,"reclaimed":26,"mt_live":1,"n_workers":2,"worker_async":23574,"worker_runs":1340,"peer_checks":4,"filler_tables":28672}
{"diagnostic":"settled","round":3,"threshold":2009766,"mt_threshold":1942542,"alloc_since":64480,"trigger":393216,"hard":786432,"hard_check":786432,"local_total":0,"cycle_leader":0,"worker_active":0,"worker_busy":16233,"jit_gate":1,"mark_resume":0,"mark_close_intent":0,"interp_hard":0,"assist_runs":0,"cycle_requests":13,"major_roots":39,"worker_started":2,"worker_exited":0,"worker_stop":0}
{"execution":"settled","round":3,"jit_enabled":0,"jit_hard_checks":0}
{"stage":"after_churn","round":4,"explicit":0,"peer":1,"configured_workers":2,"strings":16684,"raw_count":16684,"local_credit":0,"peer_credit":0,"bytes":2284534,"mask":32767,"phase":0,"cycles":13,"major":13,"completed":13,"unlinked":26,"reclaimed":26,"mt_live":1,"n_workers":2,"worker_async":23574,"worker_runs":1340,"peer_checks":4,"filler_tables":28672}
{"diagnostic":"after_churn","round":4,"threshold":2009766,"mt_threshold":1973558,"alloc_since":704356,"trigger":393216,"hard":786432,"hard_check":786432,"local_total":31900,"cycle_leader":1,"worker_active":0,"worker_busy":16233,"jit_gate":1,"mark_resume":0,"mark_close_intent":0,"interp_hard":0,"assist_runs":0,"cycle_requests":14,"major_roots":39,"worker_started":2,"worker_exited":0,"worker_stop":0}
{"execution":"after_churn","round":4,"jit_enabled":0,"jit_hard_checks":0}
{"stage":"settled","round":4,"explicit":0,"peer":1,"configured_workers":2,"strings":16684,"raw_count":16684,"local_credit":0,"peer_credit":0,"bytes":2514830,"mask":32767,"phase":0,"cycles":16,"major":16,"completed":16,"unlinked":26,"reclaimed":26,"mt_live":1,"n_workers":2,"worker_async":35961,"worker_runs":1736,"peer_checks":5,"filler_tables":40960}
{"diagnostic":"settled","round":4,"threshold":2911318,"mt_threshold":2482174,"alloc_since":425880,"trigger":393216,"hard":786432,"hard_check":786432,"local_total":0,"cycle_leader":0,"worker_active":0,"worker_busy":29471,"jit_gate":1,"mark_resume":0,"mark_close_intent":0,"interp_hard":0,"assist_runs":0,"cycle_requests":16,"major_roots":48,"worker_started":2,"worker_exited":0,"worker_stop":0}
{"execution":"settled","round":4,"jit_enabled":0,"jit_hard_checks":0}
{"stage":"after_churn","round":5,"explicit":0,"peer":1,"configured_workers":2,"strings":20780,"raw_count":20780,"local_credit":0,"peer_credit":0,"bytes":2924430,"mask":32767,"phase":0,"cycles":16,"major":16,"completed":16,"unlinked":26,"reclaimed":26,"mt_live":1,"n_workers":2,"worker_async":35961,"worker_runs":1736,"peer_checks":5,"filler_tables":40960}
{"diagnostic":"after_churn","round":5,"threshold":2911318,"mt_threshold":2547630,"alloc_since":819480,"trigger":393216,"hard":786432,"hard_check":1343768,"local_total":16000,"cycle_leader":1,"worker_active":0,"worker_busy":29471,"jit_gate":1,"mark_resume":0,"mark_close_intent":0,"interp_hard":0,"assist_runs":0,"cycle_requests":17,"major_roots":48,"worker_started":2,"worker_exited":0,"worker_stop":0}
{"execution":"after_churn","round":5,"jit_enabled":0,"jit_hard_checks":0}
{"stage":"settled","round":5,"explicit":0,"peer":1,"configured_workers":2,"strings":20780,"raw_count":20780,"local_credit":0,"peer_credit":0,"bytes":2891670,"mask":32767,"phase":0,"cycles":19,"major":19,"completed":19,"unlinked":26,"reclaimed":26,"mt_live":1,"n_workers":2,"worker_async":54698,"worker_runs":2268,"peer_checks":6,"filler_tables":53248}
{"diagnostic":"settled","round":5,"threshold":3320398,"mt_threshold":2924534,"alloc_since":393120,"trigger":393216,"hard":786432,"hard_check":786432,"local_total":0,"cycle_leader":0,"worker_active":0,"worker_busy":48299,"jit_gate":1,"mark_resume":0,"mark_close_intent":0,"interp_hard":0,"assist_runs":0,"cycle_requests":19,"major_roots":57,"worker_started":2,"worker_exited":0,"worker_stop":0}
{"execution":"settled","round":5,"jit_enabled":0,"jit_hard_checks":0}
{"stage":"after_churn","round":6,"explicit":0,"peer":1,"configured_workers":2,"strings":24876,"raw_count":24876,"local_credit":0,"peer_credit":0,"bytes":3301270,"mask":32767,"phase":0,"cycles":19,"major":19,"completed":19,"unlinked":26,"reclaimed":26,"mt_live":1,"n_workers":2,"worker_async":54698,"worker_runs":2268,"peer_checks":6,"filler_tables":53248}
{"diagnostic":"after_churn","round":6,"threshold":3320398,"mt_threshold":2924470,"alloc_since":786720,"trigger":393216,"hard":786432,"hard_check":1311008,"local_total":16000,"cycle_leader":1,"worker_active":0,"worker_busy":48299,"jit_gate":1,"mark_resume":0,"mark_close_intent":0,"interp_hard":0,"assist_runs":0,"cycle_requests":20,"major_roots":57,"worker_started":2,"worker_exited":0,"worker_stop":0}
{"execution":"after_churn","round":6,"jit_enabled":0,"jit_hard_checks":0}
{"stage":"settled","round":6,"explicit":0,"peer":1,"configured_workers":2,"strings":24876,"raw_count":24876,"local_credit":0,"peer_credit":0,"bytes":3301270,"mask":32767,"phase":0,"cycles":22,"major":22,"completed":22,"unlinked":26,"reclaimed":26,"mt_live":1,"n_workers":2,"worker_async":73220,"worker_runs":2825,"peer_checks":7,"filler_tables":65536}
{"diagnostic":"settled","round":6,"threshold":3729998,"mt_threshold":3334134,"alloc_since":393120,"trigger":393216,"hard":786432,"hard_check":786432,"local_total":0,"cycle_leader":0,"worker_active":0,"worker_busy":67039,"jit_gate":1,"mark_resume":0,"mark_close_intent":0,"interp_hard":0,"assist_runs":0,"cycle_requests":22,"major_roots":66,"worker_started":2,"worker_exited":0,"worker_stop":0}
{"execution":"settled","round":6,"jit_enabled":0,"jit_hard_checks":0}
{"stage":"sole_main_recovered","round":6,"explicit":0,"peer":1,"configured_workers":2,"strings":300,"raw_count":300,"local_credit":0,"peer_credit":0,"bytes":450614,"mask":32767,"phase":0,"cycles":24,"major":24,"completed":24,"unlinked":24602,"reclaimed":24602,"mt_live":0,"n_workers":0,"worker_async":73220,"worker_runs":5810,"peer_checks":8,"filler_tables":65536}
{"diagnostic":"sole_main_recovered","round":6,"threshold":901200,"mt_threshold":3334134,"alloc_since":0,"trigger":393216,"hard":786432,"hard_check":786432,"local_total":0,"cycle_leader":0,"worker_active":0,"worker_busy":67043,"jit_gate":1,"mark_resume":0,"mark_close_intent":0,"interp_hard":0,"assist_runs":0,"cycle_requests":24,"major_roots":72,"worker_started":2,"worker_exited":2,"worker_stop":1}
{"execution":"sole_main_recovered","round":6,"jit_enabled":0,"jit_hard_checks":0}
PASS rounds=6 batch=4096 payload=64 body_bytes=100 live=32 created_body_bytes=2457600 filler_tables=65536
