Breakpoint 1 at 0xba370: file lj_load.c, line 323.
[Thread debugging using libthread_db enabled]
Using host libthread_db library "/lib/x86_64-linux-gnu/libthread_db.so.1".

Breakpoint 1, luaL_loadstring (L=L@entry=0x7ffff7c90080, s=s@entry=0x5555556b7528 "_G.__xsa"...) at lj_load.c:323
323	  return luaL_loadbuffer(L, s, strlen(s), s);
$1 = (TValue *) 0x1
Hardware watchpoint 2: -location $stage_tg->ffi_xsave_root
Breakpoint 3 at 0x7ffff7cdb690

Breakpoint 3, 0x00007ffff7cdb690 in __assert_fail () from /lib/x86_64-linux-gnu/libc.so.6
trace exits: [((1, 0), 5), ((1, 3), 1), ((2, 0), 1), ((3, 0), 1), ((4, 0), 1), ((5, 0), 1), ((6, 0), 1), ((7, 0), 1), ((8, 0), 1), ((9, 0), 1), ((10, 0), 1), ((11, 0), 1), ((12, 0), 1), ((13, 0), 1), ((14, 0), 1), ((15, 0), 1), ((16, 0), 1), ((17, 0), 1), ((18, 0), 1), ((19, 0), 1), ((20, 0), 1), ((21, 0), 1), ((22, 0), 1), ((23, 0), 2), ((23, 2), 1), ((24, 0), 1), ((25, 0), 1), ((26, 0), 1), ((27, 0), 1), ((28, 0), 1), ((29, 0), 1), ((30, 0), 1), ((31, 0), 1), ((32, 0), 1), ((33, 0), 1), ((34, 0), 1), ((35, 0), 1), ((36, 0), 1), ((37, 0), 1), ((38, 0), 1), ((39, 0), 1), ((40, 0), 1), ((41, 0), 1), ((42, 0), 1), ((43, 0), 1), ((44, 0), 1), ((45, 0), 1), ((46, 0), 1), ((47, 0), 1), ((48, 0), 1), ((49, 0), 1), ((50, 0), 1), ((51, 0), 1), ((52, 0), 1), ((53, 0), 1), ((54, 0), 1), ((55, 0), 1), ((56, 0), 1), ((57, 0), 1), ((58, 0), 1), ((59, 0), 1), ((60, 0), 1), ((61, 0), 1), ((62, 0), 1), ((63, 0), 1), ((64, 0), 1), ((65, 1), 1), ((66, 0), 1), ((67, 0), 1), ((68, 0), 1), ((69, 0), 1), ((70, 0), 1), ((71, 0), 1), ((72, 0), 1), ((73, 0), 1), ((74, 0), 1), ((75, 0), 1), ((76, 0), 1), ((77, 0), 1), ((78, 0), 2), ((79, 0), 1), ((80, 0), 1), ((81, 0), 1), ((82, 0), 1), ((83, 0), 1), ((84, 0), 1), ((85, 0), 1), ((86, 0), 1), ((87, 0), 1), ((88, 0), 1), ((89, 0), 1), ((90, 0), 1), ((91, 0), 1), ((92, 0), 1), ((93, 0), 1), ((94, 0), 1), ((95, 0), 1), ((96, 0), 1), ((97, 0), 1), ((98, 0), 1), ((99, 0), 1), ((100, 0), 1), ((101, 0), 1), ((102, 0), 1), ((103, 0), 1), ((104, 1), 1), ((105, 1), 1), ((106, 1), 1), ((107, 1), 1), ((108, 1), 1), ((109, 1), 1), ((110, 1), 1), ((111, 1), 1), ((112, 1), 1), ((113, 1), 1), ((114, 1), 1), ((115, 1), 1), ((116, 1), 1), ((117, 1), 1), ((118, 1), 1), ((119, 1), 1), ((120, 1), 1), ((121, 1), 1), ((122, 1), 1), ((123, 1), 1), ((124, 1), 1), ((125, 1), 1), ((126, 1), 1), ((127, 1), 1), ((128, 1), 1), ((129, 1), 1), ((130, 1), 1), ((131, 1), 1), ((132, 1), 1), ((133, 1), 1), ((134, 1), 1), ((135, 1), 1), ((136, 1), 1), ((137, 1), 1), ((138, 1), 1), ((139, 1), 1), ((140, 1), 1), ((141, 1), 1), ((142, 1), 1), ((143, 1), 1), ((144, 1), 1), ((145, 1), 1), ((146, 1), 1), ((147, 1), 1), ((148, 1), 1), ((149, 1), 1), ((150, 1), 1), ((151, 1), 1), ((152, 1), 1), ((153, 1), 1), ((154, 1), 1), ((155, 1), 66)]
$2 = (TValue *) 0x1
$3 = 4294967295
$4 = 4294967295
$5 = 0
$6 = 0
$7 = (TValue *) 0x0
$8 = 3
$9 = 1
$10 = 0
$11 = 0
$12 = 1001
$13 = {gcptr64 = 140737348215872}
#0  0x00007ffff7cdb690 in __assert_fail () from /lib/x86_64-linux-gnu/libc.so.6
#1  0x000055555555ce29 in main () at /tmp/lj-callxs-callback-geometry-20260905-vgzqdmkx/base-assert/tests/t-jit-xsave.c:976
