== m6_jit_mt_activation_flush ==
+ LUA_PATH='/tmp/lj-ffi-owned-trace-20260905-pmxukjxp/canonical/tests/lib/?.lua;/tmp/lj-ffi-owned-trace-20260905-pmxukjxp/canonical/src/?.lua;/tmp/lj-ffi-owned-trace-20260905-pmxukjxp/canonical/src/jit/?.lua;;' timeout '20s' '/tmp/lj-ffi-owned-trace-20260905-pmxukjxp/canonical/src/luajit' '-e' 'local threading = require("threading")
local trace_count = require("jit_harness").trace_count

jit.flush()
jit.opt.start("hotloop=1", "hotexit=1", "maxtrace=8")
local function hot(n)
  local s = 0
  for i = 1, n do s = s + i end
  return s
end
for _ = 1, 20 do assert(hot(80) == 3240) end
assert(trace_count(200) > 0, "pre-MT loop did not trace")

local worker = threading.spawn(function() return true end)
assert(({ worker:join(5) })[1] == true)
assert(trace_count(200) == 0, "first thread activation did not flush traces")

-- mt_active remains sticky after the worker generation. Exercise more full
-- flush generations than the deliberately tiny trace namespace: retired slots
-- must age through the safepoint grace period and become reusable instead of
-- accumulating forever between worker generations.
for round = 1, 24 do
  for _ = 1, 4 do assert(hot(80) == 3240) end
  assert(trace_count(32) > 0,
         "sticky-MT trace namespace exhausted at churn round " .. round)
  jit.flush()
end
'
ok m6_jit_mt_activation_flush
