== m6_jit_xbar_xpoll ==
+ LUA_PATH='/tmp/lj-ffi-owned-trace-20260905-pmxukjxp/canonical/tests/lib/?.lua;/tmp/lj-ffi-owned-trace-20260905-pmxukjxp/canonical/src/?.lua;/tmp/lj-ffi-owned-trace-20260905-pmxukjxp/canonical/src/jit/?.lua;;' '/tmp/lj-ffi-owned-trace-20260905-pmxukjxp/canonical/src/luajit' '-e' 'local ffi = require("ffi")
local threading = require("threading")
local util = require("jit.util")
local dst = ffi.new("uint8_t[512]")
local src = ffi.new("uint8_t[512]")
jit.opt.start("hotloop=1", "hotexit=1")
assert(threading.gcworkers(1) == 0)
for i = 1, 80 do ffi.copy(dst, src, 512) end
assert(util.traceinfo(1), "FFI copy loop did not trace")
assert(threading.gcworkers(0) == 1)
'
+ LUA_PATH='/tmp/lj-ffi-owned-trace-20260905-pmxukjxp/canonical/tests/lib/?.lua;/tmp/lj-ffi-owned-trace-20260905-pmxukjxp/canonical/src/?.lua;/tmp/lj-ffi-owned-trace-20260905-pmxukjxp/canonical/src/jit/?.lua;;' '/tmp/lj-ffi-owned-trace-20260905-pmxukjxp/canonical/src/luajit' '-e' 'local ffi = require("ffi")
local threading = require("threading")
local util = require("jit.util")
local a = ffi.new("int[256]")
jit.opt.start("hotloop=1", "hotexit=1")
local s = 0
assert(threading.gcworkers(1) == 0)
for i = 1, 120 do s = s + a[i % 128] end
assert(s == 0)
assert(not util.traceinfo(1),
       "runtime-shared cdata bypassed MT trace safety gate")
assert(threading.gcworkers(0) == 1)
'
+ LUA_PATH='/tmp/lj-ffi-owned-trace-20260905-pmxukjxp/canonical/tests/lib/?.lua;/tmp/lj-ffi-owned-trace-20260905-pmxukjxp/canonical/src/?.lua;/tmp/lj-ffi-owned-trace-20260905-pmxukjxp/canonical/src/jit/?.lua;;' '/tmp/lj-ffi-owned-trace-20260905-pmxukjxp/canonical/src/luajit' '-e' 'local ffi = require("ffi")
local threading = require("threading")
local util = require("jit.util")
ffi.cdef("typedef struct { double x, y; } xpoll_point_t;")
local p = ffi.new("xpoll_point_t", 1, 2)
jit.opt.start("hotloop=1", "hotexit=1")
local s = 0
assert(threading.gcworkers(1) == 0)
for i = 1, 120 do
  p.x = p.x + 1
  s = s + p.y
end
assert(s == 240 and p.x == 121)
assert(not util.traceinfo(1),
       "runtime-shared cdata bypassed MT trace safety gate")
assert(threading.gcworkers(0) == 1)
'
+ LUA_PATH='/tmp/lj-ffi-owned-trace-20260905-pmxukjxp/canonical/tests/lib/?.lua;/tmp/lj-ffi-owned-trace-20260905-pmxukjxp/canonical/src/?.lua;/tmp/lj-ffi-owned-trace-20260905-pmxukjxp/canonical/src/jit/?.lua;;' '/tmp/lj-ffi-owned-trace-20260905-pmxukjxp/canonical/src/luajit' '-e' 'local ffi = require("ffi")
local threading = require("threading")
local util = require("jit.util")
local a = ffi.new("int[256]")
jit.opt.start("hotloop=1", "hotexit=1")
assert(threading.gcworkers(1) == 0)
for i = 1, 120 do a[i % 128] = i end
assert(a[119 % 128] == 119)
assert(not util.traceinfo(1),
       "runtime-shared cdata bypassed MT trace safety gate")
assert(threading.gcworkers(0) == 1)
'
+ LUA_PATH='/tmp/lj-ffi-owned-trace-20260905-pmxukjxp/canonical/tests/lib/?.lua;/tmp/lj-ffi-owned-trace-20260905-pmxukjxp/canonical/src/?.lua;/tmp/lj-ffi-owned-trace-20260905-pmxukjxp/canonical/src/jit/?.lua;;' '/tmp/lj-ffi-owned-trace-20260905-pmxukjxp/canonical/src/luajit' '-e' 'local threading = require("threading")
local util = require("jit.util")
jit.flush()
jit.opt.start("hotloop=1", "hotexit=1")
local t = { 1, 2, 3 }
local s = 0
assert(threading.gcworkers(1) == 0)
for _ = 1, 80 do s = s + #t end
assert(s == 240)
assert(util.traceinfo(1), "table length loop did not trace")
assert(threading.gcworkers(0) == 1)
'
== m5_jit_hash_store_nyi ==
fatal: not a git repository (or any of the parent directories): .git
fatal: not a git repository (or any of the parent directories): .git
+ LUA_PATH='/tmp/lj-ffi-owned-trace-20260905-pmxukjxp/canonical/tests/lib/?.lua;/tmp/lj-ffi-owned-trace-20260905-pmxukjxp/canonical/src/?.lua;/tmp/lj-ffi-owned-trace-20260905-pmxukjxp/canonical/src/jit/?.lua;;' '/tmp/lj-ffi-owned-trace-20260905-pmxukjxp/canonical/src/luajit' '-e' 'local trace_count = require("jit_harness").trace_count

jit.flush()
jit.opt.start("hotloop=1", "hotexit=1")
local h = { stable = 0 }
for i = 1, 200 do
  h.stable = i
end
assert(h.stable == 200)
assert(trace_count(200) > 0, "existing hash table store did not trace")

jit.flush()
jit.opt.start("hotloop=1", "hotexit=1")
local a = { 0 }
for i = 1, 200 do
  a[1] = i
end
assert(a[1] == 200)
assert(trace_count(200) > 0, "existing array table store did not trace")

jit.flush()
jit.opt.start("hotloop=1", "hotexit=1")
local hn = {}
for i = 1, 200 do
  hn["k" .. i] = i
end
assert(hn.k200 == 200)
assert(trace_count(200) > 0, "new string hash table store did not trace")

jit.flush()
jit.opt.start("hotloop=1", "hotexit=1")
local function array_insert(n)
  local out = { 0 }
  for i = 1, n do
    local an = {}
    an[1] = i
    out = an
  end
  return out
end
local an = array_insert(80)
assert(an[1] == 80)
assert(trace_count(200) > 0, "fresh array slot table store did not trace")
'
ok m5_jit_hash_store_nyi
ok m6_jit_xbar_xpoll
