compile-t-gc2-sweep-table-coalescing 0 0.36
t-gc2-sweep-table-coalescing 0 0.179
compile-t-gc2-traverse 0 3.433
t-gc2-traverse 0 0.359
compile-t-x64-tnew-empty-inline 0 0.434
t-x64-tnew-empty-inline 0 0.028
compile-t-jit-fnew-bump 0 1.003
t-jit-fnew-bump 0 0.167
compile-t-arena-huge-tail 0 0.285
t-arena-huge-tail 0 0.01
compile-t-meta-cdata-capture 0 0.309
t-meta-cdata-capture-basic 0 0.016
t-meta-cdata-capture-alias-source 0 0.016
t-meta-cdata-capture-alias-key 0 0.016
t-meta-cdata-capture-same-source-key 0 0.015
t-meta-cdata-capture-set-alias 0 0.015
t-meta-cdata-capture-retry-source 0 0.015
t-meta-cdata-capture-retry-key 0 0.016
t-meta-cdata-capture-retry-mt 0 0.015
t-meta-cdata-capture-retry-method 0 0.016
t-meta-cdata-capture-replace 0 0.015
t-meta-cdata-capture-growth 0 0.018
t-meta-cdata-capture-fail-growth 0 0.018
t-meta-cdata-capture-throw 0 0.015
compile-t-gc2-recovery 0 0.714
t-gc2-recovery 0 0.248
compile-t-gc2-table-store-guard 0 0.499
t-gc2-table-store-guard 0 0.074
compile-t-gc2-finreg-cdata-preclaim-roots 0 0.179
t-gc2-finreg-cdata-preclaim-roots 0 0.018
compile-t-gc2-finreg-udata-roots 0 0.174
t-gc2-finreg-udata-roots 0 0.011
compile-t-m8-ffi-weak-newindex 0 0.208
t-m8-ffi-weak-newindex 0 0.012
compile-t-m8-close-finalizers 0 0.152
t-m8-close-finalizers 0 0.015
compile-t-jit-root-abort-retire 0 0.251
t-jit-root-abort-retire 0 0.09
Fixture run complete asan
