compile-t-gc2-sweep-table-coalescing 0 0.388
t-gc2-sweep-table-coalescing 0 0.066
compile-t-gc2-traverse 0 2.302
t-gc2-traverse 0 0.155
compile-t-x64-tnew-empty-inline 0 0.407
t-x64-tnew-empty-inline 0 0.011
compile-t-jit-fnew-bump 0 0.749
t-jit-fnew-bump 0 0.067
compile-t-arena-huge-tail 0 0.211
t-arena-huge-tail 0 0.005
compile-t-meta-cdata-capture 0 0.223
t-meta-cdata-capture-basic 0 0.006
t-meta-cdata-capture-alias-source 0 0.006
t-meta-cdata-capture-alias-key 0 0.005
t-meta-cdata-capture-same-source-key 0 0.005
t-meta-cdata-capture-set-alias 0 0.006
t-meta-cdata-capture-retry-source 0 0.006
t-meta-cdata-capture-retry-key 0 0.005
t-meta-cdata-capture-retry-mt 0 0.006
t-meta-cdata-capture-retry-method 0 0.006
t-meta-cdata-capture-replace 0 0.005
t-meta-cdata-capture-growth 0 0.006
t-meta-cdata-capture-fail-growth 0 0.006
t-meta-cdata-capture-throw 0 0.005
compile-t-gc2-recovery 0 0.611
t-gc2-recovery 0 0.192
compile-t-gc2-table-store-guard 0 0.402
t-gc2-table-store-guard 0 0.027
compile-t-gc2-finreg-cdata-preclaim-roots 0 0.116
t-gc2-finreg-cdata-preclaim-roots 0 0.006
compile-t-gc2-finreg-udata-roots 0 0.112
t-gc2-finreg-udata-roots 0 0.004
compile-t-m8-ffi-weak-newindex 0 0.127
t-m8-ffi-weak-newindex 0 0.004
compile-t-m8-close-finalizers 0 0.102
t-m8-close-finalizers 0 0.005
compile-t-jit-root-abort-retire 0 0.2
t-jit-root-abort-retire 0 0.038
Fixture run complete strict
