make: Entering directory '/workspaces/lj-lockless/src'
make: Nothing to be done for 'default'.
make: Leaving directory '/workspaces/lj-lockless/src'
cache-authority	function	wrong	root	warm	2	6	helpers	2	old-exits	2	0	ok	true	effects	39	slots	17	41	73
comparison-probe	wrong	1	0	1	1	1	0	0	5
cache-authority	function	wrong	side	warm	2	6	helpers	2	old-exits	0	2	ok	true	effects	80	slots	17	41	73
comparison-probe	wrong	1	0	1	1	1	0	0	5
cache-authority	read	wrong	root	warm	2	6	helpers	2	old-exits	2	0	ok	true	effects	39	slots	17	41	73
comparison-probe	wrong	1	0	1	1	1	0	0	5
cache-authority	read	wrong	side	warm	2	6	helpers	2	old-exits	0	2	ok	true	effects	80	slots	17	41	73
comparison-probe	wrong	1	0	1	1	1	0	0	5
cache-authority	write	wrong	root	warm	2	6	helpers	2	old-exits	2	0	ok	true	effects	39	slots	39	41	73
comparison-probe	wrong	1	0	1	1	1	0	0	5
cache-authority	write	wrong	side	warm	2	6	helpers	2	old-exits	0	2	ok	true	effects	80	slots	39	180	73
comparison-probe	wrong	1	0	1	1	1	0	0	5
cache-authority	function	null	root	warm	2	6	helpers	2	old-exits	2	0	ok	true	effects	39	slots	17	41	73
comparison-probe	null	1	0	1	1	1	0	0	5
cache-authority	function	null	side	warm	2	6	helpers	2	old-exits	0	2	ok	true	effects	80	slots	17	41	73
comparison-probe	null	1	0	1	1	1	0	0	5
cache-authority	read	null	root	warm	2	6	helpers	2	old-exits	2	0	ok	true	effects	39	slots	17	41	73
comparison-probe	null	1	0	1	1	1	0	0	5
cache-authority	read	null	side	warm	2	6	helpers	2	old-exits	0	2	ok	true	effects	80	slots	17	41	73
comparison-probe	null	1	0	1	1	1	0	0	5
cache-authority	write	null	root	warm	2	6	helpers	2	old-exits	2	0	ok	true	effects	39	slots	39	41	73
comparison-probe	null	1	0	1	1	1	0	0	5
cache-authority	write	null	side	warm	2	6	helpers	2	old-exits	0	2	ok	true	effects	80	slots	39	180	73
comparison-probe	null	1	0	1	1	1	0	0	5
cache-authority	function	smr	root	warm	2	6	helpers	2	old-exits	2	0	ok	true	effects	39	slots	17	41	73
comparison-probe	smr	1	0	1	1	1	1	0	5
cache-authority	function	smr	side	warm	2	6	helpers	2	old-exits	0	2	ok	true	effects	80	slots	17	41	73
comparison-probe	smr	1	0	1	1	1	1	0	5
cache-authority	read	smr	root	warm	2	6	helpers	2	old-exits	2	0	ok	true	effects	39	slots	17	41	73
comparison-probe	smr	1	0	1	1	1	1	0	5
cache-authority	read	smr	side	warm	2	6	helpers	2	old-exits	0	2	ok	true	effects	80	slots	17	41	73
comparison-probe	smr	1	0	1	1	1	1	0	5
cache-authority	write	smr	root	warm	2	6	helpers	2	old-exits	2	0	ok	true	effects	39	slots	39	41	73
comparison-probe	smr	1	0	1	1	1	1	0	5
cache-authority	write	smr	side	warm	2	6	helpers	2	old-exits	0	2	ok	true	effects	80	slots	39	180	73
comparison-probe	smr	1	0	1	1	1	1	0	5
gc-lifetime	after-warm	after-mutation	original-env-alive
cache-authority	function	gc	root	warm	2	6	helpers	2	old-exits	2	0	ok	true	effects	39	slots	17	41	73
comparison-probe	gc	1	1	1	1	1	1	1	5
gc-lifetime	after-warm	after-mutation	original-env-alive
cache-authority	function	gc	side	warm	2	6	helpers	2	old-exits	0	2	ok	true	effects	80	slots	17	41	73
comparison-probe	gc	1	1	1	1	1	1	1	5
gc-lifetime	after-warm	after-mutation	original-env-alive
cache-authority	read	gc	root	warm	2	6	helpers	2	old-exits	2	0	ok	true	effects	39	slots	17	41	73
comparison-probe	gc	1	1	1	1	1	1	1	5
gc-lifetime	after-warm	after-mutation	original-env-alive
cache-authority	read	gc	side	warm	2	6	helpers	2	old-exits	0	2	ok	true	effects	80	slots	17	41	73
comparison-probe	gc	1	1	1	1	1	1	1	5
gc-lifetime	after-warm	after-mutation	original-env-alive
cache-authority	write	gc	root	warm	2	6	helpers	2	old-exits	2	0	ok	true	effects	39	slots	39	41	73
comparison-probe	gc	1	1	1	1	1	1	1	5
gc-lifetime	after-warm	after-mutation	original-env-alive
cache-authority	write	gc	side	warm	2	6	helpers	2	old-exits	0	2	ok	true	effects	80	slots	39	180	73
comparison-probe	gc	1	1	1	1	1	1	1	5
gc-lifetime	after-warm	after-mutation	original-env-alive
cache-authority	function	flush	root	warm	2	6	helpers	2	old-exits	1	0	ok	true	effects	39	slots	17	41	73
comparison-probe	flush	1	1	1	1	1	0	1	5
gc-lifetime	after-warm	after-mutation	original-env-alive
cache-authority	function	flush	side	warm	2	6	helpers	2	old-exits	0	1	ok	true	effects	80	slots	17	41	73
comparison-probe	flush	1	1	1	1	1	0	1	5
gc-lifetime	after-warm	after-mutation	original-env-alive
cache-authority	read	flush	root	warm	2	6	helpers	2	old-exits	1	0	ok	true	effects	39	slots	17	41	73
comparison-probe	flush	1	1	1	1	1	0	1	5
gc-lifetime	after-warm	after-mutation	original-env-alive
cache-authority	read	flush	side	warm	2	6	helpers	2	old-exits	0	1	ok	true	effects	80	slots	17	41	73
comparison-probe	flush	1	1	1	1	1	0	1	5
gc-lifetime	after-warm	after-mutation	original-env-alive
cache-authority	write	flush	root	warm	2	6	helpers	2	old-exits	1	0	ok	true	effects	39	slots	39	41	73
comparison-probe	flush	1	1	1	1	1	0	1	5
gc-lifetime	after-warm	after-mutation	original-env-alive
cache-authority	write	flush	side	warm	2	6	helpers	2	old-exits	0	1	ok	true	effects	80	slots	39	180	73
comparison-probe	flush	1	1	1	1	1	0	1	5
retention-roots	function	root	on	cycles	1	retired-empty	true	weak-cdata	true
retention-native	function	root	helpers	2	old-exits	1	0	effects	1	status	1	clean	1	1	slots	17	41	73
retention-roots	function	side	on	cycles	1	retired-empty	true	weak-cdata	true
retention-native	function	side	helpers	2	old-exits	0	1	effects	40	status	1	clean	1	1	slots	17	41	73
retention-roots	read	root	on	cycles	1	retired-empty	true	weak-cdata	true
retention-native	read	root	helpers	2	old-exits	1	0	effects	1	status	1	clean	1	1	slots	17	41	73
retention-roots	read	side	on	cycles	1	retired-empty	true	weak-cdata	true
retention-native	read	side	helpers	2	old-exits	0	1	effects	40	status	1	clean	1	1	slots	17	41	73
retention-roots	write	root	on	cycles	1	retired-empty	true	weak-cdata	true
retention-native	write	root	helpers	2	old-exits	1	0	effects	1	status	1	clean	1	1	slots	17	41	73
retention-roots	write	side	on	cycles	1	retired-empty	true	weak-cdata	true
retention-native	write	side	helpers	2	old-exits	0	1	effects	40	status	1	clean	1	1	slots	39	41	73
retention-roots	function	root	off	cycles	1	retired-empty	true	weak-cdata	false
retention-roots	function	side	off	cycles	1	retired-empty	true	weak-cdata	false
retention-roots	read	root	off	cycles	1	retired-empty	true	weak-cdata	false
retention-roots	read	side	off	cycles	1	retired-empty	true	weak-cdata	false
retention-roots	write	root	off	cycles	1	retired-empty	true	weak-cdata	false
retention-roots	write	side	off	cycles	1	retired-empty	true	weak-cdata	false
make: Entering directory '/workspaces/lj-lockless/src'
rm -f luajit libluajit.a libluajit.so host/minilua host/buildvm lj_vm.S lj_bcdef.h lj_ffdef.h lj_libdef.h lj_recdef.h lj_folddef.h host/buildvm_arch.h luajit.h luajit_relver.txt jit/vmdef.lua *.o host/*.o *.obj *.lib *.exp *.dll *.exe *.manifest *.pdb *.ilk
make: Leaving directory '/workspaces/lj-lockless/src'
make: Entering directory '/workspaces/lj-lockless/src'
HOSTCC    host/minilua.o
HOSTCC    host/buildvm_asm.o
HOSTCC    host/buildvm_peobj.o
HOSTCC    host/buildvm_lib.o
HOSTCC    host/buildvm_fold.o
HOSTLINK  host/minilua
VERSION   luajit.h
DYNASM    host/buildvm_arch.h
CC        luajit.o
HOSTCC    host/buildvm.o
HOSTLINK  host/buildvm
BUILDVM   lj_vm.S
BUILDVM   lj_bcdef.h
BUILDVM   lj_ffdef.h
BUILDVM   lj_libdef.h
BUILDVM   lj_recdef.h
BUILDVM   lj_folddef.h
BUILDVM   jit/vmdef.lua
ASM       lj_vm.o
CC        lj_assert.o
CC        lj_gc.o
CC        lj_gc2.o
CC        lj_safepoint.o
CC        lj_err.o
CC        lj_char.o
CC        lj_bc.o
CC        lj_obj.o
CC        lj_buf.o
CC        lj_str.o
CC        lj_tab.o
CC        lj_func.o
CC        lj_udata.o
CC        lj_meta.o
CC        lj_debug.o
CC        lj_prng.o
CC        lj_state.o
CC        lj_dispatch.o
CC        lj_tg.o
CC        lj_thr.o
CC        lj_chan.o
CC        lj_arena.o
CC        lj_vmevent.o
CC        lj_vmmath.o
CC        lj_strscan.o
CC        lj_strfmt.o
CC        lj_strfmt_num.o
CC        lj_serialize.o
CC        lj_api.o
CC        lj_profile.o
CC        lj_lex.o
CC        lj_parse.o
CC        lj_bcread.o
CC        lj_bcwrite.o
CC        lj_load.o
CC        lj_ir.o
CC        lj_opt_mem.o
CC        lj_opt_fold.o
CC        lj_opt_narrow.o
CC        lj_opt_dce.o
CC        lj_opt_loop.o
CC        lj_opt_split.o
CC        lj_opt_sink.o
CC        lj_mcode.o
CC        lj_snap.o
CC        lj_record.o
CC        lj_crecord.o
CC        lj_ffrecord.o
CC        lj_asm.o
CC        lj_trace.o
CC        lj_gdbjit.o
CC        lj_ctype.o
CC        lj_cdata.o
CC        lj_cconv.o
CC        lj_ccall.o
CC        lj_ccallback.o
CC        lj_carith.o
CC        lj_clib.o
CC        lj_cparse.o
CC        lj_lib.o
CC        lj_alloc.o
CC        lib_aux.o
CC        lib_base.o
CC        lib_math.o
CC        lib_bit.o
CC        lib_string.o
CC        lib_table.o
CC        lib_io.o
CC        lib_os.o
CC        lib_package.o
CC        lib_debug.o
CC        lib_jit.o
CC        lib_ffi.o
CC        lib_buffer.o
CC        lib_threading.o
CC        lib_init.o
DYNASM    lj_vm_dyn.o
DYNCC     lj_assert_dyn.o
DYNCC     lj_gc_dyn.o
DYNCC     lj_gc2_dyn.o
DYNCC     lj_safepoint_dyn.o
DYNCC     lj_err_dyn.o
DYNCC     lj_char_dyn.o
DYNCC     lj_bc_dyn.o
DYNCC     lj_obj_dyn.o
DYNCC     lj_buf_dyn.o
DYNCC     lj_str_dyn.o
DYNCC     lj_tab_dyn.o
DYNCC     lj_func_dyn.o
DYNCC     lj_udata_dyn.o
DYNCC     lj_meta_dyn.o
DYNCC     lj_debug_dyn.o
DYNCC     lj_prng_dyn.o
DYNCC     lj_state_dyn.o
DYNCC     lj_dispatch_dyn.o
DYNCC     lj_tg_dyn.o
DYNCC     lj_thr_dyn.o
DYNCC     lj_chan_dyn.o
DYNCC     lj_arena_dyn.o
DYNCC     lj_vmevent_dyn.o
DYNCC     lj_vmmath_dyn.o
DYNCC     lj_strscan_dyn.o
DYNCC     lj_strfmt_dyn.o
DYNCC     lj_strfmt_num_dyn.o
DYNCC     lj_serialize_dyn.o
DYNCC     lj_api_dyn.o
DYNCC     lj_profile_dyn.o
DYNCC     lj_lex_dyn.o
DYNCC     lj_parse_dyn.o
DYNCC     lj_bcread_dyn.o
DYNCC     lj_bcwrite_dyn.o
DYNCC     lj_load_dyn.o
DYNCC     lj_ir_dyn.o
DYNCC     lj_opt_mem_dyn.o
DYNCC     lj_opt_fold_dyn.o
DYNCC     lj_opt_narrow_dyn.o
DYNCC     lj_opt_dce_dyn.o
DYNCC     lj_opt_loop_dyn.o
DYNCC     lj_opt_split_dyn.o
DYNCC     lj_opt_sink_dyn.o
DYNCC     lj_mcode_dyn.o
DYNCC     lj_snap_dyn.o
DYNCC     lj_record_dyn.o
DYNCC     lj_crecord_dyn.o
DYNCC     lj_ffrecord_dyn.o
DYNCC     lj_asm_dyn.o
DYNCC     lj_trace_dyn.o
DYNCC     lj_gdbjit_dyn.o
DYNCC     lj_ctype_dyn.o
DYNCC     lj_cdata_dyn.o
DYNCC     lj_cconv_dyn.o
DYNCC     lj_ccall_dyn.o
DYNCC     lj_ccallback_dyn.o
DYNCC     lj_carith_dyn.o
DYNCC     lj_clib_dyn.o
DYNCC     lj_cparse_dyn.o
DYNCC     lj_lib_dyn.o
DYNCC     lj_alloc_dyn.o
DYNCC     lib_aux_dyn.o
DYNCC     lib_base_dyn.o
DYNCC     lib_math_dyn.o
DYNCC     lib_bit_dyn.o
DYNCC     lib_string_dyn.o
DYNCC     lib_table_dyn.o
DYNCC     lib_io_dyn.o
DYNCC     lib_os_dyn.o
DYNCC     lib_package_dyn.o
DYNCC     lib_debug_dyn.o
DYNCC     lib_jit_dyn.o
DYNCC     lib_ffi_dyn.o
DYNCC     lib_buffer_dyn.o
DYNCC     lib_threading_dyn.o
DYNCC     lib_init_dyn.o
AR        libluajit.a
DYNLINK   libluajit.so
LINK      luajit
OK        Successfully built LuaJIT
make: Leaving directory '/workspaces/lj-lockless/src'
cache-authority	function	wrong	root	warm	2	6	helpers	2	old-exits	2	0	ok	true	effects	39	slots	17	41	73
comparison-probe	wrong	1	0	1	1	1	0	0	5
cache-authority	function	wrong	side	warm	2	6	helpers	2	old-exits	0	2	ok	true	effects	80	slots	17	41	73
comparison-probe	wrong	1	0	1	1	1	0	0	5
cache-authority	read	wrong	root	warm	2	6	helpers	2	old-exits	2	0	ok	true	effects	39	slots	17	41	73
comparison-probe	wrong	1	0	1	1	1	0	0	5
cache-authority	read	wrong	side	warm	2	6	helpers	2	old-exits	0	2	ok	true	effects	80	slots	17	41	73
comparison-probe	wrong	1	0	1	1	1	0	0	5
cache-authority	write	wrong	root	warm	2	6	helpers	2	old-exits	2	0	ok	true	effects	39	slots	39	41	73
comparison-probe	wrong	1	0	1	1	1	0	0	5
cache-authority	write	wrong	side	warm	2	6	helpers	2	old-exits	0	2	ok	true	effects	80	slots	39	180	73
comparison-probe	wrong	1	0	1	1	1	0	0	5
cache-authority	function	null	root	warm	2	6	helpers	2	old-exits	2	0	ok	true	effects	39	slots	17	41	73
comparison-probe	null	1	0	1	1	1	0	0	5
cache-authority	function	null	side	warm	2	6	helpers	2	old-exits	0	2	ok	true	effects	80	slots	17	41	73
comparison-probe	null	1	0	1	1	1	0	0	5
cache-authority	read	null	root	warm	2	6	helpers	2	old-exits	2	0	ok	true	effects	39	slots	17	41	73
comparison-probe	null	1	0	1	1	1	0	0	5
cache-authority	read	null	side	warm	2	6	helpers	2	old-exits	0	2	ok	true	effects	80	slots	17	41	73
comparison-probe	null	1	0	1	1	1	0	0	5
cache-authority	write	null	root	warm	2	6	helpers	2	old-exits	2	0	ok	true	effects	39	slots	39	41	73
comparison-probe	null	1	0	1	1	1	0	0	5
cache-authority	write	null	side	warm	2	6	helpers	2	old-exits	0	2	ok	true	effects	80	slots	39	180	73
comparison-probe	null	1	0	1	1	1	0	0	5
cache-authority	function	smr	root	warm	2	6	helpers	2	old-exits	2	0	ok	true	effects	39	slots	17	41	73
comparison-probe	smr	1	0	1	1	1	1	0	5
cache-authority	function	smr	side	warm	2	6	helpers	2	old-exits	0	2	ok	true	effects	80	slots	17	41	73
comparison-probe	smr	1	0	1	1	1	1	0	5
cache-authority	read	smr	root	warm	2	6	helpers	2	old-exits	2	0	ok	true	effects	39	slots	17	41	73
comparison-probe	smr	1	0	1	1	1	1	0	5
cache-authority	read	smr	side	warm	2	6	helpers	2	old-exits	0	2	ok	true	effects	80	slots	17	41	73
comparison-probe	smr	1	0	1	1	1	1	0	5
cache-authority	write	smr	root	warm	2	6	helpers	2	old-exits	2	0	ok	true	effects	39	slots	39	41	73
comparison-probe	smr	1	0	1	1	1	1	0	5
cache-authority	write	smr	side	warm	2	6	helpers	2	old-exits	0	2	ok	true	effects	80	slots	39	180	73
comparison-probe	smr	1	0	1	1	1	1	0	5
gc-lifetime	after-warm	after-mutation	original-env-alive
cache-authority	function	gc	root	warm	2	6	helpers	2	old-exits	2	0	ok	true	effects	39	slots	17	41	73
comparison-probe	gc	1	1	1	1	1	1	1	5
gc-lifetime	after-warm	after-mutation	original-env-alive
cache-authority	function	gc	side	warm	2	6	helpers	2	old-exits	0	2	ok	true	effects	80	slots	17	41	73
comparison-probe	gc	1	1	1	1	1	1	1	5
gc-lifetime	after-warm	after-mutation	original-env-alive
cache-authority	read	gc	root	warm	2	6	helpers	2	old-exits	2	0	ok	true	effects	39	slots	17	41	73
comparison-probe	gc	1	1	1	1	1	1	1	5
gc-lifetime	after-warm	after-mutation	original-env-alive
cache-authority	read	gc	side	warm	2	6	helpers	2	old-exits	0	2	ok	true	effects	80	slots	17	41	73
comparison-probe	gc	1	1	1	1	1	1	1	5
gc-lifetime	after-warm	after-mutation	original-env-alive
cache-authority	write	gc	root	warm	2	6	helpers	2	old-exits	2	0	ok	true	effects	39	slots	39	41	73
comparison-probe	gc	1	1	1	1	1	1	1	5
gc-lifetime	after-warm	after-mutation	original-env-alive
cache-authority	write	gc	side	warm	2	6	helpers	2	old-exits	0	2	ok	true	effects	80	slots	39	180	73
comparison-probe	gc	1	1	1	1	1	1	1	5
gc-lifetime	after-warm	after-mutation	original-env-alive
cache-authority	function	flush	root	warm	2	6	helpers	2	old-exits	1	0	ok	true	effects	39	slots	17	41	73
comparison-probe	flush	1	1	1	1	1	0	1	5
gc-lifetime	after-warm	after-mutation	original-env-alive
cache-authority	function	flush	side	warm	2	6	helpers	2	old-exits	0	1	ok	true	effects	80	slots	17	41	73
comparison-probe	flush	1	1	1	1	1	0	1	5
gc-lifetime	after-warm	after-mutation	original-env-alive
cache-authority	read	flush	root	warm	2	6	helpers	2	old-exits	1	0	ok	true	effects	39	slots	17	41	73
comparison-probe	flush	1	1	1	1	1	0	1	5
gc-lifetime	after-warm	after-mutation	original-env-alive
cache-authority	read	flush	side	warm	2	6	helpers	2	old-exits	0	1	ok	true	effects	80	slots	17	41	73
comparison-probe	flush	1	1	1	1	1	0	1	5
gc-lifetime	after-warm	after-mutation	original-env-alive
cache-authority	write	flush	root	warm	2	6	helpers	2	old-exits	1	0	ok	true	effects	39	slots	39	41	73
comparison-probe	flush	1	1	1	1	1	0	1	5
gc-lifetime	after-warm	after-mutation	original-env-alive
cache-authority	write	flush	side	warm	2	6	helpers	2	old-exits	0	1	ok	true	effects	80	slots	39	180	73
comparison-probe	flush	1	1	1	1	1	0	1	5
cache-authority	function	table-refusal	root	warm	2	6	helpers	2	old-exits	2	0	ok	true	effects	39	slots	17	41	73
comparison-probe	table-refusal	1	0	1	1	1	0	0	5
cache-authority	function	table-refusal	side	warm	2	6	helpers	2	old-exits	0	2	ok	true	effects	80	slots	17	41	73
comparison-probe	table-refusal	1	0	1	1	1	0	0	5
cache-authority	read	table-refusal	root	warm	2	6	helpers	2	old-exits	2	0	ok	true	effects	39	slots	17	41	73
comparison-probe	table-refusal	1	0	1	1	1	0	0	5
cache-authority	read	table-refusal	side	warm	2	6	helpers	2	old-exits	0	2	ok	true	effects	80	slots	17	41	73
comparison-probe	table-refusal	1	0	1	1	1	0	0	5
cache-authority	write	table-refusal	root	warm	2	6	helpers	2	old-exits	2	0	ok	true	effects	39	slots	39	41	73
comparison-probe	table-refusal	1	0	1	1	1	0	0	5
cache-authority	write	table-refusal	side	warm	2	6	helpers	2	old-exits	0	2	ok	true	effects	80	slots	39	180	73
comparison-probe	table-refusal	1	0	1	1	1	0	0	5
cache-authority	function	key-refusal	root	warm	2	6	helpers	2	old-exits	2	0	ok	true	effects	39	slots	17	41	73
comparison-probe	key-refusal	1	0	1	1	1	0	0	5
cache-authority	function	key-refusal	side	warm	2	6	helpers	2	old-exits	0	2	ok	true	effects	80	slots	17	41	73
comparison-probe	key-refusal	1	0	1	1	1	0	0	5
cache-authority	read	key-refusal	root	warm	2	6	helpers	2	old-exits	2	0	ok	true	effects	39	slots	17	41	73
comparison-probe	key-refusal	1	0	1	1	1	0	0	5
cache-authority	read	key-refusal	side	warm	2	6	helpers	2	old-exits	0	2	ok	true	effects	80	slots	17	41	73
comparison-probe	key-refusal	1	0	1	1	1	0	0	5
cache-authority	write	key-refusal	root	warm	2	6	helpers	2	old-exits	2	0	ok	true	effects	39	slots	39	41	73
comparison-probe	key-refusal	1	0	1	1	1	0	0	5
cache-authority	write	key-refusal	side	warm	2	6	helpers	2	old-exits	0	2	ok	true	effects	80	slots	39	180	73
comparison-probe	key-refusal	1	0	1	1	1	0	0	5
retention-roots	function	root	on	cycles	1	retired-empty	true	weak-cdata	true
retention-native	function	root	helpers	2	old-exits	1	0	effects	1	status	1	clean	1	1	slots	17	41	73
retention-roots	function	side	on	cycles	1	retired-empty	true	weak-cdata	true
retention-native	function	side	helpers	2	old-exits	0	1	effects	40	status	1	clean	1	1	slots	17	41	73
retention-roots	read	root	on	cycles	1	retired-empty	true	weak-cdata	true
retention-native	read	root	helpers	2	old-exits	1	0	effects	1	status	1	clean	1	1	slots	17	41	73
retention-roots	read	side	on	cycles	1	retired-empty	true	weak-cdata	true
retention-native	read	side	helpers	2	old-exits	0	1	effects	40	status	1	clean	1	1	slots	17	41	73
retention-roots	write	root	on	cycles	1	retired-empty	true	weak-cdata	true
retention-native	write	root	helpers	2	old-exits	1	0	effects	1	status	1	clean	1	1	slots	17	41	73
retention-roots	write	side	on	cycles	1	retired-empty	true	weak-cdata	true
retention-native	write	side	helpers	2	old-exits	0	1	effects	40	status	1	clean	1	1	slots	39	41	73
retention-roots	function	root	off	cycles	1	retired-empty	true	weak-cdata	false
retention-roots	function	side	off	cycles	1	retired-empty	true	weak-cdata	false
retention-roots	read	root	off	cycles	1	retired-empty	true	weak-cdata	false
retention-roots	read	side	off	cycles	1	retired-empty	true	weak-cdata	false
retention-roots	write	root	off	cycles	1	retired-empty	true	weak-cdata	false
retention-roots	write	side	off	cycles	1	retired-empty	true	weak-cdata	false
make: Entering directory '/workspaces/lj-lockless/src'
rm -f luajit libluajit.a libluajit.so host/minilua host/buildvm lj_vm.S lj_bcdef.h lj_ffdef.h lj_libdef.h lj_recdef.h lj_folddef.h host/buildvm_arch.h luajit.h luajit_relver.txt jit/vmdef.lua *.o host/*.o *.obj *.lib *.exp *.dll *.exe *.manifest *.pdb *.ilk
make: Leaving directory '/workspaces/lj-lockless/src'
make: Entering directory '/workspaces/lj-lockless/src'
HOSTCC    host/minilua.o
HOSTCC    host/buildvm_asm.o
HOSTCC    host/buildvm_peobj.o
HOSTCC    host/buildvm_lib.o
HOSTCC    host/buildvm_fold.o
HOSTLINK  host/minilua
VERSION   luajit.h
DYNASM    host/buildvm_arch.h
CC        luajit.o
HOSTCC    host/buildvm.o
HOSTLINK  host/buildvm
BUILDVM   lj_vm.S
BUILDVM   lj_bcdef.h
BUILDVM   lj_ffdef.h
BUILDVM   lj_libdef.h
BUILDVM   lj_recdef.h
BUILDVM   lj_folddef.h
BUILDVM   jit/vmdef.lua
ASM       lj_vm.o
CC        lj_assert.o
CC        lj_gc.o
CC        lj_gc2.o
CC        lj_safepoint.o
CC        lj_err.o
CC        lj_char.o
CC        lj_bc.o
CC        lj_obj.o
CC        lj_buf.o
CC        lj_str.o
CC        lj_tab.o
CC        lj_func.o
CC        lj_udata.o
CC        lj_meta.o
CC        lj_debug.o
CC        lj_prng.o
CC        lj_state.o
CC        lj_dispatch.o
CC        lj_tg.o
CC        lj_thr.o
CC        lj_chan.o
CC        lj_arena.o
CC        lj_vmevent.o
CC        lj_vmmath.o
CC        lj_strscan.o
CC        lj_strfmt.o
CC        lj_strfmt_num.o
CC        lj_serialize.o
CC        lj_api.o
CC        lj_profile.o
CC        lj_lex.o
CC        lj_parse.o
CC        lj_bcread.o
CC        lj_bcwrite.o
CC        lj_load.o
CC        lj_ir.o
CC        lj_opt_mem.o
CC        lj_opt_fold.o
CC        lj_opt_narrow.o
CC        lj_opt_dce.o
CC        lj_opt_loop.o
CC        lj_opt_split.o
CC        lj_opt_sink.o
CC        lj_mcode.o
CC        lj_snap.o
CC        lj_record.o
CC        lj_crecord.o
CC        lj_ffrecord.o
CC        lj_asm.o
CC        lj_trace.o
CC        lj_gdbjit.o
CC        lj_ctype.o
CC        lj_cdata.o
CC        lj_cconv.o
CC        lj_ccall.o
CC        lj_ccallback.o
CC        lj_carith.o
CC        lj_clib.o
CC        lj_cparse.o
CC        lj_lib.o
CC        lj_alloc.o
CC        lib_aux.o
CC        lib_base.o
CC        lib_math.o
CC        lib_bit.o
CC        lib_string.o
CC        lib_table.o
CC        lib_io.o
CC        lib_os.o
CC        lib_package.o
CC        lib_debug.o
CC        lib_jit.o
CC        lib_ffi.o
CC        lib_buffer.o
CC        lib_threading.o
CC        lib_init.o
DYNASM    lj_vm_dyn.o
DYNCC     lj_assert_dyn.o
DYNCC     lj_gc_dyn.o
DYNCC     lj_gc2_dyn.o
DYNCC     lj_safepoint_dyn.o
DYNCC     lj_err_dyn.o
DYNCC     lj_char_dyn.o
DYNCC     lj_bc_dyn.o
DYNCC     lj_obj_dyn.o
DYNCC     lj_buf_dyn.o
DYNCC     lj_str_dyn.o
DYNCC     lj_tab_dyn.o
DYNCC     lj_func_dyn.o
DYNCC     lj_udata_dyn.o
DYNCC     lj_meta_dyn.o
DYNCC     lj_debug_dyn.o
DYNCC     lj_prng_dyn.o
DYNCC     lj_state_dyn.o
DYNCC     lj_dispatch_dyn.o
DYNCC     lj_tg_dyn.o
DYNCC     lj_thr_dyn.o
DYNCC     lj_chan_dyn.o
DYNCC     lj_arena_dyn.o
DYNCC     lj_vmevent_dyn.o
DYNCC     lj_vmmath_dyn.o
DYNCC     lj_strscan_dyn.o
DYNCC     lj_strfmt_dyn.o
DYNCC     lj_strfmt_num_dyn.o
DYNCC     lj_serialize_dyn.o
DYNCC     lj_api_dyn.o
DYNCC     lj_profile_dyn.o
DYNCC     lj_lex_dyn.o
DYNCC     lj_parse_dyn.o
DYNCC     lj_bcread_dyn.o
DYNCC     lj_bcwrite_dyn.o
DYNCC     lj_load_dyn.o
DYNCC     lj_ir_dyn.o
DYNCC     lj_opt_mem_dyn.o
DYNCC     lj_opt_fold_dyn.o
DYNCC     lj_opt_narrow_dyn.o
DYNCC     lj_opt_dce_dyn.o
DYNCC     lj_opt_loop_dyn.o
DYNCC     lj_opt_split_dyn.o
DYNCC     lj_opt_sink_dyn.o
DYNCC     lj_mcode_dyn.o
DYNCC     lj_snap_dyn.o
DYNCC     lj_record_dyn.o
DYNCC     lj_crecord_dyn.o
DYNCC     lj_ffrecord_dyn.o
DYNCC     lj_asm_dyn.o
DYNCC     lj_trace_dyn.o
DYNCC     lj_gdbjit_dyn.o
DYNCC     lj_ctype_dyn.o
DYNCC     lj_cdata_dyn.o
DYNCC     lj_cconv_dyn.o
DYNCC     lj_ccall_dyn.o
DYNCC     lj_ccallback_dyn.o
DYNCC     lj_carith_dyn.o
DYNCC     lj_clib_dyn.o
DYNCC     lj_cparse_dyn.o
DYNCC     lj_lib_dyn.o
DYNCC     lj_alloc_dyn.o
DYNCC     lib_aux_dyn.o
DYNCC     lib_base_dyn.o
DYNCC     lib_math_dyn.o
DYNCC     lib_bit_dyn.o
DYNCC     lib_string_dyn.o
DYNCC     lib_table_dyn.o
DYNCC     lib_io_dyn.o
DYNCC     lib_os_dyn.o
DYNCC     lib_package_dyn.o
DYNCC     lib_debug_dyn.o
DYNCC     lib_jit_dyn.o
DYNCC     lib_ffi_dyn.o
DYNCC     lib_buffer_dyn.o
DYNCC     lib_threading_dyn.o
DYNCC     lib_init_dyn.o
AR        libluajit.a
DYNLINK   libluajit.so
LINK      luajit
OK        Successfully built LuaJIT
make: Leaving directory '/workspaces/lj-lockless/src'
M7 native cdata comparison and trace retention passed
