calloc-normal plain 20000 untouched 0 0 0.0051
tail-normal plain 20000 untouched 0 0 0.0047
calloc-normal plain 20000 payload 0 0 0.0081
tail-normal plain 20000 payload 0 0 0.0068
calloc-normal traversable 20000 untouched 0 0 0.0044
tail-normal traversable 20000 untouched 0 0 0.0043
calloc-normal traversable 20000 payload 0 0 0.0071
tail-normal traversable 20000 payload 0 0 0.0066
calloc-normal traversable 20000 wide 0 0 0.007
tail-normal traversable 20000 wide 0 0 0.0078
calloc-normal plain 65393 untouched 0 0 0.0042
tail-normal plain 65393 untouched 0 0 0.0043
calloc-normal plain 65393 payload 0 0 0.0163
tail-normal plain 65393 payload 0 0 0.0149
calloc-normal traversable 65393 untouched 0 0 0.0045
tail-normal traversable 65393 untouched 0 0 0.0043
calloc-normal traversable 65393 payload 0 0 0.0152
tail-normal traversable 65393 payload 0 0 0.0143
calloc-normal traversable 65393 wide 0 0 0.0152
tail-normal traversable 65393 wide 0 0 0.0159
calloc-normal runtime 20000 payload 0 0 0.0141
tail-normal runtime 20000 payload 0 0 0.014
calloc-normal runtime 65393 payload 0 0 0.0177
tail-normal runtime 65393 payload 0 0 0.0173
