calloc-normal plain 20000 untouched 0 0 0.005
tail-normal plain 20000 untouched 0 0 0.0047
tail-normal plain 20000 untouched 1 0 0.0045
calloc-normal plain 20000 untouched 1 0 0.0045
calloc-normal plain 20000 untouched 2 0 0.0043
tail-normal plain 20000 untouched 2 0 0.0044
tail-normal plain 20000 untouched 3 0 0.0043
calloc-normal plain 20000 untouched 3 0 0.0043
calloc-normal plain 20000 untouched 4 0 0.0043
tail-normal plain 20000 untouched 4 0 0.0043
tail-normal plain 20000 untouched 5 0 0.0042
calloc-normal plain 20000 untouched 5 0 0.0042
calloc-normal plain 20000 untouched 6 0 0.0039
tail-normal plain 20000 untouched 6 0 0.0043
calloc-normal plain 20000 payload 0 0 0.0077
tail-normal plain 20000 payload 0 0 0.0072
tail-normal plain 20000 payload 1 0 0.007
calloc-normal plain 20000 payload 1 0 0.0068
calloc-normal plain 20000 payload 2 0 0.0068
tail-normal plain 20000 payload 2 0 0.0069
tail-normal plain 20000 payload 3 0 0.0067
calloc-normal plain 20000 payload 3 0 0.0069
calloc-normal plain 20000 payload 4 0 0.0068
tail-normal plain 20000 payload 4 0 0.0066
tail-normal plain 20000 payload 5 0 0.0064
calloc-normal plain 20000 payload 5 0 0.0065
calloc-normal plain 20000 payload 6 0 0.0067
tail-normal plain 20000 payload 6 0 0.0068
calloc-normal traversable 20000 untouched 0 0 0.0041
tail-normal traversable 20000 untouched 0 0 0.0042
tail-normal traversable 20000 untouched 1 0 0.0042
calloc-normal traversable 20000 untouched 1 0 0.0043
calloc-normal traversable 20000 untouched 2 0 0.0043
tail-normal traversable 20000 untouched 2 0 0.0042
tail-normal traversable 20000 untouched 3 0 0.0042
calloc-normal traversable 20000 untouched 3 0 0.0043
calloc-normal traversable 20000 untouched 4 0 0.0042
tail-normal traversable 20000 untouched 4 0 0.0041
tail-normal traversable 20000 untouched 5 0 0.0042
calloc-normal traversable 20000 untouched 5 0 0.0044
calloc-normal traversable 20000 untouched 6 0 0.0043
tail-normal traversable 20000 untouched 6 0 0.0042
calloc-normal traversable 20000 payload 0 0 0.0073
tail-normal traversable 20000 payload 0 0 0.0069
tail-normal traversable 20000 payload 1 0 0.0068
calloc-normal traversable 20000 payload 1 0 0.007
calloc-normal traversable 20000 payload 2 0 0.0069
tail-normal traversable 20000 payload 2 0 0.0068
tail-normal traversable 20000 payload 3 0 0.0068
calloc-normal traversable 20000 payload 3 0 0.0069
calloc-normal traversable 20000 payload 4 0 0.0069
tail-normal traversable 20000 payload 4 0 0.0064
tail-normal traversable 20000 payload 5 0 0.0068
calloc-normal traversable 20000 payload 5 0 0.0072
calloc-normal traversable 20000 payload 6 0 0.007
tail-normal traversable 20000 payload 6 0 0.007
calloc-normal traversable 20000 wide 0 0 0.007
tail-normal traversable 20000 wide 0 0 0.0079
tail-normal traversable 20000 wide 1 0 0.0077
calloc-normal traversable 20000 wide 1 0 0.0069
calloc-normal traversable 20000 wide 2 0 0.007
tail-normal traversable 20000 wide 2 0 0.0078
tail-normal traversable 20000 wide 3 0 0.0076
calloc-normal traversable 20000 wide 3 0 0.0069
calloc-normal traversable 20000 wide 4 0 0.007
tail-normal traversable 20000 wide 4 0 0.0077
tail-normal traversable 20000 wide 5 0 0.0079
calloc-normal traversable 20000 wide 5 0 0.0071
calloc-normal traversable 20000 wide 6 0 0.0068
tail-normal traversable 20000 wide 6 0 0.0078
calloc-normal plain 65392 untouched 0 0 0.0043
tail-normal plain 65392 untouched 0 0 0.0043
tail-normal plain 65392 untouched 1 0 0.0042
calloc-normal plain 65392 untouched 1 0 0.0043
calloc-normal plain 65392 untouched 2 0 0.0043
tail-normal plain 65392 untouched 2 0 0.0042
tail-normal plain 65392 untouched 3 0 0.0042
calloc-normal plain 65392 untouched 3 0 0.0039
calloc-normal plain 65392 untouched 4 0 0.0042
tail-normal plain 65392 untouched 4 0 0.0042
tail-normal plain 65392 untouched 5 0 0.0041
calloc-normal plain 65392 untouched 5 0 0.0042
calloc-normal plain 65392 untouched 6 0 0.0042
tail-normal plain 65392 untouched 6 0 0.0042
calloc-normal plain 65392 payload 0 0 0.0167
tail-normal plain 65392 payload 0 0 0.0157
tail-normal plain 65392 payload 1 0 0.0151
calloc-normal plain 65392 payload 1 0 0.0153
calloc-normal plain 65392 payload 2 0 0.0155
tail-normal plain 65392 payload 2 0 0.0154
tail-normal plain 65392 payload 3 0 0.0155
calloc-normal plain 65392 payload 3 0 0.0154
calloc-normal plain 65392 payload 4 0 0.0153
tail-normal plain 65392 payload 4 0 0.0155
tail-normal plain 65392 payload 5 0 0.0153
calloc-normal plain 65392 payload 5 0 0.0152
calloc-normal plain 65392 payload 6 0 0.0156
tail-normal plain 65392 payload 6 0 0.0156
calloc-normal traversable 65392 untouched 0 0 0.0049
tail-normal traversable 65392 untouched 0 0 0.0045
tail-normal traversable 65392 untouched 1 0 0.0042
calloc-normal traversable 65392 untouched 1 0 0.0044
calloc-normal traversable 65392 untouched 2 0 0.0043
tail-normal traversable 65392 untouched 2 0 0.0041
tail-normal traversable 65392 untouched 3 0 0.0039
calloc-normal traversable 65392 untouched 3 0 0.0043
calloc-normal traversable 65392 untouched 4 0 0.0044
tail-normal traversable 65392 untouched 4 0 0.0041
tail-normal traversable 65392 untouched 5 0 0.004
calloc-normal traversable 65392 untouched 5 0 0.0045
calloc-normal traversable 65392 untouched 6 0 0.0042
tail-normal traversable 65392 untouched 6 0 0.0042
calloc-normal traversable 65392 payload 0 0 0.0164
tail-normal traversable 65392 payload 0 0 0.0155
tail-normal traversable 65392 payload 1 0 0.0157
calloc-normal traversable 65392 payload 1 0 0.0156
calloc-normal traversable 65392 payload 2 0 0.0155
tail-normal traversable 65392 payload 2 0 0.0157
tail-normal traversable 65392 payload 3 0 0.0154
calloc-normal traversable 65392 payload 3 0 0.0156
calloc-normal traversable 65392 payload 4 0 0.0157
tail-normal traversable 65392 payload 4 0 0.0157
tail-normal traversable 65392 payload 5 0 0.0154
calloc-normal traversable 65392 payload 5 0 0.0159
calloc-normal traversable 65392 payload 6 0 0.016
tail-normal traversable 65392 payload 6 0 0.0153
calloc-normal traversable 65392 wide 0 0 0.0173
tail-normal traversable 65392 wide 0 0 0.0166
tail-normal traversable 65392 wide 1 0 0.0157
calloc-normal traversable 65392 wide 1 0 0.0159
calloc-normal traversable 65392 wide 2 0 0.0158
tail-normal traversable 65392 wide 2 0 0.0155
tail-normal traversable 65392 wide 3 0 0.0163
calloc-normal traversable 65392 wide 3 0 0.0161
calloc-normal traversable 65392 wide 4 0 0.0154
tail-normal traversable 65392 wide 4 0 0.0157
tail-normal traversable 65392 wide 5 0 0.0157
calloc-normal traversable 65392 wide 5 0 0.0157
calloc-normal traversable 65392 wide 6 0 0.0157
tail-normal traversable 65392 wide 6 0 0.0156
calloc-normal plain 65393 untouched 0 0 0.0047
tail-normal plain 65393 untouched 0 0 0.0046
tail-normal plain 65393 untouched 1 0 0.0046
calloc-normal plain 65393 untouched 1 0 0.0043
calloc-normal plain 65393 untouched 2 0 0.0042
tail-normal plain 65393 untouched 2 0 0.0043
tail-normal plain 65393 untouched 3 0 0.0043
calloc-normal plain 65393 untouched 3 0 0.0041
calloc-normal plain 65393 untouched 4 0 0.0042
tail-normal plain 65393 untouched 4 0 0.0042
tail-normal plain 65393 untouched 5 0 0.0043
calloc-normal plain 65393 untouched 5 0 0.0041
calloc-normal plain 65393 untouched 6 0 0.0043
tail-normal plain 65393 untouched 6 0 0.0043
calloc-normal plain 65393 payload 0 0 0.0167
tail-normal plain 65393 payload 0 0 0.0155
tail-normal plain 65393 payload 1 0 0.0157
calloc-normal plain 65393 payload 1 0 0.0156
calloc-normal plain 65393 payload 2 0 0.0158
tail-normal plain 65393 payload 2 0 0.0156
tail-normal plain 65393 payload 3 0 0.0159
calloc-normal plain 65393 payload 3 0 0.0155
calloc-normal plain 65393 payload 4 0 0.0157
tail-normal plain 65393 payload 4 0 0.0158
tail-normal plain 65393 payload 5 0 0.0155
calloc-normal plain 65393 payload 5 0 0.0158
calloc-normal plain 65393 payload 6 0 0.0159
tail-normal plain 65393 payload 6 0 0.0157
calloc-normal traversable 65393 untouched 0 0 0.0049
tail-normal traversable 65393 untouched 0 0 0.0047
tail-normal traversable 65393 untouched 1 0 0.0045
calloc-normal traversable 65393 untouched 1 0 0.0042
calloc-normal traversable 65393 untouched 2 0 0.0044
tail-normal traversable 65393 untouched 2 0 0.0041
tail-normal traversable 65393 untouched 3 0 0.0043
calloc-normal traversable 65393 untouched 3 0 0.0044
calloc-normal traversable 65393 untouched 4 0 0.0042
tail-normal traversable 65393 untouched 4 0 0.0045
tail-normal traversable 65393 untouched 5 0 0.0043
calloc-normal traversable 65393 untouched 5 0 0.004
calloc-normal traversable 65393 untouched 6 0 0.004
tail-normal traversable 65393 untouched 6 0 0.0042
calloc-normal traversable 65393 payload 0 0 0.0167
tail-normal traversable 65393 payload 0 0 0.016
tail-normal traversable 65393 payload 1 0 0.0163
calloc-normal traversable 65393 payload 1 0 0.0157
calloc-normal traversable 65393 payload 2 0 0.0161
tail-normal traversable 65393 payload 2 0 0.0159
tail-normal traversable 65393 payload 3 0 0.0155
calloc-normal traversable 65393 payload 3 0 0.0161
calloc-normal traversable 65393 payload 4 0 0.016
tail-normal traversable 65393 payload 4 0 0.0158
tail-normal traversable 65393 payload 5 0 0.0158
calloc-normal traversable 65393 payload 5 0 0.0157
calloc-normal traversable 65393 payload 6 0 0.0161
tail-normal traversable 65393 payload 6 0 0.0156
calloc-normal traversable 65393 wide 0 0 0.0162
tail-normal traversable 65393 wide 0 0 0.0168
tail-normal traversable 65393 wide 1 0 0.0171
calloc-normal traversable 65393 wide 1 0 0.0158
calloc-normal traversable 65393 wide 2 0 0.0156
tail-normal traversable 65393 wide 2 0 0.0176
tail-normal traversable 65393 wide 3 0 0.0174
calloc-normal traversable 65393 wide 3 0 0.0159
calloc-normal traversable 65393 wide 4 0 0.0162
tail-normal traversable 65393 wide 4 0 0.0173
tail-normal traversable 65393 wide 5 0 0.0169
calloc-normal traversable 65393 wide 5 0 0.0162
calloc-normal traversable 65393 wide 6 0 0.0162
tail-normal traversable 65393 wide 6 0 0.017
calloc-normal plain 65408 untouched 0 0 0.0049
tail-normal plain 65408 untouched 0 0 0.0045
tail-normal plain 65408 untouched 1 0 0.0043
calloc-normal plain 65408 untouched 1 0 0.0043
calloc-normal plain 65408 untouched 2 0 0.0042
tail-normal plain 65408 untouched 2 0 0.0043
tail-normal plain 65408 untouched 3 0 0.0041
calloc-normal plain 65408 untouched 3 0 0.0042
calloc-normal plain 65408 untouched 4 0 0.0043
tail-normal plain 65408 untouched 4 0 0.0044
tail-normal plain 65408 untouched 5 0 0.0042
calloc-normal plain 65408 untouched 5 0 0.0041
calloc-normal plain 65408 untouched 6 0 0.0042
tail-normal plain 65408 untouched 6 0 0.0042
calloc-normal plain 65408 payload 0 0 0.0173
tail-normal plain 65408 payload 0 0 0.0155
tail-normal plain 65408 payload 1 0 0.0156
calloc-normal plain 65408 payload 1 0 0.0152
calloc-normal plain 65408 payload 2 0 0.0157
tail-normal plain 65408 payload 2 0 0.0161
tail-normal plain 65408 payload 3 0 0.0154
calloc-normal plain 65408 payload 3 0 0.0154
calloc-normal plain 65408 payload 4 0 0.0157
tail-normal plain 65408 payload 4 0 0.0156
tail-normal plain 65408 payload 5 0 0.0159
calloc-normal plain 65408 payload 5 0 0.0159
calloc-normal plain 65408 payload 6 0 0.0155
tail-normal plain 65408 payload 6 0 0.0157
calloc-normal traversable 65408 untouched 0 0 0.0047
tail-normal traversable 65408 untouched 0 0 0.0043
tail-normal traversable 65408 untouched 1 0 0.0045
calloc-normal traversable 65408 untouched 1 0 0.0045
calloc-normal traversable 65408 untouched 2 0 0.0044
tail-normal traversable 65408 untouched 2 0 0.0043
tail-normal traversable 65408 untouched 3 0 0.0042
calloc-normal traversable 65408 untouched 3 0 0.0044
calloc-normal traversable 65408 untouched 4 0 0.004
tail-normal traversable 65408 untouched 4 0 0.0041
tail-normal traversable 65408 untouched 5 0 0.0042
calloc-normal traversable 65408 untouched 5 0 0.0042
calloc-normal traversable 65408 untouched 6 0 0.0044
tail-normal traversable 65408 untouched 6 0 0.0043
calloc-normal traversable 65408 payload 0 0 0.0176
tail-normal traversable 65408 payload 0 0 0.016
tail-normal traversable 65408 payload 1 0 0.0159
calloc-normal traversable 65408 payload 1 0 0.0162
calloc-normal traversable 65408 payload 2 0 0.0162
tail-normal traversable 65408 payload 2 0 0.0156
tail-normal traversable 65408 payload 3 0 0.0161
calloc-normal traversable 65408 payload 3 0 0.0162
calloc-normal traversable 65408 payload 4 0 0.0159
tail-normal traversable 65408 payload 4 0 0.0161
tail-normal traversable 65408 payload 5 0 0.0161
calloc-normal traversable 65408 payload 5 0 0.0162
calloc-normal traversable 65408 payload 6 0 0.0161
tail-normal traversable 65408 payload 6 0 0.0161
calloc-normal traversable 65408 wide 0 0 0.0162
tail-normal traversable 65408 wide 0 0 0.0179
tail-normal traversable 65408 wide 1 0 0.0174
calloc-normal traversable 65408 wide 1 0 0.0162
calloc-normal traversable 65408 wide 2 0 0.0163
tail-normal traversable 65408 wide 2 0 0.0178
tail-normal traversable 65408 wide 3 0 0.017
calloc-normal traversable 65408 wide 3 0 0.0167
calloc-normal traversable 65408 wide 4 0 0.017
tail-normal traversable 65408 wide 4 0 0.0177
tail-normal traversable 65408 wide 5 0 0.0183
calloc-normal traversable 65408 wide 5 0 0.0172
calloc-normal traversable 65408 wide 6 0 0.0161
tail-normal traversable 65408 wide 6 0 0.0183
calloc-normal plain 65409 untouched 0 0 0.005
tail-normal plain 65409 untouched 0 0 0.0046
tail-normal plain 65409 untouched 1 0 0.0045
calloc-normal plain 65409 untouched 1 0 0.0044
calloc-normal plain 65409 untouched 2 0 0.0044
tail-normal plain 65409 untouched 2 0 0.004
tail-normal plain 65409 untouched 3 0 0.0043
calloc-normal plain 65409 untouched 3 0 0.0042
calloc-normal plain 65409 untouched 4 0 0.0042
tail-normal plain 65409 untouched 4 0 0.0042
tail-normal plain 65409 untouched 5 0 0.0042
calloc-normal plain 65409 untouched 5 0 0.0042
calloc-normal plain 65409 untouched 6 0 0.0043
tail-normal plain 65409 untouched 6 0 0.0043
calloc-normal plain 65409 payload 0 0 0.0183
tail-normal plain 65409 payload 0 0 0.0171
tail-normal plain 65409 payload 1 0 0.0167
calloc-normal plain 65409 payload 1 0 0.0171
calloc-normal plain 65409 payload 2 0 0.0169
tail-normal plain 65409 payload 2 0 0.0167
tail-normal plain 65409 payload 3 0 0.0171
calloc-normal plain 65409 payload 3 0 0.017
calloc-normal plain 65409 payload 4 0 0.0168
tail-normal plain 65409 payload 4 0 0.0175
tail-normal plain 65409 payload 5 0 0.0177
calloc-normal plain 65409 payload 5 0 0.017
calloc-normal plain 65409 payload 6 0 0.017
tail-normal plain 65409 payload 6 0 0.0172
calloc-normal traversable 65409 untouched 0 0 0.0045
tail-normal traversable 65409 untouched 0 0 0.0045
tail-normal traversable 65409 untouched 1 0 0.0044
calloc-normal traversable 65409 untouched 1 0 0.0044
calloc-normal traversable 65409 untouched 2 0 0.0044
tail-normal traversable 65409 untouched 2 0 0.0042
tail-normal traversable 65409 untouched 3 0 0.0043
calloc-normal traversable 65409 untouched 3 0 0.0044
calloc-normal traversable 65409 untouched 4 0 0.0045
tail-normal traversable 65409 untouched 4 0 0.0042
tail-normal traversable 65409 untouched 5 0 0.0042
calloc-normal traversable 65409 untouched 5 0 0.0044
calloc-normal traversable 65409 untouched 6 0 0.0043
tail-normal traversable 65409 untouched 6 0 0.0043
calloc-normal traversable 65409 payload 0 0 0.0187
tail-normal traversable 65409 payload 0 0 0.0172
tail-normal traversable 65409 payload 1 0 0.0172
calloc-normal traversable 65409 payload 1 0 0.0175
calloc-normal traversable 65409 payload 2 0 0.0171
tail-normal traversable 65409 payload 2 0 0.0172
tail-normal traversable 65409 payload 3 0 0.0176
calloc-normal traversable 65409 payload 3 0 0.0174
calloc-normal traversable 65409 payload 4 0 0.0177
tail-normal traversable 65409 payload 4 0 0.017
tail-normal traversable 65409 payload 5 0 0.0169
calloc-normal traversable 65409 payload 5 0 0.0174
calloc-normal traversable 65409 payload 6 0 0.017
tail-normal traversable 65409 payload 6 0 0.0173
calloc-normal traversable 65409 wide 0 0 0.0174
tail-normal traversable 65409 wide 0 0 0.0187
tail-normal traversable 65409 wide 1 0 0.0178
calloc-normal traversable 65409 wide 1 0 0.0177
calloc-normal traversable 65409 wide 2 0 0.0173
tail-normal traversable 65409 wide 2 0 0.0182
tail-normal traversable 65409 wide 3 0 0.0185
calloc-normal traversable 65409 wide 3 0 0.0174
calloc-normal traversable 65409 wide 4 0 0.0173
tail-normal traversable 65409 wide 4 0 0.0186
tail-normal traversable 65409 wide 5 0 0.0188
calloc-normal traversable 65409 wide 5 0 0.0175
calloc-normal traversable 65409 wide 6 0 0.0174
tail-normal traversable 65409 wide 6 0 0.0183
calloc-normal runtime 20000 payload 0 0 0.0148
tail-normal runtime 20000 payload 0 0 0.0144
tail-normal runtime 20000 payload 1 0 0.0139
calloc-normal runtime 20000 payload 1 0 0.0145
calloc-normal runtime 20000 payload 2 0 0.0144
tail-normal runtime 20000 payload 2 0 0.0142
calloc-normal runtime 65392 payload 0 0 0.0185
tail-normal runtime 65392 payload 0 0 0.0187
tail-normal runtime 65392 payload 1 0 0.0185
calloc-normal runtime 65392 payload 1 0 0.0185
calloc-normal runtime 65392 payload 2 0 0.0186
tail-normal runtime 65392 payload 2 0 0.0186
calloc-normal runtime 65393 payload 0 0 0.0185
tail-normal runtime 65393 payload 0 0 0.0186
tail-normal runtime 65393 payload 1 0 0.0185
calloc-normal runtime 65393 payload 1 0 0.0184
calloc-normal runtime 65393 payload 2 0 0.0184
tail-normal runtime 65393 payload 2 0 0.0185
calloc-normal runtime 65408 payload 0 0 0.0187
tail-normal runtime 65408 payload 0 0 0.0186
tail-normal runtime 65408 payload 1 0 0.0188
calloc-normal runtime 65408 payload 1 0 0.0186
calloc-normal runtime 65408 payload 2 0 0.0186
tail-normal runtime 65408 payload 2 0 0.0183
calloc-normal runtime 65409 payload 0 0 0.0189
tail-normal runtime 65409 payload 0 0 0.0188
tail-normal runtime 65409 payload 1 0 0.0188
calloc-normal runtime 65409 payload 1 0 0.0189
calloc-normal runtime 65409 payload 2 0 0.019
tail-normal runtime 65409 payload 2 0 0.0192
