{"stage":"baseline","round":0,"explicit":0,"peer":0,"configured_workers":2,"strings":300,"raw_count":300,"local_credit":0,"peer_credit":0,"bytes":160906,"mask":511,"phase":0,"cycles":4,"major":4,"completed":4,"unlinked":26,"reclaimed":26,"mt_live":0,"n_workers":2,"worker_async":6,"worker_runs":87,"peer_checks":0,"filler_tables":0}
{"diagnostic":"baseline","round":0,"threshold":321800,"mt_threshold":0,"alloc_since":0,"trigger":321812,"hard":643624,"hard_check":643624,"local_total":0,"cycle_leader":0,"worker_active":0,"worker_busy":13,"jit_gate":1,"mark_resume":0,"mark_close_intent":0,"interp_hard":0,"assist_runs":0,"cycle_requests":4,"major_roots":12,"worker_started":2,"worker_exited":0,"worker_stop":0}
{"execution":"baseline","round":0,"jit_enabled":0,"jit_hard_checks":0}
{"stage":"after_churn","round":1,"explicit":0,"peer":0,"configured_workers":2,"strings":4396,"raw_count":4396,"local_credit":0,"peer_credit":0,"bytes":693514,"mask":8191,"phase":0,"cycles":4,"major":4,"completed":4,"unlinked":26,"reclaimed":26,"mt_live":0,"n_workers":2,"worker_async":6,"worker_runs":87,"peer_checks":0,"filler_tables":0}
{"diagnostic":"after_churn","round":1,"threshold":489646,"mt_threshold":0,"alloc_since":500708,"trigger":321812,"hard":643624,"hard_check":643624,"local_total":31900,"cycle_leader":1,"worker_active":0,"worker_busy":13,"jit_gate":1,"mark_resume":0,"mark_close_intent":0,"interp_hard":0,"assist_runs":0,"cycle_requests":5,"major_roots":12,"worker_started":2,"worker_exited":0,"worker_stop":0}
{"execution":"after_churn","round":1,"jit_enabled":0,"jit_hard_checks":0}
{"stage":"settled","round":1,"explicit":0,"peer":0,"configured_workers":2,"strings":4396,"raw_count":4396,"local_credit":0,"peer_credit":0,"bytes":697362,"mask":8191,"phase":0,"cycles":7,"major":7,"completed":7,"unlinked":26,"reclaimed":26,"mt_live":0,"n_workers":2,"worker_async":2823,"worker_runs":239,"peer_checks":0,"filler_tables":8192}
{"diagnostic":"settled","round":1,"threshold":1092290,"mt_threshold":0,"alloc_since":65520,"trigger":393216,"hard":786432,"hard_check":786432,"local_total":0,"cycle_leader":0,"worker_active":0,"worker_busy":1025,"jit_gate":1,"mark_resume":0,"mark_close_intent":0,"interp_hard":0,"assist_runs":0,"cycle_requests":7,"major_roots":21,"worker_started":2,"worker_exited":0,"worker_stop":0}
{"execution":"settled","round":1,"jit_enabled":0,"jit_hard_checks":0}
{"stage":"after_churn","round":2,"explicit":0,"peer":0,"configured_workers":2,"strings":8492,"raw_count":8492,"local_credit":0,"peer_credit":0,"bytes":1238066,"mask":16383,"phase":0,"cycles":7,"major":7,"completed":7,"unlinked":26,"reclaimed":26,"mt_live":0,"n_workers":2,"worker_async":2823,"worker_runs":239,"peer_checks":0,"filler_tables":8192}
{"diagnostic":"after_churn","round":2,"threshold":1025362,"mt_threshold":0,"alloc_since":574324,"trigger":393216,"hard":786432,"hard_check":786432,"local_total":31900,"cycle_leader":1,"worker_active":0,"worker_busy":1025,"jit_gate":1,"mark_resume":0,"mark_close_intent":0,"interp_hard":0,"assist_runs":0,"cycle_requests":8,"major_roots":21,"worker_started":2,"worker_exited":0,"worker_stop":0}
{"execution":"after_churn","round":2,"jit_enabled":0,"jit_hard_checks":0}
{"stage":"settled","round":2,"explicit":0,"peer":0,"configured_workers":2,"strings":8492,"raw_count":8492,"local_credit":0,"peer_credit":0,"bytes":1967034,"mask":16383,"phase":3,"cycles":11,"major":11,"completed":10,"unlinked":26,"reclaimed":26,"mt_live":0,"n_workers":2,"worker_async":8725,"worker_runs":533,"peer_checks":0,"filler_tables":24576}
{"diagnostic":"settled","round":2,"threshold":1970402,"mt_threshold":0,"alloc_since":421720,"trigger":393216,"hard":786432,"hard_check":786432,"local_total":0,"cycle_leader":0,"worker_active":1,"worker_busy":17119,"jit_gate":0,"mark_resume":0,"mark_close_intent":0,"interp_hard":0,"assist_runs":0,"cycle_requests":11,"major_roots":33,"worker_started":2,"worker_exited":0,"worker_stop":0}
{"execution":"settled","round":2,"jit_enabled":0,"jit_hard_checks":0}
{"stage":"after_churn","round":3,"explicit":0,"peer":0,"configured_workers":2,"strings":12588,"raw_count":12588,"local_credit":0,"peer_credit":0,"bytes":2376634,"mask":16383,"phase":3,"cycles":11,"major":11,"completed":10,"unlinked":26,"reclaimed":26,"mt_live":0,"n_workers":2,"worker_async":8725,"worker_runs":598,"peer_checks":0,"filler_tables":24576}
{"diagnostic":"after_churn","round":3,"threshold":1970402,"mt_threshold":0,"alloc_since":815320,"trigger":393216,"hard":786432,"hard_check":1339608,"local_total":16000,"cycle_leader":0,"worker_active":1,"worker_busy":17131,"jit_gate":0,"mark_resume":0,"mark_close_intent":0,"interp_hard":0,"assist_runs":0,"cycle_requests":11,"major_roots":33,"worker_started":2,"worker_exited":0,"worker_stop":0}
{"execution":"after_churn","round":3,"jit_enabled":0,"jit_hard_checks":0}
{"stage":"settled","round":3,"explicit":0,"peer":0,"configured_workers":2,"strings":12588,"raw_count":12588,"local_credit":0,"peer_credit":0,"bytes":1950650,"mask":16383,"phase":0,"cycles":13,"major":13,"completed":13,"unlinked":26,"reclaimed":26,"mt_live":0,"n_workers":2,"worker_async":26467,"worker_runs":984,"peer_checks":0,"filler_tables":36864}
{"diagnostic":"settled","round":3,"threshold":2347138,"mt_threshold":0,"alloc_since":425880,"trigger":393216,"hard":786432,"hard_check":786432,"local_total":0,"cycle_leader":4294967295,"worker_active":0,"worker_busy":30393,"jit_gate":0,"mark_resume":0,"mark_close_intent":0,"interp_hard":0,"assist_runs":0,"cycle_requests":13,"major_roots":39,"worker_started":2,"worker_exited":0,"worker_stop":0}
{"execution":"settled","round":3,"jit_enabled":0,"jit_hard_checks":0}
{"stage":"after_churn","round":4,"explicit":0,"peer":0,"configured_workers":2,"strings":16684,"raw_count":16684,"local_credit":0,"peer_credit":0,"bytes":2622426,"mask":32767,"phase":0,"cycles":13,"major":13,"completed":13,"unlinked":26,"reclaimed":26,"mt_live":0,"n_workers":2,"worker_async":26468,"worker_runs":984,"peer_checks":0,"filler_tables":36864}
{"diagnostic":"after_churn","round":4,"threshold":1983450,"mt_threshold":0,"alloc_since":1065756,"trigger":393216,"hard":786432,"hard_check":1590044,"local_total":31900,"cycle_leader":1,"worker_active":0,"worker_busy":30393,"jit_gate":1,"mark_resume":0,"mark_close_intent":0,"interp_hard":0,"assist_runs":0,"cycle_requests":14,"major_roots":39,"worker_started":2,"worker_exited":0,"worker_stop":0}
{"execution":"after_churn","round":4,"jit_enabled":0,"jit_hard_checks":0}
{"stage":"settled","round":4,"explicit":0,"peer":0,"configured_workers":2,"strings":16684,"raw_count":16684,"local_credit":0,"peer_credit":0,"bytes":2491322,"mask":32767,"phase":3,"cycles":17,"major":17,"completed":16,"unlinked":26,"reclaimed":26,"mt_live":0,"n_workers":2,"worker_async":32873,"worker_runs":1332,"peer_checks":0,"filler_tables":49152}
{"diagnostic":"settled","round":4,"threshold":2492714,"mt_threshold":0,"alloc_since":32656,"trigger":393216,"hard":786432,"hard_check":786432,"local_total":0,"cycle_leader":0,"worker_active":1,"worker_busy":37488,"jit_gate":0,"mark_resume":0,"mark_close_intent":0,"interp_hard":0,"assist_runs":0,"cycle_requests":17,"major_roots":51,"worker_started":2,"worker_exited":0,"worker_stop":0}
{"execution":"settled","round":4,"jit_enabled":0,"jit_hard_checks":0}
{"stage":"after_churn","round":5,"explicit":0,"peer":0,"configured_workers":2,"strings":20780,"raw_count":20780,"local_credit":0,"peer_credit":0,"bytes":2900922,"mask":32767,"phase":3,"cycles":17,"major":17,"completed":16,"unlinked":26,"reclaimed":26,"mt_live":0,"n_workers":2,"worker_async":32873,"worker_runs":1340,"peer_checks":0,"filler_tables":49152}
{"diagnostic":"after_churn","round":5,"threshold":2492714,"mt_threshold":0,"alloc_since":426256,"trigger":393216,"hard":786432,"hard_check":786432,"local_total":16000,"cycle_leader":0,"worker_active":1,"worker_busy":37508,"jit_gate":0,"mark_resume":0,"mark_close_intent":0,"interp_hard":0,"assist_runs":0,"cycle_requests":17,"major_roots":51,"worker_started":2,"worker_exited":0,"worker_stop":0}
{"execution":"after_churn","round":5,"jit_enabled":0,"jit_hard_checks":0}
{"stage":"settled","round":5,"explicit":0,"peer":0,"configured_workers":2,"strings":20780,"raw_count":20780,"local_credit":0,"peer_credit":0,"bytes":2868162,"mask":32767,"phase":0,"cycles":19,"major":19,"completed":19,"unlinked":26,"reclaimed":26,"mt_live":0,"n_workers":2,"worker_async":52830,"worker_runs":1836,"peer_checks":0,"filler_tables":61440}
{"diagnostic":"settled","round":5,"threshold":3296890,"mt_threshold":0,"alloc_since":393120,"trigger":393216,"hard":786432,"hard_check":786432,"local_total":0,"cycle_leader":0,"worker_active":0,"worker_busy":56281,"jit_gate":1,"mark_resume":0,"mark_close_intent":0,"interp_hard":0,"assist_runs":0,"cycle_requests":19,"major_roots":57,"worker_started":2,"worker_exited":0,"worker_stop":0}
{"execution":"settled","round":5,"jit_enabled":0,"jit_hard_checks":0}
{"stage":"after_churn","round":6,"explicit":0,"peer":0,"configured_workers":2,"strings":24876,"raw_count":24876,"local_credit":0,"peer_credit":0,"bytes":3277762,"mask":32767,"phase":0,"cycles":19,"major":19,"completed":19,"unlinked":26,"reclaimed":26,"mt_live":0,"n_workers":2,"worker_async":52830,"worker_runs":1836,"peer_checks":0,"filler_tables":61440}
{"diagnostic":"after_churn","round":6,"threshold":2900962,"mt_threshold":0,"alloc_since":786720,"trigger":393216,"hard":786432,"hard_check":1311008,"local_total":16000,"cycle_leader":1,"worker_active":0,"worker_busy":56281,"jit_gate":1,"mark_resume":0,"mark_close_intent":0,"interp_hard":0,"assist_runs":0,"cycle_requests":20,"major_roots":57,"worker_started":2,"worker_exited":0,"worker_stop":0}
{"execution":"after_churn","round":6,"jit_enabled":0,"jit_hard_checks":0}
{"stage":"settled","round":6,"explicit":0,"peer":0,"configured_workers":2,"strings":24876,"raw_count":24876,"local_credit":0,"peer_credit":0,"bytes":3310522,"mask":32767,"phase":3,"cycles":23,"major":23,"completed":22,"unlinked":26,"reclaimed":26,"mt_live":0,"n_workers":2,"worker_async":59230,"worker_runs":2255,"peer_checks":0,"filler_tables":73728}
{"diagnostic":"settled","round":6,"threshold":3311914,"mt_threshold":0,"alloc_since":32656,"trigger":393216,"hard":786432,"hard_check":786432,"local_total":0,"cycle_leader":0,"worker_active":1,"worker_busy":63377,"jit_gate":0,"mark_resume":0,"mark_close_intent":0,"interp_hard":0,"assist_runs":0,"cycle_requests":23,"major_roots":69,"worker_started":2,"worker_exited":0,"worker_stop":0}
{"execution":"settled","round":6,"jit_enabled":0,"jit_hard_checks":0}
{"stage":"sole_main_recovered","round":6,"explicit":0,"peer":0,"configured_workers":2,"strings":300,"raw_count":300,"local_credit":0,"peer_credit":0,"bytes":427146,"mask":32767,"phase":0,"cycles":25,"major":25,"completed":25,"unlinked":24602,"reclaimed":24602,"mt_live":0,"n_workers":0,"worker_async":59807,"worker_runs":5309,"peer_checks":0,"filler_tables":73728}
{"diagnostic":"sole_main_recovered","round":6,"threshold":854200,"mt_threshold":0,"alloc_since":0,"trigger":393216,"hard":786432,"hard_check":786432,"local_total":0,"cycle_leader":0,"worker_active":0,"worker_busy":63381,"jit_gate":1,"mark_resume":0,"mark_close_intent":0,"interp_hard":0,"assist_runs":0,"cycle_requests":25,"major_roots":75,"worker_started":2,"worker_exited":2,"worker_stop":1}
{"execution":"sole_main_recovered","round":6,"jit_enabled":0,"jit_hard_checks":0}
PASS rounds=6 batch=4096 payload=64 body_bytes=100 live=32 created_body_bytes=2457600 filler_tables=73728
