{"stage":"baseline","round":0,"explicit":0,"peer":1,"configured_workers":2,"strings":300,"raw_count":300,"local_credit":0,"peer_credit":0,"bytes":192610,"mask":511,"phase":0,"cycles":4,"major":4,"completed":4,"unlinked":26,"reclaimed":26,"mt_live":1,"n_workers":2,"worker_async":0,"worker_runs":86,"peer_checks":1,"filler_tables":0}
{"diagnostic":"baseline","round":0,"threshold":140737488355328,"mt_threshold":385200,"alloc_since":0,"trigger":385220,"hard":770440,"hard_check":770440,"local_total":0,"cycle_leader":0,"worker_active":0,"worker_busy":17,"jit_gate":1,"mark_resume":0,"mark_close_intent":0,"interp_hard":0,"assist_runs":0,"cycle_requests":4,"major_roots":12,"worker_started":2,"worker_exited":0,"worker_stop":0}
{"execution":"baseline","round":0,"jit_enabled":0,"jit_hard_checks":0}
{"stage":"after_churn","round":1,"explicit":0,"peer":1,"configured_workers":2,"strings":4396,"raw_count":4396,"local_credit":0,"peer_credit":0,"bytes":725218,"mask":8191,"phase":0,"cycles":4,"major":4,"completed":4,"unlinked":26,"reclaimed":26,"mt_live":1,"n_workers":2,"worker_async":0,"worker_runs":86,"peer_checks":1,"filler_tables":0}
{"diagnostic":"after_churn","round":1,"threshold":140737488355328,"mt_threshold":586950,"alloc_since":500708,"trigger":385220,"hard":770440,"hard_check":770440,"local_total":31900,"cycle_leader":1,"worker_active":0,"worker_busy":17,"jit_gate":1,"mark_resume":0,"mark_close_intent":0,"interp_hard":0,"assist_runs":0,"cycle_requests":5,"major_roots":12,"worker_started":2,"worker_exited":0,"worker_stop":0}
{"execution":"after_churn","round":1,"jit_enabled":0,"jit_hard_checks":0}
{"stage":"settled","round":1,"explicit":0,"peer":1,"configured_workers":2,"strings":4396,"raw_count":4396,"local_credit":0,"peer_credit":0,"bytes":729066,"mask":8191,"phase":0,"cycles":7,"major":7,"completed":7,"unlinked":26,"reclaimed":26,"mt_live":1,"n_workers":2,"worker_async":2816,"worker_runs":239,"peer_checks":2,"filler_tables":8192}
{"diagnostic":"settled","round":1,"threshold":1123994,"mt_threshold":1056770,"alloc_since":65520,"trigger":393216,"hard":786432,"hard_check":786432,"local_total":0,"cycle_leader":0,"worker_active":0,"worker_busy":1030,"jit_gate":1,"mark_resume":0,"mark_close_intent":0,"interp_hard":0,"assist_runs":0,"cycle_requests":7,"major_roots":21,"worker_started":2,"worker_exited":0,"worker_stop":0}
{"execution":"settled","round":1,"jit_enabled":0,"jit_hard_checks":0}
{"stage":"after_churn","round":2,"explicit":0,"peer":1,"configured_workers":2,"strings":8492,"raw_count":8492,"local_credit":0,"peer_credit":0,"bytes":1269770,"mask":16383,"phase":0,"cycles":7,"major":7,"completed":7,"unlinked":26,"reclaimed":26,"mt_live":1,"n_workers":2,"worker_async":2816,"worker_runs":239,"peer_checks":2,"filler_tables":8192}
{"diagnostic":"after_churn","round":2,"threshold":1123994,"mt_threshold":1057066,"alloc_since":574324,"trigger":393216,"hard":786432,"hard_check":786432,"local_total":31900,"cycle_leader":1,"worker_active":0,"worker_busy":1030,"jit_gate":1,"mark_resume":0,"mark_close_intent":0,"interp_hard":0,"assist_runs":0,"cycle_requests":8,"major_roots":21,"worker_started":2,"worker_exited":0,"worker_stop":0}
{"execution":"after_churn","round":2,"jit_enabled":0,"jit_hard_checks":0}
{"stage":"settled","round":2,"explicit":0,"peer":1,"configured_workers":2,"strings":8492,"raw_count":8492,"local_credit":0,"peer_credit":0,"bytes":1564562,"mask":16383,"phase":0,"cycles":10,"major":10,"completed":10,"unlinked":26,"reclaimed":26,"mt_live":1,"n_workers":2,"worker_async":15079,"worker_runs":574,"peer_checks":3,"filler_tables":20480}
{"diagnostic":"settled","round":2,"threshold":1961050,"mt_threshold":1531906,"alloc_since":425880,"trigger":393216,"hard":786432,"hard_check":786432,"local_total":0,"cycle_leader":0,"worker_active":0,"worker_busy":14217,"jit_gate":1,"mark_resume":0,"mark_close_intent":0,"interp_hard":0,"assist_runs":0,"cycle_requests":10,"major_roots":30,"worker_started":2,"worker_exited":0,"worker_stop":0}
{"execution":"settled","round":2,"jit_enabled":0,"jit_hard_checks":0}
{"stage":"after_churn","round":3,"explicit":0,"peer":1,"configured_workers":2,"strings":12588,"raw_count":12588,"local_credit":0,"peer_credit":0,"bytes":1974162,"mask":16383,"phase":0,"cycles":10,"major":10,"completed":10,"unlinked":26,"reclaimed":26,"mt_live":1,"n_workers":2,"worker_async":15079,"worker_runs":574,"peer_checks":3,"filler_tables":20480}
{"diagnostic":"after_churn","round":3,"threshold":1961050,"mt_threshold":1597362,"alloc_since":819480,"trigger":393216,"hard":786432,"hard_check":1343768,"local_total":16000,"cycle_leader":1,"worker_active":0,"worker_busy":14217,"jit_gate":1,"mark_resume":0,"mark_close_intent":0,"interp_hard":0,"assist_runs":0,"cycle_requests":11,"major_roots":30,"worker_started":2,"worker_exited":0,"worker_stop":0}
{"execution":"after_churn","round":3,"jit_enabled":0,"jit_hard_checks":0}
{"stage":"settled","round":3,"explicit":0,"peer":1,"configured_workers":2,"strings":12588,"raw_count":12588,"local_credit":0,"peer_credit":0,"bytes":1613802,"mask":16383,"phase":0,"cycles":13,"major":13,"completed":13,"unlinked":26,"reclaimed":26,"mt_live":1,"n_workers":2,"worker_async":15079,"worker_runs":780,"peer_checks":4,"filler_tables":28672}
{"diagnostic":"settled","round":3,"threshold":1941498,"mt_threshold":1941506,"alloc_since":37752,"trigger":393216,"hard":786432,"hard_check":786432,"local_total":27768,"cycle_leader":0,"worker_active":0,"worker_busy":14288,"jit_gate":1,"mark_resume":0,"mark_close_intent":0,"interp_hard":0,"assist_runs":0,"cycle_requests":13,"major_roots":39,"worker_started":2,"worker_exited":0,"worker_stop":0}
{"execution":"settled","round":3,"jit_enabled":0,"jit_hard_checks":0}
{"stage":"after_churn","round":4,"explicit":0,"peer":1,"configured_workers":2,"strings":16684,"raw_count":16684,"local_credit":0,"peer_credit":0,"bytes":2285578,"mask":32767,"phase":0,"cycles":13,"major":13,"completed":13,"unlinked":26,"reclaimed":26,"mt_live":1,"n_workers":2,"worker_async":15079,"worker_runs":780,"peer_checks":4,"filler_tables":28672}
{"diagnostic":"after_churn","round":4,"threshold":1941498,"mt_threshold":1946802,"alloc_since":705396,"trigger":393216,"hard":786432,"hard_check":786432,"local_total":31900,"cycle_leader":1,"worker_active":0,"worker_busy":14288,"jit_gate":1,"mark_resume":0,"mark_close_intent":0,"interp_hard":0,"assist_runs":0,"cycle_requests":14,"major_roots":39,"worker_started":2,"worker_exited":0,"worker_stop":0}
{"execution":"after_churn","round":4,"jit_enabled":0,"jit_hard_checks":0}
{"stage":"settled","round":4,"explicit":0,"peer":1,"configured_workers":2,"strings":16684,"raw_count":16684,"local_credit":0,"peer_credit":0,"bytes":2121610,"mask":32767,"phase":0,"cycles":17,"major":17,"completed":17,"unlinked":26,"reclaimed":26,"mt_live":1,"n_workers":2,"worker_async":21073,"worker_runs":1160,"peer_checks":5,"filler_tables":40960}
{"diagnostic":"settled","round":4,"threshold":2482170,"mt_threshold":2482178,"alloc_since":4888,"trigger":393216,"hard":786432,"hard_check":786432,"local_total":27768,"cycle_leader":0,"worker_active":0,"worker_busy":20931,"jit_gate":1,"mark_resume":0,"mark_close_intent":0,"interp_hard":0,"assist_runs":0,"cycle_requests":17,"major_roots":51,"worker_started":2,"worker_exited":0,"worker_stop":0}
{"execution":"settled","round":4,"jit_enabled":0,"jit_hard_checks":0}
{"stage":"after_churn","round":5,"explicit":0,"peer":1,"configured_workers":2,"strings":20780,"raw_count":20780,"local_credit":0,"peer_credit":0,"bytes":2531210,"mask":32767,"phase":0,"cycles":17,"major":17,"completed":17,"unlinked":26,"reclaimed":26,"mt_live":1,"n_workers":2,"worker_async":21073,"worker_runs":1160,"peer_checks":5,"filler_tables":40960}
{"diagnostic":"after_churn","round":5,"threshold":2482170,"mt_threshold":2487410,"alloc_since":431256,"trigger":393216,"hard":786432,"hard_check":786432,"local_total":11000,"cycle_leader":1,"worker_active":0,"worker_busy":20931,"jit_gate":1,"mark_resume":0,"mark_close_intent":0,"interp_hard":0,"assist_runs":0,"cycle_requests":18,"major_roots":51,"worker_started":2,"worker_exited":0,"worker_stop":0}
{"execution":"after_churn","round":5,"jit_enabled":0,"jit_hard_checks":0}
{"stage":"settled","round":5,"explicit":0,"peer":1,"configured_workers":2,"strings":20780,"raw_count":20780,"local_credit":0,"peer_credit":0,"bytes":2891674,"mask":32767,"phase":0,"cycles":20,"major":20,"completed":20,"unlinked":26,"reclaimed":26,"mt_live":1,"n_workers":2,"worker_async":38850,"worker_runs":1660,"peer_checks":6,"filler_tables":53248}
{"diagnostic":"settled","round":5,"threshold":3320402,"mt_threshold":2924538,"alloc_since":393120,"trigger":393216,"hard":786432,"hard_check":786432,"local_total":0,"cycle_leader":4294967295,"worker_active":0,"worker_busy":39599,"jit_gate":0,"mark_resume":0,"mark_close_intent":0,"interp_hard":0,"assist_runs":0,"cycle_requests":20,"major_roots":60,"worker_started":2,"worker_exited":0,"worker_stop":0}
{"execution":"settled","round":5,"jit_enabled":0,"jit_hard_checks":0}
{"stage":"after_churn","round":6,"explicit":0,"peer":1,"configured_workers":2,"strings":24876,"raw_count":24876,"local_credit":0,"peer_credit":0,"bytes":3301274,"mask":32767,"phase":0,"cycles":20,"major":20,"completed":20,"unlinked":26,"reclaimed":26,"mt_live":1,"n_workers":2,"worker_async":38851,"worker_runs":1660,"peer_checks":6,"filler_tables":53248}
{"diagnostic":"after_churn","round":6,"threshold":3320402,"mt_threshold":2957274,"alloc_since":786720,"trigger":393216,"hard":786432,"hard_check":1311008,"local_total":16000,"cycle_leader":1,"worker_active":0,"worker_busy":39599,"jit_gate":1,"mark_resume":0,"mark_close_intent":0,"interp_hard":0,"assist_runs":0,"cycle_requests":21,"major_roots":60,"worker_started":2,"worker_exited":0,"worker_stop":0}
{"execution":"after_churn","round":6,"jit_enabled":0,"jit_hard_checks":0}
{"stage":"settled","round":6,"explicit":0,"peer":1,"configured_workers":2,"strings":24876,"raw_count":24876,"local_credit":0,"peer_credit":0,"bytes":3334034,"mask":32767,"phase":3,"cycles":24,"major":24,"completed":23,"unlinked":26,"reclaimed":26,"mt_live":1,"n_workers":2,"worker_async":45264,"worker_runs":2089,"peer_checks":7,"filler_tables":65536}
{"diagnostic":"settled","round":6,"threshold":3335322,"mt_threshold":3301378,"alloc_since":32656,"trigger":393216,"hard":786432,"hard_check":786432,"local_total":0,"cycle_leader":0,"worker_active":0,"worker_busy":46696,"jit_gate":1,"mark_resume":0,"mark_close_intent":0,"interp_hard":0,"assist_runs":0,"cycle_requests":24,"major_roots":72,"worker_started":2,"worker_exited":0,"worker_stop":0}
{"execution":"settled","round":6,"jit_enabled":0,"jit_hard_checks":0}
{"stage":"sole_main_recovered","round":6,"explicit":0,"peer":1,"configured_workers":2,"strings":300,"raw_count":300,"local_credit":0,"peer_credit":0,"bytes":450618,"mask":32767,"phase":0,"cycles":26,"major":26,"completed":26,"unlinked":24602,"reclaimed":24602,"mt_live":0,"n_workers":0,"worker_async":46097,"worker_runs":5145,"peer_checks":8,"filler_tables":65536}
{"diagnostic":"sole_main_recovered","round":6,"threshold":901200,"mt_threshold":3301378,"alloc_since":0,"trigger":393216,"hard":786432,"hard_check":786432,"local_total":0,"cycle_leader":0,"worker_active":0,"worker_busy":46700,"jit_gate":1,"mark_resume":0,"mark_close_intent":0,"interp_hard":0,"assist_runs":0,"cycle_requests":26,"major_roots":78,"worker_started":2,"worker_exited":2,"worker_stop":1}
{"execution":"sole_main_recovered","round":6,"jit_enabled":0,"jit_hard_checks":0}
PASS rounds=6 batch=4096 payload=64 body_bytes=100 live=32 created_body_bytes=2457600 filler_tables=65536
