TAIL tid=2 fillers=1159 cell=4093 cells=4096 size=48
INITIAL result=0 ns=563969 count=1 quota=1 workers=0 cycle=1 main_tid=1 hint=2 eligible_epoch=0 cursor=1318
STATE initial-blocker phase=3 cycle=1 deferred=1 owner_runs=4 arenas=0 ptr=0x7f7de0b30000 cell=4093 block=1 root=1 life=2 ready=0 mark=1 flags=25 cursor=616 late=0 retire=19 quarantine=0x7f7de0b30000 owned=(nil)
TURN call=1 quota=1 hint=2->1 work=1 owners=1 owner_calls=1 event=0 main_cursor=1318->1318 main_epoch=0->0 phase=3
TURN call=2 quota=1 hint=1->2 work=1 owners=1 owner_calls=2 event=0 main_cursor=1318->1382 main_epoch=0->0 phase=3
TURN call=3 quota=1 hint=2->2 work=1 owners=1 owner_calls=3 event=1 main_cursor=1382->1446 main_epoch=0->0 phase=3
TURN call=4 quota=1 hint=2->1 work=1 owners=1 owner_calls=4 event=0 main_cursor=1446->1446 main_epoch=0->0 phase=3
TURN call=5 quota=1 hint=1->2 work=1 owners=1 owner_calls=5 event=0 main_cursor=1446->1510 main_epoch=0->0 phase=3
TURN call=6 quota=1 hint=2->2 work=1 owners=1 owner_calls=6 event=1 main_cursor=1510->1574 main_epoch=0->0 phase=3
TURN call=7 quota=1 hint=2->1 work=1 owners=1 owner_calls=7 event=0 main_cursor=1574->1574 main_epoch=0->0 phase=3
TURN call=8 quota=1 hint=1->2 work=1 owners=1 owner_calls=8 event=0 main_cursor=1574->1638 main_epoch=0->0 phase=3
TURN call=9 quota=1 hint=2->2 work=1 owners=1 owner_calls=9 event=1 main_cursor=1638->1702 main_epoch=0->0 phase=3
TURN call=10 quota=1 hint=2->1 work=1 owners=1 owner_calls=10 event=0 main_cursor=1702->1702 main_epoch=0->0 phase=3
TURN call=11 quota=1 hint=1->2 work=1 owners=1 owner_calls=11 event=0 main_cursor=1702->1766 main_epoch=0->0 phase=3
TURN call=12 quota=1 hint=2->2 work=1 owners=1 owner_calls=12 event=1 main_cursor=1766->1830 main_epoch=0->0 phase=3
TURN call=13 quota=1 hint=2->1 work=1 owners=1 owner_calls=13 event=0 main_cursor=1830->1830 main_epoch=0->0 phase=3
TURN call=14 quota=1 hint=1->2 work=1 owners=1 owner_calls=14 event=0 main_cursor=1830->1894 main_epoch=0->0 phase=3
TURN call=15 quota=1 hint=2->2 work=1 owners=1 owner_calls=15 event=1 main_cursor=1894->1958 main_epoch=0->0 phase=3
TURN call=16 quota=1 hint=2->1 work=1 owners=1 owner_calls=16 event=0 main_cursor=1958->1958 main_epoch=0->0 phase=3
TURN call=17 quota=1 hint=1->2 work=1 owners=1 owner_calls=17 event=0 main_cursor=1958->2022 main_epoch=0->0 phase=3
TURN call=18 quota=1 hint=2->2 work=1 owners=1 owner_calls=18 event=1 main_cursor=2022->2086 main_epoch=0->0 phase=3
TURN call=19 quota=1 hint=2->1 work=1 owners=1 owner_calls=19 event=0 main_cursor=2086->2086 main_epoch=0->0 phase=3
TURN call=20 quota=1 hint=1->2 work=1 owners=1 owner_calls=20 event=0 main_cursor=2086->2150 main_epoch=0->0 phase=3
TURN call=21 quota=1 hint=2->2 work=1 owners=1 owner_calls=21 event=1 main_cursor=2150->2214 main_epoch=0->0 phase=3
TURN call=22 quota=1 hint=2->1 work=1 owners=1 owner_calls=22 event=0 main_cursor=2214->2214 main_epoch=0->0 phase=3
TURN call=23 quota=1 hint=1->2 work=1 owners=1 owner_calls=23 event=0 main_cursor=2214->2278 main_epoch=0->0 phase=3
TURN call=24 quota=1 hint=2->2 work=1 owners=1 owner_calls=24 event=1 main_cursor=2278->2342 main_epoch=0->0 phase=3
TURN call=25 quota=1 hint=2->1 work=1 owners=1 owner_calls=25 event=0 main_cursor=2342->2342 main_epoch=0->0 phase=3
TURN call=26 quota=1 hint=1->2 work=1 owners=1 owner_calls=26 event=0 main_cursor=2342->616 main_epoch=0->0 phase=3
TURN call=27 quota=1 hint=2->2 work=1 owners=1 owner_calls=27 event=1 main_cursor=616->806 main_epoch=0->0 phase=3
TURN call=28 quota=1 hint=2->1 work=1 owners=1 owner_calls=28 event=0 main_cursor=806->806 main_epoch=0->0 phase=3
TURN call=29 quota=1 hint=1->2 work=1 owners=1 owner_calls=29 event=0 main_cursor=806->870 main_epoch=0->0 phase=3
TURN call=30 quota=1 hint=2->2 work=1 owners=1 owner_calls=30 event=1 main_cursor=870->934 main_epoch=0->0 phase=3
TURN call=31 quota=1 hint=2->1 work=1 owners=1 owner_calls=31 event=0 main_cursor=934->934 main_epoch=0->0 phase=3
TURN call=32 quota=1 hint=1->2 work=1 owners=1 owner_calls=32 event=0 main_cursor=934->998 main_epoch=0->0 phase=3
TURN call=33 quota=1 hint=2->2 work=1 owners=1 owner_calls=33 event=1 main_cursor=998->1062 main_epoch=0->0 phase=3
TURN call=34 quota=1 hint=2->1 work=1 owners=1 owner_calls=34 event=0 main_cursor=1062->1062 main_epoch=0->0 phase=3
TURN call=35 quota=1 hint=1->2 work=1 owners=1 owner_calls=35 event=0 main_cursor=1062->1126 main_epoch=0->0 phase=3
TURN call=36 quota=1 hint=2->2 work=1 owners=1 owner_calls=36 event=1 main_cursor=1126->1190 main_epoch=0->0 phase=3
TURN call=37 quota=1 hint=2->1 work=1 owners=1 owner_calls=37 event=0 main_cursor=1190->1190 main_epoch=0->0 phase=3
TURN call=38 quota=1 hint=1->2 work=1 owners=1 owner_calls=38 event=0 main_cursor=1190->1254 main_epoch=0->0 phase=3
TURN call=39 quota=1 hint=2->2 work=1 owners=1 owner_calls=39 event=1 main_cursor=1254->1318 main_epoch=0->0 phase=3
TURN call=40 quota=1 hint=2->1 work=1 owners=1 owner_calls=40 event=0 main_cursor=1318->1318 main_epoch=0->0 phase=3
TURN call=41 quota=1 hint=1->2 work=1 owners=1 owner_calls=41 event=0 main_cursor=1318->1382 main_epoch=0->0 phase=3
TURN call=42 quota=1 hint=2->2 work=1 owners=1 owner_calls=42 event=1 main_cursor=1382->1446 main_epoch=0->0 phase=3
TURN call=43 quota=1 hint=2->1 work=1 owners=1 owner_calls=43 event=0 main_cursor=1446->1446 main_epoch=0->0 phase=3
TURN call=44 quota=1 hint=1->2 work=1 owners=1 owner_calls=44 event=0 main_cursor=1446->1510 main_epoch=0->0 phase=3
TURN call=45 quota=1 hint=2->2 work=1 owners=1 owner_calls=45 event=1 main_cursor=1510->1574 main_epoch=0->0 phase=3
TURN call=46 quota=1 hint=2->1 work=1 owners=1 owner_calls=46 event=0 main_cursor=1574->1574 main_epoch=0->0 phase=3
TURN call=47 quota=1 hint=1->2 work=1 owners=1 owner_calls=47 event=0 main_cursor=1574->1638 main_epoch=0->0 phase=3
TURN call=48 quota=1 hint=2->2 work=1 owners=1 owner_calls=48 event=1 main_cursor=1638->1702 main_epoch=0->0 phase=3
TURN call=49 quota=1 hint=2->1 work=1 owners=1 owner_calls=49 event=0 main_cursor=1702->1702 main_epoch=0->0 phase=3
TURN call=50 quota=1 hint=1->2 work=1 owners=1 owner_calls=50 event=0 main_cursor=1702->1766 main_epoch=0->0 phase=3
TURN call=51 quota=1 hint=2->2 work=1 owners=1 owner_calls=51 event=1 main_cursor=1766->1830 main_epoch=0->0 phase=3
TURN call=52 quota=1 hint=2->1 work=1 owners=1 owner_calls=52 event=0 main_cursor=1830->1830 main_epoch=0->0 phase=3
TURN call=53 quota=1 hint=1->2 work=1 owners=1 owner_calls=53 event=0 main_cursor=1830->1894 main_epoch=0->0 phase=3
TURN call=54 quota=1 hint=2->2 work=1 owners=1 owner_calls=54 event=1 main_cursor=1894->1958 main_epoch=0->0 phase=3
TURN call=55 quota=1 hint=2->1 work=1 owners=1 owner_calls=55 event=0 main_cursor=1958->1958 main_epoch=0->0 phase=3
TURN call=56 quota=1 hint=1->2 work=1 owners=1 owner_calls=56 event=0 main_cursor=1958->2022 main_epoch=0->0 phase=3
TURN call=57 quota=1 hint=2->2 work=1 owners=1 owner_calls=57 event=1 main_cursor=2022->2086 main_epoch=0->0 phase=3
TURN call=58 quota=1 hint=2->1 work=1 owners=1 owner_calls=58 event=0 main_cursor=2086->2086 main_epoch=0->0 phase=3
TURN call=59 quota=1 hint=1->2 work=1 owners=1 owner_calls=59 event=0 main_cursor=2086->2150 main_epoch=0->0 phase=3
TURN call=60 quota=1 hint=2->2 work=1 owners=1 owner_calls=60 event=1 main_cursor=2150->2214 main_epoch=0->0 phase=3
TURN call=61 quota=1 hint=2->1 work=1 owners=1 owner_calls=61 event=0 main_cursor=2214->2214 main_epoch=0->0 phase=3
TURN call=62 quota=1 hint=1->2 work=1 owners=1 owner_calls=62 event=0 main_cursor=2214->2366 main_epoch=0->0 phase=3
TURN call=63 quota=1 hint=2->2 work=1 owners=1 owner_calls=63 event=1 main_cursor=2366->616 main_epoch=0->1 phase=3
TURN call=64 quota=1 hint=2->1 work=1 owners=1 owner_calls=64 event=0 main_cursor=616->616 main_epoch=1->1 phase=3
TURN call=65 quota=1 hint=1->1 work=0 owners=0 owner_calls=64 event=1 main_cursor=616->616 main_epoch=1->1 phase=3
TURN call=66 quota=1 hint=1->1 work=1 owners=1 owner_calls=65 event=0 main_cursor=616->616 main_epoch=1->1 phase=3
TURN call=67 quota=1 hint=1->1 work=0 owners=0 owner_calls=65 event=1 main_cursor=616->616 main_epoch=1->1 phase=3
TURN call=68 quota=1 hint=1->1 work=1 owners=1 owner_calls=66 event=0 main_cursor=616->616 main_epoch=1->1 phase=3
TURN call=69 quota=1 hint=1->1 work=0 owners=0 owner_calls=66 event=1 main_cursor=616->616 main_epoch=1->1 phase=3
TURN call=70 quota=1 hint=1->1 work=1 owners=1 owner_calls=67 event=0 main_cursor=616->616 main_epoch=1->1 phase=3
TURN call=71 quota=1 hint=1->1 work=0 owners=0 owner_calls=67 event=1 main_cursor=616->616 main_epoch=1->1 phase=3
TURN call=72 quota=1 hint=1->1 work=1 owners=1 owner_calls=68 event=0 main_cursor=616->616 main_epoch=1->1 phase=3
TURN call=73 quota=1 hint=1->1 work=0 owners=0 owner_calls=68 event=1 main_cursor=616->616 main_epoch=1->1 phase=3
TURN call=74 quota=1 hint=1->1 work=1 owners=1 owner_calls=69 event=0 main_cursor=616->616 main_epoch=1->1 phase=3
TURN call=75 quota=1 hint=1->1 work=0 owners=0 owner_calls=69 event=1 main_cursor=616->616 main_epoch=1->1 phase=3
TURN call=76 quota=1 hint=1->1 work=1 owners=1 owner_calls=70 event=0 main_cursor=616->616 main_epoch=1->1 phase=3
TURN call=77 quota=1 hint=1->1 work=0 owners=0 owner_calls=70 event=1 main_cursor=616->616 main_epoch=1->1 phase=3
TURN call=78 quota=1 hint=1->1 work=1 owners=1 owner_calls=71 event=0 main_cursor=616->616 main_epoch=1->1 phase=3
TURN call=79 quota=1 hint=1->1 work=0 owners=0 owner_calls=71 event=1 main_cursor=616->616 main_epoch=1->1 phase=3
TURN call=80 quota=1 hint=1->1 work=1 owners=1 owner_calls=72 event=0 main_cursor=616->616 main_epoch=1->1 phase=3
TURN call=81 quota=1 hint=1->1 work=0 owners=0 owner_calls=72 event=1 main_cursor=616->616 main_epoch=1->1 phase=3
TURN call=82 quota=1 hint=1->1 work=1 owners=1 owner_calls=73 event=0 main_cursor=616->616 main_epoch=1->1 phase=3
TURN call=83 quota=1 hint=1->1 work=0 owners=0 owner_calls=73 event=1 main_cursor=616->616 main_epoch=1->1 phase=3
TURN call=84 quota=1 hint=1->1 work=1 owners=1 owner_calls=74 event=0 main_cursor=616->616 main_epoch=1->1 phase=3
TURN call=85 quota=1 hint=1->1 work=0 owners=0 owner_calls=74 event=1 main_cursor=616->616 main_epoch=1->1 phase=3
TURN call=86 quota=1 hint=1->1 work=1 owners=1 owner_calls=75 event=0 main_cursor=616->616 main_epoch=1->1 phase=3
TURN call=87 quota=1 hint=1->1 work=0 owners=0 owner_calls=75 event=1 main_cursor=616->616 main_epoch=1->1 phase=3
TURN call=88 quota=1 hint=1->1 work=1 owners=1 owner_calls=76 event=0 main_cursor=616->616 main_epoch=1->1 phase=3
TURN call=89 quota=1 hint=1->1 work=0 owners=0 owner_calls=76 event=1 main_cursor=616->616 main_epoch=1->1 phase=3
TURN call=90 quota=1 hint=1->1 work=1 owners=1 owner_calls=77 event=0 main_cursor=616->616 main_epoch=1->1 phase=3
TURN call=91 quota=1 hint=1->1 work=0 owners=0 owner_calls=77 event=1 main_cursor=616->616 main_epoch=1->1 phase=3
TURN call=92 quota=1 hint=1->1 work=1 owners=1 owner_calls=78 event=0 main_cursor=616->616 main_epoch=1->1 phase=3
TURN call=93 quota=1 hint=1->1 work=0 owners=0 owner_calls=78 event=1 main_cursor=616->616 main_epoch=1->1 phase=3
TURN call=94 quota=1 hint=1->1 work=1 owners=1 owner_calls=79 event=0 main_cursor=616->616 main_epoch=1->1 phase=3
TURN call=95 quota=1 hint=1->1 work=0 owners=0 owner_calls=79 event=1 main_cursor=616->616 main_epoch=1->1 phase=3
TURN call=96 quota=1 hint=1->1 work=1 owners=1 owner_calls=80 event=0 main_cursor=616->616 main_epoch=1->1 phase=3
TURN call=97 quota=1 hint=1->1 work=0 owners=0 owner_calls=80 event=1 main_cursor=616->616 main_epoch=1->1 phase=3
TURN call=98 quota=1 hint=1->1 work=1 owners=1 owner_calls=81 event=0 main_cursor=616->616 main_epoch=1->1 phase=3
TURN call=99 quota=1 hint=1->1 work=0 owners=0 owner_calls=81 event=1 main_cursor=616->616 main_epoch=1->1 phase=3
TURN call=100 quota=1 hint=1->1 work=1 owners=1 owner_calls=82 event=0 main_cursor=616->616 main_epoch=1->1 phase=3
TURN call=101 quota=1 hint=1->1 work=0 owners=0 owner_calls=82 event=1 main_cursor=616->616 main_epoch=1->1 phase=3
TURN call=102 quota=1 hint=1->1 work=1 owners=1 owner_calls=83 event=0 main_cursor=616->616 main_epoch=1->1 phase=3
TURN call=103 quota=1 hint=1->1 work=0 owners=0 owner_calls=83 event=1 main_cursor=616->616 main_epoch=1->1 phase=3
TURN call=104 quota=1 hint=1->1 work=1 owners=1 owner_calls=84 event=0 main_cursor=616->616 main_epoch=1->1 phase=3
TURN call=105 quota=1 hint=1->1 work=0 owners=0 owner_calls=84 event=1 main_cursor=616->616 main_epoch=1->1 phase=3
TURN call=106 quota=1 hint=1->1 work=1 owners=1 owner_calls=85 event=0 main_cursor=616->616 main_epoch=1->1 phase=3
TURN call=107 quota=1 hint=1->1 work=0 owners=0 owner_calls=85 event=1 main_cursor=616->616 main_epoch=1->1 phase=3
TURN call=108 quota=1 hint=1->1 work=1 owners=1 owner_calls=86 event=0 main_cursor=616->616 main_epoch=1->1 phase=3
TURN call=109 quota=1 hint=1->1 work=0 owners=0 owner_calls=86 event=1 main_cursor=616->616 main_epoch=1->1 phase=3
TURN call=110 quota=1 hint=1->1 work=1 owners=1 owner_calls=87 event=0 main_cursor=616->616 main_epoch=1->1 phase=3
TURN call=111 quota=1 hint=1->1 work=0 owners=0 owner_calls=87 event=1 main_cursor=616->616 main_epoch=1->1 phase=3
TURN call=112 quota=1 hint=1->1 work=1 owners=1 owner_calls=88 event=0 main_cursor=616->616 main_epoch=1->1 phase=3
TURN call=113 quota=1 hint=1->1 work=0 owners=0 owner_calls=88 event=1 main_cursor=616->616 main_epoch=1->1 phase=3
TURN call=114 quota=1 hint=1->1 work=1 owners=1 owner_calls=89 event=0 main_cursor=616->616 main_epoch=1->1 phase=3
TURN call=115 quota=1 hint=1->1 work=0 owners=0 owner_calls=89 event=1 main_cursor=616->616 main_epoch=1->1 phase=3
TURN call=116 quota=1 hint=1->1 work=1 owners=1 owner_calls=90 event=0 main_cursor=616->616 main_epoch=1->1 phase=3
TURN call=117 quota=1 hint=1->1 work=0 owners=0 owner_calls=90 event=1 main_cursor=616->616 main_epoch=1->1 phase=3
TURN call=118 quota=1 hint=1->1 work=1 owners=1 owner_calls=91 event=0 main_cursor=616->616 main_epoch=1->1 phase=3
TURN call=119 quota=1 hint=1->1 work=0 owners=0 owner_calls=91 event=1 main_cursor=616->616 main_epoch=1->1 phase=3
TURN call=120 quota=1 hint=1->1 work=1 owners=1 owner_calls=92 event=0 main_cursor=616->616 main_epoch=1->1 phase=3
TURN call=121 quota=1 hint=1->1 work=0 owners=0 owner_calls=92 event=1 main_cursor=616->616 main_epoch=1->1 phase=3
TURN call=122 quota=1 hint=1->1 work=1 owners=1 owner_calls=93 event=0 main_cursor=616->616 main_epoch=1->1 phase=3
TURN call=123 quota=1 hint=1->1 work=0 owners=0 owner_calls=93 event=1 main_cursor=616->616 main_epoch=1->1 phase=3
TURN call=124 quota=1 hint=1->1 work=1 owners=1 owner_calls=94 event=0 main_cursor=616->616 main_epoch=1->1 phase=3
TURN call=125 quota=1 hint=1->1 work=0 owners=0 owner_calls=94 event=1 main_cursor=616->616 main_epoch=1->1 phase=3
TURN call=126 quota=1 hint=1->1 work=1 owners=1 owner_calls=95 event=0 main_cursor=616->616 main_epoch=1->1 phase=3
TURN call=127 quota=1 hint=1->1 work=0 owners=0 owner_calls=95 event=1 main_cursor=616->616 main_epoch=1->1 phase=3
TURN call=128 quota=1 hint=1->1 work=1 owners=1 owner_calls=96 event=0 main_cursor=616->616 main_epoch=1->1 phase=3
TURN call=129 quota=1 hint=1->1 work=0 owners=0 owner_calls=96 event=1 main_cursor=616->616 main_epoch=1->1 phase=3
TURN call=130 quota=1 hint=1->1 work=1 owners=1 owner_calls=97 event=0 main_cursor=616->616 main_epoch=1->1 phase=3
TURN call=131 quota=1 hint=1->1 work=0 owners=0 owner_calls=97 event=1 main_cursor=616->616 main_epoch=1->1 phase=3
TURN call=132 quota=1 hint=1->1 work=1 owners=1 owner_calls=98 event=0 main_cursor=616->616 main_epoch=1->1 phase=3
TURN call=133 quota=1 hint=1->1 work=0 owners=0 owner_calls=98 event=1 main_cursor=616->616 main_epoch=1->1 phase=3
TURN call=134 quota=1 hint=1->1 work=1 owners=1 owner_calls=99 event=0 main_cursor=616->616 main_epoch=1->1 phase=3
TURN call=135 quota=1 hint=1->1 work=0 owners=0 owner_calls=99 event=1 main_cursor=616->616 main_epoch=1->1 phase=3
TURN call=136 quota=1 hint=1->1 work=1 owners=1 owner_calls=100 event=0 main_cursor=616->616 main_epoch=1->1 phase=3
TURN call=137 quota=1 hint=1->1 work=0 owners=0 owner_calls=100 event=1 main_cursor=616->616 main_epoch=1->1 phase=3
TURN call=138 quota=1 hint=1->1 work=1 owners=1 owner_calls=101 event=0 main_cursor=616->616 main_epoch=1->1 phase=3
TURN call=139 quota=1 hint=1->1 work=0 owners=0 owner_calls=101 event=1 main_cursor=616->616 main_epoch=1->1 phase=3
TURN call=140 quota=1 hint=1->1 work=1 owners=1 owner_calls=102 event=0 main_cursor=616->616 main_epoch=1->1 phase=3
TURN call=141 quota=1 hint=1->1 work=0 owners=0 owner_calls=102 event=1 main_cursor=616->616 main_epoch=1->1 phase=3
TURN call=142 quota=1 hint=1->1 work=1 owners=1 owner_calls=103 event=0 main_cursor=616->616 main_epoch=1->1 phase=3
TURN call=143 quota=1 hint=1->1 work=0 owners=0 owner_calls=103 event=1 main_cursor=616->616 main_epoch=1->1 phase=3
TURN call=144 quota=1 hint=1->1 work=1 owners=1 owner_calls=104 event=0 main_cursor=616->616 main_epoch=1->1 phase=3
TURN call=145 quota=1 hint=1->1 work=0 owners=0 owner_calls=104 event=1 main_cursor=616->616 main_epoch=1->1 phase=3
TURN call=146 quota=1 hint=1->1 work=1 owners=1 owner_calls=105 event=0 main_cursor=616->616 main_epoch=1->1 phase=3
TURN call=147 quota=1 hint=1->1 work=0 owners=0 owner_calls=105 event=1 main_cursor=616->616 main_epoch=1->1 phase=3
TURN call=148 quota=1 hint=1->1 work=1 owners=1 owner_calls=106 event=0 main_cursor=616->616 main_epoch=1->1 phase=3
TURN call=149 quota=1 hint=1->1 work=0 owners=0 owner_calls=106 event=1 main_cursor=616->616 main_epoch=1->1 phase=3
TURN call=150 quota=1 hint=1->1 work=1 owners=1 owner_calls=107 event=0 main_cursor=616->616 main_epoch=1->1 phase=3
TURN call=151 quota=1 hint=1->1 work=0 owners=0 owner_calls=107 event=1 main_cursor=616->616 main_epoch=1->1 phase=3
TURN call=152 quota=1 hint=1->1 work=1 owners=1 owner_calls=108 event=0 main_cursor=616->616 main_epoch=1->1 phase=3
TURN call=153 quota=1 hint=1->1 work=0 owners=0 owner_calls=108 event=1 main_cursor=616->616 main_epoch=1->1 phase=3
TURN call=154 quota=1 hint=1->1 work=1 owners=1 owner_calls=109 event=0 main_cursor=616->616 main_epoch=1->1 phase=3
TURN call=155 quota=1 hint=1->1 work=0 owners=0 owner_calls=109 event=1 main_cursor=616->616 main_epoch=1->1 phase=3
TURN call=156 quota=1 hint=1->1 work=1 owners=1 owner_calls=110 event=0 main_cursor=616->616 main_epoch=1->1 phase=3
TURN call=157 quota=1 hint=1->1 work=0 owners=0 owner_calls=110 event=1 main_cursor=616->616 main_epoch=1->1 phase=3
TURN call=158 quota=1 hint=1->1 work=1 owners=1 owner_calls=111 event=0 main_cursor=616->616 main_epoch=1->1 phase=3
TURN call=159 quota=1 hint=1->1 work=0 owners=0 owner_calls=111 event=1 main_cursor=616->616 main_epoch=1->1 phase=3
TURN call=160 quota=1 hint=1->1 work=1 owners=1 owner_calls=112 event=0 main_cursor=616->616 main_epoch=1->1 phase=3
TURN call=161 quota=1 hint=1->1 work=0 owners=0 owner_calls=112 event=1 main_cursor=616->616 main_epoch=1->1 phase=3
TURN call=162 quota=1 hint=1->1 work=1 owners=1 owner_calls=113 event=0 main_cursor=616->616 main_epoch=1->1 phase=3
TURN call=163 quota=1 hint=1->1 work=0 owners=0 owner_calls=113 event=1 main_cursor=616->616 main_epoch=1->1 phase=3
TURN call=164 quota=1 hint=1->1 work=1 owners=1 owner_calls=114 event=0 main_cursor=616->616 main_epoch=1->1 phase=3
TURN call=165 quota=1 hint=1->1 work=0 owners=0 owner_calls=114 event=1 main_cursor=616->616 main_epoch=1->1 phase=3
TURN call=166 quota=1 hint=1->1 work=1 owners=1 owner_calls=115 event=0 main_cursor=616->616 main_epoch=1->1 phase=3
TURN call=167 quota=1 hint=1->1 work=0 owners=0 owner_calls=115 event=1 main_cursor=616->616 main_epoch=1->1 phase=3
TURN call=168 quota=1 hint=1->1 work=1 owners=1 owner_calls=116 event=0 main_cursor=616->616 main_epoch=1->1 phase=3
TURN call=169 quota=1 hint=1->1 work=0 owners=0 owner_calls=116 event=1 main_cursor=616->616 main_epoch=1->1 phase=3
TURN call=170 quota=1 hint=1->1 work=1 owners=1 owner_calls=117 event=0 main_cursor=616->616 main_epoch=1->1 phase=3
TURN call=171 quota=1 hint=1->1 work=0 owners=0 owner_calls=117 event=1 main_cursor=616->616 main_epoch=1->1 phase=3
TURN call=172 quota=1 hint=1->1 work=1 owners=1 owner_calls=118 event=0 main_cursor=616->616 main_epoch=1->1 phase=3
TURN call=173 quota=1 hint=1->1 work=0 owners=0 owner_calls=118 event=1 main_cursor=616->616 main_epoch=1->1 phase=3
TURN call=174 quota=1 hint=1->1 work=1 owners=1 owner_calls=119 event=0 main_cursor=616->616 main_epoch=1->1 phase=3
TURN call=175 quota=1 hint=1->1 work=0 owners=0 owner_calls=119 event=1 main_cursor=616->616 main_epoch=1->1 phase=3
TURN call=176 quota=1 hint=1->1 work=1 owners=1 owner_calls=120 event=0 main_cursor=616->616 main_epoch=1->1 phase=3
TURN call=177 quota=1 hint=1->1 work=0 owners=0 owner_calls=120 event=1 main_cursor=616->616 main_epoch=1->1 phase=3
TURN call=178 quota=1 hint=1->1 work=1 owners=1 owner_calls=121 event=0 main_cursor=616->616 main_epoch=1->1 phase=3
TURN call=179 quota=1 hint=1->1 work=0 owners=0 owner_calls=121 event=1 main_cursor=616->616 main_epoch=1->1 phase=3
TURN call=180 quota=1 hint=1->1 work=1 owners=1 owner_calls=122 event=0 main_cursor=616->616 main_epoch=1->1 phase=3
TURN call=181 quota=1 hint=1->1 work=0 owners=0 owner_calls=122 event=1 main_cursor=616->616 main_epoch=1->1 phase=3
TURN call=182 quota=1 hint=1->1 work=1 owners=1 owner_calls=123 event=0 main_cursor=616->616 main_epoch=1->1 phase=3
TURN call=183 quota=1 hint=1->1 work=0 owners=0 owner_calls=123 event=1 main_cursor=616->616 main_epoch=1->1 phase=3
TURN call=184 quota=1 hint=1->1 work=1 owners=1 owner_calls=124 event=0 main_cursor=616->616 main_epoch=1->1 phase=3
TURN call=185 quota=1 hint=1->1 work=0 owners=0 owner_calls=124 event=1 main_cursor=616->616 main_epoch=1->1 phase=3
TURN call=186 quota=1 hint=1->1 work=1 owners=1 owner_calls=125 event=0 main_cursor=616->616 main_epoch=1->1 phase=3
TURN call=187 quota=1 hint=1->1 work=0 owners=0 owner_calls=125 event=1 main_cursor=616->616 main_epoch=1->1 phase=3
TURN call=188 quota=1 hint=1->1 work=1 owners=1 owner_calls=126 event=0 main_cursor=616->616 main_epoch=1->1 phase=3
TURN call=189 quota=1 hint=1->1 work=0 owners=0 owner_calls=126 event=1 main_cursor=616->616 main_epoch=1->1 phase=3
TURN call=190 quota=1 hint=1->1 work=1 owners=1 owner_calls=127 event=0 main_cursor=616->616 main_epoch=1->1 phase=3
TURN call=191 quota=1 hint=1->1 work=0 owners=0 owner_calls=127 event=1 main_cursor=616->616 main_epoch=1->1 phase=3
TURN call=192 quota=1 hint=1->1 work=1 owners=1 owner_calls=128 event=0 main_cursor=616->616 main_epoch=1->1 phase=3
TURN call=193 quota=1 hint=1->1 work=0 owners=0 owner_calls=128 event=1 main_cursor=616->616 main_epoch=1->1 phase=3
TURN call=194 quota=1 hint=1->1 work=1 owners=1 owner_calls=129 event=0 main_cursor=616->616 main_epoch=1->1 phase=3
TURN call=195 quota=1 hint=1->1 work=0 owners=0 owner_calls=129 event=1 main_cursor=616->616 main_epoch=1->1 phase=3
TURN call=196 quota=1 hint=1->1 work=1 owners=1 owner_calls=130 event=0 main_cursor=616->616 main_epoch=1->1 phase=3
TURN call=197 quota=1 hint=1->1 work=0 owners=0 owner_calls=130 event=1 main_cursor=616->616 main_epoch=1->1 phase=3
TURN call=198 quota=1 hint=1->1 work=1 owners=1 owner_calls=131 event=0 main_cursor=616->616 main_epoch=1->1 phase=3
TURN call=199 quota=1 hint=1->1 work=0 owners=0 owner_calls=131 event=1 main_cursor=616->616 main_epoch=1->1 phase=3
TURN call=200 quota=1 hint=1->1 work=1 owners=1 owner_calls=132 event=0 main_cursor=616->616 main_epoch=1->1 phase=3
TURN call=201 quota=1 hint=1->1 work=0 owners=0 owner_calls=132 event=1 main_cursor=616->616 main_epoch=1->1 phase=3
TURN call=202 quota=1 hint=1->1 work=1 owners=1 owner_calls=133 event=0 main_cursor=616->616 main_epoch=1->1 phase=3
TURN call=203 quota=1 hint=1->1 work=0 owners=0 owner_calls=133 event=1 main_cursor=616->616 main_epoch=1->1 phase=3
TURN call=204 quota=1 hint=1->1 work=1 owners=1 owner_calls=134 event=0 main_cursor=616->616 main_epoch=1->1 phase=3
TURN call=205 quota=1 hint=1->1 work=0 owners=0 owner_calls=134 event=1 main_cursor=616->616 main_epoch=1->1 phase=3
TURN call=206 quota=1 hint=1->1 work=1 owners=1 owner_calls=135 event=0 main_cursor=616->616 main_epoch=1->1 phase=3
TURN call=207 quota=1 hint=1->1 work=0 owners=0 owner_calls=135 event=1 main_cursor=616->616 main_epoch=1->1 phase=3
TURN call=208 quota=1 hint=1->1 work=1 owners=1 owner_calls=136 event=0 main_cursor=616->616 main_epoch=1->1 phase=3
TURN call=209 quota=1 hint=1->1 work=0 owners=0 owner_calls=136 event=1 main_cursor=616->616 main_epoch=1->1 phase=3
TURN call=210 quota=1 hint=1->1 work=1 owners=1 owner_calls=137 event=0 main_cursor=616->616 main_epoch=1->1 phase=3
TURN call=211 quota=1 hint=1->1 work=0 owners=0 owner_calls=137 event=1 main_cursor=616->616 main_epoch=1->1 phase=3
TURN call=212 quota=1 hint=1->1 work=1 owners=1 owner_calls=138 event=0 main_cursor=616->616 main_epoch=1->1 phase=3
TURN call=213 quota=1 hint=1->1 work=0 owners=0 owner_calls=138 event=1 main_cursor=616->616 main_epoch=1->1 phase=3
TURN call=214 quota=1 hint=1->1 work=1 owners=1 owner_calls=139 event=0 main_cursor=616->616 main_epoch=1->1 phase=3
TURN call=215 quota=1 hint=1->1 work=0 owners=0 owner_calls=139 event=1 main_cursor=616->616 main_epoch=1->1 phase=3
TURN call=216 quota=1 hint=1->1 work=1 owners=1 owner_calls=140 event=0 main_cursor=616->616 main_epoch=1->1 phase=3
TURN call=217 quota=1 hint=1->1 work=0 owners=0 owner_calls=140 event=1 main_cursor=616->616 main_epoch=1->1 phase=3
TURN call=218 quota=1 hint=1->1 work=1 owners=1 owner_calls=141 event=0 main_cursor=616->616 main_epoch=1->1 phase=3
TURN call=219 quota=1 hint=1->1 work=0 owners=0 owner_calls=141 event=1 main_cursor=616->616 main_epoch=1->1 phase=3
TURN call=220 quota=1 hint=1->1 work=1 owners=1 owner_calls=142 event=0 main_cursor=616->616 main_epoch=1->1 phase=3
TURN call=221 quota=1 hint=1->1 work=0 owners=0 owner_calls=142 event=1 main_cursor=616->616 main_epoch=1->1 phase=3
TURN call=222 quota=1 hint=1->1 work=1 owners=1 owner_calls=143 event=0 main_cursor=616->616 main_epoch=1->1 phase=3
TURN call=223 quota=1 hint=1->1 work=0 owners=0 owner_calls=143 event=1 main_cursor=616->616 main_epoch=1->1 phase=3
TURN call=224 quota=1 hint=1->1 work=1 owners=1 owner_calls=144 event=0 main_cursor=616->616 main_epoch=1->1 phase=3
TURN call=225 quota=1 hint=1->1 work=0 owners=0 owner_calls=144 event=1 main_cursor=616->616 main_epoch=1->1 phase=3
TURN call=226 quota=1 hint=1->1 work=1 owners=1 owner_calls=145 event=0 main_cursor=616->616 main_epoch=1->1 phase=3
TURN call=227 quota=1 hint=1->1 work=0 owners=0 owner_calls=145 event=1 main_cursor=616->616 main_epoch=1->1 phase=3
TURN call=228 quota=1 hint=1->1 work=1 owners=1 owner_calls=146 event=0 main_cursor=616->616 main_epoch=1->1 phase=3
TURN call=229 quota=1 hint=1->1 work=0 owners=0 owner_calls=146 event=1 main_cursor=616->616 main_epoch=1->1 phase=3
TURN call=230 quota=1 hint=1->1 work=1 owners=1 owner_calls=147 event=0 main_cursor=616->616 main_epoch=1->1 phase=3
TURN call=231 quota=1 hint=1->1 work=0 owners=0 owner_calls=147 event=1 main_cursor=616->616 main_epoch=1->1 phase=3
TURN call=232 quota=1 hint=1->1 work=1 owners=1 owner_calls=148 event=0 main_cursor=616->616 main_epoch=1->1 phase=3
TURN call=233 quota=1 hint=1->1 work=0 owners=0 owner_calls=148 event=1 main_cursor=616->616 main_epoch=1->1 phase=3
TURN call=234 quota=1 hint=1->1 work=1 owners=1 owner_calls=149 event=0 main_cursor=616->616 main_epoch=1->1 phase=3
TURN call=235 quota=1 hint=1->1 work=0 owners=0 owner_calls=149 event=1 main_cursor=616->616 main_epoch=1->1 phase=3
TURN call=236 quota=1 hint=1->1 work=1 owners=1 owner_calls=150 event=0 main_cursor=616->616 main_epoch=1->1 phase=3
TURN call=237 quota=1 hint=1->1 work=0 owners=0 owner_calls=150 event=1 main_cursor=616->616 main_epoch=1->1 phase=3
TURN call=238 quota=1 hint=1->1 work=1 owners=1 owner_calls=151 event=0 main_cursor=616->616 main_epoch=1->1 phase=3
TURN call=239 quota=1 hint=1->1 work=0 owners=0 owner_calls=151 event=1 main_cursor=616->616 main_epoch=1->1 phase=3
TURN call=240 quota=1 hint=1->1 work=1 owners=1 owner_calls=152 event=0 main_cursor=616->616 main_epoch=1->1 phase=3
TURN call=241 quota=1 hint=1->1 work=0 owners=0 owner_calls=152 event=1 main_cursor=616->616 main_epoch=1->1 phase=3
TURN call=242 quota=1 hint=1->1 work=1 owners=1 owner_calls=153 event=0 main_cursor=616->616 main_epoch=1->1 phase=3
TURN call=243 quota=1 hint=1->1 work=0 owners=0 owner_calls=153 event=1 main_cursor=616->616 main_epoch=1->1 phase=3
TURN call=244 quota=1 hint=1->1 work=1 owners=1 owner_calls=154 event=0 main_cursor=616->616 main_epoch=1->1 phase=3
TURN call=245 quota=1 hint=1->1 work=0 owners=0 owner_calls=154 event=1 main_cursor=616->616 main_epoch=1->1 phase=3
TURN call=246 quota=1 hint=1->1 work=1 owners=1 owner_calls=155 event=0 main_cursor=616->616 main_epoch=1->1 phase=3
TURN call=247 quota=1 hint=1->1 work=0 owners=0 owner_calls=155 event=1 main_cursor=616->616 main_epoch=1->1 phase=3
TURN call=248 quota=1 hint=1->1 work=1 owners=1 owner_calls=156 event=0 main_cursor=616->616 main_epoch=1->1 phase=3
TURN call=249 quota=1 hint=1->1 work=0 owners=0 owner_calls=156 event=1 main_cursor=616->616 main_epoch=1->1 phase=3
TURN call=250 quota=1 hint=1->1 work=1 owners=1 owner_calls=157 event=0 main_cursor=616->616 main_epoch=1->1 phase=3
TURN call=251 quota=1 hint=1->1 work=0 owners=0 owner_calls=157 event=1 main_cursor=616->616 main_epoch=1->1 phase=3
TURN call=252 quota=1 hint=1->1 work=1 owners=1 owner_calls=158 event=0 main_cursor=616->616 main_epoch=1->1 phase=3
TURN call=253 quota=1 hint=1->1 work=0 owners=0 owner_calls=158 event=1 main_cursor=616->616 main_epoch=1->1 phase=3
TURN call=254 quota=1 hint=1->1 work=1 owners=1 owner_calls=159 event=0 main_cursor=616->616 main_epoch=1->1 phase=3
TURN call=255 quota=1 hint=1->1 work=0 owners=0 owner_calls=159 event=1 main_cursor=616->616 main_epoch=1->1 phase=3
TURN call=256 quota=1 hint=1->1 work=1 owners=1 owner_calls=160 event=0 main_cursor=616->616 main_epoch=1->1 phase=3
HELD count=1 quota=1 workers=0 ns=2438207 events=117 parks=0 runs=160 eligible_done=1 first_done_call=63 first_done_owner_call=63 eligible_turns=42 first_turn=2 max_gap=2 fairness=1 reset=117,0,0 hint=1 detach_saved=0
STATE held-blocker phase=3 cycle=1 deferred=118 owner_runs=164 arenas=1 ptr=0x7f7de0b30000 cell=4093 block=1 root=1 life=2 ready=0 mark=1 flags=25 cursor=4042 late=0 retire=19 quarantine=0x7f7de0b30000 owned=(nil)
RELEASED result=1 phase=0 ns=532530 hint=2 main_tid=1
t-fair-owner OK
