sizeof.void *=8
sizeof.GC2State=4464
sizeof.global_State=5616
sizeof.GG_State=42288
sizeof.lua_State=176
offset.GC2State.grey_capacity=1160
offset.GC2State.grey_top=1168
offset.GC2State.grey_bottom=1176
offset.GC2State.worker_active=3312
offset.GC2State.deferred_epoch=3392
offset.GC2State.tg_list=4440
offset.global_State.gc=72
offset.global_State.vmstate=408
offset.global_State.cur_L=616
offset.global_State.jit_base=624
offset.global_State.gc2=1104
offset.global_State.gc2.phase=1104
offset.global_State.gc2.cycle=1112
offset.global_State.gc2.jit_phase_gate=1108
offset.global_State.gc2.n_workers=4392
offset.global_State.gc2.grey_top=2272
offset.global_State.main_tg=1024
offset.global_State.mt_active=5568
offset.global_State.mt_entering=5576
offset.global_State.tab_resize=5600
offset.GG_State.g=176
offset.GG_State.J=5792
offset.GG_State.hotcount=9008
offset.GG_State.dispatch=9136
offset.GG_State.main_tg=11424
GG_G2J=5616
GG_G2DISP=8960
