== m3_gc2_worker_sweep_bridge ==
+ cc -std=gnu11 -O2 -Wall -Wextra -Werror -mcx16 -g -Wall -Wextra -Werror -I'/workspaces/lj-lockless/src' '/workspaces/lj-lockless/tests/t-worker-bridge-stop.c' '/workspaces/lj-lockless/src/libluajit.a' -Wl,-E -lm -ldl -pthread -Wl,--wrap=lj_safepoint_handshake -o '/tmp/lj-worker-bridge-combined-20260905-bz9wysjp/canonical-tmp/lj_t-worker-bridge-stop'
+ LUA_PATH='/workspaces/lj-lockless/src/?.lua;;' RETENTION_JIT='0' timeout '35s' '/tmp/lj-worker-bridge-combined-20260905-bz9wysjp/canonical-tmp/lj_t-worker-bridge-stop' '0' '1' '0'
+ LUA_PATH='/workspaces/lj-lockless/src/?.lua;;' RETENTION_JIT='0' timeout '35s' '/tmp/lj-worker-bridge-combined-20260905-bz9wysjp/canonical-tmp/lj_t-worker-bridge-stop' '0' '1' '1'
+ LUA_PATH='/workspaces/lj-lockless/src/?.lua;;' RETENTION_JIT='0' timeout '35s' '/tmp/lj-worker-bridge-combined-20260905-bz9wysjp/canonical-tmp/lj_t-worker-bridge-stop' '0' '2' '0'
+ LUA_PATH='/workspaces/lj-lockless/src/?.lua;;' RETENTION_JIT='0' timeout '35s' '/tmp/lj-worker-bridge-combined-20260905-bz9wysjp/canonical-tmp/lj_t-worker-bridge-stop' '0' '2' '1'
+ LUA_PATH='/workspaces/lj-lockless/src/?.lua;;' RETENTION_JIT='0' timeout '35s' '/tmp/lj-worker-bridge-combined-20260905-bz9wysjp/canonical-tmp/lj_t-worker-bridge-stop' '1' '1' '0'
+ LUA_PATH='/workspaces/lj-lockless/src/?.lua;;' RETENTION_JIT='0' timeout '35s' '/tmp/lj-worker-bridge-combined-20260905-bz9wysjp/canonical-tmp/lj_t-worker-bridge-stop' '1' '1' '1'
+ LUA_PATH='/workspaces/lj-lockless/src/?.lua;;' RETENTION_JIT='0' timeout '35s' '/tmp/lj-worker-bridge-combined-20260905-bz9wysjp/canonical-tmp/lj_t-worker-bridge-stop' '1' '2' '0'
+ LUA_PATH='/workspaces/lj-lockless/src/?.lua;;' RETENTION_JIT='0' timeout '35s' '/tmp/lj-worker-bridge-combined-20260905-bz9wysjp/canonical-tmp/lj_t-worker-bridge-stop' '1' '2' '1'
+ cc -std=gnu11 -O2 -Wall -Wextra -Werror -mcx16 -g -Wall -Wextra -Werror -I'/workspaces/lj-lockless/src' '/workspaces/lj-lockless/tests/t-worker-bridge-detach.c' '/workspaces/lj-lockless/src/libluajit.a' -Wl,-E -lm -ldl -pthread -Wl,--wrap=lj_safepoint_handshake -Wl,--wrap=lj_gc2_flush_ssb_detach -Wl,--wrap=lj_gc2_scan_cycle_owner_tg_roots_native_parked -Wl,--wrap=lj_arena_alloc_prepare_sweep_kind -o '/tmp/lj-worker-bridge-combined-20260905-bz9wysjp/canonical-tmp/lj_t-worker-bridge-detach'
+ LUA_PATH='/workspaces/lj-lockless/src/?.lua;;' RETENTION_JIT='0' timeout '35s' '/tmp/lj-worker-bridge-combined-20260905-bz9wysjp/canonical-tmp/lj_t-worker-bridge-detach' '0'
+ LUA_PATH='/workspaces/lj-lockless/src/?.lua;;' RETENTION_JIT='0' timeout '35s' '/tmp/lj-worker-bridge-combined-20260905-bz9wysjp/canonical-tmp/lj_t-worker-bridge-detach' '1'
+ cc -std=gnu11 -O2 -Wall -Wextra -Werror -mcx16 -g -Wall -Wextra -Werror -I'/workspaces/lj-lockless/src' '/workspaces/lj-lockless/tests/t-worker-bridge-consumed.c' '/workspaces/lj-lockless/src/libluajit.a' -Wl,-E -lm -ldl -pthread -Wl,--wrap=lj_safepoint_handshake -Wl,--wrap=lj_native_leave_tg -Wl,--wrap=lj_tg_detach -Wl,--wrap=lj_gc2_scan_cycle_owner_tg_roots_native_parked -Wl,--wrap=lj_arena_alloc_prepare_sweep_kind -o '/tmp/lj-worker-bridge-combined-20260905-bz9wysjp/canonical-tmp/lj_t-worker-bridge-consumed'
+ LUA_PATH='/workspaces/lj-lockless/src/?.lua;;' RETENTION_JIT='0' timeout '35s' '/tmp/lj-worker-bridge-combined-20260905-bz9wysjp/canonical-tmp/lj_t-worker-bridge-consumed' '0'
+ LUA_PATH='/workspaces/lj-lockless/src/?.lua;;' RETENTION_JIT='0' timeout '35s' '/tmp/lj-worker-bridge-combined-20260905-bz9wysjp/canonical-tmp/lj_t-worker-bridge-consumed' '1'
+ cc -std=gnu11 -O2 -Wall -Wextra -Werror -mcx16 -g -Wall -Wextra -Werror -I'/workspaces/lj-lockless/src' '/workspaces/lj-lockless/tests/t-worker-bridge-quiet.c' '/workspaces/lj-lockless/src/libluajit.a' -Wl,-E -lm -ldl -pthread -Wl,--wrap=lj_safepoint_handshake -Wl,--wrap=lj_gc_sweep_gc2_unmarked -o '/tmp/lj-worker-bridge-combined-20260905-bz9wysjp/canonical-tmp/lj_t-worker-bridge-quiet'
+ LUA_PATH='/workspaces/lj-lockless/src/?.lua;;' RETENTION_JIT='0' timeout '35s' '/tmp/lj-worker-bridge-combined-20260905-bz9wysjp/canonical-tmp/lj_t-worker-bridge-quiet' '1'
+ LUA_PATH='/workspaces/lj-lockless/src/?.lua;;' RETENTION_JIT='0' timeout '35s' '/tmp/lj-worker-bridge-combined-20260905-bz9wysjp/canonical-tmp/lj_t-worker-bridge-quiet' '2'
+ cc -std=gnu11 -O2 -Wall -Wextra -Werror -mcx16 -g -Wall -Wextra -Werror -I'/workspaces/lj-lockless/src' '/workspaces/lj-lockless/tests/t-string-retention.c' '/workspaces/lj-lockless/src/libluajit.a' -Wl,-E -lm -ldl -pthread -o '/tmp/lj-worker-bridge-combined-20260905-bz9wysjp/canonical-tmp/lj_t-string-retention'
+ LUA_PATH='/workspaces/lj-lockless/src/?.lua;;' RETENTION_JIT='0' timeout '50s' '/tmp/lj-worker-bridge-combined-20260905-bz9wysjp/canonical-tmp/lj_t-string-retention' '0' '0' '0' '/workspaces/lj-lockless/tests/peer-control.lua'
+ LUA_PATH='/workspaces/lj-lockless/src/?.lua;;' RETENTION_JIT='0' timeout '50s' '/tmp/lj-worker-bridge-combined-20260905-bz9wysjp/canonical-tmp/lj_t-string-retention' '0' '0' '2' '/workspaces/lj-lockless/tests/peer-control.lua'
+ LUA_PATH='/workspaces/lj-lockless/src/?.lua;;' RETENTION_JIT='0' timeout '50s' '/tmp/lj-worker-bridge-combined-20260905-bz9wysjp/canonical-tmp/lj_t-string-retention' '0' '1' '0' '/workspaces/lj-lockless/tests/peer-control.lua'
+ LUA_PATH='/workspaces/lj-lockless/src/?.lua;;' RETENTION_JIT='0' timeout '50s' '/tmp/lj-worker-bridge-combined-20260905-bz9wysjp/canonical-tmp/lj_t-string-retention' '0' '1' '2' '/workspaces/lj-lockless/tests/peer-control.lua'
ok m3_gc2_worker_sweep_bridge
