barrier ordinary base-normal joff 0 0 0.124
barrier ordinary normal joff 0 0 0.125
barrier promoted normal joff 0 0 0.197
plan alloc_tables base-normal joff 0 0 1.287
plan alloc_tables normal joff 0 0 1.29
plan alloc_tables base-normal jon 0 0 0.059
plan alloc_tables normal jon 0 0 0.059
plan tab_insert_newkey base-normal joff 0 0 0.087
plan tab_insert_newkey normal joff 0 0 0.087
plan tab_insert_newkey base-normal jon 0 0 0.065
plan tab_insert_newkey normal jon 0 0 0.066
plan closures_upval base-normal joff 0 0 0.927
plan closures_upval normal joff 0 0 0.93
plan closures_upval base-normal jon 0 0 0.869
plan closures_upval normal jon 0 0 0.872
memory tables base-normal joff 0 0 0.335
memory tables normal joff 0 0 0.331
memory tables base-normal jon 0 0 0.161
memory tables normal jon 0 0 0.161
memory insertion base-normal joff 0 0 0.102
memory insertion normal joff 0 0 0.101
memory insertion base-normal jon 0 0 0.05
memory insertion normal jon 0 0 0.05
memory closures base-normal joff 0 0 1.193
memory closures normal joff 0 0 1.192
memory closures base-normal jon 0 0 0.312
memory closures normal jon 0 0 0.312
