barrier ordinary base-normal joff 0 0 0.125
barrier ordinary normal joff 0 0 0.125
barrier promoted normal joff 0 0 0.199
barrier promoted normal joff 1 0 0.199
barrier ordinary normal joff 1 0 0.125
barrier ordinary base-normal joff 1 0 0.125
barrier ordinary base-normal joff 2 0 0.125
barrier ordinary normal joff 2 0 0.126
barrier promoted normal joff 2 0 0.199
barrier promoted normal joff 3 0 0.199
barrier ordinary normal joff 3 0 0.125
barrier ordinary base-normal joff 3 0 0.125
barrier ordinary base-normal joff 4 0 0.125
barrier ordinary normal joff 4 0 0.125
barrier promoted normal joff 4 0 0.198
barrier promoted normal joff 5 0 0.199
barrier ordinary normal joff 5 0 0.125
barrier ordinary base-normal joff 5 0 0.125
barrier ordinary base-normal joff 6 0 0.125
barrier ordinary normal joff 6 0 0.125
barrier promoted normal joff 6 0 0.199
plan alloc_tables base-normal joff 0 0 1.303
plan alloc_tables normal joff 0 0 1.306
plan alloc_tables normal joff 1 0 1.307
plan alloc_tables base-normal joff 1 0 1.304
plan alloc_tables base-normal joff 2 0 1.303
plan alloc_tables normal joff 2 0 1.306
plan alloc_tables normal joff 3 0 1.307
plan alloc_tables base-normal joff 3 0 1.304
plan alloc_tables base-normal joff 4 0 1.306
plan alloc_tables normal joff 4 0 1.307
plan alloc_tables normal joff 5 0 1.31
plan alloc_tables base-normal joff 5 0 1.305
plan alloc_tables base-normal joff 6 0 1.303
plan alloc_tables normal joff 6 0 1.307
plan alloc_tables base-normal jon 0 0 0.06
plan alloc_tables normal jon 0 0 0.06
plan alloc_tables normal jon 1 0 0.06
plan alloc_tables base-normal jon 1 0 0.059
plan alloc_tables base-normal jon 2 0 0.06
plan alloc_tables normal jon 2 0 0.06
plan alloc_tables normal jon 3 0 0.06
plan alloc_tables base-normal jon 3 0 0.06
plan alloc_tables base-normal jon 4 0 0.059
plan alloc_tables normal jon 4 0 0.06
plan alloc_tables normal jon 5 0 0.059
plan alloc_tables base-normal jon 5 0 0.06
plan alloc_tables base-normal jon 6 0 0.059
plan alloc_tables normal jon 6 0 0.06
plan tab_insert_newkey base-normal joff 0 0 0.089
plan tab_insert_newkey normal joff 0 0 0.089
plan tab_insert_newkey normal joff 1 0 0.089
plan tab_insert_newkey base-normal joff 1 0 0.089
plan tab_insert_newkey base-normal joff 2 0 0.088
plan tab_insert_newkey normal joff 2 0 0.089
plan tab_insert_newkey normal joff 3 0 0.089
plan tab_insert_newkey base-normal joff 3 0 0.089
plan tab_insert_newkey base-normal joff 4 0 0.089
plan tab_insert_newkey normal joff 4 0 0.089
plan tab_insert_newkey normal joff 5 0 0.089
plan tab_insert_newkey base-normal joff 5 0 0.088
plan tab_insert_newkey base-normal joff 6 0 0.088
plan tab_insert_newkey normal joff 6 0 0.089
plan tab_insert_newkey base-normal jon 0 0 0.067
plan tab_insert_newkey normal jon 0 0 0.067
plan tab_insert_newkey normal jon 1 0 0.067
plan tab_insert_newkey base-normal jon 1 0 0.067
plan tab_insert_newkey base-normal jon 2 0 0.067
plan tab_insert_newkey normal jon 2 0 0.067
plan tab_insert_newkey normal jon 3 0 0.067
plan tab_insert_newkey base-normal jon 3 0 0.067
plan tab_insert_newkey base-normal jon 4 0 0.067
plan tab_insert_newkey normal jon 4 0 0.067
plan tab_insert_newkey normal jon 5 0 0.067
plan tab_insert_newkey base-normal jon 5 0 0.067
plan tab_insert_newkey base-normal jon 6 0 0.066
plan tab_insert_newkey normal jon 6 0 0.068
plan closures_upval base-normal joff 0 0 0.941
plan closures_upval normal joff 0 0 0.94
plan closures_upval normal joff 1 0 0.942
plan closures_upval base-normal joff 1 0 0.94
plan closures_upval base-normal joff 2 0 0.938
plan closures_upval normal joff 2 0 0.94
plan closures_upval normal joff 3 0 0.94
plan closures_upval base-normal joff 3 0 0.938
plan closures_upval base-normal joff 4 0 0.939
plan closures_upval normal joff 4 0 0.94
plan closures_upval normal joff 5 0 0.939
plan closures_upval base-normal joff 5 0 0.938
plan closures_upval base-normal joff 6 0 0.938
plan closures_upval normal joff 6 0 0.94
plan closures_upval base-normal jon 0 0 0.877
plan closures_upval normal jon 0 0 0.878
plan closures_upval normal jon 1 0 0.881
plan closures_upval base-normal jon 1 0 0.877
plan closures_upval base-normal jon 2 0 0.877
plan closures_upval normal jon 2 0 0.878
plan closures_upval normal jon 3 0 0.878
plan closures_upval base-normal jon 3 0 0.88
plan closures_upval base-normal jon 4 0 0.877
plan closures_upval normal jon 4 0 0.879
plan closures_upval normal jon 5 0 0.883
plan closures_upval base-normal jon 5 0 0.877
plan closures_upval base-normal jon 6 0 0.878
plan closures_upval normal jon 6 0 0.895
memory tables base-normal joff 0 0 0.337
memory tables normal joff 0 0 0.339
memory tables normal joff 1 0 0.332
memory tables base-normal joff 1 0 0.33
memory tables base-normal joff 2 0 0.333
memory tables normal joff 2 0 0.334
memory tables base-normal jon 0 0 0.161
memory tables normal jon 0 0 0.161
memory tables normal jon 1 0 0.161
memory tables base-normal jon 1 0 0.16
memory tables base-normal jon 2 0 0.16
memory tables normal jon 2 0 0.162
memory insertion base-normal joff 0 0 0.102
memory insertion normal joff 0 0 0.101
memory insertion normal joff 1 0 0.1
memory insertion base-normal joff 1 0 0.102
memory insertion base-normal joff 2 0 0.102
memory insertion normal joff 2 0 0.101
memory insertion base-normal jon 0 0 0.05
memory insertion normal jon 0 0 0.05
memory insertion normal jon 1 0 0.05
memory insertion base-normal jon 1 0 0.05
memory insertion base-normal jon 2 0 0.05
memory insertion normal jon 2 0 0.051
memory closures base-normal joff 0 0 1.19
memory closures normal joff 0 0 1.191
memory closures normal joff 1 0 1.193
memory closures base-normal joff 1 0 1.19
memory closures base-normal joff 2 0 1.196
memory closures normal joff 2 0 1.193
memory closures base-normal jon 0 0 0.313
memory closures normal jon 0 0 0.313
memory closures normal jon 1 0 0.313
memory closures base-normal jon 1 0 0.313
memory closures base-normal jon 2 0 0.313
memory closures normal jon 2 0 0.313
memory promoted_tables base-normal joff 0 0 0.379
memory promoted_tables normal joff 0 0 0.384
memory promoted_tables normal joff 1 0 0.382
memory promoted_tables base-normal joff 1 0 0.377
memory promoted_tables base-normal joff 2 0 0.379
memory promoted_tables normal joff 2 0 0.381
memory promoted_tables base-normal jon 0 0 0.207
memory promoted_tables normal jon 0 0 0.212
memory promoted_tables normal jon 1 0 0.211
memory promoted_tables base-normal jon 1 0 0.206
memory promoted_tables base-normal jon 2 0 0.206
memory promoted_tables normal jon 2 0 0.212
