
=================================================================
==393456==ERROR: LeakSanitizer: detected memory leaks

Direct leak of 131072 byte(s) in 1 object(s) allocated from:
    #0 0x5568dae0e71d in calloc (/tmp/lj-reclaim-fair-validation-20260905-c2edwuno/asan/t-gc2-worker-scheduler+0x11371d) (BuildId: 6444910f316fc007203e27281de76c7277a600a0)
    #1 0x5568dafddead in lj_arena_map /tmp/lj-reclaim-fair-validation-20260905-c2edwuno/asan/src/lj_arena.c:1871:31
    #2 0x5568dafddead in arena_alloc_fresh /tmp/lj-reclaim-fair-validation-20260905-c2edwuno/asan/src/lj_arena.c:8036:16
    #3 0x5568dafdafe7 in lj_arena_alloc /tmp/lj-reclaim-fair-validation-20260905-c2edwuno/asan/src/lj_arena.c:8418:7
    #4 0x5568dae70b3a in gc_mem_newgco_raw_nothrow /tmp/lj-reclaim-fair-validation-20260905-c2edwuno/asan/src/lj_gc.c:4791:18
    #5 0x5568dae70b3a in lj_mem_newgco_unlinked_deferred_nothrow /tmp/lj-reclaim-fair-validation-20260905-c2edwuno/asan/src/lj_gc.c:4954:10
    #6 0x5568daf3ccbb in newtab_rooted /tmp/lj-reclaim-fair-validation-20260905-c2edwuno/asan/src/lj_tab.c:2759:16
    #7 0x5568daf92fe3 in cpluaopen /tmp/lj-reclaim-fair-validation-20260905-c2edwuno/asan/src/lj_state.c:328:23
    #8 0x5568db0edb52 in lj_vm_cpcall_asm (/tmp/lj-reclaim-fair-validation-20260905-c2edwuno/asan/t-gc2-worker-scheduler+0x3f2b52) (BuildId: 6444910f316fc007203e27281de76c7277a600a0)

Direct leak of 48 byte(s) in 1 object(s) allocated from:
    #0 0x5568dae0e533 in malloc (/tmp/lj-reclaim-fair-validation-20260905-c2edwuno/asan/t-gc2-worker-scheduler+0x113533) (BuildId: 6444910f316fc007203e27281de76c7277a600a0)
    #1 0x5568daf9ed36 in tg_registry_link_attaching /tmp/lj-reclaim-fair-validation-20260905-c2edwuno/asan/src/lj_tg.c:590:32
    #2 0x5568daf9ed36 in lj_tg_attach /tmp/lj-reclaim-fair-validation-20260905-c2edwuno/asan/src/lj_tg.c:653:10
    #3 0x5568dae513b3 in test_multistate_terminal_tg_reclaim /tmp/lj-reclaim-fair-validation-20260905-c2edwuno/asan/tests/t-gc2-worker-scheduler.c:581:3
    #4 0x5568dae513b3 in main /tmp/lj-reclaim-fair-validation-20260905-c2edwuno/asan/tests/t-gc2-worker-scheduler.c:1468:3
    #5 0x7fb76f60eca7  (/lib/x86_64-linux-gnu/libc.so.6+0x29ca7) (BuildId: c495b62edadd6c356265942ec1282d98058a7b41)

Direct leak of 16 byte(s) in 1 object(s) allocated from:
    #0 0x5568dae0e533 in malloc (/tmp/lj-reclaim-fair-validation-20260905-c2edwuno/asan/t-gc2-worker-scheduler+0x113533) (BuildId: 6444910f316fc007203e27281de76c7277a600a0)
    #1 0x5568dae83942 in gc2_small_arena_registry_new /tmp/lj-reclaim-fair-validation-20260905-c2edwuno/asan/src/lj_gc2.c:1577:29
    #2 0x5568dae83942 in gc2_small_arena_registry_init /tmp/lj-reclaim-fair-validation-20260905-c2edwuno/asan/src/lj_gc2.c:1616:9
    #3 0x5568dae83942 in lj_gc2_init /tmp/lj-reclaim-fair-validation-20260905-c2edwuno/asan/src/lj_gc2.c:1959:9
    #4 0x5568daf92ab2 in lua_newstate /tmp/lj-reclaim-fair-validation-20260905-c2edwuno/asan/src/lj_state.c:1347:3
    #5 0x5568db0bedd6 in luaL_newstate /tmp/lj-reclaim-fair-validation-20260905-c2edwuno/asan/src/lib_aux.c:386:7
    #6 0x5568dae510cc in test_multistate_terminal_tg_reclaim /tmp/lj-reclaim-fair-validation-20260905-c2edwuno/asan/tests/t-gc2-worker-scheduler.c:557:8
    #7 0x5568dae510cc in main /tmp/lj-reclaim-fair-validation-20260905-c2edwuno/asan/tests/t-gc2-worker-scheduler.c:1468:3
    #8 0x7fb76f60eca7  (/lib/x86_64-linux-gnu/libc.so.6+0x29ca7) (BuildId: c495b62edadd6c356265942ec1282d98058a7b41)

Indirect leak of 96 byte(s) in 2 object(s) allocated from:
    #0 0x5568dae0e533 in malloc (/tmp/lj-reclaim-fair-validation-20260905-c2edwuno/asan/t-gc2-worker-scheduler+0x113533) (BuildId: 6444910f316fc007203e27281de76c7277a600a0)
    #1 0x5568daf9ed36 in tg_registry_link_attaching /tmp/lj-reclaim-fair-validation-20260905-c2edwuno/asan/src/lj_tg.c:590:32
    #2 0x5568daf9ed36 in lj_tg_attach /tmp/lj-reclaim-fair-validation-20260905-c2edwuno/asan/src/lj_tg.c:653:10
    #3 0x5568daeee5c1 in gc2_worker_main /tmp/lj-reclaim-fair-validation-20260905-c2edwuno/asan/src/lj_gc2.c:2767:3
    #4 0x5568dae0be8a in asan_thread_start(void*) asan_interceptors.cpp.o

Indirect leak of 48 byte(s) in 1 object(s) allocated from:
    #0 0x5568dae0e533 in malloc (/tmp/lj-reclaim-fair-validation-20260905-c2edwuno/asan/t-gc2-worker-scheduler+0x113533) (BuildId: 6444910f316fc007203e27281de76c7277a600a0)
    #1 0x5568daf9ed36 in tg_registry_link_attaching /tmp/lj-reclaim-fair-validation-20260905-c2edwuno/asan/src/lj_tg.c:590:32
    #2 0x5568daf9ed36 in lj_tg_attach /tmp/lj-reclaim-fair-validation-20260905-c2edwuno/asan/src/lj_tg.c:653:10
    #3 0x5568daf92ab2 in lua_newstate /tmp/lj-reclaim-fair-validation-20260905-c2edwuno/asan/src/lj_state.c:1347:3
    #4 0x5568db0bedd6 in luaL_newstate /tmp/lj-reclaim-fair-validation-20260905-c2edwuno/asan/src/lib_aux.c:386:7
    #5 0x5568dae510cc in test_multistate_terminal_tg_reclaim /tmp/lj-reclaim-fair-validation-20260905-c2edwuno/asan/tests/t-gc2-worker-scheduler.c:557:8
    #6 0x5568dae510cc in main /tmp/lj-reclaim-fair-validation-20260905-c2edwuno/asan/tests/t-gc2-worker-scheduler.c:1468:3
    #7 0x7fb76f60eca7  (/lib/x86_64-linux-gnu/libc.so.6+0x29ca7) (BuildId: c495b62edadd6c356265942ec1282d98058a7b41)

SUMMARY: AddressSanitizer: 131280 byte(s) leaked in 6 allocation(s).
