                 U __asan_handle_no_return
                 U __asan_init
                 U __asan_memset
                 U __asan_option_detect_stack_use_after_return
                 U __asan_register_elf_globals
                 U __asan_report_load1
                 U __asan_report_load2
                 U __asan_report_load4
                 U __asan_report_load8
                 U __asan_report_store1
                 U __asan_report_store4
                 U __asan_report_store8
                 U __asan_set_shadow_00
                 U __asan_set_shadow_f5
                 U __asan_stack_malloc_0
                 U __asan_stack_malloc_1
                 U __asan_stack_malloc_2
                 U __asan_stack_malloc_3
                 U __asan_unregister_elf_globals
                 U __asan_version_mismatch_check_v8
                 w __start_asan_globals
                 w __stop_asan_globals
                 U abort
                 U calloc
                 U free
                 U lj_arena_allocd_alloc
                 U lj_arena_allocd_publish_cdata
                 U lj_arena_allocd_publish_gco
                 U lj_arena_allocf
                 U lj_arena_destruct_acquire
                 U lj_arena_free_deferred
                 U lj_arena_huge_unmap_claimed
                 U lj_arena_hugetab_claim_freeing
                 U lj_arena_hugetab_claim_live_ticket
                 U lj_arena_hugetab_delete
                 U lj_arena_hugetab_destruct_acquire
                 U lj_arena_hugetab_finish_external_free
                 U lj_arena_hugetab_finish_live_ticket
                 U lj_arena_hugetab_lookup
                 U lj_arena_hugetab_mark
                 U lj_arena_hugetab_publish_gco
                 U lj_arena_hugetab_reader_release
                 U lj_arena_hugetab_retire
                 U lj_arena_hugetab_revert_retired
                 U lj_arena_hugetab_root_complete
                 U lj_arena_hugetab_root_construct_abandon
                 U lj_arena_hugetab_root_construct_commit
                 U lj_arena_hugetab_root_state_acq
                 U lj_arena_hugetab_root_state_cas
                 U lj_arena_hugetab_sweep_reader_acquire
                 U lj_arena_publish_gco_at
                 U lj_arena_reclaim_clear_pending
                 U lj_arena_reclaim_seal
                 U lj_arena_reclaim_unseal
                 U lj_arena_recovery_complete_wake
                 U lj_arena_root_construct_abandon
                 U lj_arena_root_construct_commit
                 U lj_arena_root_construct_commit_pair
                 U lj_arena_terminal_reconcile
                 U lj_assert_fail
                 U lj_cdata_free
                 U lj_cdata_validate
                 U lj_err_mem
                 U lj_func_free
                 U lj_func_freeproto
                 U lj_func_freeuv
                 U lj_gc2_account_alloc
                 U lj_gc2_activation_reclaim_veto
                 U lj_gc2_assist
                 U lj_gc2_barrier_key_g
                 U lj_gc2_barrier_obj_pair
                 U lj_gc2_barrier_obj_pair_g
                 U lj_gc2_barrier_tab
                 U lj_gc2_barrier_tab_g
                 U lj_gc2_barrier_tv_g
                 U lj_gc2_barrier_tv_pair_g
                 U lj_gc2_barrier_tvn_pair_g
                 U lj_gc2_barrier_weak_value
                 U lj_gc2_check_trigger
                 U lj_gc2_hard_check_advance
                 U lj_gc2_ismarked
                 U lj_gc2_jit_entry_open
                 U lj_gc2_jit_mark_request_exit
                 U lj_gc2_jit_sweep_request_exit
                 U lj_gc2_lease_release
                 U lj_gc2_mark_trace_slot
                 U lj_gc2_markmem
                 U lj_gc2_markmem_registered
                 U lj_gc2_markobj
                 U lj_gc2_markobj_direct
                 U lj_gc2_markobj_nogrey
                 U lj_gc2_mem_registered_known
                 U lj_gc2_mem_registered_known_reclaim_held
                 U lj_gc2_minor_roots_skip_bridge_mark
                 U lj_gc2_obj_lease_acquire
                 U lj_gc2_obj_queued_brief_held
                 U lj_gc2_obj_queued_info_held
                 U lj_gc2_obj_valid_queued
                 U lj_gc2_publish_idle_threshold
                 U lj_gc2_reclaim_context_held
                 U lj_gc2_retire_epoch
                 U lj_gc2_shutdown_discard_ssb
                 U lj_gc2_smr_read_enter
                 U lj_gc2_smr_read_leave
                 U lj_gc2_smr_read_try
                 U lj_gc2_step_explicit
                 U lj_gc2_sweep_bridge_can_progress
                 U lj_gc2_sweep_publish_wake
                 U lj_gc2_terminal_prefree
                 U lj_gc2_trace_sweep_root
                 U lj_gc2_tv_gcref_status_edge
                 U lj_gc2_tv_gcref_valid_edge
                 U lj_state_free
                 U lj_state_gcprep_cancel
                 U lj_state_gcprep_claim_and_pin
                 U lj_state_gcprep_publish
                 U lj_str_free
                 U lj_str_free_commit
                 U lj_str_free_prepare
                 U lj_str_free_retired_bodies
                 U lj_tab_array_snapshot_gc_held
                 U lj_tab_clear_weak_slot_keyed
                 U lj_tab_forwarded_array_slot
                 U lj_tab_forwarded_hash_slot
                 U lj_tab_free
                 U lj_tab_node_snapshot_gc_held
                 U lj_tg_any_jit_active
                 U lj_tg_find_owner
                 U lj_thr_get_tg
                 U lj_thr_get_tg_fallback
                 U lj_thr_retry_yield
                 U lj_trace_body_destroyed_acq
                 U lj_trace_free
                 U lj_trace_free_gc
                 U lj_trace_retire_gc_claim
                 U lj_udata_free
                 U syscall
