                 U __asan_handle_no_return
                 U __asan_init
                 U __asan_memcpy
                 U __asan_memset
                 U __asan_option_detect_stack_use_after_return
                 U __asan_register_elf_globals
                 U __asan_report_load1
                 U __asan_report_load2
                 U __asan_report_load4
                 U __asan_report_load8
                 U __asan_report_store1
                 U __asan_report_store4
                 U __asan_report_store8
                 U __asan_set_shadow_00
                 U __asan_set_shadow_f5
                 U __asan_set_shadow_f8
                 U __asan_stack_free_5
                 U __asan_stack_malloc_0
                 U __asan_stack_malloc_1
                 U __asan_stack_malloc_2
                 U __asan_stack_malloc_3
                 U __asan_stack_malloc_4
                 U __asan_stack_malloc_5
                 U __asan_unregister_elf_globals
                 U __asan_version_mismatch_check_v8
                 w __start_asan_globals
                 w __stop_asan_globals
                 U abort
                 U bcmp
                 U free
                 U lj_arena_alloc_clear_marks
                 U lj_arena_alloc_quarantine_finish
                 U lj_arena_alloc_quarantine_one
                 U lj_arena_alloc_reclaimed_head
                 U lj_arena_alloc_register_existing
                 U lj_arena_alloc_set_registry
                 U lj_arena_alloc_terminal_certificate_ready
                 U lj_arena_allocd_alloc
                 U lj_arena_allocf
                 U lj_arena_huge_unmap_claimed
                 U lj_arena_hugetab_bind_table_topology
                 U lj_arena_hugetab_cdata_range_lookup
                 U lj_arena_hugetab_clear_marks
                 U lj_arena_hugetab_fini_try
                 U lj_arena_hugetab_finish_sweep
                 U lj_arena_hugetab_has_sweep_old
                 U lj_arena_hugetab_init
                 U lj_arena_hugetab_live_bytes
                 U lj_arena_hugetab_lookup
                 U lj_arena_hugetab_mark
                 U lj_arena_hugetab_mark_cdata_range_reader_acquire
                 U lj_arena_hugetab_mark_range_reader_acquire
                 U lj_arena_hugetab_mark_reader_acquire
                 U lj_arena_hugetab_next
                 U lj_arena_hugetab_range_lookup
                 U lj_arena_hugetab_reader_acquire
                 U lj_arena_hugetab_reader_cdata_range_acquire
                 U lj_arena_hugetab_reader_covers
                 U lj_arena_hugetab_reader_covers_range
                 U lj_arena_hugetab_reader_range_acquire
                 U lj_arena_hugetab_reader_release
                 U lj_arena_hugetab_recovery_complete
                 U lj_arena_hugetab_recovery_discard_terminal
                 U lj_arena_hugetab_recovery_next
                 U lj_arena_hugetab_recovery_state_acq
                 U lj_arena_hugetab_recovery_state_cas
                 U lj_arena_hugetab_rescue_enter
                 U lj_arena_hugetab_rescue_slot_enter_bounded
                 U lj_arena_hugetab_retry_deferred
                 U lj_arena_hugetab_slot_count
                 U lj_arena_hugetab_slot_snapshot_bounded
                 U lj_arena_hugetab_sweep_next
                 U lj_arena_hugetab_table_token_lease_release
                 U lj_arena_hugetab_table_token_lease_stamp_acq
                 U lj_arena_hugetab_table_token_lease_take_reader
                 U lj_arena_hugetab_table_token_slot_lease_acquire_bounded
                 U lj_arena_hugetab_terminal_certificate_ready
                 U lj_arena_reclaim_clear_pending
                 U lj_arena_reclaim_seal
                 U lj_arena_reclaim_unseal
                 U lj_arena_recovery_complete_wake
                 U lj_arena_remote_free_drain_force
                 U lj_arena_remote_free_drain_sweep
                 U lj_arena_rescue_enter
                 U lj_arena_rescue_leave
                 U lj_assert_fail
                 U lj_buf_ruleb128
                 U lj_cdata_fin_claim_held
                 U lj_cdata_fin_isclaim
                 U lj_cdata_fin_store_claim_held
                 U lj_cdata_validate
                 U lj_clib_cache_reclaim_retired
                 U lj_clib_cache_retired_head_acq
                 U lj_ctype_fin_gen_tab_acquire
                 U lj_ctype_fin_get
                 U lj_ctype_fin_istab
                 U lj_ctype_fin_lease_release
                 U lj_ctype_fin_mark
                 U lj_ctype_fin_order_retire
                 U lj_ctype_reclaim_retired
                 U lj_dispatch_update
                 U lj_err_mem
                 U lj_err_throw
                 U lj_ffi_native_frame_sequence_acq
                 U lj_ffi_native_frame_snapshot
                 U lj_gc_flush_root_pending
                 U lj_gc_linkobj_after
                 U lj_gc_linkobj_at
                 U lj_gc_pubroot
                 U lj_gc_reclaim_gc2_arena_ex
                 U lj_gc_reclaim_gc2_huge
                 U lj_gc_repair_root_spine
                 U lj_gc_sweep_gc2_arena_unmarked
                 U lj_gc_sweep_gc2_arena_unmarked_exclusive
                 U lj_gc_sweep_gc2_unmarked
                 U lj_gc_udata_payload_valid
                 U lj_gc_unlink_root_obj
                 U lj_gc_unlink_root_obj_terminal
                 U lj_jit_event_callback_snapshot
                 U lj_jit_event_frozen_view_valid
                 U lj_jit_event_session_contract_valid
                 U lj_jit_event_session_snapshot_acquire
                 U lj_jit_event_session_snapshot_release
                 U lj_jit_token_acquire_wait
                 U lj_jit_token_held
                 U lj_jit_token_held_l
                 U lj_jit_token_release
                 U lj_jit_token_try
                 U lj_jit_trace_stream_snapshot
                 U lj_lex_gc2_markroots
                 U lj_mcode_markretired
                 U lj_mcode_reclaim_retired
                 U lj_mem_free
                 U lj_mem_new_nothrow
                 U lj_mem_realloc
                 U lj_meta_cachetv
                 U lj_native_enter
                 U lj_native_leave
                 U lj_native_leave_tg
                 U lj_safepoint_ack
                 U lj_safepoint_handshake
                 U lj_safepoint_poll
                 U lj_state_cpgrowstack
                 U lj_state_dropclaim
                 U lj_state_dropresumeclaim
                 U lj_state_gcprep_drain
                 U lj_state_gcscan_claim
                 U lj_state_resumeclaim
                 U lj_state_thread_registry_valid
                 U lj_state_tryclaim
                 U lj_str_gc2_reclaim_complete
                 U lj_str_gc2_sweep_abort
                 U lj_str_gc2_sweep_begin
                 U lj_str_gc2_sweep_finish
                 U lj_str_gc2_sweep_pending
                 U lj_str_gc2_sweep_step
                 U lj_str_reclaim_retired
                 U lj_tab_array_snapshot_gc_held
                 U lj_tab_clear_weak_slot_keyed
                 U lj_tab_getstr_held_try
                 U lj_tab_node_snapshot_gc_held
                 U lj_tab_read_current_keyed
                 U lj_tab_reclaim_retired
                 U lj_tab_resize_desc_maintain_held
                 U lj_tg_any_jit_active
                 U lj_tg_attach
                 U lj_tg_derive_prng
                 U lj_tg_detach
                 U lj_tg_find_owner
                 U lj_tg_fini_thread
                 U lj_tg_init_thread
                 U lj_tg_reclaim_dead
                 U lj_tg_reclaim_dead_terminal
                 U lj_tg_reclaim_dead_terminal_orphans
                 U lj_tg_thread_active
                 U lj_thr_actor_current
                 U lj_thr_actor_ensure
                 U lj_thr_create
                 U lj_thr_current_id
                 U lj_thr_get_tg
                 U lj_thr_get_tg_fallback
                 U lj_thr_join
                 U lj_thr_newid
                 U lj_thr_now_ns
                 U lj_thr_retry_yield
                 U lj_thr_set_tg
                 U lj_trace_abort
                 U lj_trace_flushall_gc
                 U lj_trace_flushall_hs
                 U lj_trace_hasany
                 U lj_trace_markvecs
                 U lj_trace_native_mark_pinned
                 U lj_trace_reclaim_retired
                 U lj_vm_cpcall
                 U lj_vm_pcall_unwind
                 U lj_vmevent_call
                 U lj_vmevent_prepare
                 U malloc
                 U syscall
