                 w _ITM_deregisterTMCloneTable
                 w _ITM_registerTMCloneTable
                 w __cxa_finalize@GLIBC_2.2.5
                 U __errno_location@GLIBC_2.2.5
                 w __gmon_start__
                 U __libc_start_main@GLIBC_2.34
                 U exit@GLIBC_2.2.5
                 U fclose@GLIBC_2.2.5
                 U ferror@GLIBC_2.2.5
                 U fflush@GLIBC_2.2.5
                 U fgets@GLIBC_2.2.5
                 U fopen@GLIBC_2.2.5
                 U fprintf@GLIBC_2.2.5
                 U fputc@GLIBC_2.2.5
                 U free@GLIBC_2.2.5
                 U fwrite@GLIBC_2.2.5
                 U malloc@GLIBC_2.2.5
                 U memcpy@GLIBC_2.14
                 U memmove@GLIBC_2.2.5
                 U memset@GLIBC_2.2.5
                 U putc@GLIBC_2.2.5
                 U realloc@GLIBC_2.2.5
                 U sprintf@GLIBC_2.2.5
                 U stderr@GLIBC_2.2.5
                 U stdin@GLIBC_2.2.5
                 U stdout@GLIBC_2.2.5
                 U strchr@GLIBC_2.2.5
                 U strcmp@GLIBC_2.2.5
                 U strcpy@GLIBC_2.2.5
                 U strcspn@GLIBC_2.2.5
                 U strerror@GLIBC_2.2.5
                 U strlen@GLIBC_2.2.5
                 U strncmp@GLIBC_2.2.5
                 U strstr@GLIBC_2.2.5
                 U strtod@GLIBC_2.2.5
                 U strtol@GLIBC_2.2.5
