                 w _ITM_deregisterTMCloneTable
                 w _ITM_registerTMCloneTable
                 U __ctype_b_loc@GLIBC_2.3
                 U __ctype_tolower_loc@GLIBC_2.3
                 U __ctype_toupper_loc@GLIBC_2.3
                 w __cxa_finalize@GLIBC_2.2.5
                 U __errno_location@GLIBC_2.2.5
                 w __gmon_start__
                 U __isoc99_fscanf@GLIBC_2.7
                 U __libc_start_main@GLIBC_2.34
                 U _setjmp@GLIBC_2.2.5
                 U bcmp@GLIBC_2.2.5
                 U clearerr@GLIBC_2.2.5
                 U exit@GLIBC_2.2.5
                 U fclose@GLIBC_2.2.5
                 U feof@GLIBC_2.2.5
                 U ferror@GLIBC_2.2.5
                 U fflush@GLIBC_2.2.5
                 U fgets@GLIBC_2.2.5
                 U floor@GLIBC_2.2.5
                 U fopen@GLIBC_2.2.5
                 U fprintf@GLIBC_2.2.5
                 U fread@GLIBC_2.2.5
                 U free@GLIBC_2.2.5
                 U freopen@GLIBC_2.2.5
                 U fwrite@GLIBC_2.2.5
                 U getc@GLIBC_2.2.5
                 U longjmp@GLIBC_2.2.5
                 U malloc@GLIBC_2.2.5
                 U memchr@GLIBC_2.2.5
                 U memcpy@GLIBC_2.14
                 U memset@GLIBC_2.2.5
                 U pow@GLIBC_2.29
                 U realloc@GLIBC_2.2.5
                 U remove@GLIBC_2.2.5
                 U sprintf@GLIBC_2.2.5
                 U stderr@GLIBC_2.2.5
                 U stdin@GLIBC_2.2.5
                 U stdout@GLIBC_2.2.5
                 U strcat@GLIBC_2.2.5
                 U strchr@GLIBC_2.2.5
                 U strcmp@GLIBC_2.2.5
                 U strcoll@GLIBC_2.2.5
                 U strcspn@GLIBC_2.2.5
                 U strerror@GLIBC_2.2.5
                 U strlen@GLIBC_2.2.5
                 U strncat@GLIBC_2.2.5
                 U strncpy@GLIBC_2.2.5
                 U strpbrk@GLIBC_2.2.5
                 U strtod@GLIBC_2.2.5
                 U strtoul@GLIBC_2.2.5
                 U ungetc@GLIBC_2.2.5
