{"stage":"baseline","round":0,"explicit":0,"peer":0,"configured_workers":0,"strings":313,"raw_count":313,"local_credit":0,"peer_credit":0,"bytes":167672,"mask":511,"phase":0,"cycles":4,"major":4,"completed":4,"unlinked":29,"reclaimed":29,"mt_live":0,"n_workers":0,"worker_async":0,"worker_runs":149,"peer_checks":0,"filler_tables":0}
{"diagnostic":"baseline","round":0,"threshold":335200,"mt_threshold":0,"alloc_since":0,"trigger":335344,"hard":670688,"hard_check":670688,"local_total":0,"cycle_leader":0,"worker_active":0,"worker_busy":6,"jit_gate":1,"mark_resume":0,"mark_close_intent":0,"interp_hard":0,"assist_runs":0,"cycle_requests":4,"major_roots":12,"worker_started":0,"worker_exited":0,"worker_stop":0}
{"execution":"baseline","round":0,"jit_enabled":0,"jit_hard_checks":0}
{"stage":"published","round":0,"explicit":0,"peer":0,"configured_workers":0,"strings":3354,"raw_count":3385,"local_credit":31,"peer_credit":0,"bytes":529212,"mask":4095,"phase":0,"cycles":4,"major":4,"completed":4,"unlinked":29,"reclaimed":29,"mt_live":0,"n_workers":0,"worker_async":0,"worker_runs":149,"peer_checks":0,"filler_tables":0}
{"diagnostic":"published","round":0,"threshold":529212,"mt_threshold":0,"alloc_since":361540,"trigger":335344,"hard":670688,"hard_check":670688,"local_total":0,"cycle_leader":1,"worker_active":0,"worker_busy":6,"jit_gate":1,"mark_resume":0,"mark_close_intent":0,"interp_hard":0,"assist_runs":0,"cycle_requests":5,"major_roots":12,"worker_started":0,"worker_exited":0,"worker_stop":0}
{"execution":"published","round":0,"jit_enabled":0,"jit_hard_checks":0}
{"stage":"after_one_boundary","round":0,"explicit":0,"peer":0,"configured_workers":0,"strings":3354,"raw_count":3385,"local_credit":31,"peer_credit":0,"bytes":529292,"mask":4095,"phase":1,"cycles":5,"major":5,"completed":4,"unlinked":29,"reclaimed":29,"mt_live":0,"n_workers":0,"worker_async":0,"worker_runs":149,"peer_checks":0,"filler_tables":0}
{"diagnostic":"after_one_boundary","round":0,"threshold":529212,"mt_threshold":0,"alloc_since":0,"trigger":335344,"hard":670688,"hard_check":670688,"local_total":80,"cycle_leader":0,"worker_active":0,"worker_busy":6,"jit_gate":1,"mark_resume":5,"mark_close_intent":0,"interp_hard":0,"assist_runs":0,"cycle_requests":5,"major_roots":12,"worker_started":0,"worker_exited":0,"worker_stop":0}
{"execution":"after_one_boundary","round":0,"jit_enabled":0,"jit_hard_checks":0}
{"stage":"active_stopped_no_new_cycle","round":0,"explicit":0,"peer":0,"configured_workers":0,"strings":3354,"raw_count":3385,"local_credit":31,"peer_credit":0,"bytes":988044,"mask":4095,"phase":1,"cycles":5,"major":5,"completed":4,"unlinked":29,"reclaimed":29,"mt_live":0,"n_workers":0,"worker_async":0,"worker_runs":152,"peer_checks":0,"filler_tables":4096}
{"diagnostic":"active_stopped_no_new_cycle","round":0,"threshold":140737488355328,"mt_threshold":0,"alloc_since":486048,"trigger":335344,"hard":670688,"hard_check":670688,"local_total":1456,"cycle_leader":0,"worker_active":0,"worker_busy":6,"jit_gate":1,"mark_resume":5,"mark_close_intent":0,"interp_hard":0,"assist_runs":0,"cycle_requests":5,"major_roots":12,"worker_started":0,"worker_exited":0,"worker_stop":0}
{"execution":"active_stopped_no_new_cycle","round":0,"jit_enabled":0,"jit_hard_checks":0}
{"stage":"automatic_completed","round":0,"explicit":0,"peer":0,"configured_workers":0,"strings":3354,"raw_count":3385,"local_credit":31,"peer_credit":0,"bytes":591980,"mask":4095,"phase":0,"cycles":7,"major":7,"completed":7,"unlinked":29,"reclaimed":29,"mt_live":0,"n_workers":0,"worker_async":0,"worker_runs":261,"peer_checks":0,"filler_tables":4096}
{"diagnostic":"automatic_completed","round":0,"threshold":959092,"mt_threshold":0,"alloc_since":936,"trigger":393216,"hard":786432,"hard_check":786432,"local_total":25168,"cycle_leader":0,"worker_active":0,"worker_busy":18,"jit_gate":1,"mark_resume":0,"mark_close_intent":0,"interp_hard":0,"assist_runs":0,"cycle_requests":7,"major_roots":21,"worker_started":0,"worker_exited":0,"worker_stop":0}
{"execution":"automatic_completed","round":0,"jit_enabled":0,"jit_hard_checks":0}
{"stage":"last_detach_running_restored","round":0,"explicit":0,"peer":0,"configured_workers":0,"strings":3354,"raw_count":3385,"local_credit":31,"peer_credit":0,"bytes":591980,"mask":4095,"phase":0,"cycles":7,"major":7,"completed":7,"unlinked":29,"reclaimed":29,"mt_live":0,"n_workers":0,"worker_async":0,"worker_runs":261,"peer_checks":0,"filler_tables":4096}
{"diagnostic":"last_detach_running_restored","round":0,"threshold":959092,"mt_threshold":0,"alloc_since":936,"trigger":393216,"hard":786432,"hard_check":786432,"local_total":25168,"cycle_leader":0,"worker_active":0,"worker_busy":18,"jit_gate":1,"mark_resume":0,"mark_close_intent":0,"interp_hard":0,"assist_runs":0,"cycle_requests":7,"major_roots":21,"worker_started":0,"worker_exited":0,"worker_stop":0}
{"execution":"last_detach_running_restored","round":0,"jit_enabled":0,"jit_hard_checks":0}
{"stage":"sole_main_recovered","round":0,"explicit":0,"peer":0,"configured_workers":0,"strings":313,"raw_count":313,"local_credit":0,"peer_credit":0,"bytes":261880,"mask":4095,"phase":0,"cycles":9,"major":9,"completed":9,"unlinked":3070,"reclaimed":3070,"mt_live":0,"n_workers":0,"worker_async":0,"worker_runs":669,"peer_checks":0,"filler_tables":4096}
{"diagnostic":"sole_main_recovered","round":0,"threshold":523600,"mt_threshold":0,"alloc_since":0,"trigger":393216,"hard":786432,"hard_check":786432,"local_total":0,"cycle_leader":0,"worker_active":0,"worker_busy":22,"jit_gate":1,"mark_resume":0,"mark_close_intent":0,"interp_hard":0,"assist_runs":0,"cycle_requests":9,"major_roots":27,"worker_started":0,"worker_exited":0,"worker_stop":0}
{"execution":"sole_main_recovered","round":0,"jit_enabled":0,"jit_hard_checks":0}
CONTROL result=0 mode=4 boundary=0 strings=3041 native_entries=47
