{"stage":"baseline","round":0,"explicit":0,"peer":1,"configured_workers":2,"strings":313,"raw_count":313,"local_credit":0,"peer_credit":0,"bytes":199380,"mask":511,"phase":0,"cycles":4,"major":4,"completed":4,"unlinked":29,"reclaimed":29,"mt_live":1,"n_workers":2,"worker_async":61,"worker_runs":92,"peer_checks":1,"filler_tables":0}
{"diagnostic":"baseline","round":0,"threshold":140737488355328,"mt_threshold":398600,"alloc_since":0,"trigger":393216,"hard":786432,"hard_check":786432,"local_total":0,"cycle_leader":0,"worker_active":0,"worker_busy":893,"jit_gate":1,"mark_resume":0,"mark_close_intent":0,"interp_hard":0,"assist_runs":0,"cycle_requests":4,"major_roots":12,"worker_started":2,"worker_exited":0,"worker_stop":0}
{"execution":"baseline","round":0,"jit_enabled":0,"jit_hard_checks":0}
{"stage":"published","round":0,"explicit":0,"peer":1,"configured_workers":2,"strings":3682,"raw_count":3705,"local_credit":23,"peer_credit":0,"bytes":593720,"mask":4095,"phase":0,"cycles":4,"major":4,"completed":4,"unlinked":29,"reclaimed":29,"mt_live":1,"n_workers":2,"worker_async":61,"worker_runs":92,"peer_checks":1,"filler_tables":0}
{"diagnostic":"published","round":0,"threshold":140737488355328,"mt_threshold":593720,"alloc_since":394340,"trigger":393216,"hard":786432,"hard_check":786432,"local_total":0,"cycle_leader":1,"worker_active":0,"worker_busy":893,"jit_gate":1,"mark_resume":0,"mark_close_intent":0,"interp_hard":0,"assist_runs":0,"cycle_requests":5,"major_roots":12,"worker_started":2,"worker_exited":0,"worker_stop":0}
{"execution":"published","round":0,"jit_enabled":0,"jit_hard_checks":0}
{"stage":"last_detach_stopped","round":0,"explicit":0,"peer":1,"configured_workers":2,"strings":3682,"raw_count":3705,"local_credit":23,"peer_credit":0,"bytes":593720,"mask":4095,"phase":0,"cycles":4,"major":4,"completed":4,"unlinked":29,"reclaimed":29,"mt_live":0,"n_workers":2,"worker_async":61,"worker_runs":92,"peer_checks":2,"filler_tables":0}
{"diagnostic":"last_detach_stopped","round":0,"threshold":140737488355328,"mt_threshold":140737488355328,"alloc_since":394340,"trigger":393216,"hard":786432,"hard_check":786432,"local_total":0,"cycle_leader":1,"worker_active":0,"worker_busy":893,"jit_gate":1,"mark_resume":0,"mark_close_intent":0,"interp_hard":0,"assist_runs":0,"cycle_requests":5,"major_roots":12,"worker_started":2,"worker_exited":0,"worker_stop":0}
{"execution":"last_detach_stopped","round":0,"jit_enabled":0,"jit_hard_checks":0}
{"stage":"first_attach_stopped","round":0,"explicit":0,"peer":1,"configured_workers":2,"strings":3682,"raw_count":3705,"local_credit":23,"peer_credit":0,"bytes":625424,"mask":4095,"phase":0,"cycles":4,"major":4,"completed":4,"unlinked":29,"reclaimed":29,"mt_live":1,"n_workers":2,"worker_async":61,"worker_runs":92,"peer_checks":3,"filler_tables":0}
{"diagnostic":"first_attach_stopped","round":0,"threshold":140737488355328,"mt_threshold":140737488355328,"alloc_since":394340,"trigger":393216,"hard":786432,"hard_check":786432,"local_total":31704,"cycle_leader":1,"worker_active":0,"worker_busy":893,"jit_gate":1,"mark_resume":0,"mark_close_intent":0,"interp_hard":0,"assist_runs":0,"cycle_requests":5,"major_roots":12,"worker_started":2,"worker_exited":0,"worker_stop":0}
{"execution":"first_attach_stopped","round":0,"jit_enabled":0,"jit_hard_checks":0}
{"stage":"stopped_request_preserved","round":0,"explicit":0,"peer":1,"configured_workers":2,"strings":3682,"raw_count":3705,"local_credit":23,"peer_credit":0,"bytes":652048,"mask":4095,"phase":0,"cycles":4,"major":4,"completed":4,"unlinked":29,"reclaimed":29,"mt_live":1,"n_workers":2,"worker_async":61,"worker_runs":92,"peer_checks":3,"filler_tables":256}
{"diagnostic":"stopped_request_preserved","round":0,"threshold":140737488355328,"mt_threshold":140737488355328,"alloc_since":427188,"trigger":393216,"hard":786432,"hard_check":786432,"local_total":25480,"cycle_leader":1,"worker_active":0,"worker_busy":893,"jit_gate":1,"mark_resume":0,"mark_close_intent":0,"interp_hard":0,"assist_runs":0,"cycle_requests":5,"major_roots":12,"worker_started":2,"worker_exited":0,"worker_stop":0}
{"execution":"stopped_request_preserved","round":0,"jit_enabled":0,"jit_hard_checks":0}
{"stage":"after_one_boundary","round":0,"explicit":0,"peer":1,"configured_workers":2,"strings":3682,"raw_count":3705,"local_credit":23,"peer_credit":0,"bytes":652128,"mask":4095,"phase":1,"cycles":5,"major":5,"completed":4,"unlinked":29,"reclaimed":29,"mt_live":1,"n_workers":2,"worker_async":61,"worker_runs":92,"peer_checks":3,"filler_tables":0}
{"diagnostic":"after_one_boundary","round":0,"threshold":652048,"mt_threshold":652048,"alloc_since":0,"trigger":393216,"hard":786432,"hard_check":786432,"local_total":80,"cycle_leader":0,"worker_active":1,"worker_busy":893,"jit_gate":1,"mark_resume":5,"mark_close_intent":0,"interp_hard":0,"assist_runs":0,"cycle_requests":5,"major_roots":12,"worker_started":2,"worker_exited":0,"worker_stop":0}
{"execution":"after_one_boundary","round":0,"jit_enabled":0,"jit_hard_checks":0}
{"stage":"automatic_progress_missing","round":0,"explicit":0,"peer":1,"configured_workers":2,"strings":3682,"raw_count":3705,"local_credit":23,"peer_credit":0,"bytes":27859568,"mask":4095,"phase":3,"cycles":6,"major":6,"completed":5,"unlinked":29,"reclaimed":29,"mt_live":1,"n_workers":2,"worker_async":353443,"worker_runs":7102,"peer_checks":3,"filler_tables":262144}
{"diagnostic":"automatic_progress_missing","round":0,"threshold":27859920,"mt_threshold":2333392,"alloc_since":25526176,"trigger":393216,"hard":786432,"hard_check":26018848,"local_total":0,"cycle_leader":0,"worker_active":1,"worker_busy":2742300,"jit_gate":0,"mark_resume":0,"mark_close_intent":0,"interp_hard":0,"assist_runs":0,"cycle_requests":6,"major_roots":18,"worker_started":2,"worker_exited":0,"worker_stop":0}
{"execution":"automatic_progress_missing","round":0,"jit_enabled":0,"jit_hard_checks":0}
{"stage":"sole_main_recovered","round":0,"explicit":0,"peer":1,"configured_workers":2,"strings":313,"raw_count":313,"local_credit":0,"peer_credit":0,"bytes":259676,"mask":4095,"phase":0,"cycles":8,"major":8,"completed":8,"unlinked":3398,"reclaimed":3398,"mt_live":0,"n_workers":0,"worker_async":353444,"worker_runs":9101,"peer_checks":5,"filler_tables":262144}
{"diagnostic":"sole_main_recovered","round":0,"threshold":519200,"mt_threshold":2333392,"alloc_since":0,"trigger":393216,"hard":786432,"hard_check":786432,"local_total":0,"cycle_leader":0,"worker_active":0,"worker_busy":2742418,"jit_gate":1,"mark_resume":0,"mark_close_intent":0,"interp_hard":0,"assist_runs":0,"cycle_requests":8,"major_roots":24,"worker_started":2,"worker_exited":2,"worker_stop":1}
{"execution":"sole_main_recovered","round":0,"jit_enabled":0,"jit_hard_checks":0}
CONTROL result=2 mode=2 boundary=0 strings=3369 native_entries=1586
