== m5_tab_scalar_next ==
+ cc -std=gnu11 -O2 -Wall -Wextra -Werror -mcx16 -DLJ_GC2_TEST_HELPERS -DLJ_TAB_TEST_HELPERS -DLJ_ARENA_TEST_HELPERS -DLUA_USE_ASSERT -DLUA_USE_APICHECK -I'/workspaces/lj-lockless/src' '/workspaces/lj-lockless/tests/t-tab-scalar-next-progress.c' '/workspaces/lj-lockless/src/libluajit.a' -lm -ldl -pthread -o '/tmp/lj-scalar-next-combined-20260905-ufftrr0s/canonical-tmp/lj_t-tab-scalar-next-progress'
+ LUA_PATH='/workspaces/lj-lockless/src/?.lua;;' timeout '20s' '/tmp/lj-scalar-next-combined-20260905-ufftrr0s/canonical-tmp/lj_t-tab-scalar-next-progress' 'next' 'dense'
+ LUA_PATH='/workspaces/lj-lockless/src/?.lua;;' timeout '20s' '/tmp/lj-scalar-next-combined-20260905-ufftrr0s/canonical-tmp/lj_t-tab-scalar-next-progress' 'next' 'sparse'
+ LUA_PATH='/workspaces/lj-lockless/src/?.lua;;' timeout '20s' '/tmp/lj-scalar-next-combined-20260905-ufftrr0s/canonical-tmp/lj_t-tab-scalar-next-progress' 'next' 'empty'
+ LUA_PATH='/workspaces/lj-lockless/src/?.lua;;' timeout '20s' '/tmp/lj-scalar-next-combined-20260905-ufftrr0s/canonical-tmp/lj_t-tab-scalar-next-progress' 'next' 'holes'
+ LUA_PATH='/workspaces/lj-lockless/src/?.lua;;' timeout '20s' '/tmp/lj-scalar-next-combined-20260905-ufftrr0s/canonical-tmp/lj_t-tab-scalar-next-progress' 'next' 'zero'
+ LUA_PATH='/workspaces/lj-lockless/src/?.lua;;' timeout '20s' '/tmp/lj-scalar-next-combined-20260905-ufftrr0s/canonical-tmp/lj_t-tab-scalar-next-progress' 'next' 'bool'
+ LUA_PATH='/workspaces/lj-lockless/src/?.lua;;' timeout '20s' '/tmp/lj-scalar-next-combined-20260905-ufftrr0s/canonical-tmp/lj_t-tab-scalar-next-progress' 'itern' 'dense'
+ LUA_PATH='/workspaces/lj-lockless/src/?.lua;;' timeout '20s' '/tmp/lj-scalar-next-combined-20260905-ufftrr0s/canonical-tmp/lj_t-tab-scalar-next-progress' 'itern' 'sparse'
+ LUA_PATH='/workspaces/lj-lockless/src/?.lua;;' timeout '20s' '/tmp/lj-scalar-next-combined-20260905-ufftrr0s/canonical-tmp/lj_t-tab-scalar-next-progress' 'itern' 'empty'
+ LUA_PATH='/workspaces/lj-lockless/src/?.lua;;' timeout '20s' '/tmp/lj-scalar-next-combined-20260905-ufftrr0s/canonical-tmp/lj_t-tab-scalar-next-progress' 'itern' 'holes'
+ LUA_PATH='/workspaces/lj-lockless/src/?.lua;;' timeout '20s' '/tmp/lj-scalar-next-combined-20260905-ufftrr0s/canonical-tmp/lj_t-tab-scalar-next-progress' 'itern' 'zero'
+ LUA_PATH='/workspaces/lj-lockless/src/?.lua;;' timeout '20s' '/tmp/lj-scalar-next-combined-20260905-ufftrr0s/canonical-tmp/lj_t-tab-scalar-next-progress' 'itern' 'bool'
+ LUA_PATH='/workspaces/lj-lockless/src/?.lua;;' timeout '20s' '/tmp/lj-scalar-next-combined-20260905-ufftrr0s/canonical-tmp/lj_t-tab-scalar-next-progress' 'rooted' 'dense'
+ LUA_PATH='/workspaces/lj-lockless/src/?.lua;;' timeout '20s' '/tmp/lj-scalar-next-combined-20260905-ufftrr0s/canonical-tmp/lj_t-tab-scalar-next-progress' 'rooted' 'sparse'
+ LUA_PATH='/workspaces/lj-lockless/src/?.lua;;' timeout '20s' '/tmp/lj-scalar-next-combined-20260905-ufftrr0s/canonical-tmp/lj_t-tab-scalar-next-progress' 'rooted' 'empty'
+ LUA_PATH='/workspaces/lj-lockless/src/?.lua;;' timeout '20s' '/tmp/lj-scalar-next-combined-20260905-ufftrr0s/canonical-tmp/lj_t-tab-scalar-next-progress' 'rooted' 'holes'
+ LUA_PATH='/workspaces/lj-lockless/src/?.lua;;' timeout '20s' '/tmp/lj-scalar-next-combined-20260905-ufftrr0s/canonical-tmp/lj_t-tab-scalar-next-progress' 'rooted' 'zero'
+ LUA_PATH='/workspaces/lj-lockless/src/?.lua;;' timeout '20s' '/tmp/lj-scalar-next-combined-20260905-ufftrr0s/canonical-tmp/lj_t-tab-scalar-next-progress' 'rooted' 'bool'
+ LUA_PATH='/workspaces/lj-lockless/src/?.lua;;' timeout '20s' '/tmp/lj-scalar-next-combined-20260905-ufftrr0s/canonical-tmp/lj_t-tab-scalar-next-progress' 'cursor' 'dense'
+ LUA_PATH='/workspaces/lj-lockless/src/?.lua;;' timeout '20s' '/tmp/lj-scalar-next-combined-20260905-ufftrr0s/canonical-tmp/lj_t-tab-scalar-next-progress' 'cursor' 'sparse'
+ LUA_PATH='/workspaces/lj-lockless/src/?.lua;;' timeout '20s' '/tmp/lj-scalar-next-combined-20260905-ufftrr0s/canonical-tmp/lj_t-tab-scalar-next-progress' 'cursor' 'empty'
+ LUA_PATH='/workspaces/lj-lockless/src/?.lua;;' timeout '20s' '/tmp/lj-scalar-next-combined-20260905-ufftrr0s/canonical-tmp/lj_t-tab-scalar-next-progress' 'cursor' 'holes'
+ LUA_PATH='/workspaces/lj-lockless/src/?.lua;;' timeout '20s' '/tmp/lj-scalar-next-combined-20260905-ufftrr0s/canonical-tmp/lj_t-tab-scalar-next-progress' 'cursor' 'zero'
+ LUA_PATH='/workspaces/lj-lockless/src/?.lua;;' timeout '20s' '/tmp/lj-scalar-next-combined-20260905-ufftrr0s/canonical-tmp/lj_t-tab-scalar-next-progress' 'cursor' 'bool'
+ cc -std=gnu11 -O2 -Wall -Wextra -Werror -mcx16 -DLJ_GC2_TEST_HELPERS -DLJ_TAB_TEST_HELPERS -DLJ_ARENA_TEST_HELPERS -DLUA_USE_ASSERT -DLUA_USE_APICHECK -I'/workspaces/lj-lockless/src' '/workspaces/lj-lockless/tests/t-tab-scalar-next-authority.c' '/workspaces/lj-lockless/src/libluajit.a' -lm -ldl -pthread -o '/tmp/lj-scalar-next-combined-20260905-ufftrr0s/canonical-tmp/lj_t-tab-scalar-next-authority'
+ LUA_PATH='/workspaces/lj-lockless/src/?.lua;;' timeout '20s' '/tmp/lj-scalar-next-combined-20260905-ufftrr0s/canonical-tmp/lj_t-tab-scalar-next-authority' 'basic-colo'
+ LUA_PATH='/workspaces/lj-lockless/src/?.lua;;' timeout '20s' '/tmp/lj-scalar-next-combined-20260905-ufftrr0s/canonical-tmp/lj_t-tab-scalar-next-authority' 'basic-separate'
+ LUA_PATH='/workspaces/lj-lockless/src/?.lua;;' timeout '20s' '/tmp/lj-scalar-next-combined-20260905-ufftrr0s/canonical-tmp/lj_t-tab-scalar-next-authority' 'keys'
+ LUA_PATH='/workspaces/lj-lockless/src/?.lua;;' timeout '20s' '/tmp/lj-scalar-next-combined-20260905-ufftrr0s/canonical-tmp/lj_t-tab-scalar-next-authority' 'aliases'
+ LUA_PATH='/workspaces/lj-lockless/src/?.lua;;' timeout '20s' '/tmp/lj-scalar-next-combined-20260905-ufftrr0s/canonical-tmp/lj_t-tab-scalar-next-authority' 'opaque'
+ LUA_PATH='/workspaces/lj-lockless/src/?.lua;;' timeout '20s' '/tmp/lj-scalar-next-combined-20260905-ufftrr0s/canonical-tmp/lj_t-tab-scalar-next-authority' 'protected'
+ LUA_PATH='/workspaces/lj-lockless/src/?.lua;;' timeout '20s' '/tmp/lj-scalar-next-combined-20260905-ufftrr0s/canonical-tmp/lj_t-tab-scalar-next-authority' 'bounds'
+ LUA_PATH='/workspaces/lj-lockless/src/?.lua;;' timeout '20s' '/tmp/lj-scalar-next-combined-20260905-ufftrr0s/canonical-tmp/lj_t-tab-scalar-next-authority' 'hooks-found'
+ LUA_PATH='/workspaces/lj-lockless/src/?.lua;;' timeout '20s' '/tmp/lj-scalar-next-combined-20260905-ufftrr0s/canonical-tmp/lj_t-tab-scalar-next-authority' 'hooks-end'
+ LUA_PATH='/workspaces/lj-lockless/src/?.lua;;' timeout '20s' '/tmp/lj-scalar-next-combined-20260905-ufftrr0s/canonical-tmp/lj_t-tab-scalar-next-authority' 'resize'
+ LUA_PATH='/workspaces/lj-lockless/src/?.lua;;' timeout '20s' '/tmp/lj-scalar-next-combined-20260905-ufftrr0s/canonical-tmp/lj_t-tab-scalar-next-authority' 'plain'
+ cc -std=gnu11 -O2 -Wall -Wextra -Werror -mcx16 -DLJ_GC2_TEST_HELPERS -DLJ_TAB_TEST_HELPERS -DLJ_ARENA_TEST_HELPERS -DLUA_USE_ASSERT -DLUA_USE_APICHECK -I'/workspaces/lj-lockless/src' '/workspaces/lj-lockless/tests/t-tab-scalar-next-stack-retry.c' '/workspaces/lj-lockless/src/libluajit.a' -lm -ldl -pthread -o '/tmp/lj-scalar-next-combined-20260905-ufftrr0s/canonical-tmp/lj_t-tab-scalar-next-stack-retry'
+ LUA_PATH='/workspaces/lj-lockless/src/?.lua;;' timeout '20s' '/tmp/lj-scalar-next-combined-20260905-ufftrr0s/canonical-tmp/lj_t-tab-scalar-next-stack-retry' 'found' '2' '3'
+ LUA_PATH='/workspaces/lj-lockless/src/?.lua;;' timeout '20s' '/tmp/lj-scalar-next-combined-20260905-ufftrr0s/canonical-tmp/lj_t-tab-scalar-next-stack-retry' 'found' '1' '3'
+ LUA_PATH='/workspaces/lj-lockless/src/?.lua;;' timeout '20s' '/tmp/lj-scalar-next-combined-20260905-ufftrr0s/canonical-tmp/lj_t-tab-scalar-next-stack-retry' 'found' '0' '1'
+ LUA_PATH='/workspaces/lj-lockless/src/?.lua;;' timeout '20s' '/tmp/lj-scalar-next-combined-20260905-ufftrr0s/canonical-tmp/lj_t-tab-scalar-next-stack-retry' 'end' '2' '3'
+ LUA_PATH='/workspaces/lj-lockless/src/?.lua;;' timeout '20s' '/tmp/lj-scalar-next-combined-20260905-ufftrr0s/canonical-tmp/lj_t-tab-scalar-next-stack-retry' 'end' '1' '3'
+ LUA_PATH='/workspaces/lj-lockless/src/?.lua;;' timeout '20s' '/tmp/lj-scalar-next-combined-20260905-ufftrr0s/canonical-tmp/lj_t-tab-scalar-next-stack-retry' 'end' '0' '1'
+ cc -std=gnu11 -O2 -Wall -Wextra -Werror -mcx16 -DLJ_GC2_TEST_HELPERS -DLJ_TAB_TEST_HELPERS -DLJ_ARENA_TEST_HELPERS -DLUA_USE_ASSERT -DLUA_USE_APICHECK -I'/workspaces/lj-lockless/src' '/workspaces/lj-lockless/tests/t-tab-scalar-next-lifetime.c' '/workspaces/lj-lockless/src/libluajit.a' -lm -ldl -pthread -o '/tmp/lj-scalar-next-combined-20260905-ufftrr0s/canonical-tmp/lj_t-tab-scalar-next-lifetime'
+ LUA_PATH='/workspaces/lj-lockless/src/?.lua;;' timeout '20s' '/tmp/lj-scalar-next-combined-20260905-ufftrr0s/canonical-tmp/lj_t-tab-scalar-next-lifetime' 'preflight'
+ LUA_PATH='/workspaces/lj-lockless/src/?.lua;;' timeout '20s' '/tmp/lj-scalar-next-combined-20260905-ufftrr0s/canonical-tmp/lj_t-tab-scalar-next-lifetime' 'retired'
+ cc -std=gnu11 -O2 -Wall -Wextra -Werror -mcx16 -DLJ_GC2_TEST_HELPERS -DLJ_TAB_TEST_HELPERS -DLJ_ARENA_TEST_HELPERS -DLUA_USE_ASSERT -DLUA_USE_APICHECK -I'/workspaces/lj-lockless/src' '/workspaces/lj-lockless/tests/t-jit-idle-reclaim-entry.c' '/workspaces/lj-lockless/src/libluajit.a' -lm -ldl -pthread -o '/tmp/lj-scalar-next-combined-20260905-ufftrr0s/canonical-tmp/lj_t-jit-idle-reclaim-entry'
+ LUA_PATH='/workspaces/lj-lockless/src/?.lua;;' timeout '20s' '/tmp/lj-scalar-next-combined-20260905-ufftrr0s/canonical-tmp/lj_t-jit-idle-reclaim-entry'
ok m5_tab_scalar_next
