Breakpoint 1 at 0xac90: file /tmp/lj-worker-jit-matrix-20260905-a6_4rjri/fixtures/t-string-retention.c, line 91.
Breakpoint 2 at 0x743d0
Breakpoint 3 at 0x86500
Breakpoint 4 at 0x823b0
[Thread debugging using libthread_db enabled]
Using host libthread_db library "/lib/x86_64-linux-gnu/libthread_db.so.1".
{"stage":"baseline","round":0,"explicit":0,"peer":0,"configured_workers":0,"strings":300,"raw_count":300,"local_credit":0,"peer_credit":0,"bytes":160806,"mask":511,"phase":0,"cycles":4,"major":4,"completed":4,"unlinked":26,"reclaimed":26,"mt_live":0,"n_workers":0,"worker_async":0,"worker_runs":144,"peer_checks":0,"filler_tables":0}
{"diagnostic":"baseline","round":0,"threshold":321600,"mt_threshold":0,"alloc_since":0,"trigger":321612,"hard":643224,"hard_check":643224,"local_total":0,"cycle_leader":0,"worker_active":0,"worker_busy":6,"jit_gate":1,"mark_resume":0,"mark_close_intent":0,"interp_hard":0,"assist_runs":0,"cycle_requests":4,"major_roots":12,"worker_started":0,"worker_exited":0,"worker_stop":0}
{"execution":"baseline","round":0,"jit_enabled":1,"jit_hard_checks":0}
{"stage":"after_churn","round":1,"explicit":0,"peer":0,"configured_workers":0,"strings":4396,"raw_count":4396,"local_credit":0,"peer_credit":0,"bytes":693414,"mask":8191,"phase":0,"cycles":4,"major":4,"completed":4,"unlinked":26,"reclaimed":26,"mt_live":0,"n_workers":0,"worker_async":0,"worker_runs":144,"peer_checks":0,"filler_tables":0}
{"diagnostic":"after_churn","round":1,"threshold":489546,"mt_threshold":0,"alloc_since":500708,"trigger":321612,"hard":643224,"hard_check":643224,"local_total":31900,"cycle_leader":1,"worker_active":0,"worker_busy":6,"jit_gate":1,"mark_resume":0,"mark_close_intent":0,"interp_hard":0,"assist_runs":0,"cycle_requests":5,"major_roots":12,"worker_started":0,"worker_exited":0,"worker_stop":0}
{"execution":"after_churn","round":1,"jit_enabled":1,"jit_hard_checks":0}
{"stage":"settled","round":1,"explicit":0,"peer":0,"configured_workers":0,"strings":4396,"raw_count":4396,"local_credit":0,"peer_credit":0,"bytes":717914,"mask":8191,"phase":0,"cycles":7,"major":7,"completed":7,"unlinked":26,"reclaimed":26,"mt_live":0,"n_workers":0,"worker_async":0,"worker_runs":228,"peer_checks":0,"filler_tables":8192}
{"diagnostic":"settled","round":1,"threshold":1035418,"mt_threshold":0,"alloc_since":65832,"trigger":393216,"hard":786432,"hard_check":786432,"local_total":9880,"cycle_leader":0,"worker_active":0,"worker_busy":18,"jit_gate":1,"mark_resume":0,"mark_close_intent":0,"interp_hard":0,"assist_runs":0,"cycle_requests":7,"major_roots":21,"worker_started":0,"worker_exited":0,"worker_stop":0}
{"execution":"settled","round":1,"jit_enabled":1,"jit_hard_checks":0}
{"stage":"after_churn","round":2,"explicit":0,"peer":0,"configured_workers":0,"strings":8492,"raw_count":8492,"local_credit":0,"peer_credit":0,"bytes":1258618,"mask":16383,"phase":0,"cycles":7,"major":7,"completed":7,"unlinked":26,"reclaimed":26,"mt_live":0,"n_workers":0,"worker_async":0,"worker_runs":228,"peer_checks":0,"filler_tables":8192}
{"diagnostic":"after_churn","round":2,"threshold":1036014,"mt_threshold":0,"alloc_since":584516,"trigger":393216,"hard":786432,"hard_check":786432,"local_total":31900,"cycle_leader":1,"worker_active":0,"worker_busy":18,"jit_gate":1,"mark_resume":0,"mark_close_intent":0,"interp_hard":0,"assist_runs":0,"cycle_requests":8,"major_roots":21,"worker_started":0,"worker_exited":0,"worker_stop":0}
{"execution":"after_churn","round":2,"jit_enabled":1,"jit_hard_checks":0}
{"stage":"settled","round":2,"explicit":0,"peer":0,"configured_workers":0,"strings":8492,"raw_count":8492,"local_credit":0,"peer_credit":0,"bytes":1182858,"mask":16383,"phase":0,"cycles":10,"major":10,"completed":10,"unlinked":26,"reclaimed":26,"mt_live":0,"n_workers":0,"worker_async":0,"worker_runs":354,"peer_checks":0,"filler_tables":16384}
{"diagnostic":"settled","round":2,"threshold":1510554,"mt_threshold":0,"alloc_since":32968,"trigger":393216,"hard":786432,"hard_check":786432,"local_total":32552,"cycle_leader":0,"worker_active":0,"worker_busy":30,"jit_gate":1,"mark_resume":0,"mark_close_intent":0,"interp_hard":0,"assist_runs":0,"cycle_requests":10,"major_roots":30,"worker_started":0,"worker_exited":0,"worker_stop":0}
{"execution":"settled","round":2,"jit_enabled":1,"jit_hard_checks":0}
{"stage":"after_churn","round":3,"explicit":0,"peer":0,"configured_workers":0,"strings":12588,"raw_count":12588,"local_credit":0,"peer_credit":0,"bytes":1592458,"mask":16383,"phase":0,"cycles":10,"major":10,"completed":10,"unlinked":26,"reclaimed":26,"mt_live":0,"n_workers":0,"worker_async":0,"worker_runs":354,"peer_checks":0,"filler_tables":16384}
{"diagnostic":"after_churn","round":3,"threshold":1511158,"mt_threshold":0,"alloc_since":459420,"trigger":393216,"hard":786432,"hard_check":786432,"local_total":15700,"cycle_leader":1,"worker_active":0,"worker_busy":30,"jit_gate":1,"mark_resume":0,"mark_close_intent":0,"interp_hard":0,"assist_runs":0,"cycle_requests":11,"major_roots":30,"worker_started":0,"worker_exited":0,"worker_stop":0}
{"execution":"after_churn","round":3,"jit_enabled":1,"jit_hard_checks":0}
{"stage":"automatic_progress_missing","round":3,"explicit":0,"peer":0,"configured_workers":0,"strings":12588,"raw_count":12588,"local_credit":0,"peer_credit":0,"bytes":28086458,"mask":16383,"phase":3,"cycles":13,"major":13,"completed":12,"unlinked":26,"reclaimed":26,"mt_live":0,"n_workers":0,"worker_async":0,"worker_runs":561,"peer_checks":0,"filler_tables":278528}
{"diagnostic":"automatic_progress_missing","round":3,"threshold":28087538,"mt_threshold":0,"alloc_since":26455624,"trigger":393216,"hard":786432,"hard_check":26552680,"local_total":20904,"cycle_leader":0,"worker_active":0,"worker_busy":42,"jit_gate":1,"mark_resume":0,"mark_close_intent":0,"interp_hard":0,"assist_runs":0,"cycle_requests":13,"major_roots":39,"worker_started":0,"worker_exited":0,"worker_stop":0}
{"execution":"automatic_progress_missing","round":3,"jit_enabled":1,"jit_hard_checks":49}
{"stage":"sole_main_recovered","round":3,"explicit":0,"peer":0,"configured_workers":0,"strings":300,"raw_count":300,"local_credit":0,"peer_credit":0,"bytes":298034,"mask":16383,"phase":0,"cycles":15,"major":15,"completed":15,"unlinked":12314,"reclaimed":12314,"mt_live":0,"n_workers":0,"worker_async":0,"worker_runs":7593,"peer_checks":0,"filler_tables":278528}
{"diagnostic":"sole_main_recovered","round":3,"threshold":596000,"mt_threshold":0,"alloc_since":0,"trigger":393216,"hard":786432,"hard_check":786432,"local_total":0,"cycle_leader":0,"worker_active":0,"worker_busy":46,"jit_gate":1,"mark_resume":0,"mark_close_intent":0,"interp_hard":0,"assist_runs":0,"cycle_requests":15,"major_roots":45,"worker_started":0,"worker_exited":0,"worker_stop":0}
{"execution":"sole_main_recovered","round":3,"jit_enabled":1,"jit_hard_checks":49}
INCOMPLETE_AUTO rounds=3 batch=4096 payload=64 body_bytes=100 live=32 created_body_bytes=1228800 filler_tables=278528
[Inferior 1 (process 450818) exited with code 02]
