Breakpoint 1 at 0xac90: file /tmp/lj-worker-jit-matrix-20260905-a6_4rjri/fixtures/t-string-retention.c, line 91.
[Thread debugging using libthread_db enabled]
Using host libthread_db library "/lib/x86_64-linux-gnu/libthread_db.so.1".
{"stage":"baseline","round":0,"explicit":0,"peer":0,"configured_workers":0,"strings":300,"raw_count":300,"local_credit":0,"peer_credit":0,"bytes":160806,"mask":511,"phase":0,"cycles":4,"major":4,"completed":4,"unlinked":26,"reclaimed":26,"mt_live":0,"n_workers":0,"worker_async":0,"worker_runs":144,"peer_checks":0,"filler_tables":0}
{"diagnostic":"baseline","round":0,"threshold":321600,"mt_threshold":0,"alloc_since":0,"trigger":321612,"hard":643224,"hard_check":643224,"local_total":0,"cycle_leader":0,"worker_active":0,"worker_busy":6,"jit_gate":1,"mark_resume":0,"mark_close_intent":0,"interp_hard":0,"assist_runs":0,"cycle_requests":4,"major_roots":12,"worker_started":0,"worker_exited":0,"worker_stop":0}
{"execution":"baseline","round":0,"jit_enabled":1,"jit_hard_checks":0}
{"stage":"after_churn","round":1,"explicit":0,"peer":0,"configured_workers":0,"strings":4396,"raw_count":4396,"local_credit":0,"peer_credit":0,"bytes":693414,"mask":8191,"phase":0,"cycles":4,"major":4,"completed":4,"unlinked":26,"reclaimed":26,"mt_live":0,"n_workers":0,"worker_async":0,"worker_runs":144,"peer_checks":0,"filler_tables":0}
{"diagnostic":"after_churn","round":1,"threshold":489546,"mt_threshold":0,"alloc_since":500708,"trigger":321612,"hard":643224,"hard_check":643224,"local_total":31900,"cycle_leader":1,"worker_active":0,"worker_busy":6,"jit_gate":1,"mark_resume":0,"mark_close_intent":0,"interp_hard":0,"assist_runs":0,"cycle_requests":5,"major_roots":12,"worker_started":0,"worker_exited":0,"worker_stop":0}
{"execution":"after_churn","round":1,"jit_enabled":1,"jit_hard_checks":0}
{"stage":"settled","round":1,"explicit":0,"peer":0,"configured_workers":0,"strings":4396,"raw_count":4396,"local_credit":0,"peer_credit":0,"bytes":717914,"mask":8191,"phase":0,"cycles":7,"major":7,"completed":7,"unlinked":26,"reclaimed":26,"mt_live":0,"n_workers":0,"worker_async":0,"worker_runs":228,"peer_checks":0,"filler_tables":8192}
{"diagnostic":"settled","round":1,"threshold":1035418,"mt_threshold":0,"alloc_since":65832,"trigger":393216,"hard":786432,"hard_check":786432,"local_total":9880,"cycle_leader":0,"worker_active":0,"worker_busy":18,"jit_gate":1,"mark_resume":0,"mark_close_intent":0,"interp_hard":0,"assist_runs":0,"cycle_requests":7,"major_roots":21,"worker_started":0,"worker_exited":0,"worker_stop":0}
{"execution":"settled","round":1,"jit_enabled":1,"jit_hard_checks":0}
{"stage":"after_churn","round":2,"explicit":0,"peer":0,"configured_workers":0,"strings":8492,"raw_count":8492,"local_credit":0,"peer_credit":0,"bytes":1258618,"mask":16383,"phase":0,"cycles":7,"major":7,"completed":7,"unlinked":26,"reclaimed":26,"mt_live":0,"n_workers":0,"worker_async":0,"worker_runs":228,"peer_checks":0,"filler_tables":8192}
{"diagnostic":"after_churn","round":2,"threshold":1036014,"mt_threshold":0,"alloc_since":584516,"trigger":393216,"hard":786432,"hard_check":786432,"local_total":31900,"cycle_leader":1,"worker_active":0,"worker_busy":18,"jit_gate":1,"mark_resume":0,"mark_close_intent":0,"interp_hard":0,"assist_runs":0,"cycle_requests":8,"major_roots":21,"worker_started":0,"worker_exited":0,"worker_stop":0}
{"execution":"after_churn","round":2,"jit_enabled":1,"jit_hard_checks":0}
{"stage":"settled","round":2,"explicit":0,"peer":0,"configured_workers":0,"strings":8492,"raw_count":8492,"local_credit":0,"peer_credit":0,"bytes":1182858,"mask":16383,"phase":0,"cycles":10,"major":10,"completed":10,"unlinked":26,"reclaimed":26,"mt_live":0,"n_workers":0,"worker_async":0,"worker_runs":354,"peer_checks":0,"filler_tables":16384}
{"diagnostic":"settled","round":2,"threshold":1510554,"mt_threshold":0,"alloc_since":32968,"trigger":393216,"hard":786432,"hard_check":786432,"local_total":32552,"cycle_leader":0,"worker_active":0,"worker_busy":30,"jit_gate":1,"mark_resume":0,"mark_close_intent":0,"interp_hard":0,"assist_runs":0,"cycle_requests":10,"major_roots":30,"worker_started":0,"worker_exited":0,"worker_stop":0}
{"execution":"settled","round":2,"jit_enabled":1,"jit_hard_checks":0}
{"stage":"after_churn","round":3,"explicit":0,"peer":0,"configured_workers":0,"strings":12588,"raw_count":12588,"local_credit":0,"peer_credit":0,"bytes":1592458,"mask":16383,"phase":0,"cycles":10,"major":10,"completed":10,"unlinked":26,"reclaimed":26,"mt_live":0,"n_workers":0,"worker_async":0,"worker_runs":354,"peer_checks":0,"filler_tables":16384}
{"diagnostic":"after_churn","round":3,"threshold":1511158,"mt_threshold":0,"alloc_since":459420,"trigger":393216,"hard":786432,"hard_check":786432,"local_total":15700,"cycle_leader":1,"worker_active":0,"worker_busy":30,"jit_gate":1,"mark_resume":0,"mark_close_intent":0,"interp_hard":0,"assist_runs":0,"cycle_requests":11,"major_roots":30,"worker_started":0,"worker_exited":0,"worker_stop":0}
{"execution":"after_churn","round":3,"jit_enabled":1,"jit_hard_checks":0}
{"stage":"settled","round":3,"explicit":0,"peer":0,"configured_workers":0,"strings":12588,"raw_count":12588,"local_credit":0,"peer_credit":0,"bytes":1592458,"mask":16383,"phase":0,"cycles":13,"major":13,"completed":13,"unlinked":26,"reclaimed":26,"mt_live":0,"n_workers":0,"worker_async":0,"worker_runs":507,"peer_checks":0,"filler_tables":24576}
{"diagnostic":"settled","round":3,"threshold":1920154,"mt_threshold":0,"alloc_since":32968,"trigger":393216,"hard":786432,"hard_check":786432,"local_total":32552,"cycle_leader":0,"worker_active":0,"worker_busy":42,"jit_gate":1,"mark_resume":0,"mark_close_intent":0,"interp_hard":0,"assist_runs":0,"cycle_requests":13,"major_roots":39,"worker_started":0,"worker_exited":0,"worker_stop":0}
{"execution":"settled","round":3,"jit_enabled":1,"jit_hard_checks":0}
{"stage":"after_churn","round":4,"explicit":0,"peer":0,"configured_workers":0,"strings":16684,"raw_count":16684,"local_credit":0,"peer_credit":0,"bytes":2264234,"mask":32767,"phase":0,"cycles":13,"major":13,"completed":13,"unlinked":26,"reclaimed":26,"mt_live":0,"n_workers":0,"worker_async":0,"worker_runs":507,"peer_checks":0,"filler_tables":24576}
{"diagnostic":"after_churn","round":4,"threshold":1920758,"mt_threshold":0,"alloc_since":705396,"trigger":393216,"hard":786432,"hard_check":786432,"local_total":31900,"cycle_leader":1,"worker_active":0,"worker_busy":42,"jit_gate":1,"mark_resume":0,"mark_close_intent":0,"interp_hard":0,"assist_runs":0,"cycle_requests":14,"major_roots":39,"worker_started":0,"worker_exited":0,"worker_stop":0}
{"execution":"after_churn","round":4,"jit_enabled":1,"jit_hard_checks":0}
{"stage":"automatic_progress_missing","round":4,"explicit":0,"peer":0,"configured_workers":0,"strings":16684,"raw_count":16684,"local_credit":0,"peer_credit":0,"bytes":29043338,"mask":32767,"phase":3,"cycles":15,"major":15,"completed":14,"unlinked":26,"reclaimed":26,"mt_live":0,"n_workers":0,"worker_async":0,"worker_runs":666,"peer_checks":0,"filler_tables":286720}
{"diagnostic":"automatic_progress_missing","round":4,"threshold":29043898,"mt_threshold":0,"alloc_since":26849992,"trigger":393216,"hard":786432,"hard_check":27078504,"local_total":19760,"cycle_leader":0,"worker_active":0,"worker_busy":50,"jit_gate":1,"mark_resume":0,"mark_close_intent":0,"interp_hard":0,"assist_runs":0,"cycle_requests":15,"major_roots":45,"worker_started":0,"worker_exited":0,"worker_stop":0}
{"execution":"automatic_progress_missing","round":4,"jit_enabled":1,"jit_hard_checks":50}
{"stage":"sole_main_recovered","round":4,"explicit":0,"peer":0,"configured_workers":0,"strings":300,"raw_count":300,"local_credit":0,"peer_credit":0,"bytes":429106,"mask":32767,"phase":0,"cycles":17,"major":17,"completed":17,"unlinked":16410,"reclaimed":16410,"mt_live":0,"n_workers":0,"worker_async":0,"worker_runs":8952,"peer_checks":0,"filler_tables":286720}
{"diagnostic":"sole_main_recovered","round":4,"threshold":858200,"mt_threshold":0,"alloc_since":0,"trigger":393216,"hard":786432,"hard_check":786432,"local_total":0,"cycle_leader":0,"worker_active":0,"worker_busy":54,"jit_gate":1,"mark_resume":0,"mark_close_intent":0,"interp_hard":0,"assist_runs":0,"cycle_requests":17,"major_roots":51,"worker_started":0,"worker_exited":0,"worker_stop":0}
{"execution":"sole_main_recovered","round":4,"jit_enabled":1,"jit_hard_checks":50}
INCOMPLETE_AUTO rounds=4 batch=4096 payload=64 body_bytes=100 live=32 created_body_bytes=1638400 filler_tables=286720
[Inferior 1 (process 452162) exited with code 02]
