== m6_jit_udata_pure ==
+ LUA_PATH='/workspaces/lj-lockless/tests/lib/?.lua;/workspaces/lj-lockless/src/?.lua;/workspaces/lj-lockless/src/jit/?.lua;;' timeout '20s' '/workspaces/lj-lockless/src/luajit' '-joff' '/workspaces/lj-lockless/tests/t-jit-udata-pure.lua' 'clib' 'function'
+ LUA_PATH='/workspaces/lj-lockless/tests/lib/?.lua;/workspaces/lj-lockless/src/?.lua;/workspaces/lj-lockless/src/jit/?.lua;;' timeout '20s' '/workspaces/lj-lockless/src/luajit' '-jon' '/workspaces/lj-lockless/tests/t-jit-udata-pure.lua' 'clib' 'function'
+ LUA_PATH='/workspaces/lj-lockless/tests/lib/?.lua;/workspaces/lj-lockless/src/?.lua;/workspaces/lj-lockless/src/jit/?.lua;;' timeout '20s' '/workspaces/lj-lockless/src/luajit' '-joff' '/workspaces/lj-lockless/tests/t-jit-udata-pure.lua' 'clib' 'table'
+ LUA_PATH='/workspaces/lj-lockless/tests/lib/?.lua;/workspaces/lj-lockless/src/?.lua;/workspaces/lj-lockless/src/jit/?.lua;;' timeout '20s' '/workspaces/lj-lockless/src/luajit' '-jon' '/workspaces/lj-lockless/tests/t-jit-udata-pure.lua' 'clib' 'table'
+ LUA_PATH='/workspaces/lj-lockless/tests/lib/?.lua;/workspaces/lj-lockless/src/?.lua;/workspaces/lj-lockless/src/jit/?.lua;;' timeout '20s' '/workspaces/lj-lockless/src/luajit' '-joff' '/workspaces/lj-lockless/tests/t-jit-udata-pure.lua' 'clib' 'missing'
+ LUA_PATH='/workspaces/lj-lockless/tests/lib/?.lua;/workspaces/lj-lockless/src/?.lua;/workspaces/lj-lockless/src/jit/?.lua;;' timeout '20s' '/workspaces/lj-lockless/src/luajit' '-jon' '/workspaces/lj-lockless/tests/t-jit-udata-pure.lua' 'clib' 'missing'
+ LUA_PATH='/workspaces/lj-lockless/tests/lib/?.lua;/workspaces/lj-lockless/src/?.lua;/workspaces/lj-lockless/src/jit/?.lua;;' timeout '20s' '/workspaces/lj-lockless/src/luajit' '-joff' '/workspaces/lj-lockless/tests/t-jit-udata-pure.lua' 'clib' 'nonfunction'
+ LUA_PATH='/workspaces/lj-lockless/tests/lib/?.lua;/workspaces/lj-lockless/src/?.lua;/workspaces/lj-lockless/src/jit/?.lua;;' timeout '20s' '/workspaces/lj-lockless/src/luajit' '-jon' '/workspaces/lj-lockless/tests/t-jit-udata-pure.lua' 'clib' 'nonfunction'
+ LUA_PATH='/workspaces/lj-lockless/tests/lib/?.lua;/workspaces/lj-lockless/src/?.lua;/workspaces/lj-lockless/src/jit/?.lua;;' timeout '20s' '/workspaces/lj-lockless/src/luajit' '-joff' '/workspaces/lj-lockless/tests/t-jit-udata-pure.lua' 'clib' 'replace'
+ LUA_PATH='/workspaces/lj-lockless/tests/lib/?.lua;/workspaces/lj-lockless/src/?.lua;/workspaces/lj-lockless/src/jit/?.lua;;' timeout '20s' '/workspaces/lj-lockless/src/luajit' '-jon' '/workspaces/lj-lockless/tests/t-jit-udata-pure.lua' 'clib' 'replace'
+ LUA_PATH='/workspaces/lj-lockless/tests/lib/?.lua;/workspaces/lj-lockless/src/?.lua;/workspaces/lj-lockless/src/jit/?.lua;;' timeout '20s' '/workspaces/lj-lockless/src/luajit' '-joff' '/workspaces/lj-lockless/tests/t-jit-udata-pure.lua' 'clib' 'replace_missing'
+ LUA_PATH='/workspaces/lj-lockless/tests/lib/?.lua;/workspaces/lj-lockless/src/?.lua;/workspaces/lj-lockless/src/jit/?.lua;;' timeout '20s' '/workspaces/lj-lockless/src/luajit' '-jon' '/workspaces/lj-lockless/tests/t-jit-udata-pure.lua' 'clib' 'replace_missing'
+ LUA_PATH='/workspaces/lj-lockless/tests/lib/?.lua;/workspaces/lj-lockless/src/?.lua;/workspaces/lj-lockless/src/jit/?.lua;;' timeout '20s' '/workspaces/lj-lockless/src/luajit' '-joff' '/workspaces/lj-lockless/tests/t-jit-udata-pure.lua' 'clib' 'resize'
+ LUA_PATH='/workspaces/lj-lockless/tests/lib/?.lua;/workspaces/lj-lockless/src/?.lua;/workspaces/lj-lockless/src/jit/?.lua;;' timeout '20s' '/workspaces/lj-lockless/src/luajit' '-jon' '/workspaces/lj-lockless/tests/t-jit-udata-pure.lua' 'clib' 'resize'
+ LUA_PATH='/workspaces/lj-lockless/tests/lib/?.lua;/workspaces/lj-lockless/src/?.lua;/workspaces/lj-lockless/src/jit/?.lua;;' timeout '20s' '/workspaces/lj-lockless/src/luajit' '-joff' '/workspaces/lj-lockless/tests/t-jit-udata-pure.lua' 'clib' 'methodlife'
+ LUA_PATH='/workspaces/lj-lockless/tests/lib/?.lua;/workspaces/lj-lockless/src/?.lua;/workspaces/lj-lockless/src/jit/?.lua;;' timeout '20s' '/workspaces/lj-lockless/src/luajit' '-jon' '/workspaces/lj-lockless/tests/t-jit-udata-pure.lua' 'clib' 'methodlife'
+ LUA_PATH='/workspaces/lj-lockless/tests/lib/?.lua;/workspaces/lj-lockless/src/?.lua;/workspaces/lj-lockless/src/jit/?.lua;;' timeout '20s' '/workspaces/lj-lockless/src/luajit' '-joff' '/workspaces/lj-lockless/tests/t-jit-udata-pure.lua' 'clib' 'table_entry'
+ LUA_PATH='/workspaces/lj-lockless/tests/lib/?.lua;/workspaces/lj-lockless/src/?.lua;/workspaces/lj-lockless/src/jit/?.lua;;' timeout '20s' '/workspaces/lj-lockless/src/luajit' '-jon' '/workspaces/lj-lockless/tests/t-jit-udata-pure.lua' 'clib' 'table_entry'
+ LUA_PATH='/workspaces/lj-lockless/tests/lib/?.lua;/workspaces/lj-lockless/src/?.lua;/workspaces/lj-lockless/src/jit/?.lua;;' timeout '20s' '/workspaces/lj-lockless/src/luajit' '-joff' '/workspaces/lj-lockless/tests/t-jit-udata-pure.lua' 'file' 'function'
+ LUA_PATH='/workspaces/lj-lockless/tests/lib/?.lua;/workspaces/lj-lockless/src/?.lua;/workspaces/lj-lockless/src/jit/?.lua;;' timeout '20s' '/workspaces/lj-lockless/src/luajit' '-jon' '/workspaces/lj-lockless/tests/t-jit-udata-pure.lua' 'file' 'function'
+ LUA_PATH='/workspaces/lj-lockless/tests/lib/?.lua;/workspaces/lj-lockless/src/?.lua;/workspaces/lj-lockless/src/jit/?.lua;;' timeout '20s' '/workspaces/lj-lockless/src/luajit' '-joff' '/workspaces/lj-lockless/tests/t-jit-udata-pure.lua' 'file' 'table'
+ LUA_PATH='/workspaces/lj-lockless/tests/lib/?.lua;/workspaces/lj-lockless/src/?.lua;/workspaces/lj-lockless/src/jit/?.lua;;' timeout '20s' '/workspaces/lj-lockless/src/luajit' '-jon' '/workspaces/lj-lockless/tests/t-jit-udata-pure.lua' 'file' 'table'
+ LUA_PATH='/workspaces/lj-lockless/tests/lib/?.lua;/workspaces/lj-lockless/src/?.lua;/workspaces/lj-lockless/src/jit/?.lua;;' timeout '20s' '/workspaces/lj-lockless/src/luajit' '-joff' '/workspaces/lj-lockless/tests/t-jit-udata-pure.lua' 'file' 'missing'
+ LUA_PATH='/workspaces/lj-lockless/tests/lib/?.lua;/workspaces/lj-lockless/src/?.lua;/workspaces/lj-lockless/src/jit/?.lua;;' timeout '20s' '/workspaces/lj-lockless/src/luajit' '-jon' '/workspaces/lj-lockless/tests/t-jit-udata-pure.lua' 'file' 'missing'
+ LUA_PATH='/workspaces/lj-lockless/tests/lib/?.lua;/workspaces/lj-lockless/src/?.lua;/workspaces/lj-lockless/src/jit/?.lua;;' timeout '20s' '/workspaces/lj-lockless/src/luajit' '-joff' '/workspaces/lj-lockless/tests/t-jit-udata-pure.lua' 'file' 'nonfunction'
+ LUA_PATH='/workspaces/lj-lockless/tests/lib/?.lua;/workspaces/lj-lockless/src/?.lua;/workspaces/lj-lockless/src/jit/?.lua;;' timeout '20s' '/workspaces/lj-lockless/src/luajit' '-jon' '/workspaces/lj-lockless/tests/t-jit-udata-pure.lua' 'file' 'nonfunction'
+ LUA_PATH='/workspaces/lj-lockless/tests/lib/?.lua;/workspaces/lj-lockless/src/?.lua;/workspaces/lj-lockless/src/jit/?.lua;;' timeout '20s' '/workspaces/lj-lockless/src/luajit' '-joff' '/workspaces/lj-lockless/tests/t-jit-udata-pure.lua' 'file' 'replace'
+ LUA_PATH='/workspaces/lj-lockless/tests/lib/?.lua;/workspaces/lj-lockless/src/?.lua;/workspaces/lj-lockless/src/jit/?.lua;;' timeout '20s' '/workspaces/lj-lockless/src/luajit' '-jon' '/workspaces/lj-lockless/tests/t-jit-udata-pure.lua' 'file' 'replace'
+ LUA_PATH='/workspaces/lj-lockless/tests/lib/?.lua;/workspaces/lj-lockless/src/?.lua;/workspaces/lj-lockless/src/jit/?.lua;;' timeout '20s' '/workspaces/lj-lockless/src/luajit' '-joff' '/workspaces/lj-lockless/tests/t-jit-udata-pure.lua' 'file' 'replace_missing'
+ LUA_PATH='/workspaces/lj-lockless/tests/lib/?.lua;/workspaces/lj-lockless/src/?.lua;/workspaces/lj-lockless/src/jit/?.lua;;' timeout '20s' '/workspaces/lj-lockless/src/luajit' '-jon' '/workspaces/lj-lockless/tests/t-jit-udata-pure.lua' 'file' 'replace_missing'
+ LUA_PATH='/workspaces/lj-lockless/tests/lib/?.lua;/workspaces/lj-lockless/src/?.lua;/workspaces/lj-lockless/src/jit/?.lua;;' timeout '20s' '/workspaces/lj-lockless/src/luajit' '-joff' '/workspaces/lj-lockless/tests/t-jit-udata-pure.lua' 'file' 'resize'
+ LUA_PATH='/workspaces/lj-lockless/tests/lib/?.lua;/workspaces/lj-lockless/src/?.lua;/workspaces/lj-lockless/src/jit/?.lua;;' timeout '20s' '/workspaces/lj-lockless/src/luajit' '-jon' '/workspaces/lj-lockless/tests/t-jit-udata-pure.lua' 'file' 'resize'
+ LUA_PATH='/workspaces/lj-lockless/tests/lib/?.lua;/workspaces/lj-lockless/src/?.lua;/workspaces/lj-lockless/src/jit/?.lua;;' timeout '20s' '/workspaces/lj-lockless/src/luajit' '-joff' '/workspaces/lj-lockless/tests/t-jit-udata-pure.lua' 'file' 'methodlife'
+ LUA_PATH='/workspaces/lj-lockless/tests/lib/?.lua;/workspaces/lj-lockless/src/?.lua;/workspaces/lj-lockless/src/jit/?.lua;;' timeout '20s' '/workspaces/lj-lockless/src/luajit' '-jon' '/workspaces/lj-lockless/tests/t-jit-udata-pure.lua' 'file' 'methodlife'
+ LUA_PATH='/workspaces/lj-lockless/tests/lib/?.lua;/workspaces/lj-lockless/src/?.lua;/workspaces/lj-lockless/src/jit/?.lua;;' timeout '20s' '/workspaces/lj-lockless/src/luajit' '-joff' '/workspaces/lj-lockless/tests/t-jit-udata-pure.lua' 'file' 'table_entry'
+ LUA_PATH='/workspaces/lj-lockless/tests/lib/?.lua;/workspaces/lj-lockless/src/?.lua;/workspaces/lj-lockless/src/jit/?.lua;;' timeout '20s' '/workspaces/lj-lockless/src/luajit' '-jon' '/workspaces/lj-lockless/tests/t-jit-udata-pure.lua' 'file' 'table_entry'
+ LUA_PATH='/workspaces/lj-lockless/tests/lib/?.lua;/workspaces/lj-lockless/src/?.lua;/workspaces/lj-lockless/src/jit/?.lua;;' timeout '20s' '/workspaces/lj-lockless/src/luajit' '-joff' '/workspaces/lj-lockless/tests/t-jit-udata-pure.lua' 'buffer' 'function'
+ LUA_PATH='/workspaces/lj-lockless/tests/lib/?.lua;/workspaces/lj-lockless/src/?.lua;/workspaces/lj-lockless/src/jit/?.lua;;' timeout '20s' '/workspaces/lj-lockless/src/luajit' '-jon' '/workspaces/lj-lockless/tests/t-jit-udata-pure.lua' 'buffer' 'function'
+ LUA_PATH='/workspaces/lj-lockless/tests/lib/?.lua;/workspaces/lj-lockless/src/?.lua;/workspaces/lj-lockless/src/jit/?.lua;;' timeout '20s' '/workspaces/lj-lockless/src/luajit' '-joff' '/workspaces/lj-lockless/tests/t-jit-udata-pure.lua' 'buffer' 'table'
+ LUA_PATH='/workspaces/lj-lockless/tests/lib/?.lua;/workspaces/lj-lockless/src/?.lua;/workspaces/lj-lockless/src/jit/?.lua;;' timeout '20s' '/workspaces/lj-lockless/src/luajit' '-jon' '/workspaces/lj-lockless/tests/t-jit-udata-pure.lua' 'buffer' 'table'
+ LUA_PATH='/workspaces/lj-lockless/tests/lib/?.lua;/workspaces/lj-lockless/src/?.lua;/workspaces/lj-lockless/src/jit/?.lua;;' timeout '20s' '/workspaces/lj-lockless/src/luajit' '-joff' '/workspaces/lj-lockless/tests/t-jit-udata-pure.lua' 'buffer' 'missing'
+ LUA_PATH='/workspaces/lj-lockless/tests/lib/?.lua;/workspaces/lj-lockless/src/?.lua;/workspaces/lj-lockless/src/jit/?.lua;;' timeout '20s' '/workspaces/lj-lockless/src/luajit' '-jon' '/workspaces/lj-lockless/tests/t-jit-udata-pure.lua' 'buffer' 'missing'
+ LUA_PATH='/workspaces/lj-lockless/tests/lib/?.lua;/workspaces/lj-lockless/src/?.lua;/workspaces/lj-lockless/src/jit/?.lua;;' timeout '20s' '/workspaces/lj-lockless/src/luajit' '-joff' '/workspaces/lj-lockless/tests/t-jit-udata-pure.lua' 'buffer' 'nonfunction'
+ LUA_PATH='/workspaces/lj-lockless/tests/lib/?.lua;/workspaces/lj-lockless/src/?.lua;/workspaces/lj-lockless/src/jit/?.lua;;' timeout '20s' '/workspaces/lj-lockless/src/luajit' '-jon' '/workspaces/lj-lockless/tests/t-jit-udata-pure.lua' 'buffer' 'nonfunction'
+ LUA_PATH='/workspaces/lj-lockless/tests/lib/?.lua;/workspaces/lj-lockless/src/?.lua;/workspaces/lj-lockless/src/jit/?.lua;;' timeout '20s' '/workspaces/lj-lockless/src/luajit' '-joff' '/workspaces/lj-lockless/tests/t-jit-udata-pure.lua' 'buffer' 'replace'
+ LUA_PATH='/workspaces/lj-lockless/tests/lib/?.lua;/workspaces/lj-lockless/src/?.lua;/workspaces/lj-lockless/src/jit/?.lua;;' timeout '20s' '/workspaces/lj-lockless/src/luajit' '-jon' '/workspaces/lj-lockless/tests/t-jit-udata-pure.lua' 'buffer' 'replace'
+ LUA_PATH='/workspaces/lj-lockless/tests/lib/?.lua;/workspaces/lj-lockless/src/?.lua;/workspaces/lj-lockless/src/jit/?.lua;;' timeout '20s' '/workspaces/lj-lockless/src/luajit' '-joff' '/workspaces/lj-lockless/tests/t-jit-udata-pure.lua' 'buffer' 'replace_missing'
+ LUA_PATH='/workspaces/lj-lockless/tests/lib/?.lua;/workspaces/lj-lockless/src/?.lua;/workspaces/lj-lockless/src/jit/?.lua;;' timeout '20s' '/workspaces/lj-lockless/src/luajit' '-jon' '/workspaces/lj-lockless/tests/t-jit-udata-pure.lua' 'buffer' 'replace_missing'
+ LUA_PATH='/workspaces/lj-lockless/tests/lib/?.lua;/workspaces/lj-lockless/src/?.lua;/workspaces/lj-lockless/src/jit/?.lua;;' timeout '20s' '/workspaces/lj-lockless/src/luajit' '-joff' '/workspaces/lj-lockless/tests/t-jit-udata-pure.lua' 'buffer' 'resize'
+ LUA_PATH='/workspaces/lj-lockless/tests/lib/?.lua;/workspaces/lj-lockless/src/?.lua;/workspaces/lj-lockless/src/jit/?.lua;;' timeout '20s' '/workspaces/lj-lockless/src/luajit' '-jon' '/workspaces/lj-lockless/tests/t-jit-udata-pure.lua' 'buffer' 'resize'
+ LUA_PATH='/workspaces/lj-lockless/tests/lib/?.lua;/workspaces/lj-lockless/src/?.lua;/workspaces/lj-lockless/src/jit/?.lua;;' timeout '20s' '/workspaces/lj-lockless/src/luajit' '-joff' '/workspaces/lj-lockless/tests/t-jit-udata-pure.lua' 'buffer' 'methodlife'
+ LUA_PATH='/workspaces/lj-lockless/tests/lib/?.lua;/workspaces/lj-lockless/src/?.lua;/workspaces/lj-lockless/src/jit/?.lua;;' timeout '20s' '/workspaces/lj-lockless/src/luajit' '-jon' '/workspaces/lj-lockless/tests/t-jit-udata-pure.lua' 'buffer' 'methodlife'
+ LUA_PATH='/workspaces/lj-lockless/tests/lib/?.lua;/workspaces/lj-lockless/src/?.lua;/workspaces/lj-lockless/src/jit/?.lua;;' timeout '20s' '/workspaces/lj-lockless/src/luajit' '-joff' '/workspaces/lj-lockless/tests/t-jit-udata-pure.lua' 'buffer' 'table_entry'
+ LUA_PATH='/workspaces/lj-lockless/tests/lib/?.lua;/workspaces/lj-lockless/src/?.lua;/workspaces/lj-lockless/src/jit/?.lua;;' timeout '20s' '/workspaces/lj-lockless/src/luajit' '-jon' '/workspaces/lj-lockless/tests/t-jit-udata-pure.lua' 'buffer' 'table_entry'
+ LUA_PATH='/workspaces/lj-lockless/tests/lib/?.lua;/workspaces/lj-lockless/src/?.lua;/workspaces/lj-lockless/src/jit/?.lua;;' timeout '20s' '/workspaces/lj-lockless/src/luajit' '-joff' '/workspaces/lj-lockless/tests/t-jit-udata-pure.lua' 'plain' 'function'
+ LUA_PATH='/workspaces/lj-lockless/tests/lib/?.lua;/workspaces/lj-lockless/src/?.lua;/workspaces/lj-lockless/src/jit/?.lua;;' timeout '20s' '/workspaces/lj-lockless/src/luajit' '-jon' '/workspaces/lj-lockless/tests/t-jit-udata-pure.lua' 'plain' 'function'
+ LUA_PATH='/workspaces/lj-lockless/tests/lib/?.lua;/workspaces/lj-lockless/src/?.lua;/workspaces/lj-lockless/src/jit/?.lua;;' timeout '20s' '/workspaces/lj-lockless/src/luajit' '-joff' '/workspaces/lj-lockless/tests/t-jit-udata-pure.lua' 'plain' 'table'
+ LUA_PATH='/workspaces/lj-lockless/tests/lib/?.lua;/workspaces/lj-lockless/src/?.lua;/workspaces/lj-lockless/src/jit/?.lua;;' timeout '20s' '/workspaces/lj-lockless/src/luajit' '-jon' '/workspaces/lj-lockless/tests/t-jit-udata-pure.lua' 'plain' 'table'
+ LUA_PATH='/workspaces/lj-lockless/tests/lib/?.lua;/workspaces/lj-lockless/src/?.lua;/workspaces/lj-lockless/src/jit/?.lua;;' timeout '20s' '/workspaces/lj-lockless/src/luajit' '-joff' '/workspaces/lj-lockless/tests/t-jit-udata-pure.lua' 'plain' 'missing'
+ LUA_PATH='/workspaces/lj-lockless/tests/lib/?.lua;/workspaces/lj-lockless/src/?.lua;/workspaces/lj-lockless/src/jit/?.lua;;' timeout '20s' '/workspaces/lj-lockless/src/luajit' '-jon' '/workspaces/lj-lockless/tests/t-jit-udata-pure.lua' 'plain' 'missing'
+ LUA_PATH='/workspaces/lj-lockless/tests/lib/?.lua;/workspaces/lj-lockless/src/?.lua;/workspaces/lj-lockless/src/jit/?.lua;;' timeout '20s' '/workspaces/lj-lockless/src/luajit' '-joff' '/workspaces/lj-lockless/tests/t-jit-udata-pure.lua' 'plain' 'nonfunction'
+ LUA_PATH='/workspaces/lj-lockless/tests/lib/?.lua;/workspaces/lj-lockless/src/?.lua;/workspaces/lj-lockless/src/jit/?.lua;;' timeout '20s' '/workspaces/lj-lockless/src/luajit' '-jon' '/workspaces/lj-lockless/tests/t-jit-udata-pure.lua' 'plain' 'nonfunction'
+ LUA_PATH='/workspaces/lj-lockless/tests/lib/?.lua;/workspaces/lj-lockless/src/?.lua;/workspaces/lj-lockless/src/jit/?.lua;;' timeout '20s' '/workspaces/lj-lockless/src/luajit' '-joff' '/workspaces/lj-lockless/tests/t-jit-udata-pure.lua' 'plain' 'replace'
+ LUA_PATH='/workspaces/lj-lockless/tests/lib/?.lua;/workspaces/lj-lockless/src/?.lua;/workspaces/lj-lockless/src/jit/?.lua;;' timeout '20s' '/workspaces/lj-lockless/src/luajit' '-jon' '/workspaces/lj-lockless/tests/t-jit-udata-pure.lua' 'plain' 'replace'
+ LUA_PATH='/workspaces/lj-lockless/tests/lib/?.lua;/workspaces/lj-lockless/src/?.lua;/workspaces/lj-lockless/src/jit/?.lua;;' timeout '20s' '/workspaces/lj-lockless/src/luajit' '-joff' '/workspaces/lj-lockless/tests/t-jit-udata-pure.lua' 'plain' 'replace_missing'
+ LUA_PATH='/workspaces/lj-lockless/tests/lib/?.lua;/workspaces/lj-lockless/src/?.lua;/workspaces/lj-lockless/src/jit/?.lua;;' timeout '20s' '/workspaces/lj-lockless/src/luajit' '-jon' '/workspaces/lj-lockless/tests/t-jit-udata-pure.lua' 'plain' 'replace_missing'
+ LUA_PATH='/workspaces/lj-lockless/tests/lib/?.lua;/workspaces/lj-lockless/src/?.lua;/workspaces/lj-lockless/src/jit/?.lua;;' timeout '20s' '/workspaces/lj-lockless/src/luajit' '-joff' '/workspaces/lj-lockless/tests/t-jit-udata-pure.lua' 'plain' 'resize'
+ LUA_PATH='/workspaces/lj-lockless/tests/lib/?.lua;/workspaces/lj-lockless/src/?.lua;/workspaces/lj-lockless/src/jit/?.lua;;' timeout '20s' '/workspaces/lj-lockless/src/luajit' '-jon' '/workspaces/lj-lockless/tests/t-jit-udata-pure.lua' 'plain' 'resize'
+ LUA_PATH='/workspaces/lj-lockless/tests/lib/?.lua;/workspaces/lj-lockless/src/?.lua;/workspaces/lj-lockless/src/jit/?.lua;;' timeout '20s' '/workspaces/lj-lockless/src/luajit' '-joff' '/workspaces/lj-lockless/tests/t-jit-udata-pure.lua' 'plain' 'methodlife'
+ LUA_PATH='/workspaces/lj-lockless/tests/lib/?.lua;/workspaces/lj-lockless/src/?.lua;/workspaces/lj-lockless/src/jit/?.lua;;' timeout '20s' '/workspaces/lj-lockless/src/luajit' '-jon' '/workspaces/lj-lockless/tests/t-jit-udata-pure.lua' 'plain' 'methodlife'
+ LUA_PATH='/workspaces/lj-lockless/tests/lib/?.lua;/workspaces/lj-lockless/src/?.lua;/workspaces/lj-lockless/src/jit/?.lua;;' timeout '20s' '/workspaces/lj-lockless/src/luajit' '-joff' '/workspaces/lj-lockless/tests/t-jit-udata-pure.lua' 'plain' 'table_entry'
+ LUA_PATH='/workspaces/lj-lockless/tests/lib/?.lua;/workspaces/lj-lockless/src/?.lua;/workspaces/lj-lockless/src/jit/?.lua;;' timeout '20s' '/workspaces/lj-lockless/src/luajit' '-jon' '/workspaces/lj-lockless/tests/t-jit-udata-pure.lua' 'plain' 'table_entry'
+ LUA_PATH='/workspaces/lj-lockless/tests/lib/?.lua;/workspaces/lj-lockless/src/?.lua;/workspaces/lj-lockless/src/jit/?.lua;;' timeout '20s' '/workspaces/lj-lockless/src/luajit' '-jon' '/workspaces/lj-lockless/tests/t-jit-udata-pure-exclusions.lua' 'allocate'
+ LUA_PATH='/workspaces/lj-lockless/tests/lib/?.lua;/workspaces/lj-lockless/src/?.lua;/workspaces/lj-lockless/src/jit/?.lua;;' timeout '20s' '/workspaces/lj-lockless/src/luajit' '-jon' '/workspaces/lj-lockless/tests/t-jit-udata-pure-exclusions.lua' 'luastore'
+ LUA_PATH='/workspaces/lj-lockless/tests/lib/?.lua;/workspaces/lj-lockless/src/?.lua;/workspaces/lj-lockless/src/jit/?.lua;;' timeout '20s' '/workspaces/lj-lockless/src/luajit' '-jon' '/workspaces/lj-lockless/tests/t-jit-udata-pure-exclusions.lua' 'newref'
+ LUA_PATH='/workspaces/lj-lockless/tests/lib/?.lua;/workspaces/lj-lockless/src/?.lua;/workspaces/lj-lockless/src/jit/?.lua;;' timeout '20s' '/workspaces/lj-lockless/src/luajit' '-jon' '/workspaces/lj-lockless/tests/t-jit-udata-pure-exclusions.lua' 'clear'
+ LUA_PATH='/workspaces/lj-lockless/tests/lib/?.lua;/workspaces/lj-lockless/src/?.lua;/workspaces/lj-lockless/src/jit/?.lua;;' timeout '20s' '/workspaces/lj-lockless/src/luajit' '-jon' '/workspaces/lj-lockless/tests/t-jit-udata-pure-exclusions.lua' 'foreign'
+ LUA_PATH='/workspaces/lj-lockless/tests/lib/?.lua;/workspaces/lj-lockless/src/?.lua;/workspaces/lj-lockless/src/jit/?.lua;;' timeout '20s' '/workspaces/lj-lockless/src/luajit' '-jon' '/workspaces/lj-lockless/tests/t-jit-udata-pure-exclusions.lua' 'indirect'
+ LUA_PATH='/workspaces/lj-lockless/tests/lib/?.lua;/workspaces/lj-lockless/src/?.lua;/workspaces/lj-lockless/src/jit/?.lua;;' timeout '20s' '/workspaces/lj-lockless/src/luajit' '-jon' '/workspaces/lj-lockless/tests/t-jit-udata-pure-exclusions.lua' 'fpmath'
+ LUA_PATH='/workspaces/lj-lockless/tests/lib/?.lua;/workspaces/lj-lockless/src/?.lua;/workspaces/lj-lockless/src/jit/?.lua;;' timeout '20s' '/workspaces/lj-lockless/src/luajit' '-jon' '/workspaces/lj-lockless/tests/t-jit-udata-pure-exclusions.lua' 'directstore'
ok m6_jit_udata_pure
