make: Entering directory '/workspaces/lj-lockless/src'
VERSION   luajit.h
HOSTCC    host/buildvm.o
HOSTLINK  host/buildvm
BUILDVM   lj_vm.S
ASM       lj_vm.o
BUILDVM   lj_bcdef.h
BUILDVM   lj_ffdef.h
BUILDVM   lj_libdef.h
BUILDVM   lj_recdef.h
BUILDVM   lj_folddef.h
CC        lj_assert.o
CC        lj_gc.o
CC        lj_gc2.o
CC        lj_safepoint.o
CC        lj_err.o
CC        lj_char.o
CC        lj_bc.o
CC        lj_obj.o
CC        lj_buf.o
CC        lj_str.o
CC        lj_tab.o
CC        lj_func.o
CC        lj_udata.o
CC        lj_meta.o
CC        lj_debug.o
CC        lj_prng.o
CC        lj_state.o
CC        lj_dispatch.o
CC        lj_tg.o
CC        lj_thr.o
CC        lj_chan.o
CC        lj_arena.o
CC        lj_vmevent.o
CC        lj_vmmath.o
CC        lj_strscan.o
CC        lj_strfmt.o
CC        lj_strfmt_num.o
CC        lj_serialize.o
CC        lj_api.o
CC        lj_profile.o
CC        lj_lex.o
CC        lj_parse.o
CC        lj_bcread.o
CC        lj_bcwrite.o
CC        lj_load.o
CC        lj_ir.o
CC        lj_opt_mem.o
CC        lj_opt_fold.o
CC        lj_opt_narrow.o
CC        lj_opt_dce.o
CC        lj_opt_loop.o
CC        lj_opt_split.o
CC        lj_opt_sink.o
CC        lj_mcode.o
CC        lj_snap.o
CC        lj_record.o
CC        lj_crecord.o
CC        lj_ffrecord.o
CC        lj_asm.o
CC        lj_trace.o
CC        lj_gdbjit.o
CC        lj_ctype.o
CC        lj_cdata.o
CC        lj_cconv.o
CC        lj_ccall.o
CC        lj_ccallback.o
CC        lj_carith.o
CC        lj_clib.o
CC        lj_cparse.o
CC        lj_lib.o
CC        lj_alloc.o
CC        lib_aux.o
CC        lib_base.o
CC        lib_math.o
CC        lib_bit.o
CC        lib_string.o
CC        lib_table.o
CC        lib_io.o
CC        lib_os.o
CC        lib_package.o
CC        lib_debug.o
CC        lib_jit.o
CC        lib_ffi.o
CC        lib_buffer.o
CC        lib_threading.o
CC        lib_init.o
AR        libluajit.a
CC        luajit.o
BUILDVM   jit/vmdef.lua
DYNASM    lj_vm_dyn.o
DYNCC     lj_assert_dyn.o
DYNCC     lj_gc_dyn.o
DYNCC     lj_gc2_dyn.o
DYNCC     lj_safepoint_dyn.o
DYNCC     lj_err_dyn.o
DYNCC     lj_char_dyn.o
DYNCC     lj_bc_dyn.o
DYNCC     lj_obj_dyn.o
DYNCC     lj_buf_dyn.o
DYNCC     lj_str_dyn.o
DYNCC     lj_tab_dyn.o
DYNCC     lj_func_dyn.o
DYNCC     lj_udata_dyn.o
DYNCC     lj_meta_dyn.o
DYNCC     lj_debug_dyn.o
DYNCC     lj_prng_dyn.o
DYNCC     lj_state_dyn.o
DYNCC     lj_dispatch_dyn.o
DYNCC     lj_tg_dyn.o
DYNCC     lj_thr_dyn.o
DYNCC     lj_chan_dyn.o
DYNCC     lj_arena_dyn.o
DYNCC     lj_vmevent_dyn.o
DYNCC     lj_vmmath_dyn.o
DYNCC     lj_strscan_dyn.o
DYNCC     lj_strfmt_dyn.o
DYNCC     lj_strfmt_num_dyn.o
DYNCC     lj_serialize_dyn.o
DYNCC     lj_api_dyn.o
DYNCC     lj_profile_dyn.o
DYNCC     lj_lex_dyn.o
DYNCC     lj_parse_dyn.o
DYNCC     lj_bcread_dyn.o
DYNCC     lj_bcwrite_dyn.o
DYNCC     lj_load_dyn.o
DYNCC     lj_ir_dyn.o
DYNCC     lj_opt_mem_dyn.o
DYNCC     lj_opt_fold_dyn.o
DYNCC     lj_opt_narrow_dyn.o
DYNCC     lj_opt_dce_dyn.o
DYNCC     lj_opt_loop_dyn.o
DYNCC     lj_opt_split_dyn.o
DYNCC     lj_opt_sink_dyn.o
DYNCC     lj_mcode_dyn.o
DYNCC     lj_snap_dyn.o
DYNCC     lj_record_dyn.o
DYNCC     lj_crecord_dyn.o
DYNCC     lj_ffrecord_dyn.o
DYNCC     lj_asm_dyn.o
DYNCC     lj_trace_dyn.o
DYNCC     lj_gdbjit_dyn.o
DYNCC     lj_ctype_dyn.o
DYNCC     lj_cdata_dyn.o
DYNCC     lj_cconv_dyn.o
DYNCC     lj_ccall_dyn.o
DYNCC     lj_ccallback_dyn.o
DYNCC     lj_carith_dyn.o
DYNCC     lj_clib_dyn.o
DYNCC     lj_cparse_dyn.o
DYNCC     lj_lib_dyn.o
DYNCC     lj_alloc_dyn.o
DYNCC     lib_aux_dyn.o
DYNCC     lib_base_dyn.o
DYNCC     lib_math_dyn.o
DYNCC     lib_bit_dyn.o
DYNCC     lib_string_dyn.o
DYNCC     lib_table_dyn.o
DYNCC     lib_io_dyn.o
DYNCC     lib_os_dyn.o
DYNCC     lib_package_dyn.o
DYNCC     lib_debug_dyn.o
DYNCC     lib_jit_dyn.o
DYNCC     lib_ffi_dyn.o
DYNCC     lib_buffer_dyn.o
DYNCC     lib_threading_dyn.o
DYNCC     lib_init_dyn.o
DYNLINK   libluajit.so
LINK      luajit
OK        Successfully built LuaJIT
make: Leaving directory '/workspaces/lj-lockless/src'
special-userdata-guard	clib	function	warm-exits	0	old-exits	0	ok	true	result	0	calls	80	writes	0
special userdata native method guards passed
direct-shape	clib	function	1	26	1	1	0	0
special-userdata-guard	clib	function	warm-exits	1	old-exits	80	ok	true	result	0	calls	80	writes	0
special userdata native method guards passed
special-userdata-guard	clib	table	warm-exits	0	old-exits	0	ok	true	result	0	calls	0	writes	0
special userdata native method guards passed
direct-shape	clib	table	1	26	1	1	0	0
special-userdata-guard	clib	table	warm-exits	1	old-exits	80	ok	true	result	0	calls	0	writes	0
special userdata native method guards passed
special-userdata-guard	clib	missing	warm-exits	0	old-exits	0	ok	false	result	/workspaces/lj-lockless/tests/t-jit-udata-pure.lua:31: attempt to index local 'p' (a userdata value)	calls	0	writes	0
special userdata native method guards passed
direct-shape	clib	missing	1	26	1	1	0	0
special-userdata-guard	clib	missing	warm-exits	1	old-exits	1	ok	false	result	/workspaces/lj-lockless/tests/t-jit-udata-pure.lua:31: attempt to index local 'p' (a userdata value)	calls	0	writes	0
special userdata native method guards passed
special-userdata-guard	clib	nonfunction	warm-exits	0	old-exits	0	ok	false	result	/workspaces/lj-lockless/tests/t-jit-udata-pure.lua:31: attempt to index local 'p' (a number value)	calls	0	writes	0
special userdata native method guards passed
direct-shape	clib	nonfunction	1	26	1	1	0	0
special-userdata-guard	clib	nonfunction	warm-exits	1	old-exits	1	ok	false	result	/workspaces/lj-lockless/tests/t-jit-udata-pure.lua:31: attempt to index local 'p' (a number value)	calls	0	writes	0
special userdata native method guards passed
special-userdata-guard	clib	replace	warm-exits	0	old-exits	0	ok	true	result	0	calls	80	writes	0
special userdata native method guards passed
direct-shape	clib	replace	1	26	1	1	0	0
special-userdata-guard	clib	replace	warm-exits	1	old-exits	80	ok	true	result	0	calls	80	writes	0
special userdata native method guards passed
special-userdata-guard	clib	replace_missing	warm-exits	0	old-exits	0	ok	false	result	/workspaces/lj-lockless/tests/t-jit-udata-pure.lua:31: attempt to index local 'p' (a userdata value)	calls	0	writes	0
special userdata native method guards passed
direct-shape	clib	replace_missing	1	26	1	1	0	0
special-userdata-guard	clib	replace_missing	warm-exits	1	old-exits	1	ok	false	result	/workspaces/lj-lockless/tests/t-jit-udata-pure.lua:31: attempt to index local 'p' (a userdata value)	calls	0	writes	0
special userdata native method guards passed
special-userdata-guard	clib	resize	warm-exits	0	old-exits	0	ok	true	result	0	calls	80	writes	0
special userdata native method guards passed
direct-shape	clib	resize	1	26	1	1	0	0
special-userdata-guard	clib	resize	warm-exits	1	old-exits	80	ok	true	result	0	calls	80	writes	0
special userdata native method guards passed
special-userdata-guard	clib	methodlife	warm-exits	0	old-exits	0	ok	true	result	0	calls	80	writes	0
special userdata native method guards passed
direct-shape	clib	methodlife	1	25	1	1	0	0
special-userdata-guard	clib	methodlife	warm-exits	1	old-exits	80	ok	true	result	0	calls	80	writes	0
special userdata native method guards passed
special-userdata-guard	clib	table_entry	warm-exits	0	old-exits	0	ok	true	result	0	calls	0	writes	0
special userdata native method guards passed
direct-shape	clib	table_entry	1	30	1	2	0	1
special-userdata-guard	clib	table_entry	warm-exits	1	old-exits	80	ok	true	result	0	calls	0	writes	0
special userdata native method guards passed
special-userdata-guard	file	function	warm-exits	0	old-exits	0	ok	true	result	0	calls	80	writes	0
special userdata native method guards passed
direct-shape	file	function	1	33	1	2	0	1
special-userdata-guard	file	function	warm-exits	1	old-exits	80	ok	true	result	0	calls	80	writes	0
special userdata native method guards passed
special-userdata-guard	file	table	warm-exits	0	old-exits	0	ok	true	result	0	calls	0	writes	0
special userdata native method guards passed
direct-shape	file	table	1	33	1	2	0	1
special-userdata-guard	file	table	warm-exits	1	old-exits	80	ok	true	result	0	calls	0	writes	0
special userdata native method guards passed
special-userdata-guard	file	missing	warm-exits	0	old-exits	0	ok	false	result	/workspaces/lj-lockless/tests/t-jit-udata-pure.lua:32: attempt to index local 'p' (a userdata value)	calls	0	writes	0
special userdata native method guards passed
direct-shape	file	missing	1	33	1	2	0	1
special-userdata-guard	file	missing	warm-exits	1	old-exits	1	ok	false	result	/workspaces/lj-lockless/tests/t-jit-udata-pure.lua:32: attempt to index local 'p' (a userdata value)	calls	0	writes	0
special userdata native method guards passed
special-userdata-guard	file	nonfunction	warm-exits	0	old-exits	0	ok	false	result	/workspaces/lj-lockless/tests/t-jit-udata-pure.lua:32: attempt to index local 'p' (a number value)	calls	0	writes	0
special userdata native method guards passed
direct-shape	file	nonfunction	1	33	1	2	0	1
special-userdata-guard	file	nonfunction	warm-exits	1	old-exits	1	ok	false	result	/workspaces/lj-lockless/tests/t-jit-udata-pure.lua:32: attempt to index local 'p' (a number value)	calls	0	writes	0
special userdata native method guards passed
special-userdata-guard	file	replace	warm-exits	0	old-exits	0	ok	true	result	0	calls	80	writes	0
special userdata native method guards passed
direct-shape	file	replace	1	33	1	2	0	1
special-userdata-guard	file	replace	warm-exits	1	old-exits	80	ok	true	result	0	calls	80	writes	0
special userdata native method guards passed
special-userdata-guard	file	replace_missing	warm-exits	0	old-exits	0	ok	false	result	/workspaces/lj-lockless/tests/t-jit-udata-pure.lua:32: attempt to index local 'p' (a userdata value)	calls	0	writes	0
special userdata native method guards passed
direct-shape	file	replace_missing	1	33	1	2	0	1
special-userdata-guard	file	replace_missing	warm-exits	1	old-exits	1	ok	false	result	/workspaces/lj-lockless/tests/t-jit-udata-pure.lua:32: attempt to index local 'p' (a userdata value)	calls	0	writes	0
special userdata native method guards passed
special-userdata-guard	file	resize	warm-exits	0	old-exits	0	ok	true	result	0	calls	80	writes	0
special userdata native method guards passed
direct-shape	file	resize	1	33	1	2	0	1
special-userdata-guard	file	resize	warm-exits	1	old-exits	80	ok	true	result	0	calls	80	writes	0
special userdata native method guards passed
special-userdata-guard	file	methodlife	warm-exits	0	old-exits	0	ok	true	result	0	calls	80	writes	0
special userdata native method guards passed
direct-shape	file	methodlife	1	28	1	1	0	0
special-userdata-guard	file	methodlife	warm-exits	1	old-exits	80	ok	true	result	0	calls	80	writes	0
special userdata native method guards passed
special-userdata-guard	file	table_entry	warm-exits	0	old-exits	0	ok	true	result	0	calls	0	writes	0
special userdata native method guards passed
direct-shape	file	table_entry	1	33	1	2	0	1
special-userdata-guard	file	table_entry	warm-exits	1	old-exits	80	ok	true	result	0	calls	0	writes	0
special userdata native method guards passed
special-userdata-guard	buffer	function	warm-exits	0	old-exits	0	ok	true	result	0	calls	80	writes	0
special userdata native method guards passed
direct-shape	buffer	function	1	33	1	2	0	1
special-userdata-guard	buffer	function	warm-exits	1	old-exits	80	ok	true	result	0	calls	80	writes	0
special userdata native method guards passed
special-userdata-guard	buffer	table	warm-exits	0	old-exits	0	ok	true	result	0	calls	0	writes	0
special userdata native method guards passed
direct-shape	buffer	table	1	33	1	2	0	1
special-userdata-guard	buffer	table	warm-exits	1	old-exits	80	ok	true	result	0	calls	0	writes	0
special userdata native method guards passed
special-userdata-guard	buffer	missing	warm-exits	0	old-exits	0	ok	false	result	/workspaces/lj-lockless/tests/t-jit-udata-pure.lua:33: attempt to index local 'p' (a userdata value)	calls	0	writes	0
special userdata native method guards passed
direct-shape	buffer	missing	1	33	1	2	0	1
special-userdata-guard	buffer	missing	warm-exits	1	old-exits	1	ok	false	result	/workspaces/lj-lockless/tests/t-jit-udata-pure.lua:33: attempt to index local 'p' (a userdata value)	calls	0	writes	0
special userdata native method guards passed
special-userdata-guard	buffer	nonfunction	warm-exits	0	old-exits	0	ok	false	result	/workspaces/lj-lockless/tests/t-jit-udata-pure.lua:33: attempt to index local 'p' (a number value)	calls	0	writes	0
special userdata native method guards passed
direct-shape	buffer	nonfunction	1	33	1	2	0	1
special-userdata-guard	buffer	nonfunction	warm-exits	1	old-exits	1	ok	false	result	/workspaces/lj-lockless/tests/t-jit-udata-pure.lua:33: attempt to index local 'p' (a number value)	calls	0	writes	0
special userdata native method guards passed
special-userdata-guard	buffer	replace	warm-exits	0	old-exits	0	ok	true	result	0	calls	80	writes	0
special userdata native method guards passed
direct-shape	buffer	replace	1	33	1	2	0	1
special-userdata-guard	buffer	replace	warm-exits	1	old-exits	80	ok	true	result	0	calls	80	writes	0
special userdata native method guards passed
special-userdata-guard	buffer	replace_missing	warm-exits	0	old-exits	0	ok	false	result	/workspaces/lj-lockless/tests/t-jit-udata-pure.lua:33: attempt to index local 'p' (a userdata value)	calls	0	writes	0
special userdata native method guards passed
direct-shape	buffer	replace_missing	1	33	1	2	0	1
special-userdata-guard	buffer	replace_missing	warm-exits	1	old-exits	1	ok	false	result	/workspaces/lj-lockless/tests/t-jit-udata-pure.lua:33: attempt to index local 'p' (a userdata value)	calls	0	writes	0
special userdata native method guards passed
special-userdata-guard	buffer	resize	warm-exits	0	old-exits	0	ok	true	result	0	calls	80	writes	0
special userdata native method guards passed
direct-shape	buffer	resize	1	33	1	2	0	1
special-userdata-guard	buffer	resize	warm-exits	1	old-exits	80	ok	true	result	0	calls	80	writes	0
special userdata native method guards passed
special-userdata-guard	buffer	methodlife	warm-exits	0	old-exits	0	ok	true	result	0	calls	80	writes	0
special userdata native method guards passed
direct-shape	buffer	methodlife	1	28	1	1	0	0
special-userdata-guard	buffer	methodlife	warm-exits	1	old-exits	80	ok	true	result	0	calls	80	writes	0
special userdata native method guards passed
special-userdata-guard	buffer	table_entry	warm-exits	0	old-exits	0	ok	true	result	0	calls	0	writes	0
special userdata native method guards passed
direct-shape	buffer	table_entry	1	33	1	2	0	1
special-userdata-guard	buffer	table_entry	warm-exits	1	old-exits	80	ok	true	result	0	calls	0	writes	0
special userdata native method guards passed
special-userdata-guard	plain	function	warm-exits	0	old-exits	0	ok	true	result	0	calls	80	writes	0
special userdata native method guards passed
direct-shape	plain	function	1	29	1	2	0	1
special-userdata-guard	plain	function	warm-exits	1	old-exits	80	ok	true	result	0	calls	80	writes	0
special userdata native method guards passed
special-userdata-guard	plain	table	warm-exits	0	old-exits	0	ok	true	result	0	calls	0	writes	0
special userdata native method guards passed
direct-shape	plain	table	1	29	1	2	0	1
special-userdata-guard	plain	table	warm-exits	1	old-exits	80	ok	true	result	0	calls	0	writes	0
special userdata native method guards passed
special-userdata-guard	plain	missing	warm-exits	0	old-exits	0	ok	false	result	/workspaces/lj-lockless/tests/t-jit-udata-pure.lua:34: attempt to index local 'p' (a userdata value)	calls	0	writes	0
special userdata native method guards passed
direct-shape	plain	missing	1	29	1	2	0	1
special-userdata-guard	plain	missing	warm-exits	1	old-exits	1	ok	false	result	/workspaces/lj-lockless/tests/t-jit-udata-pure.lua:34: attempt to index local 'p' (a userdata value)	calls	0	writes	0
special userdata native method guards passed
special-userdata-guard	plain	nonfunction	warm-exits	0	old-exits	0	ok	false	result	/workspaces/lj-lockless/tests/t-jit-udata-pure.lua:34: attempt to index local 'p' (a number value)	calls	0	writes	0
special userdata native method guards passed
direct-shape	plain	nonfunction	1	29	1	2	0	1
special-userdata-guard	plain	nonfunction	warm-exits	1	old-exits	1	ok	false	result	/workspaces/lj-lockless/tests/t-jit-udata-pure.lua:34: attempt to index local 'p' (a number value)	calls	0	writes	0
special userdata native method guards passed
special-userdata-guard	plain	replace	warm-exits	0	old-exits	0	ok	true	result	0	calls	80	writes	0
special userdata native method guards passed
direct-shape	plain	replace	1	29	1	2	0	1
special-userdata-guard	plain	replace	warm-exits	1	old-exits	80	ok	true	result	0	calls	80	writes	0
special userdata native method guards passed
special-userdata-guard	plain	replace_missing	warm-exits	0	old-exits	0	ok	false	result	/workspaces/lj-lockless/tests/t-jit-udata-pure.lua:34: attempt to index local 'p' (a userdata value)	calls	0	writes	0
special userdata native method guards passed
direct-shape	plain	replace_missing	1	29	1	2	0	1
special-userdata-guard	plain	replace_missing	warm-exits	1	old-exits	1	ok	false	result	/workspaces/lj-lockless/tests/t-jit-udata-pure.lua:34: attempt to index local 'p' (a userdata value)	calls	0	writes	0
special userdata native method guards passed
special-userdata-guard	plain	resize	warm-exits	0	old-exits	0	ok	true	result	0	calls	80	writes	0
special userdata native method guards passed
direct-shape	plain	resize	1	29	1	2	0	1
special-userdata-guard	plain	resize	warm-exits	1	old-exits	80	ok	true	result	0	calls	80	writes	0
special userdata native method guards passed
special-userdata-guard	plain	methodlife	warm-exits	0	old-exits	0	ok	true	result	0	calls	80	writes	0
special userdata native method guards passed
direct-shape	plain	methodlife	1	24	1	1	0	0
special-userdata-guard	plain	methodlife	warm-exits	1	old-exits	80	ok	true	result	0	calls	80	writes	0
special userdata native method guards passed
special-userdata-guard	plain	table_entry	warm-exits	0	old-exits	0	ok	true	result	0	calls	0	writes	0
special userdata native method guards passed
direct-shape	plain	table_entry	1	29	1	2	0	1
special-userdata-guard	plain	table_entry	warm-exits	1	old-exits	80	ok	true	result	0	calls	0	writes	0
special userdata native method guards passed
udata-effect	allocate	root	1	nins	67	postmeta	1	value	3320	exits	1
udata-effect	luastore	root	1	nins	49	postmeta	1	value	80	exits	1
udata-effect	newref	root	1	nins	59	postmeta	1	value	80	exits	1
udata-effect	clear	root	1	nins	41	postmeta	1	value	80	exits	1
udata-effect	foreign	root	1	nins	74	postmeta	1	value	3320	exits	1
udata-effect	indirect	root	1	nins	62	postmeta	1	value	80	exits	1
udata-effect	fpmath	root	1	nins	58	postmeta	1	value	80.519330781135	exits	1
udata-effect	directstore	root	1	nins	44	postmeta	0	value	80	exits	1
M6 pure userdata guard and exclusion behavior passed
